--------------NEW REQUEST----------------
Request line:GET / HTTP/1.1
  Cmd: GET
  Path: /
--------------NEW REQUEST----------------
Request line:GET /listSpecies? HTTP/1.1
  Cmd: GET
  Path: /listSpecies?
  Endpoint: /listSpecies
request: https://rest.ensembl.org/info/species
RESPUESTA: {'species': [{'taxon_id': '10090', 'assembly': 'GRCm38', 'common_name': 'house mouse', 'name': 'mus_musculus', 'release': 96, 'display_name': 'Mouse', 'groups': ['otherfeatures', 'funcgen', 'variation', 'rnaseq', 'cdna', 'core'], 'aliases': ['ensmm', 'm_musculus', 'mus musculus', 'mmusculus', 'mouse', '10090', 'musmus', 'house mouse', 'mmus', 'mus'], 'division': 'EnsemblVertebrates', 'strain': 'reference (CL57BL6)', 'strain_collection': 'mouse', 'accession': 'GCA_000001635.8'}, {'assembly': 'GRCh38', 'name': 'homo_sapiens', 'common_name': 'human', 'taxon_id': '9606', 'strain': None, 'strain_collection': None, 'accession': 'GCA_000001405.27', 'release': 96, 'display_name': 'Human', 'division': 'EnsemblVertebrates', 'groups': ['rnaseq', 'variation', 'otherfeatures', 'funcgen', 'core', 'cdna'], 'aliases': ['9606', 'enshs', 'hsap', 'homsap', 'hsapiens', 'human', 'homo sapiens', 'h_sapiens', 'homo']}, {'common_name': 'domestic guinea pig', 'name': 'cavia_porcellus', 'assembly': 'Cavpor3.0', 'taxon_id': '10141', 'strain_collection': None, 'strain': None, 'accession': 'GCA_000151735.1', 'release': 96, 'aliases': ['guinea_pig', 'domestic guinea pig', 'cporcellus', '10141', 'cpor', 'cavpor', 'guinea pig', 'cavia porcellus'], 'groups': ['core', 'rnaseq', 'otherfeatures', 'funcgen'], 'division': 'EnsemblVertebrates', 'display_name': 'Guinea Pig'}, {'taxon_id': '10090', 'common_name': 'house mouse', 'name': 'mus_musculus_cbaj', 'assembly': 'CBA_J_v1', 'release': 96, 'groups': ['funcgen', 'core'], 'aliases': [], 'division': 'EnsemblVertebrates', 'display_name': 'Mouse CBA/J', 'strain_collection': 'mouse', 'strain': 'CBA/J', 'accession': 'GCA_001624475.1'}, {'display_name': 'Midas cichlid', 'aliases': [], 'groups': ['core'], 'division': 'EnsemblVertebrates', 'release': 96, 'accession': 'GCA_000751415.1', 'strain': None, 'strain_collection': None, 'taxon_id': '61819', 'assembly': 'Midas_v5', 'name': 'amphilophus_citrinellus', 'common_name': 'Midas cichlid'}, {'taxon_id': '28377', 'assembly': 'AnoCar2.0', 'name': 'anolis_carolinensis', 'common_name': 'green anole', 'display_name': 'Anole lizard', 'aliases': ['anolis carolinensis', 'acarolinensis', 'anolis', '28377', 'green anole', 'anolis_lizard', 'acar', 'anoliscarolinensis', 'anole lizard', 'green anole lizard', 'anocar'], 'division': 'EnsemblVertebrates', 'groups': ['otherfeatures', 'rnaseq', 'core'], 'release': 96, 'accession': 'GCA_000090745.1', 'strain': None, 'strain_collection': None}, {'taxon_id': '1737458', 'common_name': 'White-headed capuchin', 'name': 'cebus_capucinus', 'assembly': 'Cebus_imitator-1.0', 'division': 'EnsemblVertebrates', 'aliases': [], 'groups': ['core', 'funcgen', 'otherfeatures', 'rnaseq'], 'display_name': 'Capuchin', 'release': 96, 'accession': 'GCA_001604975.1', 'strain_collection': None, 'strain': None}, {'taxon_id': '56723', 'assembly': 'BallGen_V1', 'name': 'labrus_bergylta', 'common_name': 'ballan wrasse', 'release': 96, 'display_name': 'Ballan wrasse', 'division': 'EnsemblVertebrates', 'groups': ['core', 'rnaseq', 'otherfeatures'], 'aliases': [], 'strain': None, 'strain_collection': None, 'accession': 'GCA_900080235.1'}, {'taxon_id': '9691', 'assembly': 'PanPar1.0', 'name': 'panthera_pardus', 'common_name': 'leopard', 'release': 96, 'display_name': 'Leopard', 'aliases': ['leopard'], 'groups': ['core', 'otherfeatures'], 'division': 'EnsemblVertebrates', 'strain': None, 'strain_collection': None, 'accession': 'GCA_001857705.1'}, {'common_name': 'torafugu', 'name': 'takifugu_rubripes', 'assembly': 'FUGU5', 'taxon_id': '31033', 'strain_collection': None, 'strain': None, 'accession': 'GCA_000180615.2', 'release': 96, 'aliases': ['takifugu rubripes', 't_rubripes', 'fugu', '31033', 'trubripes', 'trub', 'takifugu', 'takrub', 'torafugu'], 'groups': ['rnaseq', 'otherfeatures', 'core'], 'division': 'EnsemblVertebrates', 'display_name': 'Fugu'}, {'assembly': 'ASM169854v1', 'name': 'rhinopithecus_bieti', 'common_name': 'Black snub-nosed monkey', 'taxon_id': '61621', 'accession': 'GCA_001698545.1', 'strain': None, 'strain_collection': None, 'display_name': 'Black snub-nosed monkey', 'aliases': [], 'groups': ['funcgen', 'otherfeatures', 'rnaseq', 'core'], 'division': 'EnsemblVertebrates', 'release': 96}, {'accession': 'GCA_900324485.1', 'strain_collection': None, 'strain': None, 'aliases': [], 'groups': ['core', 'rnaseq'], 'division': 'EnsemblVertebrates', 'display_name': 'Zig-zag eel', 'release': 96, 'name': 'mastacembelus_armatus', 'common_name': 'zig-zag eel', 'assembly': 'fMasArm1.1', 'taxon_id': '205130'}, {'name': 'lepidothrix_coronata', 'common_name': 'blue-crowned manakin', 'assembly': 'Lepidothrix_coronata-1.0', 'taxon_id': '321398', 'strain_collection': None, 'strain': None, 'accession': 'GCA_001604755.1', 'release': 96, 'aliases': [], 'groups': ['otherfeatures', 'rnaseq', 'core'], 'division': 'EnsemblVertebrates', 'display_name': 'Blue-crowned manakin'}, {'accession': 'GCA_000743615.1', 'strain': None, 'strain_collection': None, 'display_name': 'Damara mole rat', 'division': 'EnsemblVertebrates', 'groups': ['core', 'rnaseq', 'otherfeatures'], 'aliases': ['damara mole rat', 'fukomys damarensi', 'fdamarensi', 'fukdam', 'fdam', '885580', 'fukomys_damarensi'], 'release': 96, 'assembly': 'DMR_v1.0', 'name': 'fukomys_damarensis', 'common_name': 'Damara mole rat', 'taxon_id': '885580'}, {'strain_collection': None, 'strain': None, 'accession': 'GCF_000002295.2', 'release': 96, 'groups': ['rnaseq', 'variation', 'core'], 'aliases': ['mdom', 'gray short-tailed opossum', 'mdomestica', '13616', 'monodelphis domestica', 'mondom', 'opossum', 'broado5'], 'division': 'EnsemblVertebrates', 'display_name': 'Opossum', 'common_name': 'gray short-tailed opossum', 'name': 'monodelphis_domestica', 'assembly': 'monDom5', 'taxon_id': '13616'}, {'assembly': 'ASM303372v1', 'name': 'equus_asinus_asinus', 'common_name': 'donkey', 'taxon_id': '83772', 'accession': 'GCA_003033725.1', 'strain': None, 'strain_collection': None, 'display_name': 'Donkey', 'aliases': ['ass', 'donkey'], 'division': 'EnsemblVertebrates', 'groups': ['rnaseq', 'core'], 'release': 96}, {'assembly': 'X_maculatus-5.0-male', 'common_name': 'southern platyfish', 'name': 'xiphophorus_maculatus', 'taxon_id': '8083', 'accession': 'GCA_002775205.2', 'strain': None, 'strain_collection': None, 'display_name': 'Platyfish', 'division': 'EnsemblVertebrates', 'groups': ['rnaseq', 'otherfeatures', 'core'], 'aliases': ['8083', 'xiphophorus maculatus', 'platyfish', 'xmac', 'southern platyfish', 'xmaculatus', 'xipmac'], 'release': 96}, {'assembly': 'aptOwe1', 'common_name': 'little spotted kiwi', 'name': 'apteryx_owenii', 'taxon_id': '8824', 'accession': 'GCA_003342965.1', 'strain': None, 'strain_collection': None, 'display_name': 'Little spotted kiwi', 'aliases': [], 'division': 'EnsemblVertebrates', 'groups': ['core', 'rnaseq'], 'release': 96}, {'release': 96, 'division': 'EnsemblVertebrates', 'groups': ['core', 'rnaseq', 'otherfeatures'], 'aliases': [], 'display_name': 'Ruff', 'strain_collection': None, 'strain': None, 'accession': 'GCA_001431845.1', 'taxon_id': '198806', 'name': 'calidris_pugnax', 'common_name': 'ruff', 'assembly': 'ASM143184v1'}, {'strain': None, 'strain_collection': None, 'accession': None, 'release': 96, 'display_name': 'Stickleback', 'division': 'EnsemblVertebrates', 'aliases': ['gaculeatus', 'three spined stickleback', 'gasacu', 'gasterosteus aculeatus', 'stickleback', '69293', 'three-spined stickleback', 'gacu'], 'groups': ['core', 'otherfeatures'], 'assembly': 'BROADS1', 'common_name': 'three-spined stickleback', 'name': 'gasterosteus_aculeatus', 'taxon_id': '69293'}, {'accession': 'GCA_003668045.1', 'strain': None, 'strain_collection': None, 'display_name': 'Chinese hamster PICR', 'aliases': [], 'groups': ['funcgen', 'rnaseq', 'core'], 'division': 'EnsemblVertebrates', 'release': 96, 'assembly': 'CriGri-PICR', 'name': 'cricetulus_griseus_picr', 'common_name': 'Chinese hamster', 'taxon_id': '10029'}, {'accession': 'GCA_003336285.1', 'strain': None, 'strain_collection': None, 'display_name': 'Steppe mouse', 'aliases': [], 'groups': ['rnaseq', 'core'], 'division': 'EnsemblVertebrates', 'release': 96, 'assembly': 'MUSP714', 'common_name': 'steppe mouse', 'name': 'mus_spicilegus', 'taxon_id': '10103'}, {'taxon_id': '30732', 'assembly': 'Om_v0.7.RACA', 'common_name': 'Indian medaka', 'name': 'oryzias_melastigma', 'release': 96, 'display_name': 'Indian medaka', 'division': 'EnsemblVertebrates', 'groups': ['core', 'rnaseq'], 'aliases': [], 'strain': None, 'strain_collection': None, 'accession': 'GCA_002922805.1'}, {'strain_collection': None, 'strain': None, 'accession': 'GCA_000622305.1', 'release': 96, 'division': 'EnsemblVertebrates', 'aliases': ['nannospalax galili', '1026970', 'nangal', 'upper galilee mountains blind mole rat', 'ngal', 'ngalili'], 'groups': ['funcgen', 'otherfeatures', 'rnaseq', 'core'], 'display_name': 'Upper Galilee mountains blind mole rat', 'name': 'nannospalax_galili', 'common_name': 'Upper Galilee mountains blind mole rat', 'assembly': 'S.galili_v1.0', 'taxon_id': '1026970'}, {'common_name': 'Abingdon island giant tortoise', 'name': 'chelonoidis_abingdonii', 'assembly': 'ASM359739v1', 'taxon_id': '106734', 'strain_collection': None, 'strain': None, 'accession': 'GCA_003597395.1', 'release': 96, 'aliases': [], 'division': 'EnsemblVertebrates', 'groups': ['core', 'rnaseq'], 'display_name': 'Abingdon island giant tortoise'}, {'taxon_id': '80966', 'common_name': 'spiny chromis', 'name': 'acanthochromis_polyacanthus', 'assembly': 'ASM210954v1', 'release': 96, 'division': 'EnsemblVertebrates', 'groups': ['core', 'rnaseq', 'otherfeatures'], 'aliases': [], 'display_name': 'Spiny chromis', 'strain_collection': None, 'strain': None, 'accession': 'GCA_002109545.1'}, {'common_name': 'Asian bonytongue', 'name': 'scleropages_formosus', 'assembly': 'ASM162426v1', 'taxon_id': '113540', 'accession': 'GCA_001624265.1', 'strain_collection': None, 'strain': None, 'groups': ['core', 'rnaseq', 'otherfeatures'], 'division': 'EnsemblVertebrates', 'aliases': [], 'display_name': 'Asian bonytongue', 'release': 96}, {'taxon_id': '9305', 'assembly': 'DEVIL7.0', 'name': 'sarcophilus_harrisii', 'common_name': 'Tasmanian devil', 'release': 96, 'display_name': 'Tasmanian devil', 'division': 'EnsemblVertebrates', 'groups': ['otherfeatures', 'core'], 'aliases': ['sarhar', 'sarcophilus harrisii', 'tasmanian_devil', '9305', 'devil', 'shar', 'tasmanian devil', 'tdevil', 'sharrisii'], 'strain': None, 'strain_collection': None, 'accession': 'GCA_000189315.1'}, {'taxon_id': '9031', 'name': 'gallus_gallus', 'common_name': 'chicken', 'assembly': 'GRCg6a', 'release': 96, 'groups': ['otherfeatures', 'funcgen', 'variation', 'rnaseq', 'core'], 'aliases': ['galgal', '9031', 'g_gallus', 'ggallus', 'chicken', 'gallus gallus', 'ggal'], 'division': 'EnsemblVertebrates', 'display_name': 'Chicken', 'strain_collection': None, 'strain': None, 'accession': 'GCA_000002315.5'}, {'name': 'latimeria_chalumnae', 'common_name': 'coelacanth', 'assembly': 'LatCha1', 'taxon_id': '7897', 'strain_collection': None, 'strain': None, 'accession': 'GCA_000225785.1', 'release': 96, 'aliases': ['coelacanth', '7897', 'latimeria chalumnae', 'living fossil', 'latcha', 'lchalumnae', 'lamineria', 'lcha'], 'groups': ['core', 'otherfeatures'], 'division': 'EnsemblVertebrates', 'display_name': 'Coelacanth'}, {'taxon_id': '8996', 'assembly': 'NumMel1.0', 'common_name': 'helmeted guineafowl', 'name': 'numida_meleagris', 'release': 96, 'display_name': 'Helmeted guineafowl', 'aliases': [], 'division': 'EnsemblVertebrates', 'groups': ['otherfeatures', 'rnaseq', 'core'], 'strain': None, 'strain_collection': None, 'accession': 'GCA_002078875.2'}, {'assembly': 'A_J_v1', 'common_name': 'house mouse', 'name': 'mus_musculus_aj', 'taxon_id': '10090', 'accession': 'GCA_001624215.1', 'strain': 'A/J', 'strain_collection': 'mouse', 'display_name': 'Mouse A/J', 'groups': ['funcgen', 'core'], 'aliases': [], 'division': 'EnsemblVertebrates', 'release': 96}, {'common_name': 'sailfin molly', 'name': 'poecilia_latipinna', 'assembly': 'P_latipinna-1.0', 'taxon_id': '48699', 'accession': 'GCA_001443285.1', 'strain_collection': None, 'strain': None, 'aliases': [], 'groups': ['rnaseq', 'otherfeatures', 'core'], 'division': 'EnsemblVertebrates', 'display_name': 'Sailfin molly', 'release': 96}, {'display_name': 'Koala', 'aliases': [], 'groups': ['core'], 'division': 'EnsemblVertebrates', 'release': 96, 'accession': 'GCA_002099425.1', 'strain': None, 'strain_collection': None, 'taxon_id': '38626', 'assembly': 'phaCin_unsw_v4.1', 'common_name': 'koala', 'name': 'phascolarctos_cinereus'}, {'taxon_id': '10090', 'assembly': 'FVB_NJ_v1', 'common_name': 'house mouse', 'name': 'mus_musculus_fvbnj', 'release': 96, 'display_name': 'Mouse FVB/NJ', 'groups': ['core', 'funcgen'], 'aliases': [], 'division': 'EnsemblVertebrates', 'strain': 'FVB/NJ', 'strain_collection': 'mouse', 'accession': 'GCA_001624535.1'}, {'taxon_id': '10029', 'assembly': 'CHOK1GS_HDv1', 'name': 'cricetulus_griseus_chok1gshd', 'common_name': 'Chinese hamster', 'display_name': 'Chinese hamster CHOK1GS', 'aliases': ['crigri', 'cgriseus_chok1gshd', 'cricetulus griseus chok1gshd', 'chinese hamster chok1gs', 'cgri'], 'division': 'EnsemblVertebrates', 'groups': ['funcgen', 'otherfeatures', 'rnaseq', 'core'], 'release': 96, 'accession': 'GCA_900186095.1', 'strain': None, 'strain_collection': None}, {'strain': 'LP/J', 'strain_collection': 'mouse', 'accession': 'GCA_001632615.1', 'release': 96, 'display_name': 'Mouse LP/J', 'groups': ['core', 'funcgen'], 'aliases': [], 'division': 'EnsemblVertebrates', 'assembly': 'LP_J_v1', 'common_name': 'house mouse', 'name': 'mus_musculus_lpj', 'taxon_id': '10090'}, {'taxon_id': '10181', 'common_name': 'naked mole-rat', 'name': 'heterocephalus_glaber_female', 'assembly': 'HetGla_female_1.0', 'release': 96, 'aliases': ['hglaber_female', 'naked mole-rat female', 'heterocephalus glaber female'], 'groups': ['core', 'otherfeatures', 'rnaseq'], 'division': 'EnsemblVertebrates', 'display_name': 'Naked mole-rat female', 'strain_collection': None, 'strain': None, 'accession': 'GCA_000247695.1'}, {'release': 96, 'aliases': [], 'division': 'EnsemblVertebrates', 'groups': ['rnaseq', 'core'], 'display_name': 'Spoon-billed sandpiper', 'strain_collection': None, 'strain': None, 'accession': 'GCA_003697955.1', 'taxon_id': '425635', 'common_name': 'Spoon-billed sandpiper', 'name': 'calidris_pygmaea', 'assembly': 'ASM369795v1'}, {'accession': 'GCA_002743455.1', 'strain': None, 'strain_collection': None, 'display_name': 'Duck', 'groups': ['core', 'rnaseq', 'funcgen'], 'aliases': [], 'division': 'EnsemblVertebrates', 'release': 96, 'assembly': 'CAU_duck1.0', 'common_name': 'common mallard', 'name': 'anas_platyrhynchos_platyrhynchos', 'taxon_id': '8840'}, {'assembly': 'SaiBol1.0', 'name': 'saimiri_boliviensis_boliviensis', 'common_name': 'Bolivian squirrel monkey', 'taxon_id': '39432', 'strain': None, 'strain_collection': None, 'accession': 'GCA_000235385.1', 'release': 96, 'display_name': 'Bolivian squirrel monkey', 'division': 'EnsemblVertebrates', 'aliases': [], 'groups': ['rnaseq', 'otherfeatures', 'funcgen', 'core']}, {'assembly': 'LonStrDom1', 'common_name': 'Bengalese finch', 'name': 'lonchura_striata_domestica', 'taxon_id': '299123', 'accession': 'GCA_002197715.1', 'strain': None, 'strain_collection': None, 'display_name': 'Bengalese finch', 'aliases': [], 'division': 'EnsemblVertebrates', 'groups': ['core', 'rnaseq', 'otherfeatures'], 'release': 96}, {'assembly': 'ASM275486v1', 'name': 'callithrix_jacchus', 'common_name': 'white-tufted-ear marmoset', 'taxon_id': '9483', 'accession': 'GCA_002754865.1', 'strain': None, 'strain_collection': None, 'display_name': 'Marmoset', 'division': 'EnsemblVertebrates', 'groups': ['core', 'rnaseq', 'funcgen'], 'aliases': ['callithrix jacchus', 'caljac', 'cj321', 'cjacchus321', 'white-tufted-ear marmoset', 'cjac', 'cjacchus', '9483', 'marmoset'], 'release': 96}, {'strain_collection': None, 'strain': None, 'accession': 'GCA_000298735.1', 'release': 96, 'division': 'EnsemblVertebrates', 'groups': ['core', 'otherfeatures', 'rnaseq', 'variation'], 'aliases': ['sheep', 'oaries', 'oar', 'oviari', '9940', 'ovis aries', 'ovisaries', 'domestic sheep', 'oari'], 'display_name': 'Sheep', 'common_name': 'Domestic sheep', 'name': 'ovis_aries', 'assembly': 'Oar_v3.1', 'taxon_id': '9940'}, {'taxon_id': '9555', 'assembly': 'Panu_3.0', 'name': 'papio_anubis', 'common_name': 'Olive baboon', 'release': 96, 'display_name': 'Olive baboon', 'aliases': ['papio cynocephalus anubis', 'papio anubis', 'papio hamadryas doguera', 'anubis baboon', 'papio hamadryas anubis', 'olive baboon', 'kenya baboon', 'papio doguera', 'panubis', 'papanu', '9555', 'panu', 'doguera baboon'], 'groups': ['rnaseq', 'otherfeatures', 'funcgen', 'core'], 'division': 'EnsemblVertebrates', 'strain': None, 'strain_collection': None, 'accession': 'GCA_000264685.2'}, {'strain_collection': None, 'strain': None, 'accession': 'GCA_000364345.1', 'release': 96, 'division': 'EnsemblVertebrates', 'groups': ['core', 'otherfeatures', 'funcgen', 'rnaseq'], 'aliases': [], 'display_name': 'Crab-eating macaque', 'common_name': 'Crab-eating macaque', 'name': 'macaca_fascicularis', 'assembly': 'Macaca_fascicularis_5.0', 'taxon_id': '9541'}, {'taxon_id': '8663', 'name': 'notechis_scutatus', 'common_name': 'mainland tiger snake', 'assembly': 'TS10Xv2-PRI', 'release': 96, 'aliases': [], 'division': 'EnsemblVertebrates', 'groups': ['rnaseq', 'otherfeatures', 'core'], 'display_name': 'Mainland tiger snake', 'strain_collection': None, 'strain': None, 'accession': 'GCA_900518725.1'}, {'release': 96, 'display_name': 'Goat', 'aliases': [], 'groups': ['core', 'variation', 'rnaseq', 'otherfeatures', 'funcgen'], 'division': 'EnsemblVertebrates', 'strain': None, 'strain_collection': None, 'accession': 'GCA_001704415.1', 'taxon_id': '9925', 'assembly': 'ARS1', 'common_name': 'Goat', 'name': 'capra_hircus'}, {'release': 96, 'display_name': 'Mummichog', 'aliases': [], 'groups': ['core', 'rnaseq', 'otherfeatures', 'funcgen'], 'division': 'EnsemblVertebrates', 'strain': None, 'strain_collection': None, 'accession': 'GCA_000826765.1', 'taxon_id': '8078', 'assembly': 'Fundulus_heteroclitus-3.0.2', 'name': 'fundulus_heteroclitus', 'common_name': 'mummichog'}, {'assembly': 'ASM334442v1', 'name': 'ursus_americanus', 'common_name': 'American black bear', 'taxon_id': '9643', 'accession': 'GCA_003344425.1', 'strain': None, 'strain_collection': None, 'display_name': 'American black bear', 'aliases': [], 'groups': ['rnaseq', 'core'], 'division': 'EnsemblVertebrates', 'release': 96}, {'release': 96, 'groups': ['funcgen', 'core'], 'aliases': [], 'division': 'EnsemblVertebrates', 'display_name': 'Mouse NZO/HlLtJ', 'strain_collection': 'mouse', 'strain': 'NZO/HlLtJ', 'accession': 'GCA_001624745.1', 'taxon_id': '10090', 'name': 'mus_musculus_nzohlltj', 'common_name': 'house mouse', 'assembly': 'NZO_HlLtJ_v1'}, {'release': 96, 'display_name': 'Wallaby', 'aliases': ['macropus_eugenii', 'wallaby', 'macropus', '9315', 'notamacropus eugenii', 'macropus eugenii', 'noteug', 'notamacropuseugenii', 'maceug', 'macropuseugenii', 'neug', 'meugenii', 'meug', 'tammar wallaby', 'notamacropus', 'neugenii'], 'groups': ['core'], 'division': 'EnsemblVertebrates', 'strain': None, 'strain_collection': None, 'accession': 'GCA_000004035.1', 'taxon_id': '9315', 'assembly': 'Meug_1.0', 'name': 'notamacropus_eugenii', 'common_name': 'tammar wallaby'}, {'accession': None, 'strain_collection': None, 'strain': None, 'division': 'EnsemblVertebrates', 'groups': ['core'], 'aliases': ['ttruncatus', 'dolphin', '9739', 'ttru', 'tursiops truncatus', 'bottlenose dolphin', 'tursiopstruncatus', 'bottlenosed dolphin', 'turtru'], 'display_name': 'Dolphin', 'release': 96, 'name': 'tursiops_truncatus', 'common_name': 'bottlenosed dolphin', 'assembly': 'turTru1', 'taxon_id': '9739'}, {'groups': ['core', 'rnaseq'], 'aliases': [], 'division': 'EnsemblVertebrates', 'display_name': 'Western mosquitofish', 'release': 96, 'accession': 'GCA_003097735.1', 'strain_collection': None, 'strain': None, 'taxon_id': '33528', 'name': 'gambusia_affinis', 'common_name': 'western mosquitofish', 'assembly': 'ASM309773v1'}, {'taxon_id': '9685', 'common_name': 'domestic cat', 'name': 'felis_catus', 'assembly': 'Felis_catus_9.0', 'release': 96, 'aliases': ['fcat', 'felcat', 'domestic cat', 'cat', 'fcatus', '9685', 'felis catus'], 'groups': ['rnaseq', 'variation', 'otherfeatures', 'funcgen', 'core'], 'division': 'EnsemblVertebrates', 'display_name': 'Cat', 'strain_collection': None, 'strain': None, 'accession': 'GCA_000181335.4'}, {'common_name': 'bonobo', 'name': 'pan_paniscus', 'assembly': 'panpan1.1', 'taxon_id': '9597', 'strain_collection': None, 'strain': None, 'accession': 'GCA_000258655.2', 'release': 96, 'aliases': [], 'division': 'EnsemblVertebrates', 'groups': ['otherfeatures', 'funcgen', 'rnaseq', 'core'], 'display_name': 'Bonobo'}, {'accession': 'GCA_000146795.3', 'strain_collection': None, 'strain': None, 'division': 'EnsemblVertebrates', 'aliases': ['nleu', 'nleucogenys', 'nomascus leucogenys', 'northern white-cheeked gibbon', 'nomleu', '61853', 'gibbon'], 'groups': ['variation', 'otherfeatures', 'funcgen', 'core'], 'display_name': 'Gibbon', 'release': 96, 'name': 'nomascus_leucogenys', 'common_name': 'Northern white-cheeked gibbon', 'assembly': 'Nleu_3.0', 'taxon_id': '61853'}, {'strain_collection': None, 'strain': None, 'accession': 'GCA_000409795.2', 'release': 96, 'groups': ['core', 'otherfeatures', 'variation', 'rnaseq'], 'aliases': ['csab', 'csabaeus', 'chlsab', 'african green monkey', 'vervet-agm', 'chlorocebus_sabeus', '60711', 'agm', 'vervet monkey', 'chlorocebus sabaeus', 'chlorocebus sabeus'], 'division': 'EnsemblVertebrates', 'display_name': 'Vervet-AGM', 'common_name': 'African green monkey', 'name': 'chlorocebus_sabaeus', 'assembly': 'ChlSab1.1', 'taxon_id': '60711'}, {'assembly': 'ARS-UCD1.2', 'name': 'bos_taurus', 'common_name': 'cattle', 'taxon_id': '9913', 'accession': 'GCA_002263795.2', 'strain': None, 'strain_collection': None, 'display_name': 'Cow', 'aliases': ['bovine', 'bostau', 'domestic cow', 'btau', 'domestic cattle', '9913', 'cow', 'btaurus', 'bos taurus', 'cattle'], 'division': 'EnsemblVertebrates', 'groups': ['otherfeatures', 'funcgen', 'variation', 'rnaseq', 'core'], 'release': 96}, {'strain': None, 'strain_collection': None, 'accession': 'GCA_002776465.1', 'release': 96, 'display_name': 'Clown anemonefish', 'groups': ['rnaseq', 'otherfeatures', 'core'], 'aliases': [], 'division': 'EnsemblVertebrates', 'assembly': 'AmpOce1.0', 'common_name': 'clown anemonefish', 'name': 'amphiprion_ocellaris', 'taxon_id': '80972'}, {'taxon_id': '10093', 'assembly': 'PAHARI_EIJ_v1.1', 'name': 'mus_pahari', 'common_name': 'Shrew mouse', 'display_name': 'Shrew mouse', 'aliases': ['mus pahari', 'muspah', 'mpah', 'shrew mouse', 'mpahari', '10093'], 'groups': ['core'], 'division': 'EnsemblVertebrates', 'release': 96, 'accession': 'GCA_900095145.2', 'strain': 'PAHARI_EIJ', 'strain_collection': None}, {'assembly': 'Coturnix_japonica_2.0', 'name': 'coturnix_japonica', 'common_name': 'Japanese quail', 'taxon_id': '93934', 'accession': 'GCA_001577835.1', 'strain': None, 'strain_collection': None, 'display_name': 'Japanese quail', 'division': 'EnsemblVertebrates', 'groups': ['core', 'rnaseq', 'otherfeatures'], 'aliases': [], 'release': 96}, {'strain_collection': None, 'strain': None, 'accession': 'GCA_000164805.2', 'release': 96, 'division': 'EnsemblVertebrates', 'groups': ['otherfeatures', 'funcgen', 'core'], 'aliases': ['tarsiussyrichta', 'carsyr', 'carlitosyrichta', 'tarsius syrichta', 'csyr', 'tarsyr', 'csyrichta', 'tsyr', 'tsyrichta', 'tarsier', 'philippine tarsier', 'carlito', 'tarsius_syrichta', '9478', 'carlito syrichta'], 'display_name': 'Tarsier', 'name': 'carlito_syrichta', 'common_name': 'Philippine tarsier', 'assembly': 'Tarsius_syrichta-2.0.1', 'taxon_id': '1868482'}, {'accession': 'GCA_003342985.1', 'strain': None, 'strain_collection': None, 'display_name': 'Great spotted kiwi', 'division': 'EnsemblVertebrates', 'aliases': [], 'groups': ['rnaseq', 'core'], 'release': 96, 'assembly': 'aptHaa1', 'name': 'apteryx_haastii', 'common_name': 'Great spotted kiwi', 'taxon_id': '8823'}, {'common_name': 'Pig-tailed macaque', 'name': 'macaca_nemestrina', 'assembly': 'Mnem_1.0', 'taxon_id': '9545', 'accession': 'GCA_000956065.1', 'strain_collection': None, 'strain': None, 'groups': ['rnaseq', 'otherfeatures', 'funcgen', 'core'], 'aliases': [], 'division': 'EnsemblVertebrates', 'display_name': 'Pig-tailed macaque', 'release': 96}, {'accession': 'GCA_003113815.1', 'strain_collection': None, 'strain': None, 'division': 'EnsemblVertebrates', 'aliases': [], 'groups': ['core', 'otherfeatures', 'rnaseq'], 'display_name': 'Tuatara', 'release': 96, 'name': 'sphenodon_punctatus', 'common_name': 'tuatara', 'assembly': 'ASM311381v1', 'taxon_id': '8508'}, {'accession': 'GCA_002592135.1', 'strain': None, 'strain_collection': None, 'display_name': 'Pink-footed goose', 'division': 'EnsemblVertebrates', 'groups': ['core'], 'aliases': [], 'release': 96, 'assembly': 'ASM259213v1', 'common_name': 'pink-footed goose', 'name': 'anser_brachyrhynchus', 'taxon_id': '132585'}, {'accession': 'GCA_900324465.1', 'strain_collection': None, 'strain': None, 'groups': ['rnaseq', 'core'], 'aliases': [], 'division': 'EnsemblVertebrates', 'display_name': 'Climbing perch', 'release': 96, 'name': 'anabas_testudineus', 'common_name': 'climbing perch', 'assembly': 'fAnaTes1.1', 'taxon_id': '64144'}, {'groups': ['rnaseq', 'otherfeatures', 'core'], 'aliases': ['locu', 'spotted gar', 'lepocu', '7918', 'loculatus', 'lepisosteus oculatus'], 'division': 'EnsemblVertebrates', 'display_name': 'Spotted gar', 'release': 96, 'accession': 'GCA_000242695.1', 'strain_collection': None, 'strain': None, 'taxon_id': '7918', 'name': 'lepisosteus_oculatus', 'common_name': 'Spotted gar', 'assembly': 'LepOcu1'}, {'accession': 'GCA_000769185.1', 'strain_collection': None, 'strain': None, 'groups': ['funcgen', 'otherfeatures', 'rnaseq', 'core'], 'division': 'EnsemblVertebrates', 'aliases': [], 'display_name': 'Golden snub-nosed monkey', 'release': 96, 'common_name': 'Golden snub-nosed monkey', 'name': 'rhinopithecus_roxellana', 'assembly': 'Rrox_v1', 'taxon_id': '61622'}, {'division': 'EnsemblVertebrates', 'aliases': [], 'groups': ['core'], 'display_name': 'Daurian ground squirrel', 'release': 96, 'accession': 'GCA_002406435.1', 'strain_collection': None, 'strain': None, 'taxon_id': '99837', 'common_name': 'Daurian ground squirrel', 'name': 'spermophilus_dauricus', 'assembly': 'ASM240643v1'}, {'taxon_id': '48698', 'name': 'poecilia_formosa', 'common_name': 'Amazon molly', 'assembly': 'PoeFor_5.1.2', 'aliases': ['pfor', 'poefor', '48698', 'pformosa', 'amazon molly', 'poecilia formosa'], 'division': 'EnsemblVertebrates', 'groups': ['otherfeatures', 'rnaseq', 'core'], 'display_name': 'Amazon molly', 'release': 96, 'accession': 'GCA_000485575.1', 'strain_collection': None, 'strain': None}, {'release': 96, 'aliases': [], 'division': 'EnsemblVertebrates', 'groups': ['rnaseq', 'funcgen', 'core'], 'display_name': 'Turbot', 'strain_collection': None, 'strain': None, 'accession': 'GCA_003186165.1', 'taxon_id': '52904', 'common_name': 'turbot', 'name': 'scophthalmus_maximus', 'assembly': 'ASM318616v1'}, {'strain_collection': None, 'strain': 'SPRET/EiJ', 'accession': 'GCA_001624865.1', 'release': 96, 'groups': ['funcgen', 'core'], 'division': 'EnsemblVertebrates', 'aliases': ['mus_spretus_spret_eij', 'mspretus', 'spreteij', 'western mediterranean mouse'], 'display_name': 'Algerian mouse', 'common_name': 'algerian mouse', 'name': 'mus_spretus', 'assembly': 'SPRET_EiJ_v1', 'taxon_id': '10096'}, {'assembly': 'Pmarinus_7.0', 'name': 'petromyzon_marinus', 'common_name': 'sea lamprey', 'taxon_id': '7757', 'accession': None, 'strain': None, 'strain_collection': None, 'display_name': 'Lamprey', 'division': 'EnsemblVertebrates', 'groups': ['core', 'otherfeatures'], 'aliases': ['sea lamprey', 'pmarinus', 'lamprey', 'pmar', 'petmar', 'petromyzon marinus', '7757'], 'release': 96}, {'groups': ['funcgen', 'otherfeatures', 'core'], 'aliases': ['xtropicalis', 'xtro', 'xentro', 'western clawed frog', 'x.tropicalis', 'xenopus', '8364', 'xenopus tropicalis'], 'division': 'EnsemblVertebrates', 'display_name': 'Xenopus', 'release': 96, 'accession': 'GCA_000004195.1', 'strain_collection': None, 'strain': None, 'taxon_id': '8364', 'name': 'xenopus_tropicalis', 'common_name': 'western clawed frog', 'assembly': 'JGI_4.2'}, {'taxon_id': '38772', 'name': 'gopherus_agassizii', 'common_name': "Agassiz's desert tortoise", 'assembly': 'ASM289641v1', 'groups': ['core', 'rnaseq'], 'division': 'EnsemblVertebrates', 'aliases': [], 'display_name': "Agassiz's desert tortoise", 'release': 96, 'accession': 'GCA_002896415.1', 'strain_collection': None, 'strain': None}, {'strain_collection': None, 'strain': None, 'accession': 'GCA_000754665.1', 'release': 96, 'groups': ['otherfeatures', 'core'], 'aliases': [], 'division': 'EnsemblVertebrates', 'display_name': 'American bison', 'name': 'bison_bison_bison', 'common_name': 'American bison', 'assembly': 'Bison_UMD1.0', 'taxon_id': '43346'}, {'assembly': '129S1_SvImJ_v1', 'common_name': 'house mouse', 'name': 'mus_musculus_129s1svimj', 'taxon_id': '10090', 'accession': 'GCA_001624185.1', 'strain': '129S1/SvImJ', 'strain_collection': 'mouse', 'display_name': 'Mouse 129S1/SvImJ', 'division': 'EnsemblVertebrates', 'aliases': [], 'groups': ['funcgen', 'core'], 'release': 96}, {'taxon_id': '7998', 'common_name': 'channel catfish', 'name': 'ictalurus_punctatus', 'assembly': 'IpCoco_1.2', 'division': 'EnsemblVertebrates', 'aliases': [], 'groups': ['core', 'rnaseq', 'funcgen', 'otherfeatures'], 'display_name': 'Channel catfish', 'release': 96, 'accession': 'GCA_001660625.1', 'strain_collection': None, 'strain': None}, {'taxon_id': '10160', 'assembly': 'OctDeg1.0', 'common_name': 'Degu', 'name': 'octodon_degus', 'display_name': 'Degu', 'groups': ['otherfeatures', 'core'], 'aliases': ['octdeg', 'octodon degus', 'odeg', 'odegus', '10160', 'degu'], 'division': 'EnsemblVertebrates', 'release': 96, 'accession': 'GCA_000260255.1', 'strain': None, 'strain_collection': None}, {'taxon_id': '336983', 'common_name': 'Angola colobus', 'name': 'colobus_angolensis_palliatus', 'assembly': 'Cang.pa_1.0', 'groups': ['otherfeatures', 'funcgen', 'core'], 'aliases': [], 'division': 'EnsemblVertebrates', 'display_name': 'Angola colobus', 'release': 96, 'accession': 'GCA_000951035.1', 'strain_collection': None, 'strain': None}, {'assembly': 'ASM171598v2', 'common_name': 'golden-collared manakin', 'name': 'manacus_vitellinus', 'taxon_id': '328815', 'strain': None, 'strain_collection': None, 'accession': 'GCA_001715985.2', 'release': 96, 'display_name': 'Golden-collared manakin', 'aliases': [], 'groups': ['core', 'rnaseq', 'otherfeatures'], 'division': 'EnsemblVertebrates'}, {'display_name': 'Eastern happy', 'groups': ['core', 'rnaseq'], 'aliases': [], 'division': 'EnsemblVertebrates', 'release': 96, 'accession': 'GCA_900246225.3', 'strain': None, 'strain_collection': None, 'taxon_id': '8154', 'assembly': 'fAstCal1.2', 'common_name': 'eastern happy', 'name': 'astatotilapia_calliptera'}, {'release': 96, 'groups': ['funcgen', 'core'], 'aliases': [], 'division': 'EnsemblVertebrates', 'display_name': 'Greater bamboo lemur', 'strain_collection': None, 'strain': None, 'accession': 'GCA_003258685.1', 'taxon_id': '1328070', 'name': 'prolemur_simus', 'common_name': 'greater bamboo lemur', 'assembly': 'Prosim_1.0'}, {'taxon_id': '10092', 'assembly': 'WSB_EiJ_v1', 'common_name': 'western european house mouse', 'name': 'mus_musculus_wsbeij', 'display_name': 'Mouse WSB/EiJ', 'aliases': ['10092', 'mmusculus_domesticus_wsbeij', 'mus musculus domesticus wsbeij', 'western european house mouse', 'mouse wsbeij', 'mus_musculus_domesticus_wsbeij'], 'groups': ['funcgen', 'core'], 'division': 'EnsemblVertebrates', 'release': 96, 'accession': 'GCA_001624835.1', 'strain': 'WSB/EiJ', 'strain_collection': 'mouse'}, {'assembly': 'Dasnov3.0', 'name': 'dasypus_novemcinctus', 'common_name': 'nine-banded armadillo', 'taxon_id': '9361', 'accession': 'GCA_000208655.2', 'strain': None, 'strain_collection': None, 'display_name': 'Armadillo', 'aliases': ['dasypus novemcinctus', 'dasnov', 'dnov', 'armadillo', '9361', 'arma', 'dasypus novemcinctu', 'nine-banded armadillo', 'dnovemcinctus'], 'groups': ['rnaseq', 'otherfeatures', 'core'], 'division': 'EnsemblVertebrates', 'release': 96}, {'accession': 'GCA_001649575.1', 'strain': None, 'strain_collection': None, 'display_name': 'Mangrove rivulus', 'aliases': [], 'groups': ['core', 'otherfeatures', 'rnaseq'], 'division': 'EnsemblVertebrates', 'release': 96, 'assembly': 'ASM164957v1', 'name': 'kryptolebias_marmoratus', 'common_name': 'mangrove rivulus', 'taxon_id': '37003'}, {'aliases': [], 'groups': ['core', 'funcgen'], 'division': 'EnsemblVertebrates', 'display_name': 'Mouse DBA/2J', 'release': 96, 'accession': 'GCA_001624505.1', 'strain_collection': 'mouse', 'strain': 'DBA/2J', 'taxon_id': '10090', 'name': 'mus_musculus_dba2j', 'common_name': 'house mouse', 'assembly': 'DBA_2J_v1'}, {'strain': None, 'strain_collection': None, 'accession': 'GCA_003426925.1', 'release': 96, 'display_name': 'Arctic ground squirrel', 'aliases': [], 'division': 'EnsemblVertebrates', 'groups': ['rnaseq', 'core'], 'assembly': 'ASM342692v1', 'name': 'urocitellus_parryii', 'common_name': 'Arctic ground squirrel', 'taxon_id': '9999'}, {'accession': 'GCA_000151905.3', 'strain_collection': None, 'strain': None, 'groups': ['core', 'funcgen', 'otherfeatures', 'rnaseq'], 'aliases': ['9595', 'gorgor', 'gorilla gorilla', 'ggor', '9593', 'ggorilla', 'western gorilla', 'gorilla gorilla gorilla', 'gorilla', 'gorilla_gorilla_gorilla'], 'division': 'EnsemblVertebrates', 'display_name': 'Gorilla', 'release': 96, 'common_name': 'Western Lowland Gorilla', 'name': 'gorilla_gorilla', 'assembly': 'gorGor4', 'taxon_id': '9595'}, {'common_name': 'gray mouse lemur', 'name': 'microcebus_murinus', 'assembly': 'Mmur_3.0', 'taxon_id': '30608', 'accession': 'GCA_000165445.3', 'strain_collection': None, 'strain': None, 'groups': ['otherfeatures', 'funcgen', 'rnaseq', 'core'], 'division': 'EnsemblVertebrates', 'aliases': ['mouse lemur', 'grey mouse lemur', 'microcebus murinus', 'mmur', 'mmurinus', 'gray mouse lemur', 'mouse_lemur', '30608', 'micmur'], 'display_name': 'Mouse Lemur', 'release': 96}, {'display_name': 'Drill', 'groups': ['otherfeatures', 'funcgen', 'core'], 'division': 'EnsemblVertebrates', 'aliases': [], 'release': 96, 'accession': 'GCA_000951045.1', 'strain': None, 'strain_collection': None, 'taxon_id': '9568', 'assembly': 'Mleu.le_1.0', 'name': 'mandrillus_leucophaeus', 'common_name': 'Drill'}, {'accession': 'GCA_900067755.1', 'strain_collection': None, 'strain': None, 'groups': ['core', 'otherfeatures', 'rnaseq'], 'aliases': [], 'division': 'EnsemblVertebrates', 'display_name': 'Central bearded dragon', 'release': 96, 'name': 'pogona_vitticeps', 'common_name': 'central bearded dragon', 'assembly': 'pvi1.1', 'taxon_id': '103695'}, {'strain_collection': None, 'strain': None, 'accession': 'GCA_900108605.1', 'release': 96, 'groups': ['core', 'rnaseq'], 'division': 'EnsemblVertebrates', 'aliases': [], 'display_name': 'American mink', 'common_name': 'American mink', 'name': 'neovison_vison', 'assembly': 'NNQGG.v01', 'taxon_id': '452646'}, {'taxon_id': '9157', 'assembly': 'Parus_major1.1', 'name': 'parus_major', 'common_name': 'Great Tit', 'display_name': 'Great Tit', 'groups': ['core', 'rnaseq', 'otherfeatures'], 'aliases': [], 'division': 'EnsemblVertebrates', 'release': 96, 'accession': 'GCA_001522545.2', 'strain': None, 'strain_collection': None}, {'taxon_id': '9544', 'name': 'macaca_mulatta', 'common_name': 'rhesus monkey', 'assembly': 'Mmul_8.0.1', 'aliases': ['mmulatta', 'macaque', 'rhesus_monkey', '9544', 'macmul', 'mmul', 'rhesus monkey', 'rhesus', 'macaca mulatta'], 'groups': ['otherfeatures', 'funcgen', 'rnaseq', 'variation', 'core'], 'division': 'EnsemblVertebrates', 'display_name': 'Macaque', 'release': 96, 'accession': 'GCA_000772875.3', 'strain_collection': None, 'strain': None}, {'assembly': 'OANA5', 'common_name': 'platypus', 'name': 'ornithorhynchus_anatinus', 'taxon_id': '9258', 'strain': None, 'strain_collection': None, 'accession': 'GCF_000002275.2', 'release': 96, 'display_name': 'Platypus', 'aliases': ['ornithorhynchus anatinus', 'oana', 'platypus', 'ornana', 'oanatinus', '9258'], 'groups': ['rnaseq', 'variation', 'funcgen', 'otherfeatures', 'core'], 'division': 'EnsemblVertebrates'}, {'release': 96, 'display_name': 'Japanese medaka HNI', 'aliases': [], 'division': 'EnsemblVertebrates', 'groups': ['core', 'rnaseq'], 'strain': None, 'strain_collection': None, 'accession': 'GCA_002234715.1', 'taxon_id': '8090', 'assembly': 'ASM223471v1', 'common_name': 'Japanese medaka HNI', 'name': 'oryzias_latipes_hni'}, {'groups': ['rnaseq', 'core'], 'aliases': ['hagfish'], 'division': 'EnsemblVertebrates', 'display_name': 'Hagfish', 'release': 96, 'accession': 'GCA_900186335.2', 'strain_collection': None, 'strain': None, 'taxon_id': '7764', 'name': 'eptatretus_burgeri', 'common_name': 'Inshore hagfish', 'assembly': 'Eburgeri_3.2'}, {'display_name': 'Dingo', 'aliases': [], 'groups': ['core', 'rnaseq', 'otherfeatures'], 'division': 'EnsemblVertebrates', 'release': 96, 'accession': 'GCA_003254725.1', 'strain': None, 'strain_collection': None, 'taxon_id': '286419', 'assembly': 'ASM325472v1', 'name': 'canis_lupus_dingo', 'common_name': 'dingo'}, {'release': 96, 'groups': ['core', 'variation', 'rnaseq', 'funcgen', 'otherfeatures'], 'aliases': ['danio rerio', 'drerio', 'danio', '7955', 'zebrafish', 'danrer', 'zfish', 'd_rerio', 'drer'], 'division': 'EnsemblVertebrates', 'display_name': 'Zebrafish', 'strain_collection': None, 'strain': None, 'accession': 'GCA_000002035.4', 'taxon_id': '7955', 'common_name': 'zebrafish', 'name': 'danio_rerio', 'assembly': 'GRCz11'}, {'accession': 'GCA_001624675.1', 'strain_collection': 'mouse', 'strain': 'NOD/ShiLtJ', 'aliases': [], 'division': 'EnsemblVertebrates', 'groups': ['core', 'funcgen'], 'display_name': 'Mouse NOD/ShiLtJ', 'release': 96, 'name': 'mus_musculus_nodshiltj', 'common_name': 'house mouse', 'assembly': 'NOD_ShiLtJ_v1', 'taxon_id': '10090'}, {'strain': None, 'strain_collection': None, 'accession': 'GCA_000690725.1', 'release': 96, 'display_name': 'Bicolor damselfish', 'groups': ['core', 'rnaseq', 'otherfeatures'], 'aliases': [], 'division': 'EnsemblVertebrates', 'assembly': 'Stegastes_partitus-1.0.2', 'common_name': 'bicolor damselfish', 'name': 'stegastes_partitus', 'taxon_id': '144197'}, {'strain': None, 'strain_collection': None, 'accession': 'GCA_000276665.1', 'release': 96, 'display_name': 'Long-tailed chinchilla', 'division': 'EnsemblVertebrates', 'aliases': ['34839', 'chinchilla lanigera', 'clan', 'long-tailed chinchilla', 'chilan', 'clanigera'], 'groups': ['core', 'rnaseq', 'otherfeatures'], 'assembly': 'ChiLan1.0', 'common_name': 'Long-tailed chinchilla', 'name': 'chinchilla_lanigera', 'taxon_id': '34839'}, {'display_name': 'Mouse C57BL/6NJ', 'division': 'EnsemblVertebrates', 'aliases': [], 'groups': ['funcgen', 'core'], 'release': 96, 'accession': 'GCA_001632555.1', 'strain': 'C57BL/6NJ', 'strain_collection': 'mouse', 'taxon_id': '10090', 'assembly': 'C57BL_6NJ_v1', 'common_name': 'house mouse', 'name': 'mus_musculus_c57bl6nj'}, {'common_name': 'Mexican tetra', 'name': 'astyanax_mexicanus', 'assembly': 'Astyanax_mexicanus-2.0', 'taxon_id': '7994', 'strain_collection': None, 'strain': None, 'accession': 'GCA_000372685.2', 'release': 96, 'groups': ['otherfeatures', 'rnaseq', 'core'], 'division': 'EnsemblVertebrates', 'aliases': ['astyanax mexicanus', 'cave fish', 'astmex', 'amex', '7994', 'amexicanus'], 'display_name': 'Mexican tetra'}, {'assembly': 'SpeTri2.0', 'name': 'ictidomys_tridecemlineatus', 'common_name': 'thirteen-lined ground squirrel', 'taxon_id': '43179', 'accession': 'GCA_000236235.1', 'strain': None, 'strain_collection': None, 'display_name': 'Squirrel', 'aliases': ['stridecemlineatus', 'spetri', 'stri', 'ictidomys tridecemlineatus', '43179', 'spermophilus_tridecemlineatus', 'squirrel', 'thirteen-lined ground squirrel'], 'groups': ['core', 'rnaseq', 'otherfeatures'], 'division': 'EnsemblVertebrates', 'release': 96}, {'groups': ['core'], 'aliases': ['vpac', '30538', 'alpaca', 'vicugnapacos', 'vicpac', 'vicugna pacos', 'vpacos'], 'division': 'EnsemblVertebrates', 'display_name': 'Alpaca', 'release': 96, 'accession': None, 'strain_collection': None, 'strain': None, 'taxon_id': '30538', 'name': 'vicugna_pacos', 'common_name': 'alpaca', 'assembly': 'vicPac1'}, {'accession': 'GCA_001723895.1', 'strain': None, 'strain_collection': None, 'display_name': 'Australian saltwater crocodile', 'groups': ['rnaseq', 'otherfeatures', 'core'], 'division': 'EnsemblVertebrates', 'aliases': [], 'release': 96, 'assembly': 'CroPor_comp1', 'common_name': 'Australian saltwater crocodile', 'name': 'crocodylus_porosus', 'taxon_id': '8502'}, {'taxon_id': '44394', 'common_name': 'white-throated sparrow', 'name': 'zonotrichia_albicollis', 'assembly': 'Zonotrichia_albicollis-1.0.1', 'release': 96, 'division': 'EnsemblVertebrates', 'groups': ['core', 'otherfeatures', 'rnaseq'], 'aliases': [], 'display_name': 'White-throated sparrow', 'strain_collection': None, 'strain': None, 'accession': 'GCA_000385455.1'}, {'groups': ['core', 'rnaseq'], 'aliases': [], 'division': 'EnsemblVertebrates', 'display_name': 'Orange clownfish', 'release': 96, 'accession': 'GCA_003047355.1', 'strain_collection': None, 'strain': None, 'taxon_id': '161767', 'name': 'amphiprion_percula', 'common_name': 'orange clownfish', 'assembly': 'Nemo_v1'}, {'release': 96, 'groups': ['otherfeatures', 'rnaseq', 'core'], 'aliases': ['tiger'], 'division': 'EnsemblVertebrates', 'display_name': 'Tiger', 'strain_collection': None, 'strain': None, 'accession': 'GCA_000464555.1', 'taxon_id': '74533', 'common_name': 'Tiger', 'name': 'panthera_tigris_altaica', 'assembly': 'PanTig1.0'}, {'assembly': 'Turkey_2.01', 'common_name': 'domestic turkey', 'name': 'meleagris_gallopavo', 'taxon_id': '9103', 'strain': None, 'strain_collection': None, 'accession': 'GCA_000146605.1', 'release': 96, 'display_name': 'Turkey', 'division': 'EnsemblVertebrates', 'aliases': ['mgallopavo', 'common turkey', 'wild turkey', 'turkey', 'melgal', 'mga', '9103', 'mgal', 'meleagris gallopavo'], 'groups': ['variation', 'otherfeatures', 'core']}, {'common_name': 'Ugandan red Colobus', 'name': 'piliocolobus_tephrosceles', 'assembly': 'ASM277652v2', 'taxon_id': '591936', 'strain_collection': None, 'strain': None, 'accession': 'GCA_002776525.2', 'release': 96, 'aliases': [], 'groups': ['funcgen', 'rnaseq', 'core'], 'division': 'EnsemblVertebrates', 'display_name': 'Ugandan red Colobus'}, {'taxon_id': '9994', 'assembly': 'marMar2.1', 'common_name': 'Alpine marmot', 'name': 'marmota_marmota_marmota', 'display_name': 'Alpine marmot', 'groups': ['core', 'rnaseq', 'otherfeatures'], 'division': 'EnsemblVertebrates', 'aliases': [], 'release': 96, 'accession': 'GCA_001458135.1', 'strain': None, 'strain_collection': None}, {'taxon_id': '9135', 'name': 'serinus_canaria', 'common_name': 'common canary', 'assembly': 'SCA1', 'release': 96, 'aliases': [], 'groups': ['core', 'rnaseq', 'otherfeatures'], 'division': 'EnsemblVertebrates', 'display_name': 'Common canary', 'strain_collection': None, 'strain': None, 'accession': 'GCA_000534875.1'}, {'taxon_id': '308060', 'assembly': 'aptRow1', 'common_name': 'Okarito brown kiwi', 'name': 'apteryx_rowi', 'release': 96, 'display_name': 'Okarito brown kiwi', 'groups': ['core', 'rnaseq', 'otherfeatures'], 'aliases': [], 'division': 'EnsemblVertebrates', 'strain': None, 'strain_collection': None, 'accession': 'GCA_003343035.1'}, {'strain_collection': None, 'strain': None, 'accession': 'GCA_003586115.1', 'release': 96, 'groups': ['rnaseq', 'core'], 'division': 'EnsemblVertebrates', 'aliases': [], 'display_name': 'Argentine black and white tegu', 'name': 'salvator_merianae', 'common_name': 'Argentine black and white tegu', 'assembly': 'HLtupMer3', 'taxon_id': '96440'}, {'assembly': 'choHof1', 'name': 'choloepus_hoffmanni', 'common_name': "Hoffmann's two-fingered sloth", 'taxon_id': '9358', 'strain': None, 'strain_collection': None, 'accession': None, 'release': 96, 'display_name': 'Sloth', 'division': 'EnsemblVertebrates', 'groups': ['core'], 'aliases': ['choffmanni', 'chof', 'choloepus hoffmanni', 'choloepushoffmanni', 'sloth', '9358', 'two-toed sloth', 'choloepus', 'chohof', "hoffmann's two-fingered sloth"]}, {'release': 96, 'aliases': ['10089', 'mcaroli', 'muscar', 'mus caroli', 'mcar', 'ryukyu mouse'], 'division': 'EnsemblVertebrates', 'groups': ['core'], 'display_name': 'Ryukyu mouse', 'strain_collection': None, 'strain': 'CAROLI_EIJ', 'accession': 'GCA_900094665.2', 'taxon_id': '10089', 'name': 'mus_caroli', 'common_name': 'Ryukyu mouse', 'assembly': 'CAROLI_EIJ_v1.1'}, {'assembly': 'COMMON_SHREW1', 'common_name': 'European shrew', 'name': 'sorex_araneus', 'taxon_id': '42254', 'accession': None, 'strain': None, 'strain_collection': None, 'display_name': 'Shrew', 'aliases': ['shrew', 'saraneus', 'sara', 'european shrew', 'european_shrew', 'ground_shrew', 'sorara', '42254', 'sorex araneus'], 'groups': ['core'], 'division': 'EnsemblVertebrates', 'release': 96}, {'accession': None, 'strain_collection': None, 'strain': None, 'aliases': ['tguttata', 'taeniopygia guttata', '59729', 'zebra finch', 'taegut', 'taeniopygiaguttata', 'finch', 'tgut', 'taeniopygia', 'zebrafinch'], 'groups': ['core', 'variation', 'otherfeatures'], 'division': 'EnsemblVertebrates', 'display_name': 'Zebra Finch', 'release': 96, 'common_name': 'zebra finch', 'name': 'taeniopygia_guttata', 'assembly': 'taeGut3.2.4', 'taxon_id': '59729'}, {'common_name': 'gelada', 'name': 'theropithecus_gelada', 'assembly': 'Tgel_1.0', 'taxon_id': '9565', 'accession': 'GCA_003255815.1', 'strain_collection': None, 'strain': None, 'division': 'EnsemblVertebrates', 'aliases': [], 'groups': ['funcgen', 'rnaseq', 'core'], 'display_name': 'Gelada', 'release': 96}, {'assembly': 'H_comes_QL1_v1', 'name': 'hippocampus_comes', 'common_name': 'tiger tail seahorse', 'taxon_id': '109280', 'strain': None, 'strain_collection': None, 'accession': 'GCA_001891065.1', 'release': 96, 'display_name': 'Tiger tail seahorse', 'division': 'EnsemblVertebrates', 'groups': ['core', 'otherfeatures', 'rnaseq'], 'aliases': []}, {'taxon_id': '37548', 'assembly': 'CavAp1.0', 'name': 'cavia_aperea', 'common_name': 'Brazilian guinea pig', 'release': 96, 'display_name': 'Brazilian guinea pig', 'division': 'EnsemblVertebrates', 'groups': ['core'], 'aliases': ['cavape', '37548', 'cavia aperea', 'caperea', 'cape', 'brazilian guinea pig'], 'strain': None, 'strain_collection': None, 'accession': 'GCA_000688575.1'}, {'assembly': 'PM.fa', 'common_name': 'Periophthalmus magnuspinnatus', 'name': 'periophthalmus_magnuspinnatus', 'taxon_id': '409849', 'accession': 'GCA_000787105.1', 'strain': None, 'strain_collection': None, 'display_name': 'Periophthalmus magnuspinnatus', 'aliases': [], 'groups': ['core'], 'division': 'EnsemblVertebrates', 'release': 96}, {'common_name': "Ma's night monkey", 'name': 'aotus_nancymaae', 'assembly': 'Anan_2.0', 'taxon_id': '37293', 'strain_collection': None, 'strain': None, 'accession': 'GCA_000952055.2', 'release': 96, 'groups': ['otherfeatures', 'funcgen', 'rnaseq', 'core'], 'division': 'EnsemblVertebrates', 'aliases': [], 'display_name': "Ma's night monkey"}, {'division': 'EnsemblVertebrates', 'aliases': ['microbat', 'mluc', 'little brown bat', '59463', 'myotis lucifugus', 'mlucifugus', 'myoluc', 'little_brown_bat'], 'groups': ['otherfeatures', 'core'], 'display_name': 'Microbat', 'release': 96, 'accession': 'GCA_000147115.1', 'strain_collection': None, 'strain': None, 'taxon_id': '59463', 'common_name': 'little brown bat', 'name': 'myotis_lucifugus', 'assembly': 'Myoluc2.0'}, {'taxon_id': '9823', 'assembly': 'Sscrofa11.1', 'name': 'sus_scrofa', 'common_name': 'pig', 'release': 96, 'display_name': 'Pig', 'division': 'EnsemblVertebrates', 'aliases': ['pigs', 'wild boar', 'sscrofa', 'sus scrofa', '9823', 'sscr', 'pig', 'swine'], 'groups': ['core', 'otherfeatures', 'funcgen', 'variation', 'rnaseq'], 'strain': None, 'strain_collection': None, 'accession': 'GCA_000003025.6'}, {'name': 'propithecus_coquereli', 'common_name': "Coquerel's sifaka", 'assembly': 'Pcoq_1.0', 'taxon_id': '379532', 'strain_collection': None, 'strain': None, 'accession': 'GCA_000956105.1', 'release': 96, 'division': 'EnsemblVertebrates', 'aliases': [], 'groups': ['otherfeatures', 'funcgen', 'core'], 'display_name': "Coquerel's sifaka"}, {'accession': 'GCA_000001215.4', 'strain_collection': None, 'strain': None, 'aliases': ['dmel', 'd. melanogaster', 'd.mel'], 'division': 'EnsemblVertebrates', 'groups': ['core', 'funcgen'], 'display_name': 'Drosophila melanogaster', 'release': 96, 'name': 'drosophila_melanogaster', 'common_name': 'fruit fly', 'assembly': 'BDGP6.22', 'taxon_id': '7227'}, {'accession': 'GCA_000239375.1', 'strain_collection': None, 'strain': None, 'groups': ['core', 'otherfeatures', 'rnaseq'], 'aliases': [], 'division': 'EnsemblVertebrates', 'display_name': 'Makobe Island cichlid', 'release': 96, 'common_name': 'Makobe Island cichlid', 'name': 'pundamilia_nyererei', 'assembly': 'PunNye1.0', 'taxon_id': '303518'}, {'taxon_id': '9371', 'name': 'echinops_telfairi', 'common_name': 'small Madagascar hedgehog', 'assembly': 'TENREC', 'release': 96, 'aliases': ['9371', 'lesser_hedgehog', 'etelfairi', 'lesser hedgehog tenrec', 'etel', 'echinops telfairi', 'small madagascar hedgehog', 'echtel', 'tenrec', 'madagascar_hedgehog'], 'groups': ['core'], 'division': 'EnsemblVertebrates', 'display_name': 'Lesser hedgehog tenrec', 'strain_collection': None, 'strain': None, 'accession': None}, {'release': 96, 'groups': ['core', 'rnaseq'], 'aliases': [], 'division': 'EnsemblVertebrates', 'display_name': 'Dark-eyed junco', 'strain_collection': None, 'strain': None, 'accession': 'GCA_003829775.1', 'taxon_id': '40217', 'common_name': 'dark-eyed junco', 'name': 'junco_hyemalis', 'assembly': 'ASM382977v1'}, {'strain': None, 'strain_collection': None, 'accession': 'GCA_003160815.1', 'release': 96, 'display_name': 'Red fox', 'groups': ['core', 'otherfeatures', 'rnaseq'], 'division': 'EnsemblVertebrates', 'aliases': ['fox', 'silver fox'], 'assembly': 'VulVul2.2', 'name': 'vulpes_vulpes', 'common_name': 'red fox', 'taxon_id': '9627'}, {'release': 96, 'aliases': ['ptroglodytes', 'pan troglodytes', '9598', 'chimpanzee', 'pantro', 'common chimpanzee', 'chimp', 'ptro'], 'groups': ['rnaseq', 'variation', 'funcgen', 'otherfeatures', 'core'], 'division': 'EnsemblVertebrates', 'display_name': 'Chimpanzee', 'strain_collection': None, 'strain': None, 'accession': 'GCA_000001515.5', 'taxon_id': '9598', 'name': 'pan_troglodytes', 'common_name': 'chimpanzee', 'assembly': 'Pan_tro_3.0'}, {'assembly': 'CriGri_1.0', 'common_name': 'Chinese hamster', 'name': 'cricetulus_griseus_crigri', 'taxon_id': '10029', 'accession': 'GCA_000223135.1', 'strain': None, 'strain_collection': None, 'display_name': 'Chinese hamster CriGri', 'aliases': ['cgriseus_crigri', 'chinese hamster crigri', 'cricetulus griseus crigri'], 'groups': ['rnaseq', 'funcgen', 'otherfeatures', 'core'], 'division': 'EnsemblVertebrates', 'release': 96}, {'release': 96, 'aliases': [], 'division': 'EnsemblVertebrates', 'groups': ['otherfeatures', 'rnaseq', 'core'], 'display_name': 'Greater amberjack', 'strain_collection': None, 'strain': None, 'accession': 'GCA_002260705.1', 'taxon_id': '41447', 'name': 'seriola_dumerili', 'common_name': 'greater amberjack', 'assembly': 'Sdu_1.0'}, {'release': 96, 'groups': ['core'], 'division': 'EnsemblVertebrates', 'aliases': ['erieur', '9365', 'erinaceus europaeus', 'western_european_hedgehog', 'hedgehog', 'western european hedgehog', 'eeuropaeus', 'eeur'], 'display_name': 'Hedgehog', 'strain_collection': None, 'strain': None, 'accession': None, 'taxon_id': '9365', 'name': 'erinaceus_europaeus', 'common_name': 'western European hedgehog', 'assembly': 'HEDGEHOG'}, {'taxon_id': '9785', 'name': 'loxodonta_africana', 'common_name': 'African savanna elephant', 'assembly': 'loxAfr3', 'release': 96, 'division': 'EnsemblVertebrates', 'groups': ['core'], 'aliases': ['loxafr', 'lafr', 'elephant', 'african savanna elephant', 'lafricana', '9785', 'loxodonta africana', 'african_elephant'], 'display_name': 'Elephant', 'strain_collection': None, 'strain': None, 'accession': 'GCA_000001905.1'}, {'assembly': 'NeoBri1.0', 'common_name': 'lyretail cichlid', 'name': 'neolamprologus_brichardi', 'taxon_id': '32507', 'accession': 'GCA_000239395.1', 'strain': None, 'strain_collection': None, 'display_name': 'Lyretail cichlid', 'aliases': [], 'groups': ['core', 'rnaseq', 'otherfeatures'], 'division': 'EnsemblVertebrates', 'release': 96}, {'taxon_id': '13735', 'assembly': 'PelSin_1.0', 'common_name': 'Chinese softshell turtle', 'name': 'pelodiscus_sinensis', 'release': 96, 'display_name': 'Chinese softshell turtle', 'aliases': ['p_sinensis', '13735', 'chinese soft shell turtle', 'chinese softshell turtle', 'psinensis', 'softshell turtle', 'pelodiscus sinensis'], 'division': 'EnsemblVertebrates', 'groups': ['otherfeatures', 'rnaseq', 'core'], 'strain': None, 'strain_collection': None, 'accession': 'GCA_000230535.1'}, {'strain_collection': None, 'strain': None, 'accession': 'GCA_000317375.1', 'release': 96, 'aliases': ['79684', 'pvole', 'm_ochrogaster', 'micoch', 'microtus ochrogaster', 'vole', 'mochrogaster', 'moch', 'prairie vole'], 'groups': ['otherfeatures', 'core'], 'division': 'EnsemblVertebrates', 'display_name': 'Prairie vole', 'common_name': 'vole', 'name': 'microtus_ochrogaster', 'assembly': 'MicOch1.0', 'taxon_id': '79684'}, {'strain_collection': None, 'strain': None, 'accession': 'GCA_001698575.1', 'release': 96, 'aliases': [], 'groups': ['core'], 'division': 'EnsemblVertebrates', 'display_name': 'Ocean sunfish', 'name': 'mola_mola', 'common_name': 'ocean sunfish', 'assembly': 'ASM169857v1', 'taxon_id': '94237'}, {'taxon_id': '29073', 'name': 'ursus_maritimus', 'common_name': 'Polar bear', 'assembly': 'UrsMar_1.0', 'release': 96, 'division': 'EnsemblVertebrates', 'aliases': [], 'groups': ['core', 'rnaseq', 'otherfeatures'], 'display_name': 'Polar bear', 'strain_collection': None, 'strain': None, 'accession': 'GCA_000687225.1'}, {'taxon_id': '8790', 'name': 'dromaius_novaehollandiae', 'common_name': 'emu', 'assembly': 'droNov1', 'release': 96, 'groups': ['otherfeatures', 'rnaseq', 'core'], 'aliases': [], 'division': 'EnsemblVertebrates', 'display_name': 'Emu', 'strain_collection': None, 'strain': None, 'accession': 'GCA_003342905.1'}, {'aliases': ['9986', 'ocun', 'oryctolagus cuniculus', 'orycun', 'ocuniculus', 'rabbit'], 'groups': ['otherfeatures', 'funcgen', 'rnaseq', 'core'], 'division': 'EnsemblVertebrates', 'display_name': 'Rabbit', 'release': 96, 'accession': 'GCA_000003625.1', 'strain_collection': None, 'strain': None, 'taxon_id': '9986', 'common_name': 'rabbit', 'name': 'oryctolagus_cuniculus', 'assembly': 'OryCun2.0'}, {'aliases': [], 'division': 'EnsemblVertebrates', 'groups': ['core'], 'display_name': 'Monterrey platyfish', 'release': 96, 'accession': 'GCA_001444195.1', 'strain_collection': None, 'strain': None, 'taxon_id': '32473', 'name': 'xiphophorus_couchianus', 'common_name': 'Monterrey platyfish', 'assembly': 'Xiphophorus_couchianus-4.0.1'}, {'taxon_id': '28743', 'assembly': 'C_variegatus-1.0', 'common_name': 'sheepshead minnow', 'name': 'cyprinodon_variegatus', 'release': 96, 'display_name': 'Sheepshead minnow', 'aliases': [], 'groups': ['core', 'funcgen', 'otherfeatures', 'rnaseq'], 'division': 'EnsemblVertebrates', 'strain': None, 'strain_collection': None, 'accession': 'GCA_000732505.1'}, {'taxon_id': '7719', 'common_name': 'Sea squirt Ciona intestinalis', 'name': 'ciona_intestinalis', 'assembly': 'KH', 'release': 96, 'groups': ['core', 'funcgen', 'otherfeatures'], 'division': 'EnsemblVertebrates', 'aliases': ['cioint', 'c.intestinalis', 'cintestinalis', 'sea squirt ciona intestinalis', '7719', 'ciona intestinalis', 'cint', 'ciona'], 'display_name': 'C.intestinalis', 'strain_collection': None, 'strain': None, 'accession': 'GCA_000224145.1'}, {'assembly': 'Pygocentrus_nattereri-1.0.2', 'name': 'pygocentrus_nattereri', 'common_name': 'red-bellied piranha', 'taxon_id': '42514', 'accession': 'GCA_001682695.1', 'strain': None, 'strain_collection': None, 'display_name': 'Red-bellied piranha', 'division': 'EnsemblVertebrates', 'aliases': [], 'groups': ['core', 'otherfeatures', 'rnaseq'], 'release': 96}, {'taxon_id': '8010', 'assembly': 'Eluc_V3', 'name': 'esox_lucius', 'common_name': 'northern pike', 'release': 96, 'display_name': 'Northern pike', 'groups': ['otherfeatures', 'rnaseq', 'core'], 'division': 'EnsemblVertebrates', 'aliases': [], 'strain': None, 'strain_collection': None, 'accession': 'GCA_000721915.3'}, {'taxon_id': '9978', 'assembly': 'OchPri2.0-Ens', 'name': 'ochotona_princeps', 'common_name': 'American pika', 'release': 96, 'display_name': 'Pika', 'aliases': ['american pika', 'opri', 'ochotona princeps', 'ochpri', 'oprinceps', '9978', 'pika'], 'groups': ['core'], 'division': 'EnsemblVertebrates', 'strain': None, 'strain_collection': None, 'accession': None}, {'groups': ['core', 'rnaseq', 'otherfeatures'], 'aliases': ['9669', 'musput', 'mustela putorius furo', 'mput', 'ferret', 'domestic ferret', 'mputorius_furo'], 'division': 'EnsemblVertebrates', 'display_name': 'Ferret', 'release': 96, 'accession': 'GCA_000215625.1', 'strain_collection': None, 'strain': None, 'taxon_id': '9669', 'common_name': 'Domestic ferret', 'name': 'mustela_putorius_furo', 'assembly': 'MusPutFur1.0'}, {'strain': None, 'strain_collection': None, 'accession': None, 'release': 96, 'display_name': 'C.savignyi', 'division': 'EnsemblVertebrates', 'aliases': ['csav', 'csavignyi', 'c.savignyi', '51511', 'ciosav', 'sea squirt ciona savignyi', 'ciona savignyi'], 'groups': ['otherfeatures', 'core'], 'assembly': 'CSAV2.0', 'common_name': 'Sea squirt Ciona savignyi', 'name': 'ciona_savignyi', 'taxon_id': '51511'}, {'accession': 'GCA_002204375.1', 'strain': None, 'strain_collection': None, 'display_name': 'Mongolian gerbil', 'division': 'EnsemblVertebrates', 'aliases': [], 'groups': ['core', 'otherfeatures', 'rnaseq'], 'release': 96, 'assembly': 'MunDraft-v1.0', 'common_name': 'Mongolian gerbil', 'name': 'meriones_unguiculatus', 'taxon_id': '10047'}, {'release': 96, 'display_name': 'Paramormyrops kingsleyae', 'groups': ['core', 'rnaseq'], 'aliases': [], 'division': 'EnsemblVertebrates', 'strain': None, 'strain_collection': None, 'accession': 'GCA_002872115.1', 'taxon_id': '1676925', 'assembly': 'PKINGS_0.1', 'name': 'paramormyrops_kingsleyae', 'common_name': 'Paramormyrops kingsleyae'}, {'assembly': 'JacJac1.0', 'common_name': 'Lesser Egyptian jerboa', 'name': 'jaculus_jaculus', 'taxon_id': '51337', 'strain': None, 'strain_collection': None, 'accession': 'GCA_000280705.1', 'release': 96, 'display_name': 'Lesser Egyptian jerboa', 'aliases': ['jjac', 'jaculus jaculus', 'jacjac', 'jjaculus', 'lesser egyptian jerboa', '51337'], 'division': 'EnsemblVertebrates', 'groups': ['otherfeatures', 'core']}, {'assembly': 'Dord_2.0', 'common_name': "Ord's kangaroo rat", 'name': 'dipodomys_ordii', 'taxon_id': '10020', 'strain': None, 'strain_collection': None, 'accession': 'GCA_000151885.2', 'release': 96, 'display_name': 'Kangaroo rat', 'aliases': ['dipodomysordii', 'dord', 'kangaroo_rat', "ord's kangaroo rat", 'ords kangaroo rat', '10020', 'dipord', 'dipodomys ordii', 'dordii', 'kangaroo rat'], 'division': 'EnsemblVertebrates', 'groups': ['otherfeatures', 'core']}, {'accession': 'GCA_000955945.1', 'strain_collection': None, 'strain': None, 'aliases': [], 'groups': ['funcgen', 'otherfeatures', 'rnaseq', 'core'], 'division': 'EnsemblVertebrates', 'display_name': 'Sooty mangabey', 'release': 96, 'common_name': 'Sooty mangabey', 'name': 'cercocebus_atys', 'assembly': 'Caty_1.0', 'taxon_id': '9531'}, {'accession': 'GCA_000188235.1', 'strain': None, 'strain_collection': None, 'display_name': 'Tilapia', 'aliases': ['o. niloticus', 'oreochromis niloticus', '8128', 'nile tilapia', 'onil', 'oniloticus', 'tilapia', 'orenil'], 'groups': ['core', 'rnaseq', 'otherfeatures'], 'division': 'EnsemblVertebrates', 'release': 96, 'assembly': 'Orenil1.0', 'name': 'oreochromis_niloticus', 'common_name': 'Nile tilapia', 'taxon_id': '8128'}, {'assembly': 'PPYG2', 'common_name': 'Bornean orangutan', 'name': 'pongo_abelii', 'taxon_id': '9601', 'strain': None, 'strain_collection': None, 'accession': None, 'release': 96, 'display_name': 'Orangutan', 'groups': ['core', 'variation', 'rnaseq', 'otherfeatures'], 'division': 'EnsemblVertebrates', 'aliases': ['ppygmaeus', 'sumatran orangutan', 'orang_utan', 'pongo abelii', 'ponpyg', 'pabelii', 'orang', 'ponabe', 'orangutan', 'bornean orangutan', 'pongo pygmaeus', 'ppyg', 'pabe', 'pongo_pygmaeus', '9601']}, {'release': 96, 'display_name': 'Painted turtle', 'division': 'EnsemblVertebrates', 'aliases': ['western painted turtle', 'painted turtle'], 'groups': ['core', 'rnaseq', 'otherfeatures'], 'strain': None, 'strain_collection': None, 'accession': 'GCA_000241765.2', 'taxon_id': '8478', 'assembly': 'Chrysemys_picta_bellii-3.0.3', 'common_name': 'Western painted turtle', 'name': 'chrysemys_picta_bellii'}, {'taxon_id': '106582', 'assembly': 'M_zebra_UMD2a', 'common_name': 'zebra mbuna', 'name': 'maylandia_zebra', 'release': 96, 'display_name': 'Zebra mbuna', 'division': 'EnsemblVertebrates', 'aliases': [], 'groups': ['core', 'otherfeatures', 'rnaseq'], 'strain': None, 'strain_collection': None, 'accession': 'GCA_000238955.5'}, {'strain': None, 'strain_collection': None, 'accession': 'GCA_002863925.1', 'release': 96, 'display_name': 'Horse', 'groups': ['core', 'funcgen', 'otherfeatures', 'rnaseq', 'variation'], 'aliases': ['ecaballus', 'equuscaballus', 'equus caballus', 'horse', 'ecab', '9796', 'equcab'], 'division': 'EnsemblVertebrates', 'assembly': 'EquCab3.0', 'name': 'equus_caballus', 'common_name': 'horse', 'taxon_id': '9796'}, {'release': 96, 'groups': ['otherfeatures', 'funcgen', 'core'], 'aliases': ['mesocricetus auratus', 'mauratus', 'mesaur', '10036', 'golden hamster', 'maur'], 'division': 'EnsemblVertebrates', 'display_name': 'Golden Hamster', 'strain_collection': None, 'strain': None, 'accession': 'GCA_000349665.1', 'taxon_id': '10036', 'name': 'mesocricetus_auratus', 'common_name': 'Golden Hamster', 'assembly': 'MesAur1.0'}, {'taxon_id': '132908', 'name': 'pteropus_vampyrus', 'common_name': 'large flying fox', 'assembly': 'pteVam1', 'release': 96, 'division': 'EnsemblVertebrates', 'groups': ['core'], 'aliases': ['large flying fox', 'pvam', '132908', 'pvampyrus', 'pteropus vampyrus', 'megabat', 'pteropusvampyrus', 'ptevam'], 'display_name': 'Megabat', 'strain_collection': None, 'strain': None, 'accession': None}, {'accession': 'GCA_002814215.1', 'strain': None, 'strain_collection': None, 'display_name': 'Yellowtail amberjack', 'aliases': [], 'groups': ['otherfeatures', 'rnaseq', 'core'], 'division': 'EnsemblVertebrates', 'release': 96, 'assembly': 'Sedor1', 'name': 'seriola_lalandi_dorsalis', 'common_name': 'yellowtail amberjack', 'taxon_id': '1841481'}, {'strain_collection': None, 'strain': None, 'accession': 'GCA_002901205.1', 'release': 96, 'groups': ['rnaseq', 'otherfeatures', 'core'], 'aliases': [], 'division': 'EnsemblVertebrates', 'display_name': 'Blue tit', 'name': 'cyanistes_caeruleus', 'common_name': 'blue tit', 'assembly': 'cyaCae2', 'taxon_id': '156563'}, {'strain': 'PWK/PhJ', 'strain_collection': 'mouse', 'accession': 'GCA_001624775.1', 'release': 96, 'display_name': 'Mouse PWK/PhJ', 'aliases': ['mmusculus_musculus_pwkphj', 'mus musculus musculus pwkphj', 'mus_musculus_musculus_pwkphj', 'mouse pwkphj', '39442', 'eastern european house mouse'], 'groups': ['funcgen', 'core'], 'division': 'EnsemblVertebrates', 'assembly': 'PWK_PhJ_v1', 'common_name': 'eastern european house mouse', 'name': 'mus_musculus_pwkphj', 'taxon_id': '39442'}, {'assembly': 'gadMor1', 'common_name': 'Atlantic cod', 'name': 'gadus_morhua', 'taxon_id': '8049', 'strain': None, 'strain_collection': None, 'accession': None, 'release': 96, 'display_name': 'Cod', 'aliases': ['gadmor', 'atlantic cod', 'gmor', 'gadus morhua', 'atlantic_cod', 'gmorhua', 'cod', '8049'], 'groups': ['core'], 'division': 'EnsemblVertebrates'}, {'common_name': "Burton's mouthbrooder", 'name': 'haplochromis_burtoni', 'assembly': 'AstBur1.0', 'taxon_id': '8153', 'strain_collection': None, 'strain': None, 'accession': 'GCA_000239415.1', 'release': 96, 'aliases': [], 'groups': ['otherfeatures', 'rnaseq', 'core'], 'division': 'EnsemblVertebrates', 'display_name': "Burton's mouthbrooder"}, {'release': 96, 'groups': ['funcgen', 'otherfeatures', 'variation', 'core'], 'division': 'EnsemblVertebrates', 'aliases': ['scer', 's_cerevisiae', '4932', "baker's yeast", 'saccer', "saccharomyces cerevisiae (baker's yeast)", 'scerevisiae', 'saccharomyces cerevisiae', 'saccharomyces cerevisiae s288c'], 'display_name': 'Saccharomyces cerevisiae', 'strain_collection': None, 'strain': 'S288C', 'accession': 'GCA_000146045.2', 'taxon_id': '4932', 'name': 'saccharomyces_cerevisiae', 'common_name': "baker's yeast", 'assembly': 'R64-1-1'}, {'name': 'cynoglossus_semilaevis', 'common_name': 'tongue sole', 'assembly': 'Cse_v1.0', 'taxon_id': '244447', 'strain_collection': None, 'strain': None, 'accession': 'GCA_000523025.1', 'release': 96, 'division': 'EnsemblVertebrates', 'aliases': [], 'groups': ['core', 'rnaseq', 'otherfeatures'], 'display_name': 'Tongue sole'}, {'accession': 'GCA_000002285.2', 'strain_collection': None, 'strain': None, 'aliases': ['dog', 'canis lupus familiaris', 'canis', 'cfamiliaris', 'canis familiaris', '9615', 'canis_lupus_familiaris', 'c_familiaris', 'canfam', 'cfam'], 'groups': ['core', 'variation', 'rnaseq', 'otherfeatures', 'funcgen'], 'division': 'EnsemblVertebrates', 'display_name': 'Dog', 'release': 96, 'common_name': 'dog', 'name': 'canis_familiaris', 'assembly': 'CanFam3.1', 'taxon_id': '9615'}, {'release': 96, 'division': 'EnsemblVertebrates', 'aliases': [], 'groups': ['rnaseq', 'otherfeatures', 'core'], 'display_name': 'Swamp eel', 'strain_collection': None, 'strain': None, 'accession': 'GCA_001952655.1', 'taxon_id': '43700', 'name': 'monopterus_albus', 'common_name': 'swamp eel', 'assembly': 'M_albus_1.0'}, {'name': 'ailuropoda_melanoleuca', 'common_name': 'giant panda', 'assembly': 'ailMel1', 'taxon_id': '9646', 'strain_collection': None, 'strain': None, 'accession': 'GCA_000004335.1', 'release': 96, 'division': 'EnsemblVertebrates', 'groups': ['otherfeatures', 'core'], 'aliases': ['amel', 'panda', 'ailmel1', 'ailuropoda melanoleuca', 'giant panda', 'amelanoleuca', '9646', 'ailmel'], 'display_name': 'Panda'}, {'taxon_id': '51338', 'assembly': 'C.can_genome_v1.0', 'common_name': 'American beaver', 'name': 'castor_canadensis', 'release': 96, 'display_name': 'American beaver', 'division': 'EnsemblVertebrates', 'groups': ['rnaseq', 'otherfeatures', 'core'], 'aliases': [], 'strain': None, 'strain_collection': None, 'accession': 'GCA_001984765.1'}, {'common_name': 'Budgie', 'name': 'melopsittacus_undulatus', 'assembly': 'Melopsittacus_undulatus_6.3', 'taxon_id': '13146', 'strain_collection': None, 'strain': None, 'accession': 'GCA_000238935.1', 'release': 96, 'aliases': [], 'division': 'EnsemblVertebrates', 'groups': ['otherfeatures', 'rnaseq', 'core'], 'display_name': 'Budgerigar'}, {'accession': 'GCA_003704035.1', 'strain_collection': None, 'strain': None, 'aliases': ['perman', 'peromyscus maniculatus bairdii', 'pmaniculatus_bairdii', 'northern american deer mouse', '230844', 'pman'], 'groups': ['core'], 'division': 'EnsemblVertebrates', 'display_name': 'Northern American deer mouse', 'release': 96, 'name': 'peromyscus_maniculatus_bairdii', 'common_name': 'Northern American deer mouse', 'assembly': 'HU_Pman_2.1', 'taxon_id': '230844'}, {'taxon_id': '59894', 'name': 'ficedula_albicollis', 'common_name': 'Collared flycatcher', 'assembly': 'FicAlb_1.4', 'division': 'EnsemblVertebrates', 'aliases': ['flycatcher', 'f_albicollis', 'ficedula albicollis', 'falb', 'ficalb', 'falbicollis', 'collared flycatcher', '59894'], 'groups': ['core', 'otherfeatures', 'rnaseq'], 'display_name': 'Flycatcher', 'release': 96, 'accession': 'GCA_000247815.1', 'strain_collection': None, 'strain': None}, {'taxon_id': '72004', 'name': 'bos_mutus', 'common_name': 'wild yak', 'assembly': 'BosGru_v2.0', 'release': 96, 'groups': ['core', 'otherfeatures', 'rnaseq'], 'division': 'EnsemblVertebrates', 'aliases': [], 'display_name': 'Wild yak', 'strain_collection': None, 'strain': None, 'accession': 'GCA_000298355.1'}, {'taxon_id': '10090', 'name': 'mus_musculus_balbcj', 'common_name': 'house mouse', 'assembly': 'BALB_cJ_v1', 'release': 96, 'groups': ['core', 'funcgen'], 'aliases': [], 'division': 'EnsemblVertebrates', 'display_name': 'Mouse BALB/cJ', 'strain_collection': 'mouse', 'strain': 'BALB/cJ', 'accession': 'GCA_001632525.1'}, {'name': 'mus_musculus_casteij', 'common_name': 'south eastern house mouse', 'assembly': 'CAST_EiJ_v1', 'taxon_id': '10091', 'accession': 'GCA_001624445.1', 'strain_collection': 'mouse', 'strain': 'CAST/EiJ', 'aliases': ['mouse casteij', 'south eastern house mouse', 'mus musculus castaneus casteij', '10091', 'mmusculus_castaneus_casteij', 'mus_musculus_castaneus_casteij'], 'groups': ['funcgen', 'core'], 'division': 'EnsemblVertebrates', 'display_name': 'Mouse CAST/EiJ', 'release': 96}, {'release': 96, 'display_name': 'Rat', 'groups': ['core', 'otherfeatures', 'funcgen', 'rnaseq', 'variation'], 'division': 'EnsemblVertebrates', 'aliases': ['norway rat', 'rnorvegicus', 'rattus norvegicus', 'rat', '10116', 'ratnor', 'rattus', 'rnor', 'r_norvegicus'], 'strain': None, 'strain_collection': None, 'accession': 'GCA_000001895.4', 'taxon_id': '10116', 'assembly': 'Rnor_6.0', 'name': 'rattus_norvegicus', 'common_name': 'Norway rat'}, {'common_name': 'small-eared galago', 'name': 'otolemur_garnettii', 'assembly': 'OtoGar3', 'taxon_id': '30611', 'accession': 'GCA_000181295.3', 'strain_collection': None, 'strain': None, 'aliases': ['ogarnettii', '30611', 'small-eared galago', 'galago', 'otogar', 'bushbaby', 'ogar', 'otolemur garnettii'], 'groups': ['otherfeatures', 'core'], 'division': 'EnsemblVertebrates', 'display_name': 'Bushbaby', 'release': 96}, {'release': 96, 'division': 'EnsemblVertebrates', 'aliases': ['hetgla', 'naked mole-rat male', 'hglaber_male', 'hgla', '10181', 'naked mole-rat', 'heterocephalus glaber male'], 'groups': ['rnaseq', 'otherfeatures', 'core'], 'display_name': 'Naked mole-rat male', 'strain_collection': None, 'strain': None, 'accession': 'GCA_000230445.1', 'taxon_id': '10181', 'common_name': 'naked mole-rat', 'name': 'heterocephalus_glaber_male', 'assembly': 'HetGla_1.0'}, {'name': 'caenorhabditis_elegans', 'common_name': 'C.elegans', 'assembly': 'WBcel235', 'taxon_id': '6239', 'strain_collection': None, 'strain': 'N2', 'accession': 'GCA_000002985.3', 'release': 96, 'division': 'EnsemblVertebrates', 'groups': ['core', 'funcgen'], 'aliases': ['caenorhabditis_elegans_prjna13758', 'c.elegans', 'celegans', 'cele', 'caeele', 'caenorhabditis elegans', '6239', 'elegans', 'worm'], 'display_name': 'Caenorhabditis elegans'}, {'release': 96, 'display_name': 'Guppy', 'aliases': [], 'groups': ['otherfeatures', 'rnaseq', 'core'], 'division': 'EnsemblVertebrates', 'strain': None, 'strain_collection': None, 'accession': 'GCA_000633615.2', 'taxon_id': '8081', 'assembly': 'Guppy_female_1.0_MT', 'common_name': 'guppy', 'name': 'poecilia_reticulata'}, {'release': 96, 'aliases': [], 'division': 'EnsemblVertebrates', 'groups': ['core', 'rnaseq'], 'display_name': 'Japanese medaka HSOK', 'strain_collection': None, 'strain': None, 'accession': 'GCA_002234695.1', 'taxon_id': '8090', 'common_name': 'Japanese medaka HSOK', 'name': 'oryzias_latipes_hsok', 'assembly': 'ASM223469v1'}, {'taxon_id': '99883', 'assembly': 'TETRAODON8', 'name': 'tetraodon_nigroviridis', 'common_name': 'spotted green pufferfish', 'display_name': 'Tetraodon', 'groups': ['core', 'variation', 'otherfeatures'], 'aliases': ['tnig', 'tnigroviridis', 'tetnig', 'fresh water pufferfish', 'tetraodon', 'spotted green pufferfish', 'tetraodon nigroviridis', '99883'], 'division': 'EnsemblVertebrates', 'release': 96, 'accession': None, 'strain': None, 'strain_collection': None}, {'accession': 'GCA_003342845.1', 'strain_collection': None, 'strain': None, 'aliases': [], 'groups': ['core', 'otherfeatures'], 'division': 'EnsemblVertebrates', 'display_name': 'Chilean tinamou', 'release': 96, 'name': 'nothoprocta_perdicaria', 'common_name': 'birds', 'assembly': 'notPer1', 'taxon_id': '30464'}, {'name': 'tupaia_belangeri', 'common_name': 'northern tree shrew', 'assembly': 'TREESHREW', 'taxon_id': '37347', 'accession': None, 'strain_collection': None, 'strain': None, 'aliases': ['37347', 'tbelangeri', 'tbel', 'northern tree shrew', 'tupaia belangeri', 'tupbel', 'tree_shrew', 'tree shrew'], 'groups': ['core'], 'division': 'EnsemblVertebrates', 'display_name': 'Tree Shrew', 'release': 96}, {'release': 96, 'display_name': 'Mouse C3H/HeJ', 'aliases': [], 'groups': ['core', 'funcgen'], 'division': 'EnsemblVertebrates', 'strain': 'C3H/HeJ', 'strain_collection': 'mouse', 'accession': 'GCA_001632575.1', 'taxon_id': '10090', 'assembly': 'C3H_HeJ_v1', 'name': 'mus_musculus_c3hhej', 'common_name': 'house mouse'}, {'aliases': [], 'groups': ['core', 'otherfeatures', 'rnaseq'], 'division': 'EnsemblVertebrates', 'display_name': 'Shortfin molly', 'release': 96, 'accession': 'GCA_001443325.1', 'strain_collection': None, 'strain': None, 'taxon_id': '48701', 'name': 'poecilia_mexicana', 'common_name': 'shortfin molly', 'assembly': 'P_mexicana-1.0'}, {'groups': ['otherfeatures', 'rnaseq', 'core'], 'aliases': ['olatipes', 'medaka', 'japanese medaka', 'olat', 'oryzias latipes', 'orylat', '8090'], 'division': 'EnsemblVertebrates', 'display_name': 'Japanese medaka HdrR', 'release': 96, 'accession': 'GCA_002234675.1', 'strain_collection': None, 'strain': None, 'taxon_id': '8090', 'common_name': 'Japanese medaka HdrR', 'name': 'oryzias_latipes', 'assembly': 'ASM223467v1'}, {'strain': None, 'strain_collection': None, 'accession': None, 'release': 96, 'display_name': 'Hyrax', 'aliases': ['procaviacapensis', 'rock_hyrax', 'procap', 'cape rock hyrax', 'hyrax', 'pcap', 'pcapensis', '9813', 'procavia capensis'], 'division': 'EnsemblVertebrates', 'groups': ['core'], 'assembly': 'proCap1', 'name': 'procavia_capensis', 'common_name': 'cape rock hyrax', 'taxon_id': '9813'}, {'display_name': 'Mouse AKR/J', 'groups': ['funcgen', 'core'], 'division': 'EnsemblVertebrates', 'aliases': [], 'release': 96, 'accession': 'GCA_001624295.1', 'strain': 'AKR/J', 'strain_collection': 'mouse', 'taxon_id': '10090', 'assembly': 'AKR_J_v1', 'name': 'mus_musculus_akrj', 'common_name': 'house mouse'}]}
--------------NEW REQUEST----------------
Request line:GET /karyotype?specie=cat HTTP/1.1
  Cmd: GET
  Path: /karyotype?specie=cat
  Endpoint: /karyotype
request: https://rest.ensembl.org/info/assembly/cat
Parameters: 
   Specie: cat
ANSWER: {'top_level_region': [{'length': 13236, 'name': 'AANG04000001.1', 'coord_system': 'scaffold'}, {'coord_system': 'scaffold', 'name': 'AANG04000002.1', 'length': 5989}, {'coord_system': 'scaffold', 'name': 'AANG04000003.1', 'length': 5988}, {'name': 'AANG04000004.1', 'length': 17645, 'coord_system': 'scaffold'}, {'coord_system': 'scaffold', 'length': 24984, 'name': 'AANG04000005.1'}, {'coord_system': 'scaffold', 'name': 'AANG04000006.1', 'length': 3988}, {'coord_system': 'scaffold', 'name': 'AANG04000007.1', 'length': 11562}, {'length': 5988, 'name': 'AANG04000008.1', 'coord_system': 'scaffold'}, {'coord_system': 'scaffold', 'name': 'AANG04000009.1', 'length': 10998}, {'length': 3988, 'name': 'AANG04000010.1', 'coord_system': 'scaffold'}, {'coord_system': 'scaffold', 'name': 'AANG04000011.1', 'length': 10969}, {'coord_system': 'scaffold', 'length': 7989, 'name': 'AANG04000012.1'}, {'coord_system': 'scaffold', 'name': 'AANG04000013.1', 'length': 5194}, {'coord_system': 'scaffold', 'length': 4986, 'name': 'AANG04000014.1'}, {'coord_system': 'scaffold', 'name': 'AANG04000015.1', 'length': 13991}, {'coord_system': 'scaffold', 'name': 'AANG04000017.1', 'length': 7227}, {'name': 'AANG04000018.1', 'length': 13629, 'coord_system': 'scaffold'}, {'coord_system': 'scaffold', 'name': 'AANG04000019.1', 'length': 22959}, {'name': 'AANG04000020.1', 'length': 6988, 'coord_system': 'scaffold'}, {'length': 4988, 'name': 'AANG04000021.1', 'coord_system': 'scaffold'}, {'name': 'AANG04000022.1', 'length': 94385, 'coord_system': 'scaffold'}, {'coord_system': 'scaffold', 'name': 'AANG04000023.1', 'length': 10663}, {'coord_system': 'scaffold', 'name': 'AANG04000024.1', 'length': 20937}, {'length': 14987, 'name': 'AANG04000025.1', 'coord_system': 'scaffold'}, {'coord_system': 'scaffold', 'name': 'AANG04000026.1', 'length': 7988}, {'coord_system': 'scaffold', 'length': 11986, 'name': 'AANG04000027.1'}, {'coord_system': 'scaffold', 'length': 4328, 'name': 'AANG04000028.1'}, {'coord_system': 'scaffold', 'name': 'AANG04000029.1', 'length': 15178}, {'coord_system': 'scaffold', 'length': 61658, 'name': 'AANG04000030.1'}, {'length': 5988, 'name': 'AANG04000031.1', 'coord_system': 'scaffold'}, {'length': 18263, 'name': 'AANG04000033.1', 'coord_system': 'scaffold'}, {'length': 12084, 'name': 'AANG04000034.1', 'coord_system': 'scaffold'}, {'name': 'AANG04000035.1', 'length': 9985, 'coord_system': 'scaffold'}, {'coord_system': 'scaffold', 'length': 7988, 'name': 'AANG04000036.1'}, {'coord_system': 'scaffold', 'name': 'AANG04000037.1', 'length': 14707}, {'coord_system': 'scaffold', 'length': 6989, 'name': 'AANG04000039.1'}, {'coord_system': 'scaffold', 'name': 'AANG04000040.1', 'length': 46003}, {'coord_system': 'scaffold', 'length': 4988, 'name': 'AANG04000041.1'}, {'coord_system': 'scaffold', 'length': 15985, 'name': 'AANG04000042.1'}, {'name': 'AANG04000043.1', 'length': 15494, 'coord_system': 'scaffold'}, {'length': 6987, 'name': 'AANG04000044.1', 'coord_system': 'scaffold'}, {'coord_system': 'scaffold', 'name': 'AANG04000045.1', 'length': 21245}, {'coord_system': 'scaffold', 'length': 54299, 'name': 'AANG04000046.1'}, {'name': 'AANG04000047.1', 'length': 42641, 'coord_system': 'scaffold'}, {'length': 25974, 'name': 'AANG04000048.1', 'coord_system': 'scaffold'}, {'length': 5988, 'name': 'AANG04000049.1', 'coord_system': 'scaffold'}, {'length': 11787, 'name': 'AANG04000050.1', 'coord_system': 'scaffold'}, {'name': 'AANG04000051.1', 'length': 58068, 'coord_system': 'scaffold'}, {'coord_system': 'scaffold', 'length': 3988, 'name': 'AANG04000052.1'}, {'name': 'AANG04000053.1', 'length': 12982, 'coord_system': 'scaffold'}, {'coord_system': 'scaffold', 'length': 10183, 'name': 'AANG04000054.1'}, {'length': 3988, 'name': 'AANG04000055.1', 'coord_system': 'scaffold'}, {'name': 'AANG04000056.1', 'length': 13985, 'coord_system': 'scaffold'}, {'coord_system': 'scaffold', 'name': 'AANG04000057.1', 'length': 3988}, {'length': 6989, 'name': 'AANG04000058.1', 'coord_system': 'scaffold'}, {'coord_system': 'scaffold', 'name': 'AANG04000059.1', 'length': 6378}, {'length': 13619, 'name': 'AANG04000060.1', 'coord_system': 'scaffold'}, {'length': 4989, 'name': 'AANG04000061.1', 'coord_system': 'scaffold'}, {'name': 'AANG04000062.1', 'length': 9975, 'coord_system': 'scaffold'}, {'coord_system': 'scaffold', 'length': 9585, 'name': 'AANG04000063.1'}, {'name': 'AANG04000064.1', 'length': 8172, 'coord_system': 'scaffold'}, {'name': 'AANG04000065.1', 'length': 14986, 'coord_system': 'scaffold'}, {'coord_system': 'scaffold', 'length': 7759, 'name': 'AANG04000066.1'}, {'coord_system': 'scaffold', 'length': 10986, 'name': 'AANG04000067.1'}, {'length': 11781, 'name': 'AANG04000068.1', 'coord_system': 'scaffold'}, {'coord_system': 'scaffold', 'name': 'AANG04000069.1', 'length': 9985}, {'length': 4988, 'name': 'AANG04000070.1', 'coord_system': 'scaffold'}, {'length': 8738, 'name': 'AANG04000071.1', 'coord_system': 'scaffold'}, {'coord_system': 'scaffold', 'name': 'AANG04000072.1', 'length': 9988}, {'coord_system': 'scaffold', 'length': 10988, 'name': 'AANG04000073.1'}, {'coord_system': 'scaffold', 'length': 7981, 'name': 'AANG04000074.1'}, {'name': 'AANG04000075.1', 'length': 13760, 'coord_system': 'scaffold'}, {'length': 9988, 'name': 'AANG04000076.1', 'coord_system': 'scaffold'}, {'coord_system': 'scaffold', 'length': 19961, 'name': 'AANG04000077.1'}, {'name': 'AANG04000078.1', 'length': 3989, 'coord_system': 'scaffold'}, {'name': 'AANG04000079.1', 'length': 8397, 'coord_system': 'scaffold'}, {'coord_system': 'scaffold', 'name': 'AANG04000080.1', 'length': 6141}, {'name': 'AANG04000081.1', 'length': 5991, 'coord_system': 'scaffold'}, {'coord_system': 'scaffold', 'name': 'AANG04000082.1', 'length': 3980}, {'coord_system': 'scaffold', 'length': 4988, 'name': 'AANG04000083.1'}, {'coord_system': 'scaffold', 'name': 'AANG04000084.1', 'length': 51987}, {'name': 'AANG04000085.1', 'length': 10677, 'coord_system': 'scaffold'}, {'name': 'AANG04000086.1', 'length': 22368, 'coord_system': 'scaffold'}, {'name': 'AANG04000087.1', 'length': 8986, 'coord_system': 'scaffold'}, {'length': 18693, 'name': 'AANG04000088.1', 'coord_system': 'scaffold'}, {'coord_system': 'scaffold', 'name': 'AANG04000089.1', 'length': 14989}, {'coord_system': 'scaffold', 'name': 'AANG04000090.1', 'length': 12196}, {'length': 3990, 'name': 'AANG04000091.1', 'coord_system': 'scaffold'}, {'coord_system': 'scaffold', 'length': 32025, 'name': 'AANG04000092.1'}, {'name': 'AANG04000093.1', 'length': 3987, 'coord_system': 'scaffold'}, {'name': 'AANG04000094.1', 'length': 14984, 'coord_system': 'scaffold'}, {'name': 'AANG04000095.1', 'length': 50951, 'coord_system': 'scaffold'}, {'name': 'AANG04000097.1', 'length': 3987, 'coord_system': 'scaffold'}, {'coord_system': 'scaffold', 'length': 7985, 'name': 'AANG04000098.1'}, {'length': 5199, 'name': 'AANG04000099.1', 'coord_system': 'scaffold'}, {'length': 17364, 'name': 'AANG04000100.1', 'coord_system': 'scaffold'}, {'name': 'AANG04000101.1', 'length': 4988, 'coord_system': 'scaffold'}, {'coord_system': 'scaffold', 'name': 'AANG04000102.1', 'length': 4988}, {'name': 'AANG04000103.1', 'length': 6988, 'coord_system': 'scaffold'}, {'coord_system': 'scaffold', 'length': 4199, 'name': 'AANG04000105.1'}, {'coord_system': 'scaffold', 'name': 'AANG04000106.1', 'length': 12982}, {'coord_system': 'scaffold', 'name': 'AANG04000107.1', 'length': 24152}, {'coord_system': 'scaffold', 'length': 4607, 'name': 'AANG04000108.1'}, {'length': 10683, 'name': 'AANG04000109.1', 'coord_system': 'scaffold'}, {'length': 5960, 'name': 'AANG04000110.1', 'coord_system': 'scaffold'}, {'length': 8980, 'name': 'AANG04000111.1', 'coord_system': 'scaffold'}, {'name': 'AANG04000112.1', 'length': 4394, 'coord_system': 'scaffold'}, {'name': 'AANG04000113.1', 'length': 47877, 'coord_system': 'scaffold'}, {'coord_system': 'scaffold', 'length': 13904, 'name': 'AANG04000114.1'}, {'coord_system': 'scaffold', 'name': 'AANG04000115.1', 'length': 11181}, {'coord_system': 'scaffold', 'length': 5988, 'name': 'AANG04000116.1'}, {'length': 10984, 'name': 'AANG04000117.1', 'coord_system': 'scaffold'}, {'coord_system': 'scaffold', 'length': 13851, 'name': 'AANG04000118.1'}, {'length': 33383, 'name': 'AANG04000119.1', 'coord_system': 'scaffold'}, {'coord_system': 'scaffold', 'name': 'AANG04000120.1', 'length': 16986}, {'coord_system': 'scaffold', 'length': 20262, 'name': 'AANG04000121.1'}, {'name': 'AANG04000122.1', 'length': 5749, 'coord_system': 'scaffold'}, {'coord_system': 'scaffold', 'name': 'AANG04000123.1', 'length': 12445}, {'coord_system': 'scaffold', 'name': 'AANG04000124.1', 'length': 8988}, {'coord_system': 'scaffold', 'length': 11781, 'name': 'AANG04000125.1'}, {'coord_system': 'scaffold', 'name': 'AANG04000126.1', 'length': 9987}, {'coord_system': 'scaffold', 'name': 'AANG04000127.1', 'length': 12715}, {'name': 'AANG04000128.1', 'length': 26957, 'coord_system': 'scaffold'}, {'coord_system': 'scaffold', 'name': 'AANG04000129.1', 'length': 5985}, {'name': 'AANG04000130.1', 'length': 12987, 'coord_system': 'scaffold'}, {'coord_system': 'scaffold', 'name': 'AANG04000131.1', 'length': 3807}, {'coord_system': 'scaffold', 'length': 24749, 'name': 'AANG04000132.1'}, {'coord_system': 'scaffold', 'name': 'AANG04000133.1', 'length': 19987}, {'length': 7988, 'name': 'AANG04000134.1', 'coord_system': 'scaffold'}, {'name': 'AANG04000135.1', 'length': 53007, 'coord_system': 'scaffold'}, {'name': 'AANG04000136.1', 'length': 6988, 'coord_system': 'scaffold'}, {'coord_system': 'scaffold', 'name': 'AANG04000137.1', 'length': 11929}, {'coord_system': 'scaffold', 'length': 46035, 'name': 'AANG04000138.1'}, {'name': 'AANG04000139.1', 'length': 17988, 'coord_system': 'scaffold'}, {'coord_system': 'scaffold', 'name': 'AANG04000140.1', 'length': 48281}, {'coord_system': 'scaffold', 'length': 12221, 'name': 'AANG04000141.1'}, {'coord_system': 'scaffold', 'length': 14256, 'name': 'AANG04000142.1'}, {'coord_system': 'scaffold', 'length': 44578, 'name': 'AANG04000143.1'}, {'coord_system': 'scaffold', 'name': 'AANG04000145.1', 'length': 4987}, {'length': 4986, 'name': 'AANG04000146.1', 'coord_system': 'scaffold'}, {'length': 9986, 'name': 'AANG04000147.1', 'coord_system': 'scaffold'}, {'name': 'AANG04000149.1', 'length': 4204, 'coord_system': 'scaffold'}, {'coord_system': 'scaffold', 'length': 4223, 'name': 'AANG04000150.1'}, {'name': 'AANG04000151.1', 'length': 13988, 'coord_system': 'scaffold'}, {'length': 7988, 'name': 'AANG04000152.1', 'coord_system': 'scaffold'}, {'coord_system': 'scaffold', 'name': 'AANG04000153.1', 'length': 5847}, {'coord_system': 'scaffold', 'length': 13984, 'name': 'AANG04000154.1'}, {'name': 'AANG04000155.1', 'length': 49086, 'coord_system': 'scaffold'}, {'coord_system': 'scaffold', 'length': 3988, 'name': 'AANG04000156.1'}, {'length': 6894, 'name': 'AANG04000157.1', 'coord_system': 'scaffold'}, {'name': 'AANG04000158.1', 'length': 8890, 'coord_system': 'scaffold'}, {'coord_system': 'scaffold', 'length': 4070, 'name': 'AANG04000159.1'}, {'coord_system': 'scaffold', 'length': 6988, 'name': 'AANG04000160.1'}, {'length': 5987, 'name': 'AANG04000161.1', 'coord_system': 'scaffold'}, {'name': 'AANG04000162.1', 'length': 12989, 'coord_system': 'scaffold'}, {'coord_system': 'scaffold', 'length': 11993, 'name': 'AANG04000163.1'}, {'name': 'AANG04000164.1', 'length': 4988, 'coord_system': 'scaffold'}, {'coord_system': 'scaffold', 'length': 12989, 'name': 'AANG04000165.1'}, {'name': 'AANG04000166.1', 'length': 10988, 'coord_system': 'scaffold'}, {'length': 11227, 'name': 'AANG04000167.1', 'coord_system': 'scaffold'}, {'name': 'AANG04000168.1', 'length': 9305, 'coord_system': 'scaffold'}, {'length': 5988, 'name': 'AANG04000170.1', 'coord_system': 'scaffold'}, {'length': 2988, 'name': 'AANG04000171.1', 'coord_system': 'scaffold'}, {'coord_system': 'scaffold', 'length': 2990, 'name': 'AANG04000172.1'}, {'name': 'AANG04000173.1', 'length': 3988, 'coord_system': 'scaffold'}, {'name': 'AANG04000174.1', 'length': 11440, 'coord_system': 'scaffold'}, {'coord_system': 'scaffold', 'length': 25257, 'name': 'AANG04000175.1'}, {'name': 'AANG04000176.1', 'length': 50000, 'coord_system': 'scaffold'}, {'coord_system': 'scaffold', 'length': 6942, 'name': 'AANG04000178.1'}, {'coord_system': 'scaffold', 'length': 12313, 'name': 'AANG04000179.1'}, {'name': 'AANG04000180.1', 'length': 7938, 'coord_system': 'scaffold'}, {'coord_system': 'scaffold', 'name': 'AANG04000181.1', 'length': 15735}, {'coord_system': 'scaffold', 'name': 'AANG04000182.1', 'length': 5988}, {'name': 'AANG04000183.1', 'length': 89224, 'coord_system': 'scaffold'}, {'coord_system': 'scaffold', 'name': 'AANG04000184.1', 'length': 9986}, {'name': 'AANG04000185.1', 'length': 14986, 'coord_system': 'scaffold'}, {'coord_system': 'scaffold', 'length': 9682, 'name': 'AANG04000186.1'}, {'coord_system': 'scaffold', 'length': 32502, 'name': 'AANG04000187.1'}, {'coord_system': 'scaffold', 'length': 13011, 'name': 'AANG04000188.1'}, {'coord_system': 'scaffold', 'name': 'AANG04000190.1', 'length': 12042}, {'coord_system': 'scaffold', 'length': 4982, 'name': 'AANG04000191.1'}, {'length': 17307, 'name': 'AANG04000192.1', 'coord_system': 'scaffold'}, {'coord_system': 'scaffold', 'name': 'AANG04000193.1', 'length': 15989}, {'coord_system': 'scaffold', 'length': 12988, 'name': 'AANG04000194.1'}, {'coord_system': 'scaffold', 'name': 'AANG04000195.1', 'length': 50059}, {'coord_system': 'scaffold', 'name': 'AANG04000196.1', 'length': 5988}, {'length': 14988, 'name': 'AANG04000197.1', 'coord_system': 'scaffold'}, {'length': 46027, 'name': 'AANG04000198.1', 'coord_system': 'scaffold'}, {'coord_system': 'scaffold', 'name': 'AANG04000199.1', 'length': 20934}, {'coord_system': 'scaffold', 'name': 'AANG04000200.1', 'length': 16256}, {'length': 13627, 'name': 'AANG04000201.1', 'coord_system': 'scaffold'}, {'coord_system': 'scaffold', 'length': 5988, 'name': 'AANG04000202.1'}, {'coord_system': 'scaffold', 'name': 'AANG04000203.1', 'length': 65144}, {'coord_system': 'scaffold', 'length': 12830, 'name': 'AANG04000204.1'}, {'coord_system': 'scaffold', 'length': 32180, 'name': 'AANG04000205.1'}, {'coord_system': 'scaffold', 'name': 'AANG04000206.1', 'length': 4987}, {'name': 'AANG04000208.1', 'length': 14604, 'coord_system': 'scaffold'}, {'coord_system': 'scaffold', 'name': 'AANG04000209.1', 'length': 16989}, {'coord_system': 'scaffold', 'length': 5980, 'name': 'AANG04000210.1'}, {'coord_system': 'scaffold', 'name': 'AANG04000211.1', 'length': 5988}, {'length': 61603, 'name': 'AANG04000212.1', 'coord_system': 'scaffold'}, {'name': 'AANG04000213.1', 'length': 63009, 'coord_system': 'scaffold'}, {'coord_system': 'scaffold', 'length': 9207, 'name': 'AANG04000214.1'}, {'length': 5924, 'name': 'AANG04000215.1', 'coord_system': 'scaffold'}, {'coord_system': 'scaffold', 'length': 9214, 'name': 'AANG04000216.1'}, {'coord_system': 'scaffold', 'name': 'AANG04000217.1', 'length': 37508}, {'name': 'AANG04000218.1', 'length': 23322, 'coord_system': 'scaffold'}, {'name': 'AANG04000219.1', 'length': 7671, 'coord_system': 'scaffold'}, {'length': 6813, 'name': 'AANG04000220.1', 'coord_system': 'scaffold'}, {'length': 64451, 'name': 'AANG04000221.1', 'coord_system': 'scaffold'}, {'coord_system': 'scaffold', 'name': 'AANG04000222.1', 'length': 7991}, {'coord_system': 'scaffold', 'name': 'AANG04000223.1', 'length': 4988}, {'length': 18088, 'name': 'AANG04000224.1', 'coord_system': 'scaffold'}, {'name': 'AANG04000225.1', 'length': 5987, 'coord_system': 'scaffold'}, {'length': 6988, 'name': 'AANG04000227.1', 'coord_system': 'scaffold'}, {'coord_system': 'scaffold', 'name': 'AANG04000228.1', 'length': 4987}, {'name': 'AANG04000229.1', 'length': 6985, 'coord_system': 'scaffold'}, {'coord_system': 'scaffold', 'name': 'AANG04000230.1', 'length': 3988}, {'length': 44543, 'name': 'AANG04000232.1', 'coord_system': 'scaffold'}, {'coord_system': 'scaffold', 'name': 'AANG04000233.1', 'length': 38044}, {'coord_system': 'scaffold', 'length': 30960, 'name': 'AANG04000234.1'}, {'length': 2988, 'name': 'AANG04000235.1', 'coord_system': 'scaffold'}, {'coord_system': 'scaffold', 'length': 5988, 'name': 'AANG04000236.1'}, {'name': 'AANG04000237.1', 'length': 10985, 'coord_system': 'scaffold'}, {'name': 'AANG04000238.1', 'length': 2987, 'coord_system': 'scaffold'}, {'length': 9988, 'name': 'AANG04000239.1', 'coord_system': 'scaffold'}, {'length': 11095, 'name': 'AANG04000240.1', 'coord_system': 'scaffold'}, {'length': 18987, 'name': 'AANG04000241.1', 'coord_system': 'scaffold'}, {'coord_system': 'scaffold', 'name': 'AANG04000242.1', 'length': 61920}, {'coord_system': 'scaffold', 'name': 'AANG04000243.1', 'length': 7988}, {'name': 'AANG04000244.1', 'length': 10974, 'coord_system': 'scaffold'}, {'coord_system': 'scaffold', 'name': 'AANG04000245.1', 'length': 5989}, {'length': 10156, 'name': 'AANG04000246.1', 'coord_system': 'scaffold'}, {'length': 15793, 'name': 'AANG04000247.1', 'coord_system': 'scaffold'}, {'coord_system': 'scaffold', 'length': 10988, 'name': 'AANG04000248.1'}, {'name': 'AANG04000249.1', 'length': 6988, 'coord_system': 'scaffold'}, {'name': 'AANG04000250.1', 'length': 51335, 'coord_system': 'scaffold'}, {'coord_system': 'scaffold', 'name': 'AANG04000251.1', 'length': 10987}, {'coord_system': 'scaffold', 'name': 'AANG04000252.1', 'length': 11996}, {'name': 'AANG04000253.1', 'length': 49816, 'coord_system': 'scaffold'}, {'coord_system': 'scaffold', 'length': 11977, 'name': 'AANG04000254.1'}, {'coord_system': 'scaffold', 'length': 4995, 'name': 'AANG04000255.1'}, {'name': 'AANG04000256.1', 'length': 15988, 'coord_system': 'scaffold'}, {'coord_system': 'scaffold', 'length': 7988, 'name': 'AANG04000257.1'}, {'coord_system': 'scaffold', 'name': 'AANG04000258.1', 'length': 4954}, {'coord_system': 'scaffold', 'length': 51528, 'name': 'AANG04000259.1'}, {'name': 'AANG04000260.1', 'length': 8144, 'coord_system': 'scaffold'}, {'name': 'AANG04000261.1', 'length': 18784, 'coord_system': 'scaffold'}, {'length': 10988, 'name': 'AANG04000262.1', 'coord_system': 'scaffold'}, {'length': 7148, 'name': 'AANG04000263.1', 'coord_system': 'scaffold'}, {'coord_system': 'scaffold', 'length': 9930, 'name': 'AANG04000265.1'}, {'length': 11987, 'name': 'AANG04000266.1', 'coord_system': 'scaffold'}, {'coord_system': 'scaffold', 'name': 'AANG04000267.1', 'length': 7979}, {'length': 9987, 'name': 'AANG04000268.1', 'coord_system': 'scaffold'}, {'coord_system': 'scaffold', 'length': 9987, 'name': 'AANG04000269.1'}, {'length': 5988, 'name': 'AANG04000270.1', 'coord_system': 'scaffold'}, {'length': 13988, 'name': 'AANG04000271.1', 'coord_system': 'scaffold'}, {'length': 6988, 'name': 'AANG04000272.1', 'coord_system': 'scaffold'}, {'length': 16082, 'name': 'AANG04000274.1', 'coord_system': 'scaffold'}, {'coord_system': 'scaffold', 'name': 'AANG04000275.1', 'length': 35361}, {'length': 8268, 'name': 'AANG04000276.1', 'coord_system': 'scaffold'}, {'coord_system': 'scaffold', 'length': 7989, 'name': 'AANG04000278.1'}, {'coord_system': 'scaffold', 'length': 14419, 'name': 'AANG04000279.1'}, {'coord_system': 'scaffold', 'name': 'AANG04000280.1', 'length': 10019}, {'length': 2835, 'name': 'AANG04000281.1', 'coord_system': 'scaffold'}, {'name': 'AANG04000282.1', 'length': 11983, 'coord_system': 'scaffold'}, {'name': 'AANG04000283.1', 'length': 2988, 'coord_system': 'scaffold'}, {'coord_system': 'scaffold', 'name': 'AANG04000284.1', 'length': 8989}, {'length': 8988, 'name': 'AANG04000285.1', 'coord_system': 'scaffold'}, {'coord_system': 'scaffold', 'length': 15623, 'name': 'AANG04000286.1'}, {'name': 'AANG04000287.1', 'length': 15988, 'coord_system': 'scaffold'}, {'coord_system': 'scaffold', 'length': 93587, 'name': 'AANG04000288.1'}, {'coord_system': 'scaffold', 'name': 'AANG04000289.1', 'length': 8054}, {'coord_system': 'scaffold', 'length': 19052, 'name': 'AANG04000290.1'}, {'coord_system': 'scaffold', 'name': 'AANG04000291.1', 'length': 23518}, {'coord_system': 'scaffold', 'name': 'AANG04000292.1', 'length': 8989}, {'coord_system': 'scaffold', 'length': 48005, 'name': 'AANG04000293.1'}, {'length': 13885, 'name': 'AANG04000294.1', 'coord_system': 'scaffold'}, {'coord_system': 'scaffold', 'name': 'AANG04000295.1', 'length': 29115}, {'length': 9227, 'name': 'AANG04000296.1', 'coord_system': 'scaffold'}, {'coord_system': 'scaffold', 'name': 'AANG04000297.1', 'length': 9994}, {'coord_system': 'scaffold', 'length': 5988, 'name': 'AANG04000298.1'}, {'length': 8988, 'name': 'AANG04000299.1', 'coord_system': 'scaffold'}, {'length': 13985, 'name': 'AANG04000300.1', 'coord_system': 'scaffold'}, {'length': 5988, 'name': 'AANG04000301.1', 'coord_system': 'scaffold'}, {'coord_system': 'scaffold', 'length': 9188, 'name': 'AANG04000303.1'}, {'coord_system': 'scaffold', 'name': 'AANG04000304.1', 'length': 5789}, {'length': 12765, 'name': 'AANG04000305.1', 'coord_system': 'scaffold'}, {'name': 'AANG04000306.1', 'length': 12630, 'coord_system': 'scaffold'}, {'length': 18988, 'name': 'AANG04000307.1', 'coord_system': 'scaffold'}, {'name': 'AANG04000308.1', 'length': 6347, 'coord_system': 'scaffold'}, {'coord_system': 'scaffold', 'length': 15026, 'name': 'AANG04000309.1'}, {'length': 7988, 'name': 'AANG04000310.1', 'coord_system': 'scaffold'}, {'name': 'AANG04000311.1', 'length': 10990, 'coord_system': 'scaffold'}, {'coord_system': 'scaffold', 'length': 3988, 'name': 'AANG04000312.1'}, {'length': 2988, 'name': 'AANG04000314.1', 'coord_system': 'scaffold'}, {'name': 'AANG04000316.1', 'length': 26684, 'coord_system': 'scaffold'}, {'name': 'AANG04000317.1', 'length': 6080, 'coord_system': 'scaffold'}, {'coord_system': 'scaffold', 'length': 4856, 'name': 'AANG04000318.1'}, {'coord_system': 'scaffold', 'length': 40727, 'name': 'AANG04000319.1'}, {'coord_system': 'scaffold', 'name': 'AANG04000320.1', 'length': 11182}, {'name': 'AANG04000321.1', 'length': 9989, 'coord_system': 'scaffold'}, {'length': 11959, 'name': 'AANG04000322.1', 'coord_system': 'scaffold'}, {'length': 29299, 'name': 'AANG04000323.1', 'coord_system': 'scaffold'}, {'coord_system': 'scaffold', 'name': 'AANG04000324.1', 'length': 11978}, {'length': 12962, 'name': 'AANG04000325.1', 'coord_system': 'scaffold'}, {'length': 11988, 'name': 'AANG04000326.1', 'coord_system': 'scaffold'}, {'coord_system': 'scaffold', 'name': 'AANG04000327.1', 'length': 10987}, {'coord_system': 'scaffold', 'name': 'AANG04000328.1', 'length': 54562}, {'name': 'AANG04000329.1', 'length': 11758, 'coord_system': 'scaffold'}, {'name': 'AANG04000330.1', 'length': 43905, 'coord_system': 'scaffold'}, {'coord_system': 'scaffold', 'name': 'AANG04000331.1', 'length': 25987}, {'name': 'AANG04000332.1', 'length': 4985, 'coord_system': 'scaffold'}, {'length': 8199, 'name': 'AANG04000333.1', 'coord_system': 'scaffold'}, {'coord_system': 'scaffold', 'length': 7329, 'name': 'AANG04000334.1'}, {'length': 12107, 'name': 'AANG04000335.1', 'coord_system': 'scaffold'}, {'name': 'AANG04000336.1', 'length': 18656, 'coord_system': 'scaffold'}, {'coord_system': 'scaffold', 'length': 12864, 'name': 'AANG04000337.1'}, {'length': 7989, 'name': 'AANG04000338.1', 'coord_system': 'scaffold'}, {'coord_system': 'scaffold', 'length': 8988, 'name': 'AANG04000339.1'}, {'length': 9616, 'name': 'AANG04000340.1', 'coord_system': 'scaffold'}, {'coord_system': 'scaffold', 'name': 'AANG04000341.1', 'length': 12000}, {'coord_system': 'scaffold', 'length': 10987, 'name': 'AANG04000342.1'}, {'coord_system': 'scaffold', 'name': 'AANG04000343.1', 'length': 4966}, {'coord_system': 'scaffold', 'length': 3988, 'name': 'AANG04000344.1'}, {'coord_system': 'scaffold', 'length': 9162, 'name': 'AANG04000345.1'}, {'coord_system': 'scaffold', 'length': 5147, 'name': 'AANG04000346.1'}, {'coord_system': 'scaffold', 'name': 'AANG04000347.1', 'length': 45191}, {'name': 'AANG04000348.1', 'length': 7988, 'coord_system': 'scaffold'}, {'coord_system': 'scaffold', 'length': 7991, 'name': 'AANG04000349.1'}, {'coord_system': 'scaffold', 'length': 8375, 'name': 'AANG04000350.1'}, {'length': 5988, 'name': 'AANG04000351.1', 'coord_system': 'scaffold'}, {'name': 'AANG04000352.1', 'length': 4987, 'coord_system': 'scaffold'}, {'coord_system': 'scaffold', 'name': 'AANG04000353.1', 'length': 3991}, {'coord_system': 'scaffold', 'length': 7988, 'name': 'AANG04000354.1'}, {'coord_system': 'scaffold', 'length': 7614, 'name': 'AANG04000355.1'}, {'coord_system': 'scaffold', 'name': 'AANG04000356.1', 'length': 34965}, {'length': 14988, 'name': 'AANG04000357.1', 'coord_system': 'scaffold'}, {'coord_system': 'scaffold', 'name': 'AANG04000358.1', 'length': 13183}, {'name': 'AANG04000359.1', 'length': 4192, 'coord_system': 'scaffold'}, {'length': 14993, 'name': 'AANG04000360.1', 'coord_system': 'scaffold'}, {'coord_system': 'scaffold', 'name': 'AANG04000361.1', 'length': 3988}, {'name': 'AANG04000362.1', 'length': 11987, 'coord_system': 'scaffold'}, {'name': 'AANG04000363.1', 'length': 3988, 'coord_system': 'scaffold'}, {'length': 8988, 'name': 'AANG04000364.1', 'coord_system': 'scaffold'}, {'coord_system': 'scaffold', 'name': 'AANG04000365.1', 'length': 17001}, {'length': 4988, 'name': 'AANG04000366.1', 'coord_system': 'scaffold'}, {'coord_system': 'scaffold', 'name': 'AANG04000367.1', 'length': 7145}, {'length': 6121, 'name': 'AANG04000368.1', 'coord_system': 'scaffold'}, {'coord_system': 'scaffold', 'name': 'AANG04000370.1', 'length': 11990}, {'length': 5168, 'name': 'AANG04000371.1', 'coord_system': 'scaffold'}, {'length': 56502, 'name': 'AANG04000372.1', 'coord_system': 'scaffold'}, {'coord_system': 'scaffold', 'name': 'AANG04000373.1', 'length': 5988}, {'coord_system': 'scaffold', 'name': 'AANG04000374.1', 'length': 13058}, {'coord_system': 'scaffold', 'length': 7985, 'name': 'AANG04000375.1'}, {'coord_system': 'scaffold', 'name': 'AANG04000376.1', 'length': 5986}, {'length': 12568, 'name': 'AANG04000377.1', 'coord_system': 'scaffold'}, {'coord_system': 'scaffold', 'length': 8963, 'name': 'AANG04000378.1'}, {'name': 'AANG04000379.1', 'length': 12951, 'coord_system': 'scaffold'}, {'coord_system': 'scaffold', 'length': 5988, 'name': 'AANG04000380.1'}, {'coord_system': 'scaffold', 'length': 7988, 'name': 'AANG04000381.1'}, {'length': 4196, 'name': 'AANG04000382.1', 'coord_system': 'scaffold'}, {'name': 'AANG04000383.1', 'length': 13094, 'coord_system': 'scaffold'}, {'name': 'AANG04000384.1', 'length': 14004, 'coord_system': 'scaffold'}, {'name': 'AANG04000385.1', 'length': 53285, 'coord_system': 'scaffold'}, {'coord_system': 'scaffold', 'length': 4967, 'name': 'AANG04000386.1'}, {'length': 8982, 'name': 'AANG04000387.1', 'coord_system': 'scaffold'}, {'length': 6104, 'name': 'AANG04000388.1', 'coord_system': 'scaffold'}, {'name': 'AANG04000389.1', 'length': 14701, 'coord_system': 'scaffold'}, {'name': 'AANG04000390.1', 'length': 27119, 'coord_system': 'scaffold'}, {'name': 'AANG04000392.1', 'length': 5987, 'coord_system': 'scaffold'}, {'coord_system': 'scaffold', 'name': 'AANG04000393.1', 'length': 13842}, {'name': 'AANG04000394.1', 'length': 2988, 'coord_system': 'scaffold'}, {'name': 'AANG04000395.1', 'length': 6988, 'coord_system': 'scaffold'}, {'coord_system': 'scaffold', 'name': 'AANG04000396.1', 'length': 5984}, {'coord_system': 'scaffold', 'length': 14095, 'name': 'AANG04000397.1'}, {'length': 9988, 'name': 'AANG04000398.1', 'coord_system': 'scaffold'}, {'coord_system': 'scaffold', 'length': 7989, 'name': 'AANG04000399.1'}, {'length': 4988, 'name': 'AANG04000400.1', 'coord_system': 'scaffold'}, {'name': 'AANG04000401.1', 'length': 9959, 'coord_system': 'scaffold'}, {'name': 'AANG04000402.1', 'length': 15989, 'coord_system': 'scaffold'}, {'coord_system': 'scaffold', 'length': 15530, 'name': 'AANG04000403.1'}, {'coord_system': 'scaffold', 'name': 'AANG04000404.1', 'length': 5988}, {'coord_system': 'scaffold', 'name': 'AANG04000405.1', 'length': 3988}, {'length': 8214, 'name': 'AANG04000406.1', 'coord_system': 'scaffold'}, {'length': 9985, 'name': 'AANG04000407.1', 'coord_system': 'scaffold'}, {'name': 'AANG04000408.1', 'length': 37620, 'coord_system': 'scaffold'}, {'length': 10461, 'name': 'AANG04000409.1', 'coord_system': 'scaffold'}, {'coord_system': 'scaffold', 'length': 44013, 'name': 'AANG04000410.1'}, {'coord_system': 'scaffold', 'name': 'AANG04000411.1', 'length': 10987}, {'name': 'AANG04000412.1', 'length': 8746, 'coord_system': 'scaffold'}, {'coord_system': 'scaffold', 'name': 'AANG04000413.1', 'length': 83606}, {'coord_system': 'scaffold', 'length': 48152, 'name': 'AANG04000414.1'}, {'coord_system': 'scaffold', 'length': 11173, 'name': 'AANG04000415.1'}, {'coord_system': 'scaffold', 'length': 26981, 'name': 'AANG04000416.1'}, {'coord_system': 'scaffold', 'name': 'AANG04000417.1', 'length': 46078}, {'coord_system': 'scaffold', 'name': 'AANG04000418.1', 'length': 13593}, {'coord_system': 'scaffold', 'name': 'AANG04000419.1', 'length': 3987}, {'name': 'AANG04000420.1', 'length': 6047, 'coord_system': 'scaffold'}, {'length': 9982, 'name': 'AANG04000421.1', 'coord_system': 'scaffold'}, {'name': 'AANG04000422.1', 'length': 9989, 'coord_system': 'scaffold'}, {'coord_system': 'scaffold', 'length': 48838, 'name': 'AANG04000423.1'}, {'coord_system': 'scaffold', 'length': 14097, 'name': 'AANG04000424.1'}, {'coord_system': 'scaffold', 'name': 'AANG04000425.1', 'length': 13001}, {'length': 2988, 'name': 'AANG04000426.1', 'coord_system': 'scaffold'}, {'coord_system': 'scaffold', 'length': 13050, 'name': 'AANG04000427.1'}, {'coord_system': 'scaffold', 'length': 8100, 'name': 'AANG04000428.1'}, {'coord_system': 'scaffold', 'name': 'AANG04000429.1', 'length': 4988}, {'length': 17659, 'name': 'AANG04000430.1', 'coord_system': 'scaffold'}, {'length': 23679, 'name': 'AANG04000431.1', 'coord_system': 'scaffold'}, {'name': 'AANG04000432.1', 'length': 11731, 'coord_system': 'scaffold'}, {'coord_system': 'scaffold', 'length': 5988, 'name': 'AANG04000433.1'}, {'coord_system': 'scaffold', 'length': 10984, 'name': 'AANG04000435.1'}, {'length': 13471, 'name': 'AANG04000436.1', 'coord_system': 'scaffold'}, {'coord_system': 'scaffold', 'name': 'AANG04000437.1', 'length': 8925}, {'length': 4988, 'name': 'AANG04000438.1', 'coord_system': 'scaffold'}, {'name': 'AANG04000439.1', 'length': 5988, 'coord_system': 'scaffold'}, {'coord_system': 'scaffold', 'length': 6988, 'name': 'AANG04000440.1'}, {'name': 'AANG04000442.1', 'length': 7153, 'coord_system': 'scaffold'}, {'name': 'AANG04000443.1', 'length': 8123, 'coord_system': 'scaffold'}, {'length': 11986, 'name': 'AANG04000444.1', 'coord_system': 'scaffold'}, {'length': 14983, 'name': 'AANG04000445.1', 'coord_system': 'scaffold'}, {'coord_system': 'scaffold', 'length': 17196, 'name': 'AANG04000446.1'}, {'length': 3988, 'name': 'AANG04000447.1', 'coord_system': 'scaffold'}, {'length': 12988, 'name': 'AANG04000448.1', 'coord_system': 'scaffold'}, {'length': 7989, 'name': 'AANG04000449.1', 'coord_system': 'scaffold'}, {'name': 'AANG04000450.1', 'length': 6685, 'coord_system': 'scaffold'}, {'length': 14970, 'name': 'AANG04000451.1', 'coord_system': 'scaffold'}, {'coord_system': 'scaffold', 'length': 12988, 'name': 'AANG04000452.1'}, {'length': 11983, 'name': 'AANG04000453.1', 'coord_system': 'scaffold'}, {'coord_system': 'scaffold', 'length': 9989, 'name': 'AANG04000454.1'}, {'coord_system': 'scaffold', 'name': 'AANG04000455.1', 'length': 22985}, {'coord_system': 'scaffold', 'length': 3735, 'name': 'AANG04000456.1'}, {'coord_system': 'scaffold', 'name': 'AANG04000457.1', 'length': 2987}, {'coord_system': 'scaffold', 'name': 'AANG04000458.1', 'length': 8988}, {'name': 'AANG04000459.1', 'length': 14017, 'coord_system': 'scaffold'}, {'coord_system': 'scaffold', 'name': 'AANG04000460.1', 'length': 18270}, {'coord_system': 'scaffold', 'name': 'AANG04000461.1', 'length': 8987}, {'coord_system': 'scaffold', 'length': 4988, 'name': 'AANG04000462.1'}, {'length': 12227, 'name': 'AANG04000463.1', 'coord_system': 'scaffold'}, {'coord_system': 'scaffold', 'name': 'AANG04000464.1', 'length': 4249}, {'coord_system': 'scaffold', 'name': 'AANG04000465.1', 'length': 16986}, {'length': 8062, 'name': 'AANG04000466.1', 'coord_system': 'scaffold'}, {'coord_system': 'scaffold', 'name': 'AANG04000467.1', 'length': 12177}, {'name': 'AANG04000468.1', 'length': 12351, 'coord_system': 'scaffold'}, {'name': 'AANG04000469.1', 'length': 67798, 'coord_system': 'scaffold'}, {'coord_system': 'scaffold', 'name': 'AANG04000470.1', 'length': 8987}, {'coord_system': 'scaffold', 'length': 45849, 'name': 'AANG04000472.1'}, {'length': 12987, 'name': 'AANG04000473.1', 'coord_system': 'scaffold'}, {'coord_system': 'scaffold', 'name': 'AANG04000474.1', 'length': 7988}, {'coord_system': 'scaffold', 'name': 'AANG04000475.1', 'length': 9985}, {'coord_system': 'scaffold', 'length': 39016, 'name': 'AANG04000476.1'}, {'coord_system': 'scaffold', 'name': 'AANG04000477.1', 'length': 8014}, {'length': 10176, 'name': 'AANG04000478.1', 'coord_system': 'scaffold'}, {'name': 'AANG04000479.1', 'length': 9992, 'coord_system': 'scaffold'}, {'coord_system': 'scaffold', 'length': 9963, 'name': 'AANG04000481.1'}, {'name': 'AANG04000482.1', 'length': 44950, 'coord_system': 'scaffold'}, {'length': 12982, 'name': 'AANG04000483.1', 'coord_system': 'scaffold'}, {'length': 8984, 'name': 'AANG04000484.1', 'coord_system': 'scaffold'}, {'coord_system': 'scaffold', 'length': 3988, 'name': 'AANG04000485.1'}, {'length': 9026, 'name': 'AANG04000486.1', 'coord_system': 'scaffold'}, {'coord_system': 'scaffold', 'length': 30988, 'name': 'AANG04000487.1'}, {'coord_system': 'scaffold', 'length': 4341, 'name': 'AANG04000488.1'}, {'name': 'AANG04000489.1', 'length': 13260, 'coord_system': 'scaffold'}, {'length': 18635, 'name': 'AANG04000490.1', 'coord_system': 'scaffold'}, {'length': 9987, 'name': 'AANG04000491.1', 'coord_system': 'scaffold'}, {'length': 11993, 'name': 'AANG04000492.1', 'coord_system': 'scaffold'}, {'coord_system': 'scaffold', 'name': 'AANG04000494.1', 'length': 4157}, {'coord_system': 'scaffold', 'name': 'AANG04000495.1', 'length': 4988}, {'coord_system': 'scaffold', 'name': 'AANG04000496.1', 'length': 20328}, {'length': 3988, 'name': 'AANG04000497.1', 'coord_system': 'scaffold'}, {'length': 6990, 'name': 'AANG04000498.1', 'coord_system': 'scaffold'}, {'coord_system': 'scaffold', 'name': 'AANG04000499.1', 'length': 3988}, {'length': 15579, 'name': 'AANG04000500.1', 'coord_system': 'scaffold'}, {'name': 'AANG04000502.1', 'length': 6968, 'coord_system': 'scaffold'}, {'coord_system': 'scaffold', 'name': 'AANG04000503.1', 'length': 10988}, {'length': 3988, 'name': 'AANG04000504.1', 'coord_system': 'scaffold'}, {'length': 46143, 'name': 'AANG04000505.1', 'coord_system': 'scaffold'}, {'length': 10611, 'name': 'AANG04000506.1', 'coord_system': 'scaffold'}, {'length': 20893, 'name': 'AANG04000507.1', 'coord_system': 'scaffold'}, {'name': 'AANG04000508.1', 'length': 4987, 'coord_system': 'scaffold'}, {'length': 5988, 'name': 'AANG04000509.1', 'coord_system': 'scaffold'}, {'length': 10127, 'name': 'AANG04000510.1', 'coord_system': 'scaffold'}, {'coord_system': 'scaffold', 'length': 14917, 'name': 'AANG04000512.1'}, {'coord_system': 'scaffold', 'length': 9988, 'name': 'AANG04000513.1'}, {'coord_system': 'scaffold', 'length': 9988, 'name': 'AANG04000514.1'}, {'name': 'AANG04000515.1', 'length': 12030, 'coord_system': 'scaffold'}, {'coord_system': 'scaffold', 'length': 7987, 'name': 'AANG04000516.1'}, {'coord_system': 'scaffold', 'length': 5991, 'name': 'AANG04000517.1'}, {'coord_system': 'scaffold', 'length': 5986, 'name': 'AANG04000518.1'}, {'coord_system': 'scaffold', 'name': 'AANG04000519.1', 'length': 47995}, {'coord_system': 'scaffold', 'length': 10192, 'name': 'AANG04000520.1'}, {'coord_system': 'scaffold', 'name': 'AANG04000521.1', 'length': 19986}, {'coord_system': 'scaffold', 'length': 8988, 'name': 'AANG04000522.1'}, {'coord_system': 'scaffold', 'name': 'AANG04000523.1', 'length': 9948}, {'coord_system': 'scaffold', 'name': 'AANG04000524.1', 'length': 12005}, {'coord_system': 'scaffold', 'name': 'AANG04000525.1', 'length': 69313}, {'coord_system': 'scaffold', 'name': 'AANG04000526.1', 'length': 11986}, {'coord_system': 'scaffold', 'name': 'AANG04000527.1', 'length': 26913}, {'coord_system': 'scaffold', 'length': 16972, 'name': 'AANG04000528.1'}, {'coord_system': 'scaffold', 'name': 'AANG04000529.1', 'length': 4695}, {'length': 7208, 'name': 'AANG04000530.1', 'coord_system': 'scaffold'}, {'coord_system': 'scaffold', 'name': 'AANG04000531.1', 'length': 5133}, {'length': 6811, 'name': 'AANG04000532.1', 'coord_system': 'scaffold'}, {'coord_system': 'scaffold', 'name': 'AANG04000533.1', 'length': 4988}, {'coord_system': 'scaffold', 'name': 'AANG04000534.1', 'length': 4090}, {'coord_system': 'scaffold', 'length': 4350, 'name': 'AANG04000535.1'}, {'coord_system': 'scaffold', 'name': 'AANG04000536.1', 'length': 4988}, {'coord_system': 'scaffold', 'name': 'AANG04000537.1', 'length': 4989}, {'name': 'AANG04000538.1', 'length': 6990, 'coord_system': 'scaffold'}, {'coord_system': 'scaffold', 'name': 'AANG04000539.1', 'length': 3986}, {'coord_system': 'scaffold', 'length': 14103, 'name': 'AANG04000540.1'}, {'length': 7797, 'name': 'AANG04000541.1', 'coord_system': 'scaffold'}, {'coord_system': 'scaffold', 'name': 'AANG04000542.1', 'length': 11181}, {'coord_system': 'scaffold', 'length': 4988, 'name': 'AANG04000543.1'}, {'coord_system': 'scaffold', 'name': 'AANG04000544.1', 'length': 6202}, {'coord_system': 'scaffold', 'name': 'AANG04000545.1', 'length': 10101}, {'coord_system': 'scaffold', 'name': 'AANG04000546.1', 'length': 11196}, {'coord_system': 'scaffold', 'name': 'AANG04000547.1', 'length': 2989}, {'coord_system': 'scaffold', 'length': 18325, 'name': 'AANG04000548.1'}, {'coord_system': 'scaffold', 'length': 13349, 'name': 'AANG04000549.1'}, {'name': 'AANG04000550.1', 'length': 9982, 'coord_system': 'scaffold'}, {'name': 'AANG04000551.1', 'length': 8987, 'coord_system': 'scaffold'}, {'length': 14988, 'name': 'AANG04000552.1', 'coord_system': 'scaffold'}, {'coord_system': 'scaffold', 'length': 7839, 'name': 'AANG04000553.1'}, {'name': 'AANG04000555.1', 'length': 11987, 'coord_system': 'scaffold'}, {'coord_system': 'scaffold', 'name': 'AANG04000557.1', 'length': 14164}, {'coord_system': 'scaffold', 'length': 4988, 'name': 'AANG04000559.1'}, {'coord_system': 'scaffold', 'length': 30108, 'name': 'AANG04000560.1'}, {'name': 'AANG04000561.1', 'length': 9948, 'coord_system': 'scaffold'}, {'coord_system': 'scaffold', 'name': 'AANG04000562.1', 'length': 10757}, {'length': 9572, 'name': 'AANG04000563.1', 'coord_system': 'scaffold'}, {'coord_system': 'scaffold', 'length': 9987, 'name': 'AANG04000564.1'}, {'coord_system': 'scaffold', 'length': 7936, 'name': 'AANG04000565.1'}, {'coord_system': 'scaffold', 'length': 11987, 'name': 'AANG04000566.1'}, {'coord_system': 'scaffold', 'name': 'AANG04000567.1', 'length': 8988}, {'coord_system': 'scaffold', 'name': 'AANG04000568.1', 'length': 24958}, {'name': 'AANG04000569.1', 'length': 7985, 'coord_system': 'scaffold'}, {'coord_system': 'scaffold', 'name': 'AANG04000570.1', 'length': 8988}, {'name': 'AANG04000571.1', 'length': 5988, 'coord_system': 'scaffold'}, {'coord_system': 'scaffold', 'name': 'AANG04000572.1', 'length': 13988}, {'coord_system': 'scaffold', 'name': 'AANG04000573.1', 'length': 2985}, {'length': 28989, 'name': 'AANG04000574.1', 'coord_system': 'scaffold'}, {'coord_system': 'scaffold', 'length': 7983, 'name': 'AANG04000575.1'}, {'coord_system': 'scaffold', 'length': 4984, 'name': 'AANG04000576.1'}, {'coord_system': 'scaffold', 'name': 'AANG04000577.1', 'length': 11762}, {'coord_system': 'scaffold', 'name': 'AANG04000578.1', 'length': 9988}, {'coord_system': 'scaffold', 'name': 'AANG04000579.1', 'length': 23343}, {'name': 'AANG04000580.1', 'length': 9986, 'coord_system': 'scaffold'}, {'coord_system': 'scaffold', 'name': 'AANG04000581.1', 'length': 15707}, {'coord_system': 'scaffold', 'length': 4174, 'name': 'AANG04000582.1'}, {'length': 14213, 'name': 'AANG04000583.1', 'coord_system': 'scaffold'}, {'coord_system': 'scaffold', 'length': 7182, 'name': 'AANG04000584.1'}, {'coord_system': 'scaffold', 'length': 14983, 'name': 'AANG04000585.1'}, {'coord_system': 'scaffold', 'name': 'AANG04000586.1', 'length': 7984}, {'coord_system': 'scaffold', 'length': 6917, 'name': 'AANG04000587.1'}, {'coord_system': 'scaffold', 'name': 'AANG04000588.1', 'length': 7988}, {'name': 'AANG04000589.1', 'length': 5988, 'coord_system': 'scaffold'}, {'coord_system': 'scaffold', 'length': 13988, 'name': 'AANG04000590.1'}, {'length': 14170, 'name': 'AANG04000591.1', 'coord_system': 'scaffold'}, {'length': 8028, 'name': 'AANG04000592.1', 'coord_system': 'scaffold'}, {'length': 30098, 'name': 'AANG04000593.1', 'coord_system': 'scaffold'}, {'length': 14988, 'name': 'AANG04000594.1', 'coord_system': 'scaffold'}, {'length': 8986, 'name': 'AANG04000595.1', 'coord_system': 'scaffold'}, {'coord_system': 'scaffold', 'length': 4988, 'name': 'AANG04000596.1'}, {'coord_system': 'scaffold', 'length': 3988, 'name': 'AANG04000597.1'}, {'name': 'AANG04000598.1', 'length': 18986, 'coord_system': 'scaffold'}, {'coord_system': 'scaffold', 'name': 'AANG04000599.1', 'length': 3988}, {'coord_system': 'scaffold', 'length': 8989, 'name': 'AANG04000600.1'}, {'length': 6278, 'name': 'AANG04000601.1', 'coord_system': 'scaffold'}, {'name': 'AANG04000602.1', 'length': 6094, 'coord_system': 'scaffold'}, {'coord_system': 'scaffold', 'name': 'AANG04000603.1', 'length': 12167}, {'coord_system': 'scaffold', 'name': 'AANG04000604.1', 'length': 7754}, {'name': 'AANG04000605.1', 'length': 5988, 'coord_system': 'scaffold'}, {'length': 16976, 'name': 'AANG04000606.1', 'coord_system': 'scaffold'}, {'name': 'AANG04000607.1', 'length': 3988, 'coord_system': 'scaffold'}, {'name': 'AANG04000608.1', 'length': 4988, 'coord_system': 'scaffold'}, {'coord_system': 'scaffold', 'length': 8989, 'name': 'AANG04000609.1'}, {'name': 'AANG04000610.1', 'length': 6197, 'coord_system': 'scaffold'}, {'coord_system': 'scaffold', 'name': 'AANG04000611.1', 'length': 16454}, {'name': 'AANG04000612.1', 'length': 19224, 'coord_system': 'scaffold'}, {'name': 'AANG04000613.1', 'length': 26092, 'coord_system': 'scaffold'}, {'name': 'AANG04000614.1', 'length': 11683, 'coord_system': 'scaffold'}, {'coord_system': 'scaffold', 'name': 'AANG04000615.1', 'length': 7601}, {'name': 'AANG04000616.1', 'length': 13480, 'coord_system': 'scaffold'}, {'length': 20012, 'name': 'AANG04000617.1', 'coord_system': 'scaffold'}, {'name': 'AANG04000618.1', 'length': 2988, 'coord_system': 'scaffold'}, {'coord_system': 'scaffold', 'length': 11344, 'name': 'AANG04000619.1'}, {'length': 12085, 'name': 'AANG04000620.1', 'coord_system': 'scaffold'}, {'coord_system': 'scaffold', 'name': 'AANG04000621.1', 'length': 15788}, {'length': 5988, 'name': 'AANG04000622.1', 'coord_system': 'scaffold'}, {'coord_system': 'scaffold', 'length': 5988, 'name': 'AANG04000623.1'}, {'coord_system': 'scaffold', 'length': 29989, 'name': 'AANG04000624.1'}, {'length': 5989, 'name': 'AANG04000625.1', 'coord_system': 'scaffold'}, {'length': 5192, 'name': 'AANG04000626.1', 'coord_system': 'scaffold'}, {'coord_system': 'scaffold', 'length': 4229, 'name': 'AANG04000627.1'}, {'coord_system': 'scaffold', 'length': 20276, 'name': 'AANG04000628.1'}, {'length': 4988, 'name': 'AANG04000629.1', 'coord_system': 'scaffold'}, {'length': 9277, 'name': 'AANG04000630.1', 'coord_system': 'scaffold'}, {'name': 'AANG04000631.1', 'length': 8166, 'coord_system': 'scaffold'}, {'coord_system': 'scaffold', 'length': 12196, 'name': 'AANG04000632.1'}, {'name': 'AANG04000633.1', 'length': 46965, 'coord_system': 'scaffold'}, {'coord_system': 'scaffold', 'name': 'AANG04000634.1', 'length': 7980}, {'coord_system': 'scaffold', 'length': 17988, 'name': 'AANG04000635.1'}, {'length': 12987, 'name': 'AANG04000636.1', 'coord_system': 'scaffold'}, {'coord_system': 'scaffold', 'length': 38006, 'name': 'AANG04000637.1'}, {'coord_system': 'scaffold', 'length': 14989, 'name': 'AANG04000638.1'}, {'coord_system': 'scaffold', 'length': 11424, 'name': 'AANG04000640.1'}, {'length': 10987, 'name': 'AANG04000641.1', 'coord_system': 'scaffold'}, {'coord_system': 'scaffold', 'name': 'AANG04000642.1', 'length': 12987}, {'length': 3989, 'name': 'AANG04000643.1', 'coord_system': 'scaffold'}, {'coord_system': 'scaffold', 'length': 14612, 'name': 'AANG04000644.1'}, {'name': 'AANG04000645.1', 'length': 14978, 'coord_system': 'scaffold'}, {'coord_system': 'scaffold', 'name': 'AANG04000646.1', 'length': 12987}, {'coord_system': 'scaffold', 'length': 16987, 'name': 'AANG04000647.1'}, {'name': 'AANG04000648.1', 'length': 31229, 'coord_system': 'scaffold'}, {'name': 'AANG04000649.1', 'length': 19465, 'coord_system': 'scaffold'}, {'coord_system': 'scaffold', 'name': 'AANG04000650.1', 'length': 11361}, {'coord_system': 'scaffold', 'name': 'AANG04000651.1', 'length': 12767}, {'coord_system': 'scaffold', 'name': 'AANG04000652.1', 'length': 14981}, {'coord_system': 'scaffold', 'length': 6245, 'name': 'AANG04000653.1'}, {'length': 8987, 'name': 'AANG04000654.1', 'coord_system': 'scaffold'}, {'length': 41631, 'name': 'AANG04000655.1', 'coord_system': 'scaffold'}, {'coord_system': 'scaffold', 'name': 'AANG04000656.1', 'length': 5988}, {'coord_system': 'scaffold', 'name': 'AANG04000657.1', 'length': 11811}, {'coord_system': 'scaffold', 'length': 59942, 'name': 'AANG04000658.1'}, {'coord_system': 'scaffold', 'name': 'AANG04000659.1', 'length': 7125}, {'length': 20942, 'name': 'AANG04000660.1', 'coord_system': 'scaffold'}, {'coord_system': 'scaffold', 'length': 11515, 'name': 'AANG04000661.1'}, {'coord_system': 'scaffold', 'length': 14295, 'name': 'AANG04000662.1'}, {'length': 6602, 'name': 'AANG04000663.1', 'coord_system': 'scaffold'}, {'length': 29976, 'name': 'AANG04000664.1', 'coord_system': 'scaffold'}, {'name': 'AANG04000665.1', 'length': 6986, 'coord_system': 'scaffold'}, {'name': 'AANG04000666.1', 'length': 11988, 'coord_system': 'scaffold'}, {'name': 'AANG04000667.1', 'length': 6987, 'coord_system': 'scaffold'}, {'name': 'AANG04000668.1', 'length': 14982, 'coord_system': 'scaffold'}, {'name': 'AANG04000669.1', 'length': 5988, 'coord_system': 'scaffold'}, {'coord_system': 'scaffold', 'length': 5115, 'name': 'AANG04000670.1'}, {'length': 13981, 'name': 'AANG04000671.1', 'coord_system': 'scaffold'}, {'coord_system': 'scaffold', 'name': 'AANG04000672.1', 'length': 14425}, {'coord_system': 'scaffold', 'name': 'AANG04000673.1', 'length': 5472}, {'coord_system': 'scaffold', 'name': 'AANG04000674.1', 'length': 5150}, {'length': 6988, 'name': 'AANG04000675.1', 'coord_system': 'scaffold'}, {'coord_system': 'scaffold', 'name': 'AANG04000676.1', 'length': 7160}, {'coord_system': 'scaffold', 'length': 6988, 'name': 'AANG04000677.1'}, {'coord_system': 'scaffold', 'length': 6396, 'name': 'AANG04000678.1'}, {'coord_system': 'scaffold', 'name': 'AANG04000679.1', 'length': 21080}, {'coord_system': 'scaffold', 'name': 'AANG04000680.1', 'length': 18122}, {'coord_system': 'scaffold', 'length': 1969, 'name': 'AANG04000681.1'}, {'length': 12983, 'name': 'AANG04000682.1', 'coord_system': 'scaffold'}, {'coord_system': 'scaffold', 'length': 3986, 'name': 'AANG04000683.1'}, {'coord_system': 'scaffold', 'name': 'AANG04000684.1', 'length': 5182}, {'coord_system': 'scaffold', 'length': 8977, 'name': 'AANG04000685.1'}, {'coord_system': 'scaffold', 'name': 'AANG04000686.1', 'length': 10987}, {'name': 'AANG04000687.1', 'length': 6185, 'coord_system': 'scaffold'}, {'length': 8988, 'name': 'AANG04000688.1', 'coord_system': 'scaffold'}, {'coord_system': 'scaffold', 'name': 'AANG04000689.1', 'length': 38010}, {'coord_system': 'scaffold', 'name': 'AANG04000691.1', 'length': 6985}, {'length': 7057, 'name': 'AANG04000692.1', 'coord_system': 'scaffold'}, {'name': 'AANG04000693.1', 'length': 7984, 'coord_system': 'scaffold'}, {'length': 5988, 'name': 'AANG04000694.1', 'coord_system': 'scaffold'}, {'coord_system': 'scaffold', 'name': 'AANG04000695.1', 'length': 3984}, {'coord_system': 'scaffold', 'name': 'AANG04000696.1', 'length': 15134}, {'name': 'AANG04000697.1', 'length': 14233, 'coord_system': 'scaffold'}, {'name': 'AANG04000698.1', 'length': 15987, 'coord_system': 'scaffold'}, {'coord_system': 'scaffold', 'length': 5205, 'name': 'AANG04000699.1'}, {'coord_system': 'scaffold', 'length': 12419, 'name': 'AANG04000700.1'}, {'length': 6988, 'name': 'AANG04000701.1', 'coord_system': 'scaffold'}, {'length': 11068, 'name': 'AANG04000702.1', 'coord_system': 'scaffold'}, {'coord_system': 'scaffold', 'length': 31518, 'name': 'AANG04000703.1'}, {'length': 4988, 'name': 'AANG04000704.1', 'coord_system': 'scaffold'}, {'coord_system': 'scaffold', 'length': 40063, 'name': 'AANG04000705.1'}, {'coord_system': 'scaffold', 'length': 6987, 'name': 'AANG04000706.1'}, {'coord_system': 'scaffold', 'length': 13723, 'name': 'AANG04000707.1'}, {'length': 3988, 'name': 'AANG04000708.1', 'coord_system': 'scaffold'}, {'length': 12981, 'name': 'AANG04000709.1', 'coord_system': 'scaffold'}, {'length': 4988, 'name': 'AANG04000710.1', 'coord_system': 'scaffold'}, {'coord_system': 'scaffold', 'length': 8987, 'name': 'AANG04000711.1'}, {'coord_system': 'scaffold', 'length': 25475, 'name': 'AANG04000712.1'}, {'length': 9985, 'name': 'AANG04000713.1', 'coord_system': 'scaffold'}, {'name': 'AANG04000714.1', 'length': 9335, 'coord_system': 'scaffold'}, {'coord_system': 'scaffold', 'name': 'AANG04000715.1', 'length': 11987}, {'length': 14983, 'name': 'AANG04000716.1', 'coord_system': 'scaffold'}, {'name': 'AANG04000717.1', 'length': 10986, 'coord_system': 'scaffold'}, {'name': 'AANG04000718.1', 'length': 19431, 'coord_system': 'scaffold'}, {'length': 6983, 'name': 'AANG04000719.1', 'coord_system': 'scaffold'}, {'length': 11916, 'name': 'AANG04000720.1', 'coord_system': 'scaffold'}, {'name': 'AANG04000721.1', 'length': 13987, 'coord_system': 'scaffold'}, {'coord_system': 'scaffold', 'name': 'AANG04000722.1', 'length': 8585}, {'coord_system': 'scaffold', 'length': 10988, 'name': 'AANG04000723.1'}, {'length': 8981, 'name': 'AANG04000724.1', 'coord_system': 'scaffold'}, {'name': 'AANG04000725.1', 'length': 7989, 'coord_system': 'scaffold'}, {'coord_system': 'scaffold', 'length': 11131, 'name': 'AANG04000726.1'}, {'coord_system': 'scaffold', 'length': 4988, 'name': 'AANG04000727.1'}, {'length': 6987, 'name': 'AANG04000728.1', 'coord_system': 'scaffold'}, {'length': 8988, 'name': 'AANG04000729.1', 'coord_system': 'scaffold'}, {'coord_system': 'scaffold', 'length': 13939, 'name': 'AANG04000730.1'}, {'name': 'AANG04000731.1', 'length': 9088, 'coord_system': 'scaffold'}, {'name': 'AANG04000732.1', 'length': 3730, 'coord_system': 'scaffold'}, {'name': 'AANG04000733.1', 'length': 2987, 'coord_system': 'scaffold'}, {'length': 6324, 'name': 'AANG04000734.1', 'coord_system': 'scaffold'}, {'length': 15880, 'name': 'AANG04000735.1', 'coord_system': 'scaffold'}, {'name': 'AANG04000736.1', 'length': 10012, 'coord_system': 'scaffold'}, {'length': 17802, 'name': 'AANG04000737.1', 'coord_system': 'scaffold'}, {'length': 3988, 'name': 'AANG04000738.1', 'coord_system': 'scaffold'}, {'length': 5980, 'name': 'AANG04000739.1', 'coord_system': 'scaffold'}, {'length': 3988, 'name': 'AANG04000741.1', 'coord_system': 'scaffold'}, {'name': 'AANG04000742.1', 'length': 2987, 'coord_system': 'scaffold'}, {'length': 7988, 'name': 'AANG04000743.1', 'coord_system': 'scaffold'}, {'coord_system': 'scaffold', 'length': 7162, 'name': 'AANG04000744.1'}, {'coord_system': 'scaffold', 'length': 6988, 'name': 'AANG04000745.1'}, {'coord_system': 'scaffold', 'name': 'AANG04000746.1', 'length': 4953}, {'coord_system': 'scaffold', 'name': 'AANG04000748.1', 'length': 4877}, {'length': 28631, 'name': 'AANG04000749.1', 'coord_system': 'scaffold'}, {'coord_system': 'scaffold', 'length': 19042, 'name': 'AANG04000750.1'}, {'coord_system': 'scaffold', 'length': 8988, 'name': 'AANG04000751.1'}, {'coord_system': 'scaffold', 'length': 22819, 'name': 'AANG04000752.1'}, {'length': 10819, 'name': 'AANG04000753.1', 'coord_system': 'scaffold'}, {'coord_system': 'scaffold', 'name': 'AANG04000755.1', 'length': 25020}, {'coord_system': 'scaffold', 'length': 55985, 'name': 'AANG04000756.1'}, {'coord_system': 'scaffold', 'length': 9987, 'name': 'AANG04000757.1'}, {'name': 'AANG04000758.1', 'length': 6985, 'coord_system': 'scaffold'}, {'length': 9151, 'name': 'AANG04000759.1', 'coord_system': 'scaffold'}, {'coord_system': 'scaffold', 'name': 'AANG04000760.1', 'length': 86562}, {'coord_system': 'scaffold', 'name': 'AANG04000761.1', 'length': 13987}, {'coord_system': 'scaffold', 'length': 14624, 'name': 'AANG04000762.1'}, {'coord_system': 'scaffold', 'name': 'AANG04000763.1', 'length': 14594}, {'name': 'AANG04000764.1', 'length': 8988, 'coord_system': 'scaffold'}, {'coord_system': 'scaffold', 'length': 5031, 'name': 'AANG04000765.1'}, {'coord_system': 'scaffold', 'length': 24484, 'name': 'AANG04000766.1'}, {'coord_system': 'scaffold', 'length': 47267, 'name': 'AANG04000767.1'}, {'length': 4987, 'name': 'AANG04000768.1', 'coord_system': 'scaffold'}, {'length': 18956, 'name': 'AANG04000769.1', 'coord_system': 'scaffold'}, {'name': 'AANG04000770.1', 'length': 11988, 'coord_system': 'scaffold'}, {'coord_system': 'scaffold', 'name': 'AANG04000771.1', 'length': 5987}, {'length': 6996, 'name': 'AANG04000772.1', 'coord_system': 'scaffold'}, {'length': 14989, 'name': 'AANG04000773.1', 'coord_system': 'scaffold'}, {'name': 'AANG04000774.1', 'length': 10989, 'coord_system': 'scaffold'}, {'name': 'AANG04000775.1', 'length': 2988, 'coord_system': 'scaffold'}, {'coord_system': 'scaffold', 'name': 'AANG04000776.1', 'length': 62652}, {'coord_system': 'scaffold', 'name': 'AANG04000777.1', 'length': 20960}, {'name': 'AANG04000780.1', 'length': 10176, 'coord_system': 'scaffold'}, {'coord_system': 'scaffold', 'name': 'AANG04000781.1', 'length': 3988}, {'coord_system': 'scaffold', 'name': 'AANG04000782.1', 'length': 12981}, {'coord_system': 'scaffold', 'name': 'AANG04000783.1', 'length': 11989}, {'coord_system': 'scaffold', 'name': 'AANG04000784.1', 'length': 24964}, {'length': 16554, 'name': 'AANG04000785.1', 'coord_system': 'scaffold'}, {'coord_system': 'scaffold', 'name': 'AANG04000786.1', 'length': 7984}, {'name': 'AANG04000787.1', 'length': 5989, 'coord_system': 'scaffold'}, {'coord_system': 'scaffold', 'name': 'AANG04000788.1', 'length': 13110}, {'coord_system': 'scaffold', 'length': 15092, 'name': 'AANG04000789.1'}, {'length': 8022, 'name': 'AANG04000790.1', 'coord_system': 'scaffold'}, {'coord_system': 'scaffold', 'length': 52035, 'name': 'AANG04000791.1'}, {'length': 14860, 'name': 'AANG04000792.1', 'coord_system': 'scaffold'}, {'name': 'AANG04000793.1', 'length': 10259, 'coord_system': 'scaffold'}, {'name': 'AANG04000794.1', 'length': 5164, 'coord_system': 'scaffold'}, {'coord_system': 'scaffold', 'length': 6986, 'name': 'AANG04000795.1'}, {'coord_system': 'scaffold', 'length': 9978, 'name': 'AANG04000796.1'}, {'name': 'AANG04000797.1', 'length': 11181, 'coord_system': 'scaffold'}, {'length': 8322, 'name': 'AANG04000798.1', 'coord_system': 'scaffold'}, {'name': 'AANG04000799.1', 'length': 11989, 'coord_system': 'scaffold'}, {'name': 'AANG04000800.1', 'length': 4164, 'coord_system': 'scaffold'}, {'coord_system': 'scaffold', 'name': 'AANG04000801.1', 'length': 17990}, {'coord_system': 'scaffold', 'name': 'AANG04000802.1', 'length': 7988}, {'length': 2909, 'name': 'AANG04000803.1', 'coord_system': 'scaffold'}, {'coord_system': 'scaffold', 'name': 'AANG04000804.1', 'length': 11094}, {'name': 'AANG04000805.1', 'length': 5989, 'coord_system': 'scaffold'}, {'length': 22521, 'name': 'AANG04000806.1', 'coord_system': 'scaffold'}, {'coord_system': 'scaffold', 'length': 4988, 'name': 'AANG04000807.1'}, {'name': 'AANG04000808.1', 'length': 16868, 'coord_system': 'scaffold'}, {'length': 4310, 'name': 'AANG04000809.1', 'coord_system': 'scaffold'}, {'coord_system': 'scaffold', 'name': 'AANG04000810.1', 'length': 5037}, {'coord_system': 'scaffold', 'name': 'AANG04000811.1', 'length': 6990}, {'coord_system': 'scaffold', 'name': 'AANG04000812.1', 'length': 21493}, {'coord_system': 'scaffold', 'length': 21318, 'name': 'AANG04000813.1'}, {'coord_system': 'scaffold', 'length': 2987, 'name': 'AANG04000814.1'}, {'coord_system': 'scaffold', 'name': 'AANG04000815.1', 'length': 3059}, {'coord_system': 'scaffold', 'length': 3987, 'name': 'AANG04000816.1'}, {'coord_system': 'scaffold', 'name': 'AANG04000817.1', 'length': 36712}, {'coord_system': 'scaffold', 'name': 'AANG04000818.1', 'length': 13020}, {'name': 'AANG04000819.1', 'length': 4030, 'coord_system': 'scaffold'}, {'name': 'AANG04000820.1', 'length': 9973, 'coord_system': 'scaffold'}, {'name': 'AANG04000821.1', 'length': 10988, 'coord_system': 'scaffold'}, {'coord_system': 'scaffold', 'length': 3988, 'name': 'AANG04000822.1'}, {'name': 'AANG04000823.1', 'length': 20205, 'coord_system': 'scaffold'}, {'name': 'AANG04000824.1', 'length': 6989, 'coord_system': 'scaffold'}, {'coord_system': 'scaffold', 'length': 14266, 'name': 'AANG04000825.1'}, {'name': 'AANG04000827.1', 'length': 5815, 'coord_system': 'scaffold'}, {'length': 13838, 'name': 'AANG04000828.1', 'coord_system': 'scaffold'}, {'coord_system': 'scaffold', 'name': 'AANG04000829.1', 'length': 5987}, {'length': 13987, 'name': 'AANG04000830.1', 'coord_system': 'scaffold'}, {'name': 'AANG04000831.1', 'length': 9679, 'coord_system': 'scaffold'}, {'length': 13006, 'name': 'AANG04000832.1', 'coord_system': 'scaffold'}, {'coord_system': 'scaffold', 'name': 'AANG04000833.1', 'length': 8988}, {'length': 41842, 'name': 'AANG04000834.1', 'coord_system': 'scaffold'}, {'name': 'AANG04000835.1', 'length': 11939, 'coord_system': 'scaffold'}, {'coord_system': 'scaffold', 'length': 14613, 'name': 'AANG04000836.1'}, {'length': 16996, 'name': 'AANG04000837.1', 'coord_system': 'scaffold'}, {'name': 'AANG04000838.1', 'length': 11203, 'coord_system': 'scaffold'}, {'coord_system': 'scaffold', 'length': 9127, 'name': 'AANG04000839.1'}, {'coord_system': 'scaffold', 'length': 6712, 'name': 'AANG04000840.1'}, {'coord_system': 'scaffold', 'length': 12984, 'name': 'AANG04000841.1'}, {'name': 'AANG04000842.1', 'length': 8988, 'coord_system': 'scaffold'}, {'length': 14987, 'name': 'AANG04000843.1', 'coord_system': 'scaffold'}, {'length': 5414, 'name': 'AANG04000845.1', 'coord_system': 'scaffold'}, {'name': 'AANG04000846.1', 'length': 4771, 'coord_system': 'scaffold'}, {'length': 13987, 'name': 'AANG04000847.1', 'coord_system': 'scaffold'}, {'coord_system': 'scaffold', 'name': 'AANG04000848.1', 'length': 13191}, {'length': 10983, 'name': 'AANG04000849.1', 'coord_system': 'scaffold'}, {'name': 'AANG04000850.1', 'length': 12283, 'coord_system': 'scaffold'}, {'coord_system': 'scaffold', 'name': 'AANG04000852.1', 'length': 13278}, {'name': 'AANG04000853.1', 'length': 10182, 'coord_system': 'scaffold'}, {'length': 10919, 'name': 'AANG04000854.1', 'coord_system': 'scaffold'}, {'coord_system': 'scaffold', 'length': 6988, 'name': 'AANG04000855.1'}, {'length': 21043, 'name': 'AANG04000856.1', 'coord_system': 'scaffold'}, {'name': 'AANG04000857.1', 'length': 8204, 'coord_system': 'scaffold'}, {'coord_system': 'scaffold', 'name': 'AANG04000858.1', 'length': 9039}, {'length': 14192, 'name': 'AANG04000859.1', 'coord_system': 'scaffold'}, {'name': 'AANG04000860.1', 'length': 14003, 'coord_system': 'scaffold'}, {'length': 14086, 'name': 'AANG04000861.1', 'coord_system': 'scaffold'}, {'length': 12678, 'name': 'AANG04000862.1', 'coord_system': 'scaffold'}, {'coord_system': 'scaffold', 'name': 'AANG04000863.1', 'length': 16039}, {'name': 'AANG04000864.1', 'length': 10327, 'coord_system': 'scaffold'}, {'coord_system': 'scaffold', 'name': 'AANG04000865.1', 'length': 13029}, {'coord_system': 'scaffold', 'name': 'AANG04000866.1', 'length': 3988}, {'name': 'AANG04000867.1', 'length': 5989, 'coord_system': 'scaffold'}, {'length': 7945, 'name': 'AANG04000868.1', 'coord_system': 'scaffold'}, {'coord_system': 'scaffold', 'length': 9188, 'name': 'AANG04000869.1'}, {'name': 'AANG04000870.1', 'length': 8984, 'coord_system': 'scaffold'}, {'length': 16614, 'name': 'AANG04000871.1', 'coord_system': 'scaffold'}, {'coord_system': 'scaffold', 'name': 'AANG04000872.1', 'length': 27563}, {'length': 7988, 'name': 'AANG04000873.1', 'coord_system': 'scaffold'}, {'name': 'AANG04000874.1', 'length': 8982, 'coord_system': 'scaffold'}, {'coord_system': 'scaffold', 'name': 'AANG04000876.1', 'length': 11863}, {'coord_system': 'scaffold', 'length': 3986, 'name': 'AANG04000877.1'}, {'name': 'AANG04000878.1', 'length': 3988, 'coord_system': 'scaffold'}, {'length': 6474, 'name': 'AANG04000880.1', 'coord_system': 'scaffold'}, {'coord_system': 'scaffold', 'length': 10050, 'name': 'AANG04000881.1'}, {'coord_system': 'scaffold', 'name': 'AANG04000882.1', 'length': 11130}, {'length': 3988, 'name': 'AANG04000883.1', 'coord_system': 'scaffold'}, {'length': 17161, 'name': 'AANG04000884.1', 'coord_system': 'scaffold'}, {'coord_system': 'scaffold', 'length': 7025, 'name': 'AANG04000885.1'}, {'coord_system': 'scaffold', 'length': 6987, 'name': 'AANG04000886.1'}, {'coord_system': 'scaffold', 'name': 'AANG04000887.1', 'length': 16050}, {'length': 14165, 'name': 'AANG04000888.1', 'coord_system': 'scaffold'}, {'length': 43012, 'name': 'AANG04000889.1', 'coord_system': 'scaffold'}, {'name': 'AANG04000890.1', 'length': 4986, 'coord_system': 'scaffold'}, {'length': 8987, 'name': 'AANG04000891.1', 'coord_system': 'scaffold'}, {'coord_system': 'scaffold', 'name': 'AANG04000892.1', 'length': 4992}, {'coord_system': 'scaffold', 'name': 'AANG04000893.1', 'length': 3988}, {'name': 'AANG04000894.1', 'length': 8167, 'coord_system': 'scaffold'}, {'coord_system': 'scaffold', 'length': 15224, 'name': 'AANG04000895.1'}, {'name': 'AANG04000896.1', 'length': 14988, 'coord_system': 'scaffold'}, {'name': 'AANG04000897.1', 'length': 5988, 'coord_system': 'scaffold'}, {'length': 40199, 'name': 'AANG04000898.1', 'coord_system': 'scaffold'}, {'coord_system': 'scaffold', 'name': 'AANG04000899.1', 'length': 60170}, {'coord_system': 'scaffold', 'name': 'AANG04000900.1', 'length': 6723}, {'length': 5152, 'name': 'AANG04000901.1', 'coord_system': 'scaffold'}, {'coord_system': 'scaffold', 'name': 'AANG04000902.1', 'length': 9450}, {'coord_system': 'scaffold', 'length': 9989, 'name': 'AANG04000903.1'}, {'name': 'AANG04000904.1', 'length': 7988, 'coord_system': 'scaffold'}, {'coord_system': 'scaffold', 'name': 'AANG04000905.1', 'length': 16983}, {'length': 4988, 'name': 'AANG04000906.1', 'coord_system': 'scaffold'}, {'name': 'AANG04000907.1', 'length': 8201, 'coord_system': 'scaffold'}, {'coord_system': 'scaffold', 'name': 'AANG04000908.1', 'length': 12547}, {'coord_system': 'scaffold', 'length': 3988, 'name': 'AANG04000910.1'}, {'length': 6989, 'name': 'AANG04000911.1', 'coord_system': 'scaffold'}, {'length': 8814, 'name': 'AANG04000912.1', 'coord_system': 'scaffold'}, {'coord_system': 'scaffold', 'name': 'AANG04000913.1', 'length': 4988}, {'coord_system': 'scaffold', 'length': 9095, 'name': 'AANG04000914.1'}, {'length': 11728, 'name': 'AANG04000915.1', 'coord_system': 'scaffold'}, {'coord_system': 'scaffold', 'length': 13986, 'name': 'AANG04000916.1'}, {'coord_system': 'scaffold', 'name': 'AANG04000917.1', 'length': 17138}, {'coord_system': 'scaffold', 'length': 3988, 'name': 'AANG04000918.1'}, {'coord_system': 'scaffold', 'length': 4988, 'name': 'AANG04000919.1'}, {'coord_system': 'scaffold', 'length': 9089, 'name': 'AANG04000920.1'}, {'coord_system': 'scaffold', 'length': 55853, 'name': 'AANG04000921.1'}, {'coord_system': 'scaffold', 'length': 8986, 'name': 'AANG04000922.1'}, {'coord_system': 'scaffold', 'length': 25300, 'name': 'AANG04000924.1'}, {'coord_system': 'scaffold', 'length': 16522, 'name': 'AANG04000925.1'}, {'coord_system': 'scaffold', 'name': 'AANG04000926.1', 'length': 8987}, {'coord_system': 'scaffold', 'length': 7987, 'name': 'AANG04000927.1'}, {'coord_system': 'scaffold', 'length': 13010, 'name': 'AANG04000929.1'}, {'coord_system': 'scaffold', 'name': 'AANG04000930.1', 'length': 15759}, {'coord_system': 'scaffold', 'length': 14766, 'name': 'AANG04000931.1'}, {'coord_system': 'scaffold', 'name': 'AANG04000932.1', 'length': 7987}, {'coord_system': 'scaffold', 'length': 9285, 'name': 'AANG04000933.1'}, {'coord_system': 'scaffold', 'length': 11988, 'name': 'AANG04000934.1'}, {'coord_system': 'scaffold', 'length': 36407, 'name': 'AANG04000935.1'}, {'name': 'AANG04000936.1', 'length': 13855, 'coord_system': 'scaffold'}, {'length': 5993, 'name': 'AANG04000937.1', 'coord_system': 'scaffold'}, {'length': 9989, 'name': 'AANG04000938.1', 'coord_system': 'scaffold'}, {'name': 'AANG04000939.1', 'length': 4833, 'coord_system': 'scaffold'}, {'coord_system': 'scaffold', 'length': 4985, 'name': 'AANG04000940.1'}, {'name': 'AANG04000941.1', 'length': 6988, 'coord_system': 'scaffold'}, {'length': 12989, 'name': 'AANG04000943.1', 'coord_system': 'scaffold'}, {'name': 'AANG04000944.1', 'length': 11856, 'coord_system': 'scaffold'}, {'coord_system': 'scaffold', 'length': 8467, 'name': 'AANG04000945.1'}, {'name': 'AANG04000946.1', 'length': 7988, 'coord_system': 'scaffold'}, {'coord_system': 'scaffold', 'name': 'AANG04000947.1', 'length': 8984}, {'name': 'AANG04000948.1', 'length': 11871, 'coord_system': 'scaffold'}, {'coord_system': 'scaffold', 'length': 14041, 'name': 'AANG04000949.1'}, {'coord_system': 'scaffold', 'length': 7152, 'name': 'AANG04000950.1'}, {'length': 14022, 'name': 'AANG04000951.1', 'coord_system': 'scaffold'}, {'name': 'AANG04000952.1', 'length': 18017, 'coord_system': 'scaffold'}, {'length': 11283, 'name': 'AANG04000953.1', 'coord_system': 'scaffold'}, {'coord_system': 'scaffold', 'length': 13046, 'name': 'AANG04000954.1'}, {'coord_system': 'scaffold', 'name': 'AANG04000955.1', 'length': 7988}, {'coord_system': 'scaffold', 'name': 'AANG04000956.1', 'length': 10059}, {'coord_system': 'scaffold', 'length': 13501, 'name': 'AANG04000957.1'}, {'length': 7762, 'name': 'AANG04000958.1', 'coord_system': 'scaffold'}, {'name': 'AANG04000959.1', 'length': 25000, 'coord_system': 'scaffold'}, {'length': 11887, 'name': 'AANG04000960.1', 'coord_system': 'scaffold'}, {'coord_system': 'scaffold', 'name': 'AANG04000961.1', 'length': 12243}, {'coord_system': 'scaffold', 'name': 'AANG04000962.1', 'length': 5988}, {'coord_system': 'scaffold', 'length': 11797, 'name': 'AANG04000963.1'}, {'coord_system': 'scaffold', 'name': 'AANG04000964.1', 'length': 15631}, {'name': 'AANG04000965.1', 'length': 13588, 'coord_system': 'scaffold'}, {'length': 8670, 'name': 'AANG04000966.1', 'coord_system': 'scaffold'}, {'length': 9992, 'name': 'AANG04000967.1', 'coord_system': 'scaffold'}, {'name': 'AANG04000968.1', 'length': 12988, 'coord_system': 'scaffold'}, {'name': 'AANG04000969.1', 'length': 46394, 'coord_system': 'scaffold'}, {'coord_system': 'scaffold', 'name': 'AANG04000970.1', 'length': 58872}, {'coord_system': 'scaffold', 'length': 6988, 'name': 'AANG04000971.1'}, {'name': 'AANG04000972.1', 'length': 7986, 'coord_system': 'scaffold'}, {'coord_system': 'scaffold', 'length': 5987, 'name': 'AANG04000973.1'}, {'name': 'AANG04000974.1', 'length': 9186, 'coord_system': 'scaffold'}, {'name': 'AANG04000975.1', 'length': 10244, 'coord_system': 'scaffold'}, {'coord_system': 'scaffold', 'name': 'AANG04000976.1', 'length': 5184}, {'coord_system': 'scaffold', 'name': 'AANG04000977.1', 'length': 8988}, {'coord_system': 'scaffold', 'length': 9989, 'name': 'AANG04000978.1'}, {'coord_system': 'scaffold', 'name': 'AANG04000979.1', 'length': 11988}, {'coord_system': 'scaffold', 'name': 'AANG04000980.1', 'length': 30093}, {'name': 'AANG04000981.1', 'length': 6989, 'coord_system': 'scaffold'}, {'name': 'AANG04000982.1', 'length': 13792, 'coord_system': 'scaffold'}, {'coord_system': 'scaffold', 'name': 'AANG04000983.1', 'length': 97596}, {'coord_system': 'scaffold', 'name': 'AANG04000984.1', 'length': 6988}, {'coord_system': 'scaffold', 'name': 'AANG04000985.1', 'length': 7244}, {'name': 'AANG04000986.1', 'length': 3834, 'coord_system': 'scaffold'}, {'coord_system': 'scaffold', 'name': 'AANG04000987.1', 'length': 6988}, {'coord_system': 'scaffold', 'length': 8986, 'name': 'AANG04000988.1'}, {'coord_system': 'scaffold', 'name': 'AANG04000989.1', 'length': 14016}, {'length': 41625, 'name': 'AANG04000990.1', 'coord_system': 'scaffold'}, {'coord_system': 'scaffold', 'length': 8126, 'name': 'AANG04000991.1'}, {'coord_system': 'scaffold', 'name': 'AANG04000992.1', 'length': 13984}, {'name': 'AANG04000993.1', 'length': 8988, 'coord_system': 'scaffold'}, {'coord_system': 'scaffold', 'name': 'AANG04000994.1', 'length': 10987}, {'coord_system': 'scaffold', 'name': 'AANG04000995.1', 'length': 6526}, {'coord_system': 'scaffold', 'length': 100452, 'name': 'AANG04000996.1'}, {'coord_system': 'scaffold', 'length': 12012, 'name': 'AANG04000997.1'}, {'coord_system': 'scaffold', 'name': 'AANG04000999.1', 'length': 14503}, {'coord_system': 'scaffold', 'name': 'AANG04001000.1', 'length': 12989}, {'length': 28958, 'name': 'AANG04001001.1', 'coord_system': 'scaffold'}, {'length': 10982, 'name': 'AANG04001002.1', 'coord_system': 'scaffold'}, {'coord_system': 'scaffold', 'length': 13508, 'name': 'AANG04001003.1'}, {'name': 'AANG04001004.1', 'length': 6972, 'coord_system': 'scaffold'}, {'coord_system': 'scaffold', 'length': 9310, 'name': 'AANG04001005.1'}, {'name': 'AANG04001006.1', 'length': 4323, 'coord_system': 'scaffold'}, {'coord_system': 'scaffold', 'length': 31880, 'name': 'AANG04001007.1'}, {'coord_system': 'scaffold', 'length': 22964, 'name': 'AANG04001008.1'}, {'length': 8953, 'name': 'AANG04001009.1', 'coord_system': 'scaffold'}, {'name': 'AANG04001010.1', 'length': 11384, 'coord_system': 'scaffold'}, {'coord_system': 'scaffold', 'name': 'AANG04001011.1', 'length': 11973}, {'name': 'AANG04001012.1', 'length': 4987, 'coord_system': 'scaffold'}, {'length': 15081, 'name': 'AANG04001013.1', 'coord_system': 'scaffold'}, {'coord_system': 'scaffold', 'length': 9988, 'name': 'AANG04001015.1'}, {'length': 12208, 'name': 'AANG04001016.1', 'coord_system': 'scaffold'}, {'coord_system': 'scaffold', 'length': 4988, 'name': 'AANG04001017.1'}, {'length': 15713, 'name': 'AANG04001018.1', 'coord_system': 'scaffold'}, {'coord_system': 'scaffold', 'name': 'AANG04001019.1', 'length': 12367}, {'coord_system': 'scaffold', 'name': 'AANG04001020.1', 'length': 10036}, {'coord_system': 'scaffold', 'length': 21220, 'name': 'AANG04001021.1'}, {'coord_system': 'scaffold', 'length': 8988, 'name': 'AANG04001022.1'}, {'coord_system': 'scaffold', 'length': 7180, 'name': 'AANG04001023.1'}, {'coord_system': 'scaffold', 'name': 'AANG04001024.1', 'length': 8258}, {'length': 10190, 'name': 'AANG04001025.1', 'coord_system': 'scaffold'}, {'name': 'AANG04001026.1', 'length': 29011, 'coord_system': 'scaffold'}, {'length': 16928, 'name': 'AANG04001027.1', 'coord_system': 'scaffold'}, {'coord_system': 'scaffold', 'name': 'AANG04001028.1', 'length': 16138}, {'coord_system': 'scaffold', 'name': 'AANG04001029.1', 'length': 5986}, {'name': 'AANG04001030.1', 'length': 13203, 'coord_system': 'scaffold'}, {'length': 6987, 'name': 'AANG04001031.1', 'coord_system': 'scaffold'}, {'length': 15986, 'name': 'AANG04001032.1', 'coord_system': 'scaffold'}, {'coord_system': 'scaffold', 'length': 419391, 'name': 'KZ451882.1'}, {'length': 16988, 'name': 'AANG04001035.1', 'coord_system': 'scaffold'}, {'length': 7989, 'name': 'AANG04001036.1', 'coord_system': 'scaffold'}, {'coord_system': 'scaffold', 'name': 'AANG04001037.1', 'length': 15658}, {'coord_system': 'scaffold', 'length': 3988, 'name': 'AANG04001038.1'}, {'coord_system': 'scaffold', 'name': 'AANG04001039.1', 'length': 20060}, {'coord_system': 'scaffold', 'name': 'AANG04001040.1', 'length': 5888}, {'name': 'AANG04001041.1', 'length': 12168, 'coord_system': 'scaffold'}, {'length': 9532, 'name': 'AANG04001042.1', 'coord_system': 'scaffold'}, {'length': 10976, 'name': 'AANG04001044.1', 'coord_system': 'scaffold'}, {'coord_system': 'scaffold', 'length': 8163, 'name': 'AANG04001045.1'}, {'length': 5211, 'name': 'AANG04001046.1', 'coord_system': 'scaffold'}, {'coord_system': 'scaffold', 'name': 'AANG04001047.1', 'length': 2988}, {'coord_system': 'scaffold', 'name': 'AANG04001048.1', 'length': 51390}, {'coord_system': 'scaffold', 'name': 'AANG04001049.1', 'length': 2989}, {'name': 'AANG04001050.1', 'length': 13198, 'coord_system': 'scaffold'}, {'length': 2988, 'name': 'AANG04001051.1', 'coord_system': 'scaffold'}, {'name': 'AANG04001052.1', 'length': 5991, 'coord_system': 'scaffold'}, {'length': 27187, 'name': 'AANG04001053.1', 'coord_system': 'scaffold'}, {'coord_system': 'scaffold', 'length': 8102, 'name': 'AANG04001054.1'}, {'name': 'AANG04001056.1', 'length': 8454, 'coord_system': 'scaffold'}, {'name': 'AANG04001057.1', 'length': 9983, 'coord_system': 'scaffold'}, {'name': 'AANG04001058.1', 'length': 45149, 'coord_system': 'scaffold'}, {'coord_system': 'scaffold', 'name': 'AANG04001059.1', 'length': 12618}, {'name': 'AANG04001060.1', 'length': 14971, 'coord_system': 'scaffold'}, {'length': 9984, 'name': 'AANG04001061.1', 'coord_system': 'scaffold'}, {'coord_system': 'scaffold', 'length': 152338, 'name': 'AANG04001062.1'}, {'coord_system': 'scaffold', 'name': 'AANG04001063.1', 'length': 6986}, {'name': 'AANG04001064.1', 'length': 4714, 'coord_system': 'scaffold'}, {'coord_system': 'scaffold', 'length': 4988, 'name': 'AANG04001065.1'}, {'length': 10892, 'name': 'AANG04001066.1', 'coord_system': 'scaffold'}, {'length': 6636, 'name': 'AANG04001067.1', 'coord_system': 'scaffold'}, {'coord_system': 'scaffold', 'name': 'AANG04001068.1', 'length': 10622}, {'length': 12980, 'name': 'AANG04001069.1', 'coord_system': 'scaffold'}, {'coord_system': 'scaffold', 'length': 6989, 'name': 'AANG04001070.1'}, {'length': 10478, 'name': 'AANG04001071.1', 'coord_system': 'scaffold'}, {'length': 13119, 'name': 'AANG04001072.1', 'coord_system': 'scaffold'}, {'coord_system': 'scaffold', 'name': 'AANG04001073.1', 'length': 3989}, {'name': 'AANG04001074.1', 'length': 10983, 'coord_system': 'scaffold'}, {'name': 'AANG04001075.1', 'length': 4989, 'coord_system': 'scaffold'}, {'coord_system': 'scaffold', 'name': 'AANG04001076.1', 'length': 9991}, {'coord_system': 'scaffold', 'length': 11987, 'name': 'AANG04001077.1'}, {'name': 'AANG04001078.1', 'length': 7937, 'coord_system': 'scaffold'}, {'coord_system': 'scaffold', 'length': 2988, 'name': 'AANG04001079.1'}, {'coord_system': 'scaffold', 'length': 6984, 'name': 'AANG04001080.1'}, {'length': 11335, 'name': 'AANG04001081.1', 'coord_system': 'scaffold'}, {'coord_system': 'scaffold', 'length': 6988, 'name': 'AANG04001082.1'}, {'name': 'AANG04001083.1', 'length': 7988, 'coord_system': 'scaffold'}, {'name': 'AANG04001084.1', 'length': 3988, 'coord_system': 'scaffold'}, {'coord_system': 'scaffold', 'name': 'AANG04001085.1', 'length': 14850}, {'coord_system': 'scaffold', 'name': 'AANG04001086.1', 'length': 24991}, {'coord_system': 'scaffold', 'length': 7988, 'name': 'AANG04001087.1'}, {'coord_system': 'scaffold', 'length': 5988, 'name': 'AANG04001088.1'}, {'coord_system': 'scaffold', 'length': 13960, 'name': 'AANG04001089.1'}, {'coord_system': 'scaffold', 'length': 8212, 'name': 'AANG04001090.1'}, {'name': 'AANG04001091.1', 'length': 64581, 'coord_system': 'scaffold'}, {'name': 'AANG04001092.1', 'length': 8988, 'coord_system': 'scaffold'}, {'coord_system': 'scaffold', 'length': 6976, 'name': 'AANG04001093.1'}, {'length': 9988, 'name': 'AANG04001094.1', 'coord_system': 'scaffold'}, {'coord_system': 'scaffold', 'length': 33411, 'name': 'AANG04001095.1'}, {'length': 27372, 'name': 'AANG04001096.1', 'coord_system': 'scaffold'}, {'coord_system': 'scaffold', 'name': 'AANG04001097.1', 'length': 15660}, {'coord_system': 'scaffold', 'length': 3986, 'name': 'AANG04001098.1'}, {'coord_system': 'scaffold', 'length': 7234, 'name': 'AANG04001099.1'}, {'name': 'AANG04001100.1', 'length': 4945, 'coord_system': 'scaffold'}, {'length': 60077, 'name': 'AANG04001102.1', 'coord_system': 'scaffold'}, {'coord_system': 'scaffold', 'name': 'AANG04001103.1', 'length': 11989}, {'length': 42081, 'name': 'AANG04001104.1', 'coord_system': 'scaffold'}, {'coord_system': 'scaffold', 'name': 'AANG04001105.1', 'length': 3988}, {'coord_system': 'scaffold', 'name': 'AANG04001106.1', 'length': 11486}, {'coord_system': 'scaffold', 'length': 11191, 'name': 'AANG04001107.1'}, {'length': 38978, 'name': 'AANG04001108.1', 'coord_system': 'scaffold'}, {'coord_system': 'scaffold', 'name': 'AANG04001109.1', 'length': 4727}, {'length': 15902, 'name': 'AANG04001110.1', 'coord_system': 'scaffold'}, {'name': 'AANG04001111.1', 'length': 16185, 'coord_system': 'scaffold'}, {'coord_system': 'scaffold', 'name': 'AANG04001112.1', 'length': 9980}, {'length': 26578, 'name': 'AANG04001113.1', 'coord_system': 'scaffold'}, {'name': 'AANG04001114.1', 'length': 72632, 'coord_system': 'scaffold'}, {'coord_system': 'scaffold', 'length': 40344, 'name': 'AANG04001115.1'}, {'length': 17993, 'name': 'AANG04001116.1', 'coord_system': 'scaffold'}, {'coord_system': 'scaffold', 'name': 'AANG04001117.1', 'length': 3988}, {'coord_system': 'scaffold', 'name': 'AANG04001119.1', 'length': 9954}, {'coord_system': 'scaffold', 'name': 'AANG04001120.1', 'length': 10985}, {'coord_system': 'scaffold', 'name': 'AANG04001121.1', 'length': 10298}, {'length': 24707, 'name': 'AANG04001122.1', 'coord_system': 'scaffold'}, {'length': 21985, 'name': 'AANG04001123.1', 'coord_system': 'scaffold'}, {'length': 9991, 'name': 'AANG04001124.1', 'coord_system': 'scaffold'}, {'coord_system': 'scaffold', 'name': 'AANG04001125.1', 'length': 22866}, {'coord_system': 'scaffold', 'name': 'AANG04001126.1', 'length': 25961}, {'coord_system': 'scaffold', 'name': 'AANG04001127.1', 'length': 5987}, {'length': 5988, 'name': 'AANG04001128.1', 'coord_system': 'scaffold'}, {'name': 'AANG04001129.1', 'length': 11988, 'coord_system': 'scaffold'}, {'name': 'AANG04001130.1', 'length': 16756, 'coord_system': 'scaffold'}, {'name': 'AANG04001131.1', 'length': 40975, 'coord_system': 'scaffold'}, {'coord_system': 'scaffold', 'length': 14986, 'name': 'AANG04001132.1'}, {'name': 'AANG04001133.1', 'length': 8285, 'coord_system': 'scaffold'}, {'length': 15988, 'name': 'AANG04001134.1', 'coord_system': 'scaffold'}, {'coord_system': 'scaffold', 'name': 'AANG04001135.1', 'length': 6967}, {'coord_system': 'scaffold', 'length': 23935, 'name': 'AANG04001136.1'}, {'coord_system': 'scaffold', 'name': 'AANG04001137.1', 'length': 5343}, {'coord_system': 'scaffold', 'length': 12230, 'name': 'AANG04001138.1'}, {'name': 'AANG04001139.1', 'length': 8988, 'coord_system': 'scaffold'}, {'coord_system': 'scaffold', 'length': 6988, 'name': 'AANG04001140.1'}, {'length': 6984, 'name': 'AANG04001141.1', 'coord_system': 'scaffold'}, {'coord_system': 'scaffold', 'length': 16015, 'name': 'AANG04001142.1'}, {'coord_system': 'scaffold', 'name': 'AANG04001143.1', 'length': 12986}, {'name': 'AANG04001144.1', 'length': 10035, 'coord_system': 'scaffold'}, {'name': 'AANG04001145.1', 'length': 8978, 'coord_system': 'scaffold'}, {'coord_system': 'scaffold', 'name': 'AANG04001146.1', 'length': 11389}, {'coord_system': 'scaffold', 'length': 19397, 'name': 'AANG04001147.1'}, {'coord_system': 'scaffold', 'name': 'AANG04001148.1', 'length': 4986}, {'length': 7988, 'name': 'AANG04001149.1', 'coord_system': 'scaffold'}, {'length': 10988, 'name': 'AANG04001150.1', 'coord_system': 'scaffold'}, {'length': 10188, 'name': 'AANG04001151.1', 'coord_system': 'scaffold'}, {'length': 28003, 'name': 'AANG04001152.1', 'coord_system': 'scaffold'}, {'name': 'AANG04001153.1', 'length': 9627, 'coord_system': 'scaffold'}, {'coord_system': 'scaffold', 'name': 'AANG04001154.1', 'length': 7988}, {'length': 13988, 'name': 'AANG04001155.1', 'coord_system': 'scaffold'}, {'name': 'AANG04001156.1', 'length': 16021, 'coord_system': 'scaffold'}, {'coord_system': 'scaffold', 'name': 'AANG04001157.1', 'length': 9987}, {'length': 3986, 'name': 'AANG04001158.1', 'coord_system': 'scaffold'}, {'coord_system': 'scaffold', 'name': 'AANG04001159.1', 'length': 5989}, {'length': 8188, 'name': 'AANG04001160.1', 'coord_system': 'scaffold'}, {'name': 'AANG04001161.1', 'length': 59997, 'coord_system': 'scaffold'}, {'coord_system': 'scaffold', 'length': 6989, 'name': 'AANG04001162.1'}, {'coord_system': 'scaffold', 'length': 7108, 'name': 'AANG04001163.1'}, {'length': 11984, 'name': 'AANG04001164.1', 'coord_system': 'scaffold'}, {'length': 13988, 'name': 'AANG04001165.1', 'coord_system': 'scaffold'}, {'coord_system': 'scaffold', 'length': 6618, 'name': 'AANG04001166.1'}, {'length': 5987, 'name': 'AANG04001167.1', 'coord_system': 'scaffold'}, {'name': 'AANG04001168.1', 'length': 8924, 'coord_system': 'scaffold'}, {'coord_system': 'scaffold', 'name': 'AANG04001170.1', 'length': 11186}, {'coord_system': 'scaffold', 'length': 81459, 'name': 'AANG04001171.1'}, {'coord_system': 'scaffold', 'name': 'AANG04001172.1', 'length': 8988}, {'coord_system': 'scaffold', 'name': 'AANG04001173.1', 'length': 13988}, {'coord_system': 'scaffold', 'name': 'AANG04001175.1', 'length': 12983}, {'coord_system': 'scaffold', 'name': 'AANG04001176.1', 'length': 8985}, {'coord_system': 'scaffold', 'length': 13401, 'name': 'AANG04001177.1'}, {'coord_system': 'scaffold', 'length': 15826, 'name': 'AANG04001178.1'}, {'length': 14998, 'name': 'AANG04001179.1', 'coord_system': 'scaffold'}, {'coord_system': 'scaffold', 'name': 'AANG04001180.1', 'length': 3988}, {'name': 'AANG04001181.1', 'length': 3003, 'coord_system': 'scaffold'}, {'coord_system': 'scaffold', 'length': 16017, 'name': 'AANG04001182.1'}, {'length': 12914, 'name': 'AANG04001183.1', 'coord_system': 'scaffold'}, {'coord_system': 'scaffold', 'length': 10985, 'name': 'AANG04001184.1'}, {'coord_system': 'scaffold', 'name': 'AANG04001185.1', 'length': 13856}, {'name': 'AANG04001186.1', 'length': 14427, 'coord_system': 'scaffold'}, {'name': 'AANG04001187.1', 'length': 9905, 'coord_system': 'scaffold'}, {'length': 10517, 'name': 'AANG04001188.1', 'coord_system': 'scaffold'}, {'name': 'AANG04001189.1', 'length': 10988, 'coord_system': 'scaffold'}, {'length': 3982, 'name': 'AANG04001190.1', 'coord_system': 'scaffold'}, {'name': 'AANG04001191.1', 'length': 7988, 'coord_system': 'scaffold'}, {'name': 'AANG04001192.1', 'length': 5989, 'coord_system': 'scaffold'}, {'name': 'AANG04001193.1', 'length': 2986, 'coord_system': 'scaffold'}, {'length': 6988, 'name': 'AANG04001194.1', 'coord_system': 'scaffold'}, {'coord_system': 'scaffold', 'length': 13980, 'name': 'AANG04001195.1'}, {'length': 11370, 'name': 'AANG04001196.1', 'coord_system': 'scaffold'}, {'name': 'AANG04001197.1', 'length': 10160, 'coord_system': 'scaffold'}, {'length': 79858, 'name': 'AANG04001198.1', 'coord_system': 'scaffold'}, {'coord_system': 'scaffold', 'length': 16988, 'name': 'AANG04001199.1'}, {'coord_system': 'scaffold', 'length': 23807, 'name': 'AANG04001200.1'}, {'length': 12162, 'name': 'AANG04001201.1', 'coord_system': 'scaffold'}, {'length': 9004, 'name': 'AANG04001202.1', 'coord_system': 'scaffold'}, {'coord_system': 'scaffold', 'name': 'AANG04001203.1', 'length': 49138}, {'coord_system': 'scaffold', 'name': 'AANG04001204.1', 'length': 3988}, {'coord_system': 'scaffold', 'length': 12453, 'name': 'AANG04001205.1'}, {'coord_system': 'scaffold', 'name': 'AANG04001206.1', 'length': 9619}, {'coord_system': 'scaffold', 'length': 6988, 'name': 'AANG04001207.1'}, {'length': 49212, 'name': 'AANG04001208.1', 'coord_system': 'scaffold'}, {'coord_system': 'scaffold', 'name': 'AANG04001209.1', 'length': 6988}, {'name': 'AANG04001210.1', 'length': 10846, 'coord_system': 'scaffold'}, {'coord_system': 'scaffold', 'name': 'AANG04001211.1', 'length': 6184}, {'name': 'AANG04001212.1', 'length': 5066, 'coord_system': 'scaffold'}, {'length': 10987, 'name': 'AANG04001213.1', 'coord_system': 'scaffold'}, {'coord_system': 'scaffold', 'name': 'AANG04001214.1', 'length': 10631}, {'name': 'AANG04001215.1', 'length': 9734, 'coord_system': 'scaffold'}, {'coord_system': 'scaffold', 'length': 5988, 'name': 'AANG04001216.1'}, {'coord_system': 'scaffold', 'length': 21157, 'name': 'AANG04001217.1'}, {'name': 'AANG04001218.1', 'length': 12387, 'coord_system': 'scaffold'}, {'coord_system': 'scaffold', 'name': 'AANG04001219.1', 'length': 14307}, {'coord_system': 'scaffold', 'name': 'AANG04001220.1', 'length': 12862}, {'coord_system': 'scaffold', 'length': 4988, 'name': 'AANG04001221.1'}, {'coord_system': 'scaffold', 'length': 17057, 'name': 'AANG04001222.1'}, {'coord_system': 'scaffold', 'length': 17987, 'name': 'AANG04001223.1'}, {'coord_system': 'scaffold', 'name': 'AANG04001224.1', 'length': 33667}, {'name': 'AANG04001225.1', 'length': 7989, 'coord_system': 'scaffold'}, {'name': 'AANG04001226.1', 'length': 12979, 'coord_system': 'scaffold'}, {'name': 'AANG04001227.1', 'length': 5987, 'coord_system': 'scaffold'}, {'coord_system': 'scaffold', 'length': 7157, 'name': 'AANG04001228.1'}, {'name': 'AANG04001229.1', 'length': 6988, 'coord_system': 'scaffold'}, {'name': 'AANG04001230.1', 'length': 8975, 'coord_system': 'scaffold'}, {'length': 9987, 'name': 'AANG04001231.1', 'coord_system': 'scaffold'}, {'coord_system': 'scaffold', 'name': 'AANG04001232.1', 'length': 3986}, {'coord_system': 'scaffold', 'length': 4809, 'name': 'AANG04001233.1'}, {'coord_system': 'scaffold', 'length': 14990, 'name': 'AANG04001234.1'}, {'name': 'AANG04001235.1', 'length': 17988, 'coord_system': 'scaffold'}, {'coord_system': 'scaffold', 'length': 6766, 'name': 'AANG04001237.1'}, {'name': 'AANG04001238.1', 'length': 19988, 'coord_system': 'scaffold'}, {'length': 5078, 'name': 'AANG04001239.1', 'coord_system': 'scaffold'}, {'length': 14880, 'name': 'AANG04001240.1', 'coord_system': 'scaffold'}, {'coord_system': 'scaffold', 'length': 2988, 'name': 'AANG04001242.1'}, {'coord_system': 'scaffold', 'name': 'AANG04001243.1', 'length': 6187}, {'coord_system': 'scaffold', 'length': 10195, 'name': 'AANG04001244.1'}, {'coord_system': 'scaffold', 'length': 17985, 'name': 'AANG04001245.1'}, {'length': 13458, 'name': 'AANG04001246.1', 'coord_system': 'scaffold'}, {'coord_system': 'scaffold', 'length': 13924, 'name': 'AANG04001247.1'}, {'coord_system': 'scaffold', 'length': 5988, 'name': 'AANG04001248.1'}, {'length': 14008, 'name': 'AANG04001249.1', 'coord_system': 'scaffold'}, {'length': 11974, 'name': 'AANG04001250.1', 'coord_system': 'scaffold'}, {'coord_system': 'scaffold', 'length': 5977, 'name': 'AANG04001251.1'}, {'coord_system': 'scaffold', 'name': 'AANG04001252.1', 'length': 12177}, {'coord_system': 'scaffold', 'name': 'AANG04001253.1', 'length': 15468}, {'length': 6644, 'name': 'AANG04001254.1', 'coord_system': 'scaffold'}, {'length': 9989, 'name': 'AANG04001255.1', 'coord_system': 'scaffold'}, {'coord_system': 'scaffold', 'length': 7988, 'name': 'AANG04001256.1'}, {'coord_system': 'scaffold', 'name': 'AANG04001257.1', 'length': 7224}, {'length': 11983, 'name': 'AANG04001258.1', 'coord_system': 'scaffold'}, {'length': 11356, 'name': 'AANG04001259.1', 'coord_system': 'scaffold'}, {'coord_system': 'scaffold', 'name': 'AANG04001260.1', 'length': 14958}, {'coord_system': 'scaffold', 'length': 12980, 'name': 'AANG04001261.1'}, {'length': 10122, 'name': 'AANG04001262.1', 'coord_system': 'scaffold'}, {'name': 'AANG04001263.1', 'length': 4987, 'coord_system': 'scaffold'}, {'name': 'AANG04001264.1', 'length': 13987, 'coord_system': 'scaffold'}, {'length': 3884, 'name': 'AANG04001265.1', 'coord_system': 'scaffold'}, {'name': 'AANG04001266.1', 'length': 16198, 'coord_system': 'scaffold'}, {'coord_system': 'scaffold', 'length': 10996, 'name': 'AANG04001267.1'}, {'coord_system': 'scaffold', 'name': 'AANG04001268.1', 'length': 49122}, {'name': 'AANG04001269.1', 'length': 18986, 'coord_system': 'scaffold'}, {'name': 'AANG04001270.1', 'length': 19719, 'coord_system': 'scaffold'}, {'name': 'AANG04001272.1', 'length': 6111, 'coord_system': 'scaffold'}, {'coord_system': 'scaffold', 'name': 'AANG04001273.1', 'length': 10700}, {'name': 'AANG04001274.1', 'length': 7512, 'coord_system': 'scaffold'}, {'length': 11086, 'name': 'AANG04001275.1', 'coord_system': 'scaffold'}, {'coord_system': 'scaffold', 'name': 'AANG04001276.1', 'length': 11070}, {'name': 'AANG04001277.1', 'length': 5297, 'coord_system': 'scaffold'}, {'length': 40320, 'name': 'AANG04001278.1', 'coord_system': 'scaffold'}, {'length': 5989, 'name': 'AANG04001279.1', 'coord_system': 'scaffold'}, {'name': 'AANG04001281.1', 'length': 11987, 'coord_system': 'scaffold'}, {'coord_system': 'scaffold', 'name': 'AANG04001282.1', 'length': 12989}, {'name': 'AANG04001283.1', 'length': 12613, 'coord_system': 'scaffold'}, {'coord_system': 'scaffold', 'name': 'AANG04001284.1', 'length': 4988}, {'length': 16987, 'name': 'AANG04001285.1', 'coord_system': 'scaffold'}, {'coord_system': 'scaffold', 'name': 'AANG04001286.1', 'length': 12988}, {'coord_system': 'scaffold', 'length': 10415, 'name': 'AANG04001287.1'}, {'length': 2988, 'name': 'AANG04001288.1', 'coord_system': 'scaffold'}, {'coord_system': 'scaffold', 'name': 'AANG04001289.1', 'length': 27088}, {'coord_system': 'scaffold', 'name': 'AANG04001290.1', 'length': 42455}, {'name': 'AANG04001291.1', 'length': 55891, 'coord_system': 'scaffold'}, {'name': 'AANG04001292.1', 'length': 18279, 'coord_system': 'scaffold'}, {'length': 10988, 'name': 'AANG04001294.1', 'coord_system': 'scaffold'}, {'coord_system': 'scaffold', 'length': 14988, 'name': 'AANG04001295.1'}, {'coord_system': 'scaffold', 'length': 60167, 'name': 'AANG04001296.1'}, {'coord_system': 'scaffold', 'length': 14384, 'name': 'AANG04001297.1'}, {'length': 3990, 'name': 'AANG04001298.1', 'coord_system': 'scaffold'}, {'coord_system': 'scaffold', 'name': 'AANG04001299.1', 'length': 8983}, {'name': 'AANG04001300.1', 'length': 5115, 'coord_system': 'scaffold'}, {'length': 8962, 'name': 'AANG04001301.1', 'coord_system': 'scaffold'}, {'coord_system': 'scaffold', 'name': 'AANG04001302.1', 'length': 29876}, {'coord_system': 'scaffold', 'length': 5987, 'name': 'AANG04001303.1'}, {'coord_system': 'scaffold', 'name': 'AANG04001304.1', 'length': 20018}, {'name': 'AANG04001305.1', 'length': 4249, 'coord_system': 'scaffold'}, {'name': 'AANG04001306.1', 'length': 12987, 'coord_system': 'scaffold'}, {'coord_system': 'scaffold', 'length': 3988, 'name': 'AANG04001307.1'}, {'length': 15411, 'name': 'AANG04001308.1', 'coord_system': 'scaffold'}, {'length': 17117, 'name': 'AANG04001310.1', 'coord_system': 'scaffold'}, {'coord_system': 'scaffold', 'name': 'AANG04001311.1', 'length': 10929}, {'coord_system': 'scaffold', 'name': 'AANG04001312.1', 'length': 7989}, {'length': 10149, 'name': 'AANG04001313.1', 'coord_system': 'scaffold'}, {'coord_system': 'scaffold', 'name': 'AANG04001314.1', 'length': 47088}, {'length': 23983, 'name': 'AANG04001315.1', 'coord_system': 'scaffold'}, {'name': 'AANG04001316.1', 'length': 7987, 'coord_system': 'scaffold'}, {'name': 'AANG04001317.1', 'length': 4988, 'coord_system': 'scaffold'}, {'coord_system': 'scaffold', 'length': 34539, 'name': 'AANG04001318.1'}, {'coord_system': 'scaffold', 'name': 'AANG04001319.1', 'length': 52404}, {'name': 'AANG04001320.1', 'length': 10989, 'coord_system': 'scaffold'}, {'coord_system': 'scaffold', 'length': 16403, 'name': 'AANG04001321.1'}, {'name': 'AANG04001322.1', 'length': 12420, 'coord_system': 'scaffold'}, {'length': 19971, 'name': 'AANG04001323.1', 'coord_system': 'scaffold'}, {'name': 'AANG04001324.1', 'length': 7985, 'coord_system': 'scaffold'}, {'length': 11984, 'name': 'AANG04001325.1', 'coord_system': 'scaffold'}, {'coord_system': 'scaffold', 'length': 15983, 'name': 'AANG04001326.1'}, {'coord_system': 'scaffold', 'length': 4989, 'name': 'AANG04001327.1'}, {'name': 'AANG04001328.1', 'length': 3988, 'coord_system': 'scaffold'}, {'length': 62521, 'name': 'AANG04001329.1', 'coord_system': 'scaffold'}, {'coord_system': 'scaffold', 'length': 6987, 'name': 'AANG04001331.1'}, {'length': 38153, 'name': 'AANG04001332.1', 'coord_system': 'scaffold'}, {'name': 'AANG04001333.1', 'length': 5220, 'coord_system': 'scaffold'}, {'coord_system': 'scaffold', 'name': 'AANG04001334.1', 'length': 2988}, {'coord_system': 'scaffold', 'length': 4988, 'name': 'AANG04001335.1'}, {'length': 6985, 'name': 'AANG04001336.1', 'coord_system': 'scaffold'}, {'coord_system': 'scaffold', 'name': 'AANG04001337.1', 'length': 5685}, {'coord_system': 'scaffold', 'length': 12368, 'name': 'AANG04001338.1'}, {'name': 'AANG04001339.1', 'length': 22129, 'coord_system': 'scaffold'}, {'name': 'AANG04001340.1', 'length': 10990, 'coord_system': 'scaffold'}, {'name': 'AANG04001341.1', 'length': 10350, 'coord_system': 'scaffold'}, {'length': 12075, 'name': 'AANG04001342.1', 'coord_system': 'scaffold'}, {'coord_system': 'scaffold', 'name': 'AANG04001343.1', 'length': 10978}, {'coord_system': 'scaffold', 'name': 'AANG04001344.1', 'length': 17771}, {'coord_system': 'scaffold', 'length': 13986, 'name': 'AANG04001345.1'}, {'length': 10096, 'name': 'AANG04001346.1', 'coord_system': 'scaffold'}, {'coord_system': 'scaffold', 'length': 18987, 'name': 'AANG04001349.1'}, {'name': 'AANG04001350.1', 'length': 76892, 'coord_system': 'scaffold'}, {'name': 'AANG04001351.1', 'length': 21707, 'coord_system': 'scaffold'}, {'coord_system': 'scaffold', 'name': 'AANG04001352.1', 'length': 10102}, {'coord_system': 'scaffold', 'length': 2984, 'name': 'AANG04001353.1'}, {'coord_system': 'scaffold', 'name': 'AANG04001354.1', 'length': 4988}, {'coord_system': 'scaffold', 'length': 2988, 'name': 'AANG04001355.1'}, {'length': 69060, 'name': 'AANG04001356.1', 'coord_system': 'scaffold'}, {'name': 'AANG04001357.1', 'length': 5987, 'coord_system': 'scaffold'}, {'coord_system': 'scaffold', 'name': 'AANG04001358.1', 'length': 8253}, {'coord_system': 'scaffold', 'name': 'AANG04001359.1', 'length': 7888}, {'name': 'AANG04001360.1', 'length': 49748, 'coord_system': 'scaffold'}, {'coord_system': 'scaffold', 'name': 'AANG04001361.1', 'length': 7988}, {'coord_system': 'scaffold', 'length': 6988, 'name': 'AANG04001362.1'}, {'coord_system': 'scaffold', 'length': 4988, 'name': 'AANG04001363.1'}, {'coord_system': 'scaffold', 'name': 'AANG04001364.1', 'length': 12975}, {'name': 'AANG04001365.1', 'length': 6988, 'coord_system': 'scaffold'}, {'coord_system': 'scaffold', 'name': 'AANG04001366.1', 'length': 3988}, {'coord_system': 'scaffold', 'length': 10988, 'name': 'AANG04001367.1'}, {'coord_system': 'scaffold', 'name': 'AANG04001368.1', 'length': 13243}, {'coord_system': 'scaffold', 'name': 'AANG04001369.1', 'length': 31987}, {'name': 'AANG04001370.1', 'length': 9989, 'coord_system': 'scaffold'}, {'name': 'AANG04001371.1', 'length': 5028, 'coord_system': 'scaffold'}, {'name': 'AANG04001373.1', 'length': 4988, 'coord_system': 'scaffold'}, {'name': 'AANG04001374.1', 'length': 9980, 'coord_system': 'scaffold'}, {'length': 13192, 'name': 'AANG04001375.1', 'coord_system': 'scaffold'}, {'name': 'AANG04001376.1', 'length': 19244, 'coord_system': 'scaffold'}, {'coord_system': 'scaffold', 'name': 'AANG04001377.1', 'length': 5989}, {'coord_system': 'scaffold', 'name': 'AANG04001378.1', 'length': 81638}, {'length': 11158, 'name': 'AANG04001379.1', 'coord_system': 'scaffold'}, {'length': 10971, 'name': 'AANG04001380.1', 'coord_system': 'scaffold'}, {'coord_system': 'scaffold', 'name': 'AANG04001381.1', 'length': 15987}, {'length': 4311, 'name': 'AANG04001382.1', 'coord_system': 'scaffold'}, {'coord_system': 'scaffold', 'name': 'AANG04001384.1', 'length': 8988}, {'coord_system': 'scaffold', 'length': 5983, 'name': 'AANG04001385.1'}, {'length': 10073, 'name': 'AANG04001386.1', 'coord_system': 'scaffold'}, {'name': 'AANG04001387.1', 'length': 19540, 'coord_system': 'scaffold'}, {'length': 9987, 'name': 'AANG04001388.1', 'coord_system': 'scaffold'}, {'name': 'AANG04001390.1', 'length': 12983, 'coord_system': 'scaffold'}, {'coord_system': 'scaffold', 'name': 'AANG04001391.1', 'length': 4989}, {'coord_system': 'scaffold', 'name': 'AANG04001392.1', 'length': 5988}, {'coord_system': 'scaffold', 'length': 8987, 'name': 'AANG04001393.1'}, {'coord_system': 'scaffold', 'length': 11039, 'name': 'AANG04001394.1'}, {'name': 'AANG04001395.1', 'length': 10985, 'coord_system': 'scaffold'}, {'coord_system': 'scaffold', 'length': 13039, 'name': 'AANG04001396.1'}, {'coord_system': 'scaffold', 'length': 7987, 'name': 'AANG04001397.1'}, {'coord_system': 'scaffold', 'name': 'AANG04001398.1', 'length': 32930}, {'length': 68011, 'name': 'AANG04001399.1', 'coord_system': 'scaffold'}, {'coord_system': 'scaffold', 'name': 'AANG04001400.1', 'length': 9444}, {'coord_system': 'scaffold', 'length': 4988, 'name': 'AANG04001401.1'}, {'name': 'AANG04001402.1', 'length': 14964, 'coord_system': 'scaffold'}, {'coord_system': 'scaffold', 'length': 10989, 'name': 'AANG04001403.1'}, {'coord_system': 'scaffold', 'length': 10497, 'name': 'AANG04001404.1'}, {'name': 'AANG04001405.1', 'length': 5986, 'coord_system': 'scaffold'}, {'coord_system': 'scaffold', 'name': 'AANG04001406.1', 'length': 12170}, {'coord_system': 'scaffold', 'length': 20444, 'name': 'AANG04001407.1'}, {'coord_system': 'scaffold', 'length': 4988, 'name': 'AANG04001408.1'}, {'length': 10862, 'name': 'AANG04001409.1', 'coord_system': 'scaffold'}, {'length': 9281, 'name': 'AANG04001410.1', 'coord_system': 'scaffold'}, {'coord_system': 'scaffold', 'name': 'AANG04001411.1', 'length': 11986}, {'name': 'AANG04001412.1', 'length': 5986, 'coord_system': 'scaffold'}, {'coord_system': 'scaffold', 'name': 'AANG04001413.1', 'length': 11977}, {'name': 'AANG04001414.1', 'length': 13990, 'coord_system': 'scaffold'}, {'coord_system': 'scaffold', 'length': 9976, 'name': 'AANG04001415.1'}, {'name': 'AANG04001416.1', 'length': 17664, 'coord_system': 'scaffold'}, {'coord_system': 'scaffold', 'name': 'AANG04001417.1', 'length': 8988}, {'coord_system': 'scaffold', 'name': 'AANG04001418.1', 'length': 8988}, {'coord_system': 'scaffold', 'length': 14381, 'name': 'AANG04001419.1'}, {'coord_system': 'scaffold', 'name': 'AANG04001420.1', 'length': 13968}, {'length': 4988, 'name': 'AANG04001421.1', 'coord_system': 'scaffold'}, {'coord_system': 'scaffold', 'name': 'AANG04001422.1', 'length': 6988}, {'coord_system': 'scaffold', 'length': 16122, 'name': 'AANG04001423.1'}, {'name': 'AANG04001424.1', 'length': 3989, 'coord_system': 'scaffold'}, {'length': 5987, 'name': 'AANG04001425.1', 'coord_system': 'scaffold'}, {'name': 'AANG04001426.1', 'length': 25348, 'coord_system': 'scaffold'}, {'coord_system': 'scaffold', 'name': 'AANG04001427.1', 'length': 12108}, {'coord_system': 'scaffold', 'length': 10967, 'name': 'AANG04001428.1'}, {'coord_system': 'scaffold', 'length': 8040, 'name': 'AANG04001429.1'}, {'name': 'AANG04001430.1', 'length': 8981, 'coord_system': 'scaffold'}, {'length': 9985, 'name': 'AANG04001431.1', 'coord_system': 'scaffold'}, {'length': 12154, 'name': 'AANG04001432.1', 'coord_system': 'scaffold'}, {'coord_system': 'scaffold', 'name': 'AANG04001433.1', 'length': 4988}, {'name': 'AANG04001434.1', 'length': 8255, 'coord_system': 'scaffold'}, {'coord_system': 'scaffold', 'length': 9988, 'name': 'AANG04001435.1'}, {'name': 'AANG04001436.1', 'length': 65538, 'coord_system': 'scaffold'}, {'name': 'AANG04001437.1', 'length': 39437, 'coord_system': 'scaffold'}, {'length': 31977, 'name': 'AANG04001438.1', 'coord_system': 'scaffold'}, {'length': 12987, 'name': 'AANG04001439.1', 'coord_system': 'scaffold'}, {'coord_system': 'scaffold', 'name': 'AANG04001440.1', 'length': 6989}, {'coord_system': 'scaffold', 'name': 'AANG04001441.1', 'length': 11984}, {'length': 16960, 'name': 'AANG04001442.1', 'coord_system': 'scaffold'}, {'coord_system': 'scaffold', 'length': 5988, 'name': 'AANG04001443.1'}, {'coord_system': 'scaffold', 'name': 'AANG04001444.1', 'length': 15691}, {'length': 28993, 'name': 'AANG04001445.1', 'coord_system': 'scaffold'}, {'coord_system': 'scaffold', 'name': 'AANG04001446.1', 'length': 28881}, {'coord_system': 'scaffold', 'name': 'AANG04001447.1', 'length': 9986}, {'length': 22982, 'name': 'AANG04001448.1', 'coord_system': 'scaffold'}, {'coord_system': 'scaffold', 'name': 'AANG04001449.1', 'length': 5988}, {'coord_system': 'scaffold', 'length': 3988, 'name': 'AANG04001450.1'}, {'coord_system': 'scaffold', 'name': 'AANG04001451.1', 'length': 7988}, {'length': 8990, 'name': 'AANG04001452.1', 'coord_system': 'scaffold'}, {'coord_system': 'scaffold', 'length': 7981, 'name': 'AANG04001453.1'}, {'length': 8184, 'name': 'AANG04001454.1', 'coord_system': 'scaffold'}, {'length': 14604, 'name': 'AANG04001455.1', 'coord_system': 'scaffold'}, {'coord_system': 'scaffold', 'name': 'AANG04001456.1', 'length': 4988}, {'length': 6976, 'name': 'AANG04001457.1', 'coord_system': 'scaffold'}, {'name': 'AANG04001458.1', 'length': 4530, 'coord_system': 'scaffold'}, {'length': 13180, 'name': 'AANG04001459.1', 'coord_system': 'scaffold'}, {'coord_system': 'scaffold', 'length': 9989, 'name': 'AANG04001460.1'}, {'length': 9988, 'name': 'AANG04001461.1', 'coord_system': 'scaffold'}, {'coord_system': 'scaffold', 'name': 'AANG04001462.1', 'length': 4631}, {'name': 'AANG04001463.1', 'length': 10008, 'coord_system': 'scaffold'}, {'name': 'AANG04001464.1', 'length': 20553, 'coord_system': 'scaffold'}, {'coord_system': 'scaffold', 'name': 'AANG04001465.1', 'length': 10988}, {'name': 'AANG04001466.1', 'length': 8968, 'coord_system': 'scaffold'}, {'coord_system': 'scaffold', 'length': 9270, 'name': 'AANG04001467.1'}, {'coord_system': 'scaffold', 'name': 'AANG04001468.1', 'length': 3988}, {'coord_system': 'scaffold', 'name': 'AANG04001469.1', 'length': 11983}, {'coord_system': 'scaffold', 'name': 'AANG04001470.1', 'length': 7989}, {'name': 'AANG04001471.1', 'length': 66607, 'coord_system': 'scaffold'}, {'name': 'AANG04001472.1', 'length': 3052, 'coord_system': 'scaffold'}, {'length': 5123, 'name': 'AANG04001473.1', 'coord_system': 'scaffold'}, {'length': 8987, 'name': 'AANG04001474.1', 'coord_system': 'scaffold'}, {'length': 12143, 'name': 'AANG04001475.1', 'coord_system': 'scaffold'}, {'name': 'AANG04001476.1', 'length': 11428, 'coord_system': 'scaffold'}, {'coord_system': 'scaffold', 'length': 12948, 'name': 'AANG04001477.1'}, {'coord_system': 'scaffold', 'name': 'AANG04001478.1', 'length': 4988}, {'name': 'AANG04001479.1', 'length': 7257, 'coord_system': 'scaffold'}, {'coord_system': 'scaffold', 'length': 19635, 'name': 'AANG04001480.1'}, {'coord_system': 'scaffold', 'name': 'AANG04001481.1', 'length': 12982}, {'coord_system': 'scaffold', 'name': 'AANG04001483.1', 'length': 9457}, {'name': 'AANG04001484.1', 'length': 11985, 'coord_system': 'scaffold'}, {'coord_system': 'scaffold', 'name': 'AANG04001485.1', 'length': 10988}, {'coord_system': 'scaffold', 'length': 18439, 'name': 'AANG04001486.1'}, {'coord_system': 'scaffold', 'name': 'AANG04001487.1', 'length': 7024}, {'name': 'AANG04001488.1', 'length': 7695, 'coord_system': 'scaffold'}, {'length': 15980, 'name': 'AANG04001489.1', 'coord_system': 'scaffold'}, {'name': 'AANG04001490.1', 'length': 13990, 'coord_system': 'scaffold'}, {'length': 69846, 'name': 'AANG04001491.1', 'coord_system': 'scaffold'}, {'coord_system': 'scaffold', 'name': 'AANG04001492.1', 'length': 12680}, {'coord_system': 'scaffold', 'length': 5987, 'name': 'AANG04001493.1'}, {'coord_system': 'scaffold', 'length': 23341, 'name': 'AANG04001494.1'}, {'length': 9025, 'name': 'AANG04001495.1', 'coord_system': 'scaffold'}, {'name': 'AANG04001496.1', 'length': 16114, 'coord_system': 'scaffold'}, {'name': 'AANG04001497.1', 'length': 13176, 'coord_system': 'scaffold'}, {'length': 3988, 'name': 'AANG04001498.1', 'coord_system': 'scaffold'}, {'coord_system': 'scaffold', 'length': 8202, 'name': 'AANG04001499.1'}, {'coord_system': 'scaffold', 'name': 'AANG04001500.1', 'length': 53274}, {'name': 'AANG04001501.1', 'length': 13527, 'coord_system': 'scaffold'}, {'coord_system': 'scaffold', 'length': 15988, 'name': 'AANG04001502.1'}, {'name': 'AANG04001503.1', 'length': 15018, 'coord_system': 'scaffold'}, {'coord_system': 'scaffold', 'name': 'AANG04001504.1', 'length': 5975}, {'coord_system': 'scaffold', 'length': 6985, 'name': 'AANG04001505.1'}, {'name': 'AANG04001506.1', 'length': 9795, 'coord_system': 'scaffold'}, {'coord_system': 'scaffold', 'name': 'AANG04001508.1', 'length': 8986}, {'name': 'AANG04001509.1', 'length': 10140, 'coord_system': 'scaffold'}, {'coord_system': 'scaffold', 'length': 7300, 'name': 'AANG04001510.1'}, {'length': 15927, 'name': 'AANG04001511.1', 'coord_system': 'scaffold'}, {'coord_system': 'scaffold', 'length': 11508, 'name': 'AANG04001512.1'}, {'coord_system': 'scaffold', 'name': 'AANG04001514.1', 'length': 9993}, {'name': 'AANG04001515.1', 'length': 11983, 'coord_system': 'scaffold'}, {'coord_system': 'scaffold', 'name': 'AANG04001516.1', 'length': 25172}, {'coord_system': 'scaffold', 'name': 'AANG04001517.1', 'length': 7987}, {'name': 'AANG04001518.1', 'length': 8988, 'coord_system': 'scaffold'}, {'name': 'AANG04001519.1', 'length': 5988, 'coord_system': 'scaffold'}, {'name': 'AANG04001520.1', 'length': 2988, 'coord_system': 'scaffold'}, {'name': 'AANG04001521.1', 'length': 15990, 'coord_system': 'scaffold'}, {'length': 7988, 'name': 'AANG04001522.1', 'coord_system': 'scaffold'}, {'name': 'AANG04001523.1', 'length': 15949, 'coord_system': 'scaffold'}, {'coord_system': 'scaffold', 'name': 'AANG04001524.1', 'length': 13053}, {'length': 9172, 'name': 'AANG04001525.1', 'coord_system': 'scaffold'}, {'name': 'AANG04001526.1', 'length': 9929, 'coord_system': 'scaffold'}, {'length': 12989, 'name': 'AANG04001527.1', 'coord_system': 'scaffold'}, {'coord_system': 'scaffold', 'length': 8981, 'name': 'AANG04001528.1'}, {'length': 17989, 'name': 'AANG04001529.1', 'coord_system': 'scaffold'}, {'coord_system': 'scaffold', 'name': 'AANG04001530.1', 'length': 6987}, {'name': 'AANG04001531.1', 'length': 10006, 'coord_system': 'scaffold'}, {'length': 7983, 'name': 'AANG04001532.1', 'coord_system': 'scaffold'}, {'name': 'AANG04001533.1', 'length': 9986, 'coord_system': 'scaffold'}, {'name': 'AANG04001534.1', 'length': 15261, 'coord_system': 'scaffold'}, {'name': 'AANG04001535.1', 'length': 9810, 'coord_system': 'scaffold'}, {'coord_system': 'scaffold', 'name': 'AANG04001536.1', 'length': 2988}, {'name': 'AANG04001537.1', 'length': 14318, 'coord_system': 'scaffold'}, {'coord_system': 'scaffold', 'name': 'AANG04001538.1', 'length': 10981}, {'length': 3987, 'name': 'AANG04001539.1', 'coord_system': 'scaffold'}, {'name': 'AANG04001540.1', 'length': 12897, 'coord_system': 'scaffold'}, {'coord_system': 'scaffold', 'length': 12975, 'name': 'AANG04001541.1'}, {'coord_system': 'scaffold', 'name': 'AANG04001542.1', 'length': 28148}, {'coord_system': 'scaffold', 'length': 3631, 'name': 'AANG04001543.1'}, {'coord_system': 'scaffold', 'length': 9525, 'name': 'AANG04001544.1'}, {'length': 3988, 'name': 'AANG04001545.1', 'coord_system': 'scaffold'}, {'coord_system': 'scaffold', 'name': 'AANG04001548.1', 'length': 7985}, {'coord_system': 'scaffold', 'length': 4988, 'name': 'AANG04001549.1'}, {'name': 'AANG04001550.1', 'length': 2988, 'coord_system': 'scaffold'}, {'coord_system': 'scaffold', 'name': 'AANG04001551.1', 'length': 10987}, {'name': 'AANG04001552.1', 'length': 9988, 'coord_system': 'scaffold'}, {'coord_system': 'scaffold', 'length': 9959, 'name': 'AANG04001553.1'}, {'coord_system': 'scaffold', 'name': 'AANG04001554.1', 'length': 2988}, {'length': 12533, 'name': 'AANG04001555.1', 'coord_system': 'scaffold'}, {'coord_system': 'scaffold', 'length': 55934, 'name': 'AANG04001556.1'}, {'coord_system': 'scaffold', 'name': 'AANG04001557.1', 'length': 19031}, {'name': 'AANG04001558.1', 'length': 6988, 'coord_system': 'scaffold'}, {'length': 8988, 'name': 'AANG04001559.1', 'coord_system': 'scaffold'}, {'coord_system': 'scaffold', 'name': 'AANG04001560.1', 'length': 6987}, {'length': 9989, 'name': 'AANG04001561.1', 'coord_system': 'scaffold'}, {'coord_system': 'scaffold', 'name': 'AANG04001562.1', 'length': 12984}, {'length': 6988, 'name': 'AANG04001563.1', 'coord_system': 'scaffold'}, {'coord_system': 'scaffold', 'length': 17873, 'name': 'AANG04001564.1'}, {'coord_system': 'scaffold', 'name': 'AANG04001565.1', 'length': 4987}, {'length': 5987, 'name': 'AANG04001566.1', 'coord_system': 'scaffold'}, {'coord_system': 'scaffold', 'length': 43828, 'name': 'AANG04001567.1'}, {'coord_system': 'scaffold', 'name': 'AANG04001568.1', 'length': 9821}, {'name': 'AANG04001569.1', 'length': 23761, 'coord_system': 'scaffold'}, {'length': 11685, 'name': 'AANG04001570.1', 'coord_system': 'scaffold'}, {'coord_system': 'scaffold', 'name': 'AANG04001571.1', 'length': 12858}, {'length': 15856, 'name': 'AANG04001572.1', 'coord_system': 'scaffold'}, {'name': 'AANG04001573.1', 'length': 2988, 'coord_system': 'scaffold'}, {'name': 'AANG04001574.1', 'length': 7976, 'coord_system': 'scaffold'}, {'length': 10978, 'name': 'AANG04001575.1', 'coord_system': 'scaffold'}, {'length': 3987, 'name': 'AANG04001576.1', 'coord_system': 'scaffold'}, {'name': 'AANG04001577.1', 'length': 9323, 'coord_system': 'scaffold'}, {'coord_system': 'scaffold', 'length': 6988, 'name': 'AANG04001578.1'}, {'coord_system': 'scaffold', 'name': 'AANG04001579.1', 'length': 7091}, {'coord_system': 'scaffold', 'length': 10989, 'name': 'AANG04001580.1'}, {'length': 5917, 'name': 'AANG04001581.1', 'coord_system': 'scaffold'}, {'coord_system': 'scaffold', 'name': 'AANG04001582.1', 'length': 18126}, {'name': 'AANG04001583.1', 'length': 6188, 'coord_system': 'scaffold'}, {'length': 3989, 'name': 'AANG04001584.1', 'coord_system': 'scaffold'}, {'length': 9782, 'name': 'AANG04001585.1', 'coord_system': 'scaffold'}, {'coord_system': 'scaffold', 'name': 'AANG04001586.1', 'length': 8224}, {'name': 'AANG04001587.1', 'length': 7988, 'coord_system': 'scaffold'}, {'coord_system': 'scaffold', 'name': 'AANG04001588.1', 'length': 13975}, {'name': 'AANG04001589.1', 'length': 9033, 'coord_system': 'scaffold'}, {'length': 16529, 'name': 'AANG04001590.1', 'coord_system': 'scaffold'}, {'coord_system': 'scaffold', 'name': 'AANG04001591.1', 'length': 9627}, {'length': 2988, 'name': 'AANG04001592.1', 'coord_system': 'scaffold'}, {'name': 'AANG04001593.1', 'length': 5988, 'coord_system': 'scaffold'}, {'coord_system': 'scaffold', 'name': 'AANG04001594.1', 'length': 7988}, {'name': 'AANG04001595.1', 'length': 3988, 'coord_system': 'scaffold'}, {'name': 'AANG04001596.1', 'length': 12017, 'coord_system': 'scaffold'}, {'length': 23053, 'name': 'AANG04001597.1', 'coord_system': 'scaffold'}, {'coord_system': 'scaffold', 'length': 8988, 'name': 'AANG04001598.1'}, {'length': 9432, 'name': 'AANG04001599.1', 'coord_system': 'scaffold'}, {'name': 'AANG04001600.1', 'length': 14986, 'coord_system': 'scaffold'}, {'name': 'AANG04001601.1', 'length': 26354, 'coord_system': 'scaffold'}, {'length': 3987, 'name': 'AANG04001602.1', 'coord_system': 'scaffold'}, {'name': 'AANG04001603.1', 'length': 3984, 'coord_system': 'scaffold'}, {'length': 10974, 'name': 'AANG04001604.1', 'coord_system': 'scaffold'}, {'length': 17472, 'name': 'AANG04001606.1', 'coord_system': 'scaffold'}, {'coord_system': 'scaffold', 'name': 'AANG04001607.1', 'length': 7987}, {'coord_system': 'scaffold', 'name': 'AANG04001608.1', 'length': 3988}, {'length': 12070, 'name': 'AANG04001609.1', 'coord_system': 'scaffold'}, {'name': 'AANG04001610.1', 'length': 26738, 'coord_system': 'scaffold'}, {'name': 'AANG04001611.1', 'length': 5987, 'coord_system': 'scaffold'}, {'length': 5342, 'name': 'AANG04001612.1', 'coord_system': 'scaffold'}, {'length': 11986, 'name': 'AANG04001613.1', 'coord_system': 'scaffold'}, {'coord_system': 'scaffold', 'length': 8987, 'name': 'AANG04001614.1'}, {'coord_system': 'scaffold', 'length': 6985, 'name': 'AANG04001615.1'}, {'length': 5988, 'name': 'AANG04001616.1', 'coord_system': 'scaffold'}, {'coord_system': 'scaffold', 'name': 'AANG04001617.1', 'length': 10204}, {'coord_system': 'scaffold', 'name': 'AANG04001618.1', 'length': 3485}, {'coord_system': 'scaffold', 'length': 34475, 'name': 'AANG04001619.1'}, {'coord_system': 'scaffold', 'name': 'AANG04001620.1', 'length': 6980}, {'coord_system': 'scaffold', 'name': 'AANG04001621.1', 'length': 4988}, {'coord_system': 'scaffold', 'name': 'AANG04001622.1', 'length': 17795}, {'coord_system': 'scaffold', 'name': 'AANG04001623.1', 'length': 10976}, {'length': 9769, 'name': 'AANG04001624.1', 'coord_system': 'scaffold'}, {'coord_system': 'scaffold', 'length': 9593, 'name': 'AANG04001625.1'}, {'length': 4988, 'name': 'AANG04001626.1', 'coord_system': 'scaffold'}, {'name': 'AANG04001627.1', 'length': 14886, 'coord_system': 'scaffold'}, {'name': 'AANG04001628.1', 'length': 13693, 'coord_system': 'scaffold'}, {'coord_system': 'scaffold', 'length': 39038, 'name': 'AANG04001629.1'}, {'coord_system': 'scaffold', 'length': 5987, 'name': 'AANG04001630.1'}, {'coord_system': 'scaffold', 'length': 16031, 'name': 'AANG04001631.1'}, {'name': 'AANG04001632.1', 'length': 41003, 'coord_system': 'scaffold'}, {'coord_system': 'scaffold', 'length': 20138, 'name': 'AANG04001633.1'}, {'name': 'AANG04001634.1', 'length': 4989, 'coord_system': 'scaffold'}, {'coord_system': 'scaffold', 'name': 'AANG04001635.1', 'length': 43863}, {'coord_system': 'scaffold', 'name': 'AANG04001636.1', 'length': 8177}, {'coord_system': 'scaffold', 'name': 'AANG04001637.1', 'length': 5990}, {'name': 'AANG04001638.1', 'length': 12109, 'coord_system': 'scaffold'}, {'length': 6263, 'name': 'AANG04001639.1', 'coord_system': 'scaffold'}, {'length': 8988, 'name': 'AANG04001640.1', 'coord_system': 'scaffold'}, {'length': 66069, 'name': 'AANG04001641.1', 'coord_system': 'scaffold'}, {'coord_system': 'scaffold', 'name': 'AANG04001642.1', 'length': 24362}, {'coord_system': 'scaffold', 'name': 'AANG04001643.1', 'length': 3988}, {'name': 'AANG04001644.1', 'length': 6988, 'coord_system': 'scaffold'}, {'length': 3988, 'name': 'AANG04001646.1', 'coord_system': 'scaffold'}, {'length': 4987, 'name': 'AANG04001647.1', 'coord_system': 'scaffold'}, {'coord_system': 'scaffold', 'name': 'AANG04001648.1', 'length': 4425}, {'coord_system': 'scaffold', 'name': 'AANG04001649.1', 'length': 6531}, {'name': 'AANG04001650.1', 'length': 12124, 'coord_system': 'scaffold'}, {'coord_system': 'scaffold', 'name': 'AANG04001651.1', 'length': 3988}, {'length': 16949, 'name': 'AANG04001652.1', 'coord_system': 'scaffold'}, {'coord_system': 'scaffold', 'name': 'AANG04001653.1', 'length': 6988}, {'coord_system': 'scaffold', 'length': 13918, 'name': 'AANG04001654.1'}, {'coord_system': 'scaffold', 'length': 36368, 'name': 'AANG04001655.1'}, {'name': 'AANG04001656.1', 'length': 9221, 'coord_system': 'scaffold'}, {'coord_system': 'scaffold', 'name': 'AANG04001657.1', 'length': 4929}, {'name': 'AANG04001658.1', 'length': 14297, 'coord_system': 'scaffold'}, {'coord_system': 'scaffold', 'name': 'AANG04001659.1', 'length': 22414}, {'name': 'AANG04001660.1', 'length': 14148, 'coord_system': 'scaffold'}, {'coord_system': 'scaffold', 'length': 6988, 'name': 'AANG04001661.1'}, {'name': 'AANG04001662.1', 'length': 7388, 'coord_system': 'scaffold'}, {'coord_system': 'scaffold', 'name': 'AANG04001663.1', 'length': 6982}, {'length': 9988, 'name': 'AANG04001664.1', 'coord_system': 'scaffold'}, {'name': 'AANG04001665.1', 'length': 8995, 'coord_system': 'scaffold'}, {'name': 'AANG04001666.1', 'length': 52217, 'coord_system': 'scaffold'}, {'coord_system': 'scaffold', 'name': 'AANG04001667.1', 'length': 3989}, {'name': 'AANG04001669.1', 'length': 13989, 'coord_system': 'scaffold'}, {'coord_system': 'scaffold', 'name': 'AANG04001670.1', 'length': 9988}, {'length': 4989, 'name': 'AANG04001671.1', 'coord_system': 'scaffold'}, {'coord_system': 'scaffold', 'length': 20804, 'name': 'AANG04001672.1'}, {'coord_system': 'scaffold', 'length': 18832, 'name': 'AANG04001673.1'}, {'name': 'AANG04001674.1', 'length': 6079, 'coord_system': 'scaffold'}, {'coord_system': 'scaffold', 'length': 5996, 'name': 'AANG04001675.1'}, {'coord_system': 'scaffold', 'name': 'AANG04001676.1', 'length': 7987}, {'name': 'AANG04001677.1', 'length': 61494, 'coord_system': 'scaffold'}, {'coord_system': 'scaffold', 'name': 'AANG04001678.1', 'length': 4990}, {'length': 4988, 'name': 'AANG04001679.1', 'coord_system': 'scaffold'}, {'coord_system': 'scaffold', 'name': 'AANG04001680.1', 'length': 4987}, {'name': 'AANG04001681.1', 'length': 9987, 'coord_system': 'scaffold'}, {'length': 9976, 'name': 'AANG04001682.1', 'coord_system': 'scaffold'}, {'length': 6479, 'name': 'AANG04001683.1', 'coord_system': 'scaffold'}, {'coord_system': 'scaffold', 'name': 'AANG04001684.1', 'length': 9988}, {'name': 'AANG04001685.1', 'length': 7991, 'coord_system': 'scaffold'}, {'coord_system': 'scaffold', 'length': 18030, 'name': 'AANG04001686.1'}, {'coord_system': 'scaffold', 'name': 'AANG04001687.1', 'length': 13742}, {'length': 12210, 'name': 'AANG04001688.1', 'coord_system': 'scaffold'}, {'coord_system': 'scaffold', 'length': 11982, 'name': 'AANG04001689.1'}, {'name': 'AANG04001691.1', 'length': 6988, 'coord_system': 'scaffold'}, {'coord_system': 'scaffold', 'length': 5987, 'name': 'AANG04001692.1'}, {'length': 10104, 'name': 'AANG04001693.1', 'coord_system': 'scaffold'}, {'coord_system': 'scaffold', 'length': 9989, 'name': 'AANG04001694.1'}, {'length': 16053, 'name': 'AANG04001695.1', 'coord_system': 'scaffold'}, {'name': 'AANG04001696.1', 'length': 47050, 'coord_system': 'scaffold'}, {'name': 'AANG04001697.1', 'length': 7972, 'coord_system': 'scaffold'}, {'coord_system': 'scaffold', 'name': 'AANG04001698.1', 'length': 10721}, {'length': 21835, 'name': 'AANG04001699.1', 'coord_system': 'scaffold'}, {'length': 10451, 'name': 'AANG04001700.1', 'coord_system': 'scaffold'}, {'coord_system': 'scaffold', 'length': 3989, 'name': 'AANG04001701.1'}, {'coord_system': 'scaffold', 'name': 'AANG04001702.1', 'length': 10119}, {'name': 'AANG04001704.1', 'length': 14841, 'coord_system': 'scaffold'}, {'name': 'AANG04001705.1', 'length': 12367, 'coord_system': 'scaffold'}, {'coord_system': 'scaffold', 'name': 'AANG04001706.1', 'length': 16991}, {'coord_system': 'scaffold', 'name': 'AANG04001707.1', 'length': 6989}, {'length': 5988, 'name': 'AANG04001708.1', 'coord_system': 'scaffold'}, {'coord_system': 'scaffold', 'name': 'AANG04001709.1', 'length': 7214}, {'coord_system': 'scaffold', 'length': 8190, 'name': 'AANG04001710.1'}, {'length': 9237, 'name': 'AANG04001711.1', 'coord_system': 'scaffold'}, {'length': 12011, 'name': 'AANG04001712.1', 'coord_system': 'scaffold'}, {'length': 10662, 'name': 'AANG04001713.1', 'coord_system': 'scaffold'}, {'coord_system': 'scaffold', 'length': 10378, 'name': 'AANG04001714.1'}, {'coord_system': 'scaffold', 'length': 8975, 'name': 'AANG04001715.1'}, {'name': 'AANG04001716.1', 'length': 12944, 'coord_system': 'scaffold'}, {'name': 'AANG04001717.1', 'length': 10192, 'coord_system': 'scaffold'}, {'name': 'AANG04001718.1', 'length': 2807, 'coord_system': 'scaffold'}, {'coord_system': 'scaffold', 'name': 'AANG04001719.1', 'length': 58813}, {'coord_system': 'scaffold', 'length': 8637, 'name': 'AANG04001720.1'}, {'coord_system': 'scaffold', 'name': 'AANG04001721.1', 'length': 10651}, {'name': 'AANG04001723.1', 'length': 14414, 'coord_system': 'scaffold'}, {'coord_system': 'scaffold', 'length': 11009, 'name': 'AANG04001724.1'}, {'coord_system': 'scaffold', 'name': 'AANG04001726.1', 'length': 9987}, {'length': 4086, 'name': 'AANG04001727.1', 'coord_system': 'scaffold'}, {'length': 18100, 'name': 'AANG04001728.1', 'coord_system': 'scaffold'}, {'name': 'AANG04001729.1', 'length': 7985, 'coord_system': 'scaffold'}, {'name': 'AANG04001730.1', 'length': 18500, 'coord_system': 'scaffold'}, {'name': 'AANG04001731.1', 'length': 6986, 'coord_system': 'scaffold'}, {'length': 17944, 'name': 'AANG04001732.1', 'coord_system': 'scaffold'}, {'name': 'AANG04001733.1', 'length': 8380, 'coord_system': 'scaffold'}, {'coord_system': 'scaffold', 'length': 4165, 'name': 'AANG04001734.1'}, {'coord_system': 'scaffold', 'name': 'AANG04001735.1', 'length': 12988}, {'coord_system': 'scaffold', 'name': 'AANG04001736.1', 'length': 9985}, {'coord_system': 'scaffold', 'length': 12990, 'name': 'AANG04001737.1'}, {'name': 'AANG04001738.1', 'length': 51948, 'coord_system': 'scaffold'}, {'name': 'AANG04001739.1', 'length': 12037, 'coord_system': 'scaffold'}, {'name': 'AANG04001740.1', 'length': 9375, 'coord_system': 'scaffold'}, {'name': 'AANG04001741.1', 'length': 10986, 'coord_system': 'scaffold'}, {'name': 'AANG04001742.1', 'length': 3988, 'coord_system': 'scaffold'}, {'name': 'AANG04001743.1', 'length': 18986, 'coord_system': 'scaffold'}, {'length': 8989, 'name': 'AANG04001744.1', 'coord_system': 'scaffold'}, {'coord_system': 'scaffold', 'length': 7243, 'name': 'AANG04001745.1'}, {'name': 'AANG04001746.1', 'length': 2988, 'coord_system': 'scaffold'}, {'coord_system': 'scaffold', 'length': 13701, 'name': 'AANG04001747.1'}, {'coord_system': 'scaffold', 'name': 'AANG04001749.1', 'length': 9988}, {'coord_system': 'scaffold', 'name': 'AANG04001750.1', 'length': 20291}, {'length': 9987, 'name': 'AANG04001752.1', 'coord_system': 'scaffold'}, {'length': 6300, 'name': 'AANG04001753.1', 'coord_system': 'scaffold'}, {'name': 'AANG04001754.1', 'length': 11593, 'coord_system': 'scaffold'}, {'coord_system': 'scaffold', 'length': 5985, 'name': 'AANG04001757.1'}, {'name': 'AANG04001758.1', 'length': 12136, 'coord_system': 'scaffold'}, {'coord_system': 'scaffold', 'length': 3053, 'name': 'AANG04001759.1'}, {'name': 'AANG04001760.1', 'length': 5971, 'coord_system': 'scaffold'}, {'name': 'AANG04001762.1', 'length': 15500, 'coord_system': 'scaffold'}, {'name': 'AANG04001763.1', 'length': 52109, 'coord_system': 'scaffold'}, {'coord_system': 'scaffold', 'length': 80686, 'name': 'AANG04001764.1'}, {'name': 'AANG04001765.1', 'length': 8987, 'coord_system': 'scaffold'}, {'coord_system': 'scaffold', 'length': 54723, 'name': 'AANG04001767.1'}, {'name': 'AANG04001768.1', 'length': 6987, 'coord_system': 'scaffold'}, {'length': 23400, 'name': 'AANG04001769.1', 'coord_system': 'scaffold'}, {'coord_system': 'scaffold', 'name': 'AANG04001770.1', 'length': 11849}, {'coord_system': 'scaffold', 'length': 10987, 'name': 'AANG04001771.1'}, {'name': 'AANG04001772.1', 'length': 9980, 'coord_system': 'scaffold'}, {'coord_system': 'scaffold', 'name': 'AANG04001773.1', 'length': 6422}, {'length': 4988, 'name': 'AANG04001774.1', 'coord_system': 'scaffold'}, {'name': 'AANG04001775.1', 'length': 14335, 'coord_system': 'scaffold'}, {'length': 11796, 'name': 'AANG04001776.1', 'coord_system': 'scaffold'}, {'coord_system': 'scaffold', 'length': 10742, 'name': 'AANG04001777.1'}, {'length': 19687, 'name': 'AANG04001778.1', 'coord_system': 'scaffold'}, {'coord_system': 'scaffold', 'length': 12391, 'name': 'AANG04001779.1'}, {'coord_system': 'scaffold', 'name': 'AANG04001780.1', 'length': 13216}, {'coord_system': 'scaffold', 'name': 'AANG04001782.1', 'length': 7987}, {'coord_system': 'scaffold', 'name': 'AANG04001783.1', 'length': 10987}, {'length': 3990, 'name': 'AANG04001784.1', 'coord_system': 'scaffold'}, {'length': 14978, 'name': 'AANG04001785.1', 'coord_system': 'scaffold'}, {'coord_system': 'scaffold', 'length': 6987, 'name': 'AANG04001786.1'}, {'length': 10171, 'name': 'AANG04001787.1', 'coord_system': 'scaffold'}, {'coord_system': 'scaffold', 'length': 10094, 'name': 'AANG04001788.1'}, {'name': 'AANG04001789.1', 'length': 14092, 'coord_system': 'scaffold'}, {'name': 'AANG04001790.1', 'length': 8982, 'coord_system': 'scaffold'}, {'coord_system': 'scaffold', 'length': 2988, 'name': 'AANG04001791.1'}, {'coord_system': 'scaffold', 'name': 'AANG04001792.1', 'length': 22124}, {'coord_system': 'scaffold', 'length': 21809, 'name': 'AANG04001793.1'}, {'name': 'AANG04001794.1', 'length': 8988, 'coord_system': 'scaffold'}, {'name': 'AANG04001795.1', 'length': 14989, 'coord_system': 'scaffold'}, {'length': 46967, 'name': 'AANG04001796.1', 'coord_system': 'scaffold'}, {'name': 'AANG04001797.1', 'length': 38773, 'coord_system': 'scaffold'}, {'name': 'AANG04001798.1', 'length': 14689, 'coord_system': 'scaffold'}, {'name': 'AANG04001799.1', 'length': 16452, 'coord_system': 'scaffold'}, {'coord_system': 'scaffold', 'name': 'AANG04001800.1', 'length': 19988}, {'length': 9973, 'name': 'AANG04001801.1', 'coord_system': 'scaffold'}, {'length': 11983, 'name': 'AANG04001802.1', 'coord_system': 'scaffold'}, {'length': 9967, 'name': 'AANG04001803.1', 'coord_system': 'scaffold'}, {'name': 'AANG04001804.1', 'length': 11661, 'coord_system': 'scaffold'}, {'coord_system': 'scaffold', 'length': 4988, 'name': 'AANG04001805.1'}, {'name': 'AANG04001806.1', 'length': 14986, 'coord_system': 'scaffold'}, {'coord_system': 'scaffold', 'length': 11712, 'name': 'AANG04001807.1'}, {'coord_system': 'scaffold', 'name': 'AANG04001808.1', 'length': 4988}, {'length': 6060, 'name': 'AANG04001809.1', 'coord_system': 'scaffold'}, {'coord_system': 'scaffold', 'name': 'AANG04001810.1', 'length': 53987}, {'length': 8990, 'name': 'AANG04001812.1', 'coord_system': 'scaffold'}, {'name': 'AANG04001813.1', 'length': 4988, 'coord_system': 'scaffold'}, {'length': 4183, 'name': 'AANG04001814.1', 'coord_system': 'scaffold'}, {'length': 15649, 'name': 'AANG04001817.1', 'coord_system': 'scaffold'}, {'coord_system': 'scaffold', 'name': 'AANG04001818.1', 'length': 14985}, {'name': 'AANG04001819.1', 'length': 4988, 'coord_system': 'scaffold'}, {'coord_system': 'scaffold', 'name': 'AANG04001820.1', 'length': 17975}, {'length': 13040, 'name': 'AANG04001821.1', 'coord_system': 'scaffold'}, {'coord_system': 'scaffold', 'name': 'AANG04001822.1', 'length': 6988}, {'name': 'AANG04001823.1', 'length': 12765, 'coord_system': 'scaffold'}, {'length': 11987, 'name': 'AANG04001824.1', 'coord_system': 'scaffold'}, {'name': 'AANG04001825.1', 'length': 3988, 'coord_system': 'scaffold'}, {'name': 'AANG04001826.1', 'length': 10985, 'coord_system': 'scaffold'}, {'coord_system': 'scaffold', 'name': 'AANG04001827.1', 'length': 10403}, {'coord_system': 'scaffold', 'length': 8987, 'name': 'AANG04001828.1'}, {'name': 'AANG04001829.1', 'length': 10703, 'coord_system': 'scaffold'}, {'coord_system': 'scaffold', 'length': 14094, 'name': 'AANG04001830.1'}, {'coord_system': 'scaffold', 'length': 4988, 'name': 'AANG04001831.1'}, {'coord_system': 'scaffold', 'length': 6987, 'name': 'AANG04001832.1'}, {'length': 11959, 'name': 'AANG04001833.1', 'coord_system': 'scaffold'}, {'length': 13521, 'name': 'AANG04001834.1', 'coord_system': 'scaffold'}, {'length': 5987, 'name': 'AANG04001835.1', 'coord_system': 'scaffold'}, {'length': 11987, 'name': 'AANG04001837.1', 'coord_system': 'scaffold'}, {'length': 14832, 'name': 'AANG04001838.1', 'coord_system': 'scaffold'}, {'length': 6242, 'name': 'AANG04001839.1', 'coord_system': 'scaffold'}, {'coord_system': 'scaffold', 'length': 32262, 'name': 'AANG04001841.1'}, {'length': 9985, 'name': 'AANG04001842.1', 'coord_system': 'scaffold'}, {'length': 15943, 'name': 'AANG04001843.1', 'coord_system': 'scaffold'}, {'coord_system': 'scaffold', 'length': 5987, 'name': 'AANG04001844.1'}, {'coord_system': 'scaffold', 'name': 'AANG04001845.1', 'length': 12986}, {'coord_system': 'scaffold', 'name': 'AANG04001846.1', 'length': 7988}, {'coord_system': 'scaffold', 'name': 'AANG04001847.1', 'length': 39566}, {'coord_system': 'scaffold', 'name': 'AANG04001848.1', 'length': 10986}, {'coord_system': 'scaffold', 'length': 10193, 'name': 'AANG04001849.1'}, {'coord_system': 'scaffold', 'name': 'AANG04001850.1', 'length': 8187}, {'coord_system': 'scaffold', 'name': 'AANG04001851.1', 'length': 6218}, {'name': 'AANG04001852.1', 'length': 7993, 'coord_system': 'scaffold'}, {'length': 11974, 'name': 'AANG04001853.1', 'coord_system': 'scaffold'}, {'length': 7152, 'name': 'AANG04001854.1', 'coord_system': 'scaffold'}, {'name': 'AANG04001855.1', 'length': 19021, 'coord_system': 'scaffold'}, {'coord_system': 'scaffold', 'name': 'AANG04001856.1', 'length': 77793}, {'length': 14975, 'name': 'AANG04001857.1', 'coord_system': 'scaffold'}, {'coord_system': 'scaffold', 'name': 'AANG04001858.1', 'length': 14924}, {'coord_system': 'scaffold', 'length': 5163, 'name': 'AANG04001859.1'}, {'coord_system': 'scaffold', 'name': 'AANG04001861.1', 'length': 9177}, {'length': 9948, 'name': 'AANG04001862.1', 'coord_system': 'scaffold'}, {'coord_system': 'scaffold', 'length': 25687, 'name': 'AANG04001863.1'}, {'coord_system': 'scaffold', 'name': 'AANG04001864.1', 'length': 8321}, {'coord_system': 'scaffold', 'length': 83688, 'name': 'AANG04001866.1'}, {'length': 2987, 'name': 'AANG04001867.1', 'coord_system': 'scaffold'}, {'length': 10988, 'name': 'AANG04001868.1', 'coord_system': 'scaffold'}, {'coord_system': 'scaffold', 'name': 'AANG04001869.1', 'length': 2988}, {'coord_system': 'scaffold', 'name': 'AANG04001870.1', 'length': 4989}, {'coord_system': 'scaffold', 'length': 13175, 'name': 'AANG04001871.1'}, {'coord_system': 'scaffold', 'name': 'AANG04001872.1', 'length': 12175}, {'length': 2986, 'name': 'AANG04001874.1', 'coord_system': 'scaffold'}, {'coord_system': 'scaffold', 'name': 'AANG04001875.1', 'length': 13259}, {'name': 'AANG04001876.1', 'length': 8988, 'coord_system': 'scaffold'}, {'coord_system': 'scaffold', 'name': 'AANG04001877.1', 'length': 10200}, {'coord_system': 'scaffold', 'name': 'AANG04001878.1', 'length': 13407}, {'length': 13173, 'name': 'AANG04001879.1', 'coord_system': 'scaffold'}, {'coord_system': 'scaffold', 'length': 15988, 'name': 'AANG04001880.1'}, {'coord_system': 'scaffold', 'length': 11985, 'name': 'AANG04001881.1'}, {'name': 'AANG04001882.1', 'length': 6155, 'coord_system': 'scaffold'}, {'name': 'AANG04001883.1', 'length': 25763, 'coord_system': 'scaffold'}, {'length': 7185, 'name': 'AANG04001884.1', 'coord_system': 'scaffold'}, {'name': 'AANG04001885.1', 'length': 12988, 'coord_system': 'scaffold'}, {'length': 10988, 'name': 'AANG04001887.1', 'coord_system': 'scaffold'}, {'name': 'AANG04001888.1', 'length': 10975, 'coord_system': 'scaffold'}, {'coord_system': 'scaffold', 'name': 'AANG04001889.1', 'length': 4988}, {'length': 4984, 'name': 'AANG04001890.1', 'coord_system': 'scaffold'}, {'coord_system': 'scaffold', 'name': 'AANG04001891.1', 'length': 7990}, {'coord_system': 'scaffold', 'name': 'AANG04001892.1', 'length': 15729}, {'coord_system': 'scaffold', 'length': 11990, 'name': 'AANG04001893.1'}, {'coord_system': 'scaffold', 'length': 4987, 'name': 'AANG04001894.1'}, {'length': 11187, 'name': 'AANG04001895.1', 'coord_system': 'scaffold'}, {'coord_system': 'scaffold', 'length': 13622, 'name': 'AANG04001896.1'}, {'coord_system': 'scaffold', 'length': 6988, 'name': 'AANG04001897.1'}, {'length': 14989, 'name': 'AANG04001898.1', 'coord_system': 'scaffold'}, {'length': 23688, 'name': 'AANG04001899.1', 'coord_system': 'scaffold'}, {'coord_system': 'scaffold', 'length': 13248, 'name': 'AANG04001900.1'}, {'coord_system': 'scaffold', 'length': 4468, 'name': 'AANG04001901.1'}, {'coord_system': 'scaffold', 'name': 'AANG04001902.1', 'length': 10984}, {'length': 14633, 'name': 'AANG04001903.1', 'coord_system': 'scaffold'}, {'name': 'AANG04001904.1', 'length': 35512, 'coord_system': 'scaffold'}, {'length': 18952, 'name': 'AANG04001905.1', 'coord_system': 'scaffold'}, {'name': 'AANG04001906.1', 'length': 8593, 'coord_system': 'scaffold'}, {'length': 45295, 'name': 'AANG04001907.1', 'coord_system': 'scaffold'}, {'length': 4986, 'name': 'AANG04001908.1', 'coord_system': 'scaffold'}, {'name': 'AANG04001909.1', 'length': 9901, 'coord_system': 'scaffold'}, {'length': 13881, 'name': 'AANG04001910.1', 'coord_system': 'scaffold'}, {'coord_system': 'scaffold', 'name': 'AANG04001911.1', 'length': 10985}, {'coord_system': 'scaffold', 'name': 'AANG04001912.1', 'length': 6987}, {'coord_system': 'scaffold', 'length': 7295, 'name': 'AANG04001914.1'}, {'coord_system': 'scaffold', 'length': 4987, 'name': 'AANG04001915.1'}, {'coord_system': 'scaffold', 'name': 'AANG04001916.1', 'length': 3986}, {'coord_system': 'scaffold', 'name': 'AANG04001917.1', 'length': 6989}, {'name': 'AANG04001918.1', 'length': 13375, 'coord_system': 'scaffold'}, {'length': 12218, 'name': 'AANG04001919.1', 'coord_system': 'scaffold'}, {'length': 4988, 'name': 'AANG04001920.1', 'coord_system': 'scaffold'}, {'name': 'AANG04001921.1', 'length': 8988, 'coord_system': 'scaffold'}, {'length': 6988, 'name': 'AANG04001922.1', 'coord_system': 'scaffold'}, {'coord_system': 'scaffold', 'name': 'AANG04001923.1', 'length': 6044}, {'name': 'AANG04001924.1', 'length': 5988, 'coord_system': 'scaffold'}, {'coord_system': 'scaffold', 'name': 'AANG04001925.1', 'length': 15986}, {'coord_system': 'scaffold', 'name': 'AANG04001926.1', 'length': 13188}, {'coord_system': 'scaffold', 'length': 7989, 'name': 'AANG04001927.1'}, {'coord_system': 'scaffold', 'name': 'AANG04001928.1', 'length': 12687}, {'length': 12118, 'name': 'AANG04001929.1', 'coord_system': 'scaffold'}, {'coord_system': 'scaffold', 'length': 9995, 'name': 'AANG04001930.1'}, {'coord_system': 'scaffold', 'length': 12086, 'name': 'AANG04001931.1'}, {'name': 'AANG04001932.1', 'length': 9165, 'coord_system': 'scaffold'}, {'length': 10160, 'name': 'AANG04001933.1', 'coord_system': 'scaffold'}, {'coord_system': 'scaffold', 'length': 9255, 'name': 'AANG04001934.1'}, {'length': 13808, 'name': 'AANG04001935.1', 'coord_system': 'scaffold'}, {'length': 8987, 'name': 'AANG04001936.1', 'coord_system': 'scaffold'}, {'name': 'AANG04001937.1', 'length': 17552, 'coord_system': 'scaffold'}, {'coord_system': 'scaffold', 'name': 'AANG04001938.1', 'length': 13189}, {'length': 7989, 'name': 'AANG04001939.1', 'coord_system': 'scaffold'}, {'name': 'AANG04001940.1', 'length': 5988, 'coord_system': 'scaffold'}, {'name': 'AANG04001941.1', 'length': 10925, 'coord_system': 'scaffold'}, {'length': 17068, 'name': 'AANG04001942.1', 'coord_system': 'scaffold'}, {'coord_system': 'scaffold', 'length': 3988, 'name': 'AANG04001943.1'}, {'name': 'AANG04001944.1', 'length': 4988, 'coord_system': 'scaffold'}, {'coord_system': 'scaffold', 'length': 2988, 'name': 'AANG04001945.1'}, {'length': 17997, 'name': 'AANG04001946.1', 'coord_system': 'scaffold'}, {'coord_system': 'scaffold', 'length': 9988, 'name': 'AANG04001947.1'}, {'coord_system': 'scaffold', 'length': 10983, 'name': 'AANG04001948.1'}, {'name': 'AANG04001949.1', 'length': 11782, 'coord_system': 'scaffold'}, {'length': 10144, 'name': 'AANG04001950.1', 'coord_system': 'scaffold'}, {'name': 'AANG04001951.1', 'length': 3171, 'coord_system': 'scaffold'}, {'coord_system': 'scaffold', 'length': 13988, 'name': 'AANG04001952.1'}, {'length': 5989, 'name': 'AANG04001953.1', 'coord_system': 'scaffold'}, {'name': 'AANG04001954.1', 'length': 3986, 'coord_system': 'scaffold'}, {'coord_system': 'scaffold', 'name': 'AANG04001955.1', 'length': 7989}, {'length': 10804, 'name': 'AANG04001956.1', 'coord_system': 'scaffold'}, {'coord_system': 'scaffold', 'name': 'AANG04001957.1', 'length': 17983}, {'coord_system': 'scaffold', 'length': 9144, 'name': 'AANG04001958.1'}, {'coord_system': 'scaffold', 'name': 'AANG04001961.1', 'length': 8488}, {'coord_system': 'scaffold', 'name': 'AANG04001962.1', 'length': 31182}, {'coord_system': 'scaffold', 'name': 'AANG04001963.1', 'length': 11086}, {'length': 5987, 'name': 'AANG04001964.1', 'coord_system': 'scaffold'}, {'coord_system': 'scaffold', 'name': 'AANG04001965.1', 'length': 9223}, {'name': 'AANG04001966.1', 'length': 7988, 'coord_system': 'scaffold'}, {'coord_system': 'scaffold', 'length': 12032, 'name': 'AANG04001967.1'}, {'name': 'AANG04001968.1', 'length': 9982, 'coord_system': 'scaffold'}, {'name': 'AANG04001969.1', 'length': 18986, 'coord_system': 'scaffold'}, {'coord_system': 'scaffold', 'name': 'AANG04001970.1', 'length': 12041}, {'coord_system': 'scaffold', 'length': 10025, 'name': 'AANG04001971.1'}, {'coord_system': 'scaffold', 'length': 11981, 'name': 'AANG04001972.1'}, {'length': 3988, 'name': 'AANG04001973.1', 'coord_system': 'scaffold'}, {'length': 31702, 'name': 'AANG04001974.1', 'coord_system': 'scaffold'}, {'name': 'AANG04001975.1', 'length': 30022, 'coord_system': 'scaffold'}, {'coord_system': 'scaffold', 'length': 6988, 'name': 'AANG04001976.1'}, {'coord_system': 'scaffold', 'name': 'AANG04001977.1', 'length': 8987}, {'coord_system': 'scaffold', 'name': 'AANG04001978.1', 'length': 6175}, {'coord_system': 'scaffold', 'length': 3988, 'name': 'AANG04001979.1'}, {'name': 'AANG04001980.1', 'length': 16104, 'coord_system': 'scaffold'}, {'length': 5167, 'name': 'AANG04001981.1', 'coord_system': 'scaffold'}, {'coord_system': 'scaffold', 'name': 'AANG04001982.1', 'length': 16992}, {'coord_system': 'scaffold', 'name': 'AANG04001983.1', 'length': 13122}, {'coord_system': 'scaffold', 'length': 13974, 'name': 'AANG04001984.1'}, {'coord_system': 'scaffold', 'length': 5151, 'name': 'AANG04001985.1'}, {'name': 'AANG04001986.1', 'length': 42815, 'coord_system': 'scaffold'}, {'length': 4988, 'name': 'AANG04001987.1', 'coord_system': 'scaffold'}, {'coord_system': 'scaffold', 'name': 'AANG04001988.1', 'length': 5993}, {'length': 4988, 'name': 'AANG04001990.1', 'coord_system': 'scaffold'}, {'coord_system': 'scaffold', 'length': 11209, 'name': 'AANG04001991.1'}, {'length': 50151, 'name': 'AANG04001992.1', 'coord_system': 'scaffold'}, {'length': 15545, 'name': 'AANG04001993.1', 'coord_system': 'scaffold'}, {'name': 'AANG04001994.1', 'length': 6204, 'coord_system': 'scaffold'}, {'name': 'AANG04001995.1', 'length': 9986, 'coord_system': 'scaffold'}, {'coord_system': 'scaffold', 'name': 'AANG04001996.1', 'length': 13990}, {'length': 12989, 'name': 'AANG04001997.1', 'coord_system': 'scaffold'}, {'name': 'AANG04001998.1', 'length': 19926, 'coord_system': 'scaffold'}, {'name': 'AANG04001999.1', 'length': 3712, 'coord_system': 'scaffold'}, {'coord_system': 'scaffold', 'name': 'AANG04002000.1', 'length': 36555}, {'length': 10986, 'name': 'AANG04002001.1', 'coord_system': 'scaffold'}, {'name': 'AANG04002002.1', 'length': 11166, 'coord_system': 'scaffold'}, {'coord_system': 'scaffold', 'name': 'AANG04002003.1', 'length': 39294}, {'name': 'AANG04002004.1', 'length': 7986, 'coord_system': 'scaffold'}, {'coord_system': 'scaffold', 'length': 15988, 'name': 'AANG04002005.1'}, {'coord_system': 'scaffold', 'length': 4291, 'name': 'AANG04002006.1'}, {'length': 7983, 'name': 'AANG04002007.1', 'coord_system': 'scaffold'}, {'name': 'AANG04002008.1', 'length': 12877, 'coord_system': 'scaffold'}, {'name': 'AANG04002009.1', 'length': 6982, 'coord_system': 'scaffold'}, {'coord_system': 'scaffold', 'name': 'AANG04002010.1', 'length': 2990}, {'length': 6990, 'name': 'AANG04002011.1', 'coord_system': 'scaffold'}, {'name': 'AANG04002012.1', 'length': 5687, 'coord_system': 'scaffold'}, {'coord_system': 'scaffold', 'length': 8989, 'name': 'AANG04002013.1'}, {'length': 12136, 'name': 'AANG04002014.1', 'coord_system': 'scaffold'}, {'coord_system': 'scaffold', 'name': 'AANG04002015.1', 'length': 11035}, {'length': 19943, 'name': 'AANG04002016.1', 'coord_system': 'scaffold'}, {'name': 'AANG04002017.1', 'length': 6214, 'coord_system': 'scaffold'}, {'name': 'AANG04002018.1', 'length': 9120, 'coord_system': 'scaffold'}, {'coord_system': 'scaffold', 'name': 'AANG04002020.1', 'length': 46280}, {'coord_system': 'scaffold', 'length': 97645, 'name': 'AANG04002021.1'}, {'name': 'AANG04002022.1', 'length': 10996, 'coord_system': 'scaffold'}, {'coord_system': 'scaffold', 'name': 'AANG04002023.1', 'length': 17306}, {'coord_system': 'scaffold', 'name': 'AANG04002024.1', 'length': 5988}, {'coord_system': 'scaffold', 'length': 7818, 'name': 'AANG04002025.1'}, {'coord_system': 'scaffold', 'length': 7988, 'name': 'AANG04002026.1'}, {'coord_system': 'scaffold', 'length': 12910, 'name': 'AANG04002027.1'}, {'name': 'AANG04002028.1', 'length': 14179, 'coord_system': 'scaffold'}, {'length': 14021, 'name': 'AANG04002029.1', 'coord_system': 'scaffold'}, {'coord_system': 'scaffold', 'length': 20172, 'name': 'AANG04002030.1'}, {'length': 10988, 'name': 'AANG04002031.1', 'coord_system': 'scaffold'}, {'length': 13988, 'name': 'AANG04002032.1', 'coord_system': 'scaffold'}, {'coord_system': 'scaffold', 'length': 20020, 'name': 'AANG04002033.1'}, {'name': 'AANG04002034.1', 'length': 6988, 'coord_system': 'scaffold'}, {'coord_system': 'scaffold', 'name': 'AANG04002035.1', 'length': 6991}, {'length': 5170, 'name': 'AANG04002038.1', 'coord_system': 'scaffold'}, {'coord_system': 'scaffold', 'name': 'AANG04002039.1', 'length': 8988}, {'length': 17989, 'name': 'AANG04002040.1', 'coord_system': 'scaffold'}, {'coord_system': 'scaffold', 'name': 'AANG04002041.1', 'length': 11986}, {'coord_system': 'scaffold', 'length': 5988, 'name': 'AANG04002042.1'}, {'coord_system': 'scaffold', 'name': 'AANG04002043.1', 'length': 20668}, {'coord_system': 'scaffold', 'name': 'AANG04002044.1', 'length': 15436}, {'name': 'AANG04002045.1', 'length': 12276, 'coord_system': 'scaffold'}, {'coord_system': 'scaffold', 'length': 45961, 'name': 'AANG04002046.1'}, {'name': 'AANG04002047.1', 'length': 30883, 'coord_system': 'scaffold'}, {'coord_system': 'scaffold', 'length': 11706, 'name': 'AANG04002048.1'}, {'coord_system': 'scaffold', 'length': 12987, 'name': 'AANG04002049.1'}, {'coord_system': 'scaffold', 'name': 'AANG04002050.1', 'length': 19988}, {'length': 4988, 'name': 'AANG04002051.1', 'coord_system': 'scaffold'}, {'coord_system': 'scaffold', 'length': 10988, 'name': 'AANG04002052.1'}, {'length': 8953, 'name': 'AANG04002053.1', 'coord_system': 'scaffold'}, {'name': 'AANG04002055.1', 'length': 12986, 'coord_system': 'scaffold'}, {'length': 11991, 'name': 'AANG04002056.1', 'coord_system': 'scaffold'}, {'name': 'AANG04002057.1', 'length': 4987, 'coord_system': 'scaffold'}, {'coord_system': 'scaffold', 'length': 14987, 'name': 'AANG04002058.1'}, {'coord_system': 'scaffold', 'length': 9988, 'name': 'AANG04002059.1'}, {'name': 'AANG04002060.1', 'length': 10988, 'coord_system': 'scaffold'}, {'length': 16983, 'name': 'AANG04002061.1', 'coord_system': 'scaffold'}, {'coord_system': 'scaffold', 'length': 8032, 'name': 'AANG04002062.1'}, {'length': 14911, 'name': 'AANG04002063.1', 'coord_system': 'scaffold'}, {'coord_system': 'scaffold', 'name': 'AANG04002064.1', 'length': 13983}, {'name': 'AANG04002065.1', 'length': 4814, 'coord_system': 'scaffold'}, {'name': 'AANG04002066.1', 'length': 5010, 'coord_system': 'scaffold'}, {'length': 6988, 'name': 'AANG04002067.1', 'coord_system': 'scaffold'}, {'name': 'AANG04002068.1', 'length': 2988, 'coord_system': 'scaffold'}, {'name': 'AANG04002069.1', 'length': 8978, 'coord_system': 'scaffold'}, {'length': 10988, 'name': 'AANG04002070.1', 'coord_system': 'scaffold'}, {'name': 'AANG04002071.1', 'length': 7655, 'coord_system': 'scaffold'}, {'length': 2988, 'name': 'AANG04002072.1', 'coord_system': 'scaffold'}, {'coord_system': 'scaffold', 'name': 'AANG04002073.1', 'length': 12893}, {'name': 'AANG04002074.1', 'length': 4987, 'coord_system': 'scaffold'}, {'coord_system': 'scaffold', 'name': 'AANG04002075.1', 'length': 28433}, {'name': 'AANG04002076.1', 'length': 7988, 'coord_system': 'scaffold'}, {'length': 7988, 'name': 'AANG04002077.1', 'coord_system': 'scaffold'}, {'length': 22984, 'name': 'AANG04002078.1', 'coord_system': 'scaffold'}, {'coord_system': 'scaffold', 'length': 9990, 'name': 'AANG04002079.1'}, {'coord_system': 'scaffold', 'name': 'AANG04002080.1', 'length': 71085}, {'coord_system': 'scaffold', 'name': 'AANG04002081.1', 'length': 5987}, {'coord_system': 'scaffold', 'name': 'AANG04002082.1', 'length': 13987}, {'name': 'AANG04002083.1', 'length': 7202, 'coord_system': 'scaffold'}, {'length': 4989, 'name': 'AANG04002084.1', 'coord_system': 'scaffold'}, {'coord_system': 'scaffold', 'name': 'AANG04002085.1', 'length': 19986}, {'name': 'AANG04002086.1', 'length': 13250, 'coord_system': 'scaffold'}, {'length': 3988, 'name': 'AANG04002087.1', 'coord_system': 'scaffold'}, {'coord_system': 'scaffold', 'length': 11493, 'name': 'AANG04002088.1'}, {'length': 12986, 'name': 'AANG04002089.1', 'coord_system': 'scaffold'}, {'name': 'AANG04002090.1', 'length': 4988, 'coord_system': 'scaffold'}, {'coord_system': 'scaffold', 'name': 'AANG04002091.1', 'length': 7987}, {'coord_system': 'scaffold', 'name': 'AANG04002092.1', 'length': 11010}, {'name': 'AANG04002093.1', 'length': 6989, 'coord_system': 'scaffold'}, {'length': 12987, 'name': 'AANG04002094.1', 'coord_system': 'scaffold'}, {'length': 9983, 'name': 'AANG04002095.1', 'coord_system': 'scaffold'}, {'length': 10990, 'name': 'AANG04002096.1', 'coord_system': 'scaffold'}, {'length': 4988, 'name': 'AANG04002098.1', 'coord_system': 'scaffold'}, {'coord_system': 'scaffold', 'name': 'AANG04002099.1', 'length': 3988}, {'name': 'AANG04002100.1', 'length': 2988, 'coord_system': 'scaffold'}, {'coord_system': 'scaffold', 'length': 10187, 'name': 'AANG04002101.1'}, {'coord_system': 'scaffold', 'length': 4179, 'name': 'AANG04002102.1'}, {'coord_system': 'scaffold', 'name': 'AANG04002103.1', 'length': 18459}, {'length': 6958, 'name': 'AANG04002104.1', 'coord_system': 'scaffold'}, {'length': 12241, 'name': 'AANG04002105.1', 'coord_system': 'scaffold'}, {'coord_system': 'scaffold', 'name': 'AANG04002106.1', 'length': 73626}, {'length': 37361, 'name': 'AANG04002107.1', 'coord_system': 'scaffold'}, {'coord_system': 'scaffold', 'length': 15974, 'name': 'AANG04002108.1'}, {'coord_system': 'scaffold', 'name': 'AANG04002109.1', 'length': 13981}, {'length': 9987, 'name': 'AANG04002110.1', 'coord_system': 'scaffold'}, {'name': 'AANG04002113.1', 'length': 21988, 'coord_system': 'scaffold'}, {'length': 11215, 'name': 'AANG04002114.1', 'coord_system': 'scaffold'}, {'length': 11847, 'name': 'AANG04002115.1', 'coord_system': 'scaffold'}, {'length': 5988, 'name': 'AANG04002116.1', 'coord_system': 'scaffold'}, {'name': 'AANG04002117.1', 'length': 8826, 'coord_system': 'scaffold'}, {'name': 'AANG04002118.1', 'length': 15235, 'coord_system': 'scaffold'}, {'coord_system': 'scaffold', 'name': 'AANG04002119.1', 'length': 31048}, {'name': 'AANG04002120.1', 'length': 7976, 'coord_system': 'scaffold'}, {'name': 'AANG04002121.1', 'length': 23986, 'coord_system': 'scaffold'}, {'coord_system': 'scaffold', 'name': 'AANG04002122.1', 'length': 9988}, {'coord_system': 'scaffold', 'name': 'AANG04002123.1', 'length': 4011}, {'name': 'AANG04002124.1', 'length': 6962, 'coord_system': 'scaffold'}, {'name': 'AANG04002125.1', 'length': 8013, 'coord_system': 'scaffold'}, {'coord_system': 'scaffold', 'name': 'AANG04002126.1', 'length': 6983}, {'coord_system': 'scaffold', 'length': 8990, 'name': 'AANG04002127.1'}, {'length': 4424, 'name': 'AANG04002129.1', 'coord_system': 'scaffold'}, {'coord_system': 'scaffold', 'length': 3988, 'name': 'AANG04002130.1'}, {'name': 'AANG04002131.1', 'length': 4988, 'coord_system': 'scaffold'}, {'name': 'AANG04002132.1', 'length': 3988, 'coord_system': 'scaffold'}, {'name': 'AANG04002133.1', 'length': 7987, 'coord_system': 'scaffold'}, {'coord_system': 'scaffold', 'length': 6559, 'name': 'AANG04002136.1'}, {'name': 'AANG04002137.1', 'length': 2993, 'coord_system': 'scaffold'}, {'coord_system': 'scaffold', 'length': 7988, 'name': 'AANG04002138.1'}, {'name': 'AANG04002139.1', 'length': 13987, 'coord_system': 'scaffold'}, {'coord_system': 'scaffold', 'length': 5356, 'name': 'AANG04002140.1'}, {'name': 'AANG04002141.1', 'length': 8987, 'coord_system': 'scaffold'}, {'name': 'AANG04002142.1', 'length': 7320, 'coord_system': 'scaffold'}, {'name': 'AANG04002143.1', 'length': 6984, 'coord_system': 'scaffold'}, {'coord_system': 'scaffold', 'length': 7988, 'name': 'AANG04002144.1'}, {'length': 6887, 'name': 'AANG04002145.1', 'coord_system': 'scaffold'}, {'coord_system': 'scaffold', 'length': 6893, 'name': 'AANG04002146.1'}, {'name': 'AANG04002147.1', 'length': 8981, 'coord_system': 'scaffold'}, {'coord_system': 'scaffold', 'length': 12977, 'name': 'AANG04002148.1'}, {'coord_system': 'scaffold', 'name': 'AANG04002149.1', 'length': 6988}, {'coord_system': 'scaffold', 'name': 'AANG04002150.1', 'length': 21764}, {'name': 'AANG04002151.1', 'length': 8303, 'coord_system': 'scaffold'}, {'name': 'AANG04002152.1', 'length': 11191, 'coord_system': 'scaffold'}, {'coord_system': 'scaffold', 'name': 'AANG04002153.1', 'length': 9322}, {'coord_system': 'scaffold', 'name': 'AANG04002154.1', 'length': 3988}, {'name': 'AANG04002155.1', 'length': 45003, 'coord_system': 'scaffold'}, {'coord_system': 'scaffold', 'name': 'AANG04002156.1', 'length': 11061}, {'coord_system': 'scaffold', 'name': 'AANG04002157.1', 'length': 8664}, {'name': 'AANG04002158.1', 'length': 13517, 'coord_system': 'scaffold'}, {'coord_system': 'scaffold', 'name': 'AANG04002160.1', 'length': 10986}, {'coord_system': 'scaffold', 'name': 'AANG04002161.1', 'length': 5987}, {'coord_system': 'scaffold', 'name': 'AANG04002162.1', 'length': 47922}, {'name': 'AANG04002163.1', 'length': 10192, 'coord_system': 'scaffold'}, {'coord_system': 'scaffold', 'length': 54401, 'name': 'AANG04002164.1'}, {'coord_system': 'scaffold', 'length': 2988, 'name': 'AANG04002165.1'}, {'coord_system': 'scaffold', 'name': 'AANG04002166.1', 'length': 12702}, {'length': 5987, 'name': 'AANG04002168.1', 'coord_system': 'scaffold'}, {'length': 6171, 'name': 'AANG04002169.1', 'coord_system': 'scaffold'}, {'coord_system': 'scaffold', 'length': 4025, 'name': 'AANG04002170.1'}, {'length': 6987, 'name': 'AANG04002171.1', 'coord_system': 'scaffold'}, {'length': 10319, 'name': 'AANG04002172.1', 'coord_system': 'scaffold'}, {'coord_system': 'scaffold', 'length': 6988, 'name': 'AANG04002173.1'}, {'coord_system': 'scaffold', 'name': 'AANG04002174.1', 'length': 6988}, {'coord_system': 'scaffold', 'length': 6989, 'name': 'AANG04002176.1'}, {'coord_system': 'scaffold', 'name': 'AANG04002177.1', 'length': 9113}, {'length': 18443, 'name': 'AANG04002178.1', 'coord_system': 'scaffold'}, {'coord_system': 'scaffold', 'name': 'AANG04002179.1', 'length': 13160}, {'name': 'AANG04002180.1', 'length': 7208, 'coord_system': 'scaffold'}, {'coord_system': 'scaffold', 'name': 'AANG04002181.1', 'length': 9988}, {'coord_system': 'scaffold', 'length': 10984, 'name': 'AANG04002182.1'}, {'coord_system': 'scaffold', 'length': 5212, 'name': 'AANG04002183.1'}, {'coord_system': 'scaffold', 'length': 6125, 'name': 'AANG04002184.1'}, {'coord_system': 'scaffold', 'length': 3987, 'name': 'AANG04002185.1'}, {'coord_system': 'scaffold', 'length': 15498, 'name': 'AANG04002186.1'}, {'name': 'AANG04002187.1', 'length': 7988, 'coord_system': 'scaffold'}, {'name': 'AANG04002188.1', 'length': 3987, 'coord_system': 'scaffold'}, {'name': 'AANG04002189.1', 'length': 9988, 'coord_system': 'scaffold'}, {'coord_system': 'scaffold', 'length': 8988, 'name': 'AANG04002190.1'}, {'length': 7181, 'name': 'AANG04002191.1', 'coord_system': 'scaffold'}, {'coord_system': 'scaffold', 'length': 8177, 'name': 'AANG04002192.1'}, {'coord_system': 'scaffold', 'length': 6985, 'name': 'AANG04002193.1'}, {'name': 'AANG04002194.1', 'length': 8987, 'coord_system': 'scaffold'}, {'coord_system': 'scaffold', 'length': 3988, 'name': 'AANG04002196.1'}, {'name': 'AANG04002197.1', 'length': 10987, 'coord_system': 'scaffold'}, {'name': 'AANG04002198.1', 'length': 6482, 'coord_system': 'scaffold'}, {'name': 'AANG04002199.1', 'length': 7987, 'coord_system': 'scaffold'}, {'length': 31843, 'name': 'AANG04002200.1', 'coord_system': 'scaffold'}, {'coord_system': 'scaffold', 'length': 21343, 'name': 'AANG04002201.1'}, {'coord_system': 'scaffold', 'name': 'AANG04002202.1', 'length': 3988}, {'coord_system': 'scaffold', 'length': 10979, 'name': 'AANG04002203.1'}, {'length': 6988, 'name': 'AANG04002204.1', 'coord_system': 'scaffold'}, {'coord_system': 'scaffold', 'length': 44465, 'name': 'AANG04002205.1'}, {'coord_system': 'scaffold', 'name': 'AANG04002206.1', 'length': 4986}, {'coord_system': 'scaffold', 'name': 'AANG04002207.1', 'length': 8093}, {'length': 13487, 'name': 'AANG04002208.1', 'coord_system': 'scaffold'}, {'coord_system': 'scaffold', 'length': 14631, 'name': 'AANG04002209.1'}, {'coord_system': 'scaffold', 'name': 'AANG04002210.1', 'length': 7988}, {'coord_system': 'scaffold', 'length': 9080, 'name': 'AANG04002211.1'}, {'name': 'AANG04002212.1', 'length': 5987, 'coord_system': 'scaffold'}, {'length': 9182, 'name': 'AANG04002213.1', 'coord_system': 'scaffold'}, {'length': 9988, 'name': 'AANG04002214.1', 'coord_system': 'scaffold'}, {'name': 'AANG04002215.1', 'length': 3988, 'coord_system': 'scaffold'}, {'name': 'AANG04002216.1', 'length': 14004, 'coord_system': 'scaffold'}, {'coord_system': 'scaffold', 'name': 'AANG04002217.1', 'length': 20415}, {'name': 'AANG04002218.1', 'length': 5990, 'coord_system': 'scaffold'}, {'coord_system': 'scaffold', 'name': 'AANG04002219.1', 'length': 9770}, {'length': 53644, 'name': 'AANG04002220.1', 'coord_system': 'scaffold'}, {'coord_system': 'scaffold', 'length': 10031, 'name': 'AANG04002221.1'}, {'coord_system': 'scaffold', 'name': 'AANG04002222.1', 'length': 15893}, {'coord_system': 'scaffold', 'name': 'AANG04002223.1', 'length': 4729}, {'length': 14988, 'name': 'AANG04002224.1', 'coord_system': 'scaffold'}, {'coord_system': 'scaffold', 'name': 'AANG04002225.1', 'length': 26046}, {'length': 17614, 'name': 'AANG04002226.1', 'coord_system': 'scaffold'}, {'length': 3988, 'name': 'AANG04002227.1', 'coord_system': 'scaffold'}, {'coord_system': 'scaffold', 'length': 57999, 'name': 'AANG04002228.1'}, {'name': 'AANG04002229.1', 'length': 11192, 'coord_system': 'scaffold'}, {'name': 'AANG04002230.1', 'length': 6397, 'coord_system': 'scaffold'}, {'length': 14965, 'name': 'AANG04002231.1', 'coord_system': 'scaffold'}, {'length': 22830, 'name': 'AANG04002232.1', 'coord_system': 'scaffold'}, {'length': 10988, 'name': 'AANG04002233.1', 'coord_system': 'scaffold'}, {'length': 7935, 'name': 'AANG04002234.1', 'coord_system': 'scaffold'}, {'coord_system': 'scaffold', 'name': 'AANG04002235.1', 'length': 12985}, {'name': 'AANG04002236.1', 'length': 14244, 'coord_system': 'scaffold'}, {'coord_system': 'scaffold', 'name': 'AANG04002237.1', 'length': 11100}, {'name': 'AANG04002238.1', 'length': 6955, 'coord_system': 'scaffold'}, {'coord_system': 'scaffold', 'name': 'AANG04002239.1', 'length': 8263}, {'length': 12092, 'name': 'AANG04002240.1', 'coord_system': 'scaffold'}, {'length': 22345, 'name': 'AANG04002241.1', 'coord_system': 'scaffold'}, {'coord_system': 'scaffold', 'length': 2987, 'name': 'AANG04002242.1'}, {'length': 47994, 'name': 'AANG04002243.1', 'coord_system': 'scaffold'}, {'length': 3988, 'name': 'AANG04002244.1', 'coord_system': 'scaffold'}, {'coord_system': 'scaffold', 'name': 'AANG04002245.1', 'length': 13845}, {'coord_system': 'scaffold', 'length': 25976, 'name': 'AANG04002246.1'}, {'coord_system': 'scaffold', 'length': 5988, 'name': 'AANG04002247.1'}, {'coord_system': 'scaffold', 'length': 22988, 'name': 'AANG04002248.1'}, {'length': 9987, 'name': 'AANG04002249.1', 'coord_system': 'scaffold'}, {'coord_system': 'scaffold', 'name': 'AANG04002250.1', 'length': 39958}, {'name': 'AANG04002251.1', 'length': 10043, 'coord_system': 'scaffold'}, {'length': 16141, 'name': 'AANG04002252.1', 'coord_system': 'scaffold'}, {'coord_system': 'scaffold', 'length': 9657, 'name': 'AANG04002253.1'}, {'name': 'AANG04002254.1', 'length': 4140, 'coord_system': 'scaffold'}, {'coord_system': 'scaffold', 'length': 19442, 'name': 'AANG04002255.1'}, {'coord_system': 'scaffold', 'name': 'AANG04002257.1', 'length': 4702}, {'name': 'AANG04002258.1', 'length': 7181, 'coord_system': 'scaffold'}, {'length': 4988, 'name': 'AANG04002259.1', 'coord_system': 'scaffold'}, {'coord_system': 'scaffold', 'length': 10984, 'name': 'AANG04002260.1'}, {'coord_system': 'scaffold', 'length': 3990, 'name': 'AANG04002261.1'}, {'coord_system': 'scaffold', 'name': 'AANG04002262.1', 'length': 9100}, {'length': 11988, 'name': 'AANG04002263.1', 'coord_system': 'scaffold'}, {'name': 'AANG04002264.1', 'length': 13457, 'coord_system': 'scaffold'}, {'coord_system': 'scaffold', 'name': 'AANG04002265.1', 'length': 52237}, {'length': 9868, 'name': 'AANG04002266.1', 'coord_system': 'scaffold'}, {'coord_system': 'scaffold', 'name': 'AANG04002267.1', 'length': 3988}, {'name': 'AANG04002268.1', 'length': 4988, 'coord_system': 'scaffold'}, {'length': 5988, 'name': 'AANG04002269.1', 'coord_system': 'scaffold'}, {'length': 6985, 'name': 'AANG04002270.1', 'coord_system': 'scaffold'}, {'coord_system': 'scaffold', 'length': 5989, 'name': 'AANG04002271.1'}, {'length': 17856, 'name': 'AANG04002272.1', 'coord_system': 'scaffold'}, {'length': 10091, 'name': 'AANG04002274.1', 'coord_system': 'scaffold'}, {'name': 'AANG04002275.1', 'length': 11961, 'coord_system': 'scaffold'}, {'coord_system': 'scaffold', 'name': 'AANG04002276.1', 'length': 9283}, {'coord_system': 'scaffold', 'name': 'AANG04002277.1', 'length': 84506}, {'coord_system': 'scaffold', 'name': 'AANG04002278.1', 'length': 6986}, {'coord_system': 'scaffold', 'name': 'AANG04002279.1', 'length': 4988}, {'coord_system': 'scaffold', 'length': 7987, 'name': 'AANG04002280.1'}, {'coord_system': 'scaffold', 'name': 'AANG04002281.1', 'length': 17841}, {'length': 6988, 'name': 'AANG04002282.1', 'coord_system': 'scaffold'}, {'coord_system': 'scaffold', 'name': 'AANG04002283.1', 'length': 6432}, {'coord_system': 'scaffold', 'length': 9255, 'name': 'AANG04002284.1'}, {'coord_system': 'scaffold', 'length': 19744, 'name': 'AANG04002285.1'}, {'coord_system': 'scaffold', 'length': 4988, 'name': 'AANG04002286.1'}, {'coord_system': 'scaffold', 'length': 6204, 'name': 'AANG04002287.1'}, {'name': 'AANG04002288.1', 'length': 51774, 'coord_system': 'scaffold'}, {'name': 'AANG04002289.1', 'length': 3988, 'coord_system': 'scaffold'}, {'coord_system': 'scaffold', 'length': 7987, 'name': 'AANG04002290.1'}, {'name': 'AANG04002291.1', 'length': 24078, 'coord_system': 'scaffold'}, {'length': 8983, 'name': 'AANG04002292.1', 'coord_system': 'scaffold'}, {'length': 7356, 'name': 'AANG04002293.1', 'coord_system': 'scaffold'}, {'coord_system': 'scaffold', 'name': 'AANG04002294.1', 'length': 8833}, {'coord_system': 'scaffold', 'length': 6988, 'name': 'AANG04002295.1'}, {'coord_system': 'scaffold', 'length': 18440, 'name': 'AANG04002296.1'}, {'name': 'AANG04002297.1', 'length': 8518, 'coord_system': 'scaffold'}, {'length': 6214, 'name': 'AANG04002298.1', 'coord_system': 'scaffold'}, {'length': 16806, 'name': 'AANG04002299.1', 'coord_system': 'scaffold'}, {'name': 'AANG04002300.1', 'length': 8034, 'coord_system': 'scaffold'}, {'name': 'AANG04002301.1', 'length': 7985, 'coord_system': 'scaffold'}, {'name': 'AANG04002302.1', 'length': 6988, 'coord_system': 'scaffold'}, {'coord_system': 'scaffold', 'length': 8377, 'name': 'AANG04002303.1'}, {'length': 2988, 'name': 'AANG04002304.1', 'coord_system': 'scaffold'}, {'coord_system': 'scaffold', 'length': 4237, 'name': 'AANG04002305.1'}, {'coord_system': 'scaffold', 'name': 'AANG04002306.1', 'length': 15088}, {'length': 8984, 'name': 'AANG04002307.1', 'coord_system': 'scaffold'}, {'name': 'AANG04002308.1', 'length': 43672, 'coord_system': 'scaffold'}, {'length': 3988, 'name': 'AANG04002309.1', 'coord_system': 'scaffold'}, {'coord_system': 'scaffold', 'name': 'AANG04002310.1', 'length': 6210}, {'coord_system': 'scaffold', 'name': 'AANG04002311.1', 'length': 8581}, {'coord_system': 'scaffold', 'name': 'AANG04002312.1', 'length': 18557}, {'coord_system': 'scaffold', 'name': 'AANG04002313.1', 'length': 8988}, {'coord_system': 'scaffold', 'name': 'AANG04002314.1', 'length': 14979}, {'name': 'AANG04002315.1', 'length': 16005, 'coord_system': 'scaffold'}, {'name': 'AANG04002316.1', 'length': 9565, 'coord_system': 'scaffold'}, {'coord_system': 'scaffold', 'length': 5988, 'name': 'AANG04002317.1'}, {'name': 'AANG04002318.1', 'length': 9986, 'coord_system': 'scaffold'}, {'length': 8251, 'name': 'AANG04002319.1', 'coord_system': 'scaffold'}, {'name': 'AANG04002320.1', 'length': 10986, 'coord_system': 'scaffold'}, {'length': 10988, 'name': 'AANG04002321.1', 'coord_system': 'scaffold'}, {'coord_system': 'scaffold', 'length': 4989, 'name': 'AANG04002322.1'}, {'coord_system': 'scaffold', 'length': 11979, 'name': 'AANG04002323.1'}, {'name': 'AANG04002324.1', 'length': 8990, 'coord_system': 'scaffold'}, {'name': 'AANG04002325.1', 'length': 4988, 'coord_system': 'scaffold'}, {'coord_system': 'scaffold', 'length': 16989, 'name': 'AANG04002326.1'}, {'name': 'AANG04002327.1', 'length': 32871, 'coord_system': 'scaffold'}, {'name': 'AANG04002328.1', 'length': 5988, 'coord_system': 'scaffold'}, {'name': 'AANG04002329.1', 'length': 9005, 'coord_system': 'scaffold'}, {'coord_system': 'scaffold', 'name': 'AANG04002330.1', 'length': 11989}, {'name': 'AANG04002331.1', 'length': 7788, 'coord_system': 'scaffold'}, {'name': 'AANG04002332.1', 'length': 3988, 'coord_system': 'scaffold'}, {'name': 'AANG04002333.1', 'length': 6988, 'coord_system': 'scaffold'}, {'name': 'AANG04002334.1', 'length': 8193, 'coord_system': 'scaffold'}, {'length': 6989, 'name': 'AANG04002335.1', 'coord_system': 'scaffold'}, {'name': 'AANG04002336.1', 'length': 3987, 'coord_system': 'scaffold'}, {'length': 3587, 'name': 'AANG04002337.1', 'coord_system': 'scaffold'}, {'name': 'AANG04002338.1', 'length': 27988, 'coord_system': 'scaffold'}, {'coord_system': 'scaffold', 'length': 8699, 'name': 'AANG04002339.1'}, {'coord_system': 'scaffold', 'name': 'AANG04002340.1', 'length': 5140}, {'coord_system': 'scaffold', 'length': 2988, 'name': 'AANG04002341.1'}, {'coord_system': 'scaffold', 'name': 'AANG04002342.1', 'length': 5988}, {'length': 4988, 'name': 'AANG04002343.1', 'coord_system': 'scaffold'}, {'length': 28137, 'name': 'AANG04002344.1', 'coord_system': 'scaffold'}, {'coord_system': 'scaffold', 'length': 10987, 'name': 'AANG04002346.1'}, {'coord_system': 'scaffold', 'name': 'AANG04002347.1', 'length': 7988}, {'coord_system': 'scaffold', 'length': 19945, 'name': 'AANG04002348.1'}, {'name': 'AANG04002349.1', 'length': 9980, 'coord_system': 'scaffold'}, {'length': 4986, 'name': 'AANG04002350.1', 'coord_system': 'scaffold'}, {'length': 75844, 'name': 'AANG04002351.1', 'coord_system': 'scaffold'}, {'length': 9984, 'name': 'AANG04002353.1', 'coord_system': 'scaffold'}, {'name': 'AANG04002354.1', 'length': 12248, 'coord_system': 'scaffold'}, {'coord_system': 'scaffold', 'name': 'AANG04002356.1', 'length': 13758}, {'coord_system': 'scaffold', 'length': 7245, 'name': 'AANG04002357.1'}, {'coord_system': 'scaffold', 'name': 'AANG04002358.1', 'length': 9988}, {'length': 26988, 'name': 'AANG04002359.1', 'coord_system': 'scaffold'}, {'coord_system': 'scaffold', 'length': 9041, 'name': 'AANG04002360.1'}, {'coord_system': 'scaffold', 'name': 'AANG04002362.1', 'length': 5159}, {'coord_system': 'scaffold', 'length': 9988, 'name': 'AANG04002363.1'}, {'coord_system': 'scaffold', 'length': 12235, 'name': 'AANG04002364.1'}, {'name': 'AANG04002365.1', 'length': 14988, 'coord_system': 'scaffold'}, {'name': 'AANG04002366.1', 'length': 7841, 'coord_system': 'scaffold'}, {'coord_system': 'scaffold', 'name': 'AANG04002367.1', 'length': 13397}, {'coord_system': 'scaffold', 'name': 'AANG04002368.1', 'length': 7988}, {'coord_system': 'scaffold', 'length': 4814, 'name': 'AANG04002369.1'}, {'coord_system': 'scaffold', 'name': 'AANG04002370.1', 'length': 10354}, {'coord_system': 'scaffold', 'name': 'AANG04002371.1', 'length': 14643}, {'length': 16974, 'name': 'AANG04002372.1', 'coord_system': 'scaffold'}, {'coord_system': 'scaffold', 'length': 3227, 'name': 'AANG04002373.1'}, {'name': 'AANG04002374.1', 'length': 11989, 'coord_system': 'scaffold'}, {'name': 'AANG04002375.1', 'length': 5988, 'coord_system': 'scaffold'}, {'coord_system': 'scaffold', 'length': 6771, 'name': 'AANG04002376.1'}, {'name': 'AANG04002377.1', 'length': 8989, 'coord_system': 'scaffold'}, {'name': 'AANG04002378.1', 'length': 3988, 'coord_system': 'scaffold'}, {'coord_system': 'scaffold', 'name': 'AANG04002379.1', 'length': 7988}, {'coord_system': 'scaffold', 'length': 11978, 'name': 'AANG04002380.1'}, {'length': 10987, 'name': 'AANG04002381.1', 'coord_system': 'scaffold'}, {'coord_system': 'scaffold', 'name': 'AANG04002382.1', 'length': 26130}, {'name': 'AANG04002383.1', 'length': 11966, 'coord_system': 'scaffold'}, {'coord_system': 'scaffold', 'name': 'AANG04002384.1', 'length': 3807}, {'coord_system': 'scaffold', 'name': 'AANG04002385.1', 'length': 5988}, {'name': 'AANG04002386.1', 'length': 42836, 'coord_system': 'scaffold'}, {'coord_system': 'scaffold', 'name': 'AANG04002387.1', 'length': 13031}, {'length': 5988, 'name': 'AANG04002388.1', 'coord_system': 'scaffold'}, {'coord_system': 'scaffold', 'length': 35036, 'name': 'AANG04002389.1'}, {'name': 'AANG04002390.1', 'length': 9977, 'coord_system': 'scaffold'}, {'coord_system': 'scaffold', 'length': 29733, 'name': 'AANG04002391.1'}, {'coord_system': 'scaffold', 'name': 'AANG04002392.1', 'length': 14986}, {'coord_system': 'scaffold', 'length': 8986, 'name': 'AANG04002393.1'}, {'coord_system': 'scaffold', 'name': 'AANG04002394.1', 'length': 6917}, {'coord_system': 'scaffold', 'name': 'AANG04002395.1', 'length': 12048}, {'coord_system': 'scaffold', 'name': 'AANG04002396.1', 'length': 6988}, {'coord_system': 'scaffold', 'length': 6989, 'name': 'AANG04002397.1'}, {'coord_system': 'scaffold', 'name': 'AANG04002398.1', 'length': 7979}, {'coord_system': 'scaffold', 'length': 15469, 'name': 'AANG04002399.1'}, {'length': 10987, 'name': 'AANG04002400.1', 'coord_system': 'scaffold'}, {'name': 'AANG04002401.1', 'length': 9474, 'coord_system': 'scaffold'}, {'length': 18986, 'name': 'AANG04002402.1', 'coord_system': 'scaffold'}, {'coord_system': 'scaffold', 'name': 'AANG04002403.1', 'length': 9194}, {'coord_system': 'scaffold', 'length': 6988, 'name': 'AANG04002404.1'}, {'length': 26990, 'name': 'AANG04002405.1', 'coord_system': 'scaffold'}, {'coord_system': 'scaffold', 'length': 4987, 'name': 'AANG04002406.1'}, {'length': 13377, 'name': 'AANG04002407.1', 'coord_system': 'scaffold'}, {'name': 'AANG04002408.1', 'length': 2988, 'coord_system': 'scaffold'}, {'coord_system': 'scaffold', 'length': 10992, 'name': 'AANG04002409.1'}, {'length': 12984, 'name': 'AANG04002410.1', 'coord_system': 'scaffold'}, {'coord_system': 'scaffold', 'length': 7278, 'name': 'AANG04002411.1'}, {'coord_system': 'scaffold', 'name': 'AANG04002412.1', 'length': 6988}, {'length': 5985, 'name': 'AANG04002413.1', 'coord_system': 'scaffold'}, {'coord_system': 'scaffold', 'length': 25387, 'name': 'AANG04002414.1'}, {'length': 13135, 'name': 'AANG04002415.1', 'coord_system': 'scaffold'}, {'name': 'AANG04002416.1', 'length': 12982, 'coord_system': 'scaffold'}, {'coord_system': 'scaffold', 'name': 'AANG04002417.1', 'length': 8872}, {'length': 2988, 'name': 'AANG04002418.1', 'coord_system': 'scaffold'}, {'name': 'AANG04002419.1', 'length': 8997, 'coord_system': 'scaffold'}, {'coord_system': 'scaffold', 'length': 9986, 'name': 'AANG04002420.1'}, {'name': 'AANG04002421.1', 'length': 3986, 'coord_system': 'scaffold'}, {'coord_system': 'scaffold', 'length': 9988, 'name': 'AANG04002422.1'}, {'coord_system': 'scaffold', 'length': 18893, 'name': 'AANG04002424.1'}, {'coord_system': 'scaffold', 'length': 7875, 'name': 'AANG04002425.1'}, {'name': 'AANG04002426.1', 'length': 8986, 'coord_system': 'scaffold'}, {'coord_system': 'scaffold', 'name': 'AANG04002427.1', 'length': 15960}, {'length': 2987, 'name': 'AANG04002428.1', 'coord_system': 'scaffold'}, {'coord_system': 'scaffold', 'length': 10646, 'name': 'AANG04002429.1'}, {'name': 'AANG04002430.1', 'length': 5988, 'coord_system': 'scaffold'}, {'coord_system': 'scaffold', 'name': 'AANG04002431.1', 'length': 17400}, {'name': 'AANG04002432.1', 'length': 11731, 'coord_system': 'scaffold'}, {'length': 8168, 'name': 'AANG04002433.1', 'coord_system': 'scaffold'}, {'coord_system': 'scaffold', 'length': 14987, 'name': 'AANG04002434.1'}, {'coord_system': 'scaffold', 'name': 'AANG04002435.1', 'length': 5988}, {'coord_system': 'scaffold', 'name': 'AANG04002436.1', 'length': 11508}, {'length': 3988, 'name': 'AANG04002437.1', 'coord_system': 'scaffold'}, {'coord_system': 'scaffold', 'name': 'AANG04002438.1', 'length': 10988}, {'name': 'AANG04002439.1', 'length': 5988, 'coord_system': 'scaffold'}, {'coord_system': 'scaffold', 'name': 'AANG04002440.1', 'length': 3912}, {'name': 'AANG04002441.1', 'length': 9167, 'coord_system': 'scaffold'}, {'coord_system': 'scaffold', 'length': 15481, 'name': 'AANG04002442.1'}, {'name': 'AANG04002443.1', 'length': 55151, 'coord_system': 'scaffold'}, {'length': 3988, 'name': 'AANG04002444.1', 'coord_system': 'scaffold'}, {'length': 4591, 'name': 'AANG04002445.1', 'coord_system': 'scaffold'}, {'length': 8983, 'name': 'AANG04002446.1', 'coord_system': 'scaffold'}, {'coord_system': 'scaffold', 'length': 10986, 'name': 'AANG04002447.1'}, {'name': 'AANG04002448.1', 'length': 5985, 'coord_system': 'scaffold'}, {'coord_system': 'scaffold', 'length': 16988, 'name': 'AANG04002449.1'}, {'coord_system': 'scaffold', 'name': 'AANG04002450.1', 'length': 48425}, {'coord_system': 'scaffold', 'name': 'AANG04002452.1', 'length': 7184}, {'coord_system': 'scaffold', 'name': 'AANG04002453.1', 'length': 13474}, {'name': 'AANG04002454.1', 'length': 12987, 'coord_system': 'scaffold'}, {'name': 'AANG04002455.1', 'length': 19405, 'coord_system': 'scaffold'}, {'coord_system': 'scaffold', 'length': 8945, 'name': 'AANG04002456.1'}, {'coord_system': 'scaffold', 'length': 11988, 'name': 'AANG04002457.1'}, {'name': 'AANG04002458.1', 'length': 11981, 'coord_system': 'scaffold'}, {'coord_system': 'scaffold', 'length': 7943, 'name': 'AANG04002459.1'}, {'coord_system': 'scaffold', 'name': 'AANG04002460.1', 'length': 9216}, {'coord_system': 'scaffold', 'name': 'AANG04002461.1', 'length': 4188}, {'coord_system': 'scaffold', 'length': 2991, 'name': 'AANG04002463.1'}, {'length': 10987, 'name': 'AANG04002464.1', 'coord_system': 'scaffold'}, {'coord_system': 'scaffold', 'length': 14696, 'name': 'AANG04002465.1'}, {'name': 'AANG04002466.1', 'length': 14265, 'coord_system': 'scaffold'}, {'name': 'AANG04002467.1', 'length': 3984, 'coord_system': 'scaffold'}, {'coord_system': 'scaffold', 'name': 'AANG04002468.1', 'length': 4987}, {'coord_system': 'scaffold', 'name': 'AANG04002469.1', 'length': 7034}, {'name': 'AANG04002470.1', 'length': 5987, 'coord_system': 'scaffold'}, {'length': 7989, 'name': 'AANG04002471.1', 'coord_system': 'scaffold'}, {'coord_system': 'scaffold', 'name': 'AANG04002473.1', 'length': 3790}, {'name': 'AANG04002474.1', 'length': 9429, 'coord_system': 'scaffold'}, {'coord_system': 'scaffold', 'length': 2988, 'name': 'AANG04002475.1'}, {'length': 9852, 'name': 'AANG04002476.1', 'coord_system': 'scaffold'}, {'coord_system': 'scaffold', 'name': 'AANG04002477.1', 'length': 7694}, {'length': 11413, 'name': 'AANG04002478.1', 'coord_system': 'scaffold'}, {'length': 4988, 'name': 'AANG04002479.1', 'coord_system': 'scaffold'}, {'coord_system': 'scaffold', 'name': 'AANG04002480.1', 'length': 9984}, {'coord_system': 'scaffold', 'length': 4988, 'name': 'AANG04002481.1'}, {'name': 'AANG04002482.1', 'length': 6988, 'coord_system': 'scaffold'}, {'length': 14984, 'name': 'AANG04002483.1', 'coord_system': 'scaffold'}, {'length': 12988, 'name': 'AANG04002484.1', 'coord_system': 'scaffold'}, {'length': 7585, 'name': 'AANG04002485.1', 'coord_system': 'scaffold'}, {'name': 'AANG04002486.1', 'length': 11027, 'coord_system': 'scaffold'}, {'coord_system': 'scaffold', 'length': 11993, 'name': 'AANG04002487.1'}, {'coord_system': 'scaffold', 'name': 'AANG04002488.1', 'length': 17991}, {'length': 9840, 'name': 'AANG04002489.1', 'coord_system': 'scaffold'}, {'length': 11986, 'name': 'AANG04002490.1', 'coord_system': 'scaffold'}, {'coord_system': 'scaffold', 'name': 'AANG04002491.1', 'length': 4988}, {'name': 'AANG04002492.1', 'length': 13937, 'coord_system': 'scaffold'}, {'length': 8044, 'name': 'AANG04002493.1', 'coord_system': 'scaffold'}, {'coord_system': 'scaffold', 'name': 'AANG04002494.1', 'length': 9986}, {'coord_system': 'scaffold', 'name': 'AANG04002495.1', 'length': 10987}, {'coord_system': 'scaffold', 'name': 'AANG04002497.1', 'length': 5089}, {'coord_system': 'scaffold', 'length': 3780, 'name': 'AANG04002498.1'}, {'coord_system': 'scaffold', 'length': 10989, 'name': 'AANG04002499.1'}, {'name': 'AANG04002500.1', 'length': 9215, 'coord_system': 'scaffold'}, {'coord_system': 'scaffold', 'length': 9987, 'name': 'AANG04002501.1'}, {'length': 14950, 'name': 'AANG04002502.1', 'coord_system': 'scaffold'}, {'length': 5988, 'name': 'AANG04002503.1', 'coord_system': 'scaffold'}, {'coord_system': 'scaffold', 'length': 9986, 'name': 'AANG04002504.1'}, {'coord_system': 'scaffold', 'name': 'AANG04002505.1', 'length': 25177}, {'length': 8988, 'name': 'AANG04002506.1', 'coord_system': 'scaffold'}, {'coord_system': 'scaffold', 'length': 6988, 'name': 'AANG04002507.1'}, {'coord_system': 'scaffold', 'length': 12986, 'name': 'AANG04002508.1'}, {'coord_system': 'scaffold', 'name': 'AANG04002509.1', 'length': 5368}, {'coord_system': 'scaffold', 'name': 'AANG04002510.1', 'length': 19175}, {'name': 'AANG04002511.1', 'length': 19990, 'coord_system': 'scaffold'}, {'coord_system': 'scaffold', 'length': 39154, 'name': 'AANG04002513.1'}, {'name': 'AANG04002515.1', 'length': 7987, 'coord_system': 'scaffold'}, {'coord_system': 'scaffold', 'name': 'AANG04002516.1', 'length': 7306}, {'name': 'AANG04002517.1', 'length': 5988, 'coord_system': 'scaffold'}, {'name': 'AANG04002518.1', 'length': 3987, 'coord_system': 'scaffold'}, {'length': 14486, 'name': 'AANG04002519.1', 'coord_system': 'scaffold'}, {'length': 5987, 'name': 'AANG04002520.1', 'coord_system': 'scaffold'}, {'name': 'AANG04002521.1', 'length': 59246, 'coord_system': 'scaffold'}, {'length': 12986, 'name': 'AANG04002522.1', 'coord_system': 'scaffold'}, {'name': 'AANG04002523.1', 'length': 33916, 'coord_system': 'scaffold'}, {'coord_system': 'scaffold', 'length': 10989, 'name': 'AANG04002525.1'}, {'name': 'AANG04002526.1', 'length': 7987, 'coord_system': 'scaffold'}, {'name': 'AANG04002527.1', 'length': 4987, 'coord_system': 'scaffold'}, {'coord_system': 'scaffold', 'name': 'AANG04002528.1', 'length': 7156}, {'coord_system': 'scaffold', 'name': 'AANG04002529.1', 'length': 7988}, {'name': 'AANG04002530.1', 'length': 11211, 'coord_system': 'scaffold'}, {'coord_system': 'scaffold', 'name': 'AANG04002531.1', 'length': 8939}, {'coord_system': 'scaffold', 'length': 85956, 'name': 'AANG04002532.1'}, {'length': 9989, 'name': 'AANG04002533.1', 'coord_system': 'scaffold'}, {'coord_system': 'scaffold', 'length': 11657, 'name': 'AANG04002534.1'}, {'length': 20178, 'name': 'AANG04002535.1', 'coord_system': 'scaffold'}, {'name': 'AANG04002536.1', 'length': 11044, 'coord_system': 'scaffold'}, {'length': 19581, 'name': 'AANG04002537.1', 'coord_system': 'scaffold'}, {'coord_system': 'scaffold', 'name': 'AANG04002538.1', 'length': 4988}, {'coord_system': 'scaffold', 'name': 'AANG04002539.1', 'length': 6988}, {'name': 'AANG04002540.1', 'length': 21598, 'coord_system': 'scaffold'}, {'length': 20974, 'name': 'AANG04002541.1', 'coord_system': 'scaffold'}, {'name': 'AANG04002542.1', 'length': 4988, 'coord_system': 'scaffold'}, {'coord_system': 'scaffold', 'name': 'AANG04002543.1', 'length': 3988}, {'coord_system': 'scaffold', 'length': 25575, 'name': 'AANG04002544.1'}, {'length': 8986, 'name': 'AANG04002545.1', 'coord_system': 'scaffold'}, {'length': 12924, 'name': 'AANG04002546.1', 'coord_system': 'scaffold'}, {'length': 11987, 'name': 'AANG04002547.1', 'coord_system': 'scaffold'}, {'coord_system': 'scaffold', 'name': 'AANG04002549.1', 'length': 8987}, {'length': 5971, 'name': 'AANG04002550.1', 'coord_system': 'scaffold'}, {'length': 8986, 'name': 'AANG04002551.1', 'coord_system': 'scaffold'}, {'coord_system': 'scaffold', 'name': 'AANG04002552.1', 'length': 6988}, {'coord_system': 'scaffold', 'length': 7989, 'name': 'AANG04002553.1'}, {'coord_system': 'scaffold', 'length': 7986, 'name': 'AANG04002554.1'}, {'coord_system': 'scaffold', 'name': 'AANG04002555.1', 'length': 8794}, {'coord_system': 'scaffold', 'length': 16797, 'name': 'AANG04002556.1'}, {'coord_system': 'scaffold', 'name': 'AANG04002557.1', 'length': 3988}, {'coord_system': 'scaffold', 'name': 'AANG04002558.1', 'length': 20364}, {'coord_system': 'scaffold', 'length': 26983, 'name': 'AANG04002559.1'}, {'name': 'AANG04002560.1', 'length': 6867, 'coord_system': 'scaffold'}, {'coord_system': 'scaffold', 'length': 4987, 'name': 'AANG04002561.1'}, {'coord_system': 'scaffold', 'length': 11982, 'name': 'AANG04002562.1'}, {'name': 'AANG04002563.1', 'length': 11136, 'coord_system': 'scaffold'}, {'coord_system': 'scaffold', 'name': 'AANG04002564.1', 'length': 70192}, {'name': 'AANG04002565.1', 'length': 4988, 'coord_system': 'scaffold'}, {'coord_system': 'scaffold', 'length': 4990, 'name': 'AANG04002566.1'}, {'name': 'AANG04002567.1', 'length': 6988, 'coord_system': 'scaffold'}, {'length': 5988, 'name': 'AANG04002568.1', 'coord_system': 'scaffold'}, {'coord_system': 'scaffold', 'length': 9988, 'name': 'AANG04002569.1'}, {'name': 'AANG04002570.1', 'length': 5237, 'coord_system': 'scaffold'}, {'length': 12987, 'name': 'AANG04002571.1', 'coord_system': 'scaffold'}, {'coord_system': 'scaffold', 'name': 'AANG04002572.1', 'length': 31193}, {'name': 'AANG04002573.1', 'length': 6706, 'coord_system': 'scaffold'}, {'coord_system': 'scaffold', 'name': 'AANG04002575.1', 'length': 7220}, {'length': 4366, 'name': 'AANG04002576.1', 'coord_system': 'scaffold'}, {'coord_system': 'scaffold', 'name': 'AANG04002577.1', 'length': 8976}, {'length': 11986, 'name': 'AANG04002578.1', 'coord_system': 'scaffold'}, {'name': 'AANG04002579.1', 'length': 3802, 'coord_system': 'scaffold'}, {'coord_system': 'scaffold', 'length': 3717, 'name': 'AANG04002580.1'}, {'coord_system': 'scaffold', 'length': 7799, 'name': 'AANG04002581.1'}, {'length': 50642, 'name': 'AANG04002582.1', 'coord_system': 'scaffold'}, {'name': 'AANG04002584.1', 'length': 4199, 'coord_system': 'scaffold'}, {'coord_system': 'scaffold', 'name': 'AANG04002585.1', 'length': 8220}, {'coord_system': 'scaffold', 'length': 9988, 'name': 'AANG04002586.1'}, {'coord_system': 'scaffold', 'length': 4988, 'name': 'AANG04002587.1'}, {'name': 'AANG04002588.1', 'length': 12989, 'coord_system': 'scaffold'}, {'name': 'AANG04002589.1', 'length': 6988, 'coord_system': 'scaffold'}, {'length': 8986, 'name': 'AANG04002590.1', 'coord_system': 'scaffold'}, {'length': 15344, 'name': 'AANG04002591.1', 'coord_system': 'scaffold'}, {'coord_system': 'scaffold', 'length': 9988, 'name': 'AANG04002592.1'}, {'length': 5682, 'name': 'AANG04002593.1', 'coord_system': 'scaffold'}, {'coord_system': 'scaffold', 'name': 'AANG04002594.1', 'length': 18324}, {'name': 'AANG04002595.1', 'length': 17776, 'coord_system': 'scaffold'}, {'length': 4988, 'name': 'AANG04002596.1', 'coord_system': 'scaffold'}, {'length': 11231, 'name': 'AANG04002597.1', 'coord_system': 'scaffold'}, {'coord_system': 'scaffold', 'length': 14156, 'name': 'AANG04002598.1'}, {'name': 'AANG04002599.1', 'length': 2987, 'coord_system': 'scaffold'}, {'coord_system': 'scaffold', 'name': 'AANG04002600.1', 'length': 9209}, {'name': 'AANG04002601.1', 'length': 8931, 'coord_system': 'scaffold'}, {'length': 6988, 'name': 'AANG04002602.1', 'coord_system': 'scaffold'}, {'name': 'AANG04002603.1', 'length': 10590, 'coord_system': 'scaffold'}, {'name': 'AANG04002604.1', 'length': 10985, 'coord_system': 'scaffold'}, {'coord_system': 'scaffold', 'name': 'AANG04002605.1', 'length': 11212}, {'length': 12346, 'name': 'AANG04002606.1', 'coord_system': 'scaffold'}, {'length': 9988, 'name': 'AANG04002607.1', 'coord_system': 'scaffold'}, {'coord_system': 'scaffold', 'name': 'AANG04002608.1', 'length': 5988}, {'length': 25991, 'name': 'AANG04002609.1', 'coord_system': 'scaffold'}, {'coord_system': 'scaffold', 'length': 25448, 'name': 'AANG04002610.1'}, {'coord_system': 'scaffold', 'name': 'AANG04002611.1', 'length': 9988}, {'coord_system': 'scaffold', 'length': 7987, 'name': 'AANG04002612.1'}, {'length': 9881, 'name': 'AANG04002613.1', 'coord_system': 'scaffold'}, {'length': 20857, 'name': 'AANG04002614.1', 'coord_system': 'scaffold'}, {'length': 3988, 'name': 'AANG04002615.1', 'coord_system': 'scaffold'}, {'length': 7481, 'name': 'AANG04002616.1', 'coord_system': 'scaffold'}, {'coord_system': 'scaffold', 'length': 8989, 'name': 'AANG04002617.1'}, {'coord_system': 'scaffold', 'length': 5098, 'name': 'AANG04002618.1'}, {'coord_system': 'scaffold', 'length': 3992, 'name': 'AANG04002619.1'}, {'length': 17988, 'name': 'AANG04002620.1', 'coord_system': 'scaffold'}, {'name': 'AANG04002621.1', 'length': 12971, 'coord_system': 'scaffold'}, {'length': 17730, 'name': 'AANG04002622.1', 'coord_system': 'scaffold'}, {'coord_system': 'scaffold', 'name': 'AANG04002623.1', 'length': 11980}, {'coord_system': 'scaffold', 'name': 'AANG04002624.1', 'length': 31065}, {'coord_system': 'scaffold', 'length': 12920, 'name': 'AANG04002625.1'}, {'length': 8985, 'name': 'AANG04002626.1', 'coord_system': 'scaffold'}, {'coord_system': 'scaffold', 'name': 'AANG04002627.1', 'length': 10987}, {'name': 'AANG04002628.1', 'length': 4205, 'coord_system': 'scaffold'}, {'length': 13982, 'name': 'AANG04002629.1', 'coord_system': 'scaffold'}, {'length': 5988, 'name': 'AANG04002630.1', 'coord_system': 'scaffold'}, {'coord_system': 'scaffold', 'length': 8986, 'name': 'AANG04002631.1'}, {'coord_system': 'scaffold', 'length': 6987, 'name': 'AANG04002632.1'}, {'name': 'AANG04002633.1', 'length': 6985, 'coord_system': 'scaffold'}, {'coord_system': 'scaffold', 'length': 3988, 'name': 'AANG04002634.1'}, {'length': 17574, 'name': 'AANG04002635.1', 'coord_system': 'scaffold'}, {'coord_system': 'scaffold', 'name': 'AANG04002636.1', 'length': 3988}, {'length': 28721, 'name': 'AANG04002637.1', 'coord_system': 'scaffold'}, {'coord_system': 'scaffold', 'name': 'AANG04002639.1', 'length': 3988}, {'name': 'AANG04002640.1', 'length': 9987, 'coord_system': 'scaffold'}, {'length': 22980, 'name': 'AANG04002642.1', 'coord_system': 'scaffold'}, {'coord_system': 'scaffold', 'name': 'AANG04002643.1', 'length': 6010}, {'coord_system': 'scaffold', 'length': 9987, 'name': 'AANG04002644.1'}, {'coord_system': 'scaffold', 'length': 4986, 'name': 'AANG04002645.1'}, {'name': 'AANG04002646.1', 'length': 7166, 'coord_system': 'scaffold'}, {'coord_system': 'scaffold', 'name': 'AANG04002647.1', 'length': 8990}, {'coord_system': 'scaffold', 'length': 15803, 'name': 'AANG04002648.1'}, {'coord_system': 'scaffold', 'length': 8989, 'name': 'AANG04002649.1'}, {'coord_system': 'scaffold', 'name': 'AANG04002650.1', 'length': 5318}, {'coord_system': 'scaffold', 'name': 'AANG04002651.1', 'length': 7989}, {'name': 'AANG04002652.1', 'length': 17688, 'coord_system': 'scaffold'}, {'name': 'AANG04002653.1', 'length': 11189, 'coord_system': 'scaffold'}, {'name': 'AANG04002654.1', 'length': 20981, 'coord_system': 'scaffold'}, {'name': 'AANG04002655.1', 'length': 11998, 'coord_system': 'scaffold'}, {'coord_system': 'scaffold', 'name': 'AANG04002656.1', 'length': 16912}, {'length': 6987, 'name': 'AANG04002657.1', 'coord_system': 'scaffold'}, {'length': 42988, 'name': 'AANG04002658.1', 'coord_system': 'scaffold'}, {'length': 3988, 'name': 'AANG04002659.1', 'coord_system': 'scaffold'}, {'coord_system': 'scaffold', 'name': 'AANG04002660.1', 'length': 16792}, {'coord_system': 'scaffold', 'name': 'AANG04002661.1', 'length': 41533}, {'coord_system': 'scaffold', 'length': 12987, 'name': 'AANG04002662.1'}, {'length': 6988, 'name': 'AANG04002663.1', 'coord_system': 'scaffold'}, {'name': 'AANG04002664.1', 'length': 11986, 'coord_system': 'scaffold'}, {'coord_system': 'scaffold', 'length': 10181, 'name': 'AANG04002665.1'}, {'length': 11989, 'name': 'AANG04002666.1', 'coord_system': 'scaffold'}, {'coord_system': 'scaffold', 'name': 'AANG04002667.1', 'length': 4987}, {'coord_system': 'scaffold', 'name': 'AANG04002668.1', 'length': 9409}, {'coord_system': 'scaffold', 'length': 15047, 'name': 'AANG04002669.1'}, {'coord_system': 'scaffold', 'length': 9988, 'name': 'AANG04002670.1'}, {'coord_system': 'scaffold', 'length': 4988, 'name': 'AANG04002671.1'}, {'coord_system': 'scaffold', 'length': 15121, 'name': 'AANG04002672.1'}, {'coord_system': 'scaffold', 'length': 8986, 'name': 'AANG04002673.1'}, {'length': 11986, 'name': 'AANG04002674.1', 'coord_system': 'scaffold'}, {'name': 'AANG04002675.1', 'length': 14985, 'coord_system': 'scaffold'}, {'name': 'AANG04002676.1', 'length': 16726, 'coord_system': 'scaffold'}, {'coord_system': 'scaffold', 'length': 9967, 'name': 'AANG04002677.1'}, {'name': 'AANG04002678.1', 'length': 10977, 'coord_system': 'scaffold'}, {'length': 6988, 'name': 'AANG04002679.1', 'coord_system': 'scaffold'}, {'name': 'AANG04002680.1', 'length': 3988, 'coord_system': 'scaffold'}, {'name': 'AANG04002681.1', 'length': 28891, 'coord_system': 'scaffold'}, {'length': 12150, 'name': 'AANG04002682.1', 'coord_system': 'scaffold'}, {'coord_system': 'scaffold', 'name': 'AANG04002683.1', 'length': 12139}, {'length': 6987, 'name': 'AANG04002684.1', 'coord_system': 'scaffold'}, {'name': 'AANG04002685.1', 'length': 7987, 'coord_system': 'scaffold'}, {'name': 'AANG04002686.1', 'length': 3988, 'coord_system': 'scaffold'}, {'coord_system': 'scaffold', 'length': 6987, 'name': 'AANG04002688.1'}, {'coord_system': 'scaffold', 'length': 7988, 'name': 'AANG04002689.1'}, {'length': 14974, 'name': 'AANG04002690.1', 'coord_system': 'scaffold'}, {'coord_system': 'scaffold', 'name': 'AANG04002691.1', 'length': 9988}, {'length': 14997, 'name': 'AANG04002692.1', 'coord_system': 'scaffold'}, {'coord_system': 'scaffold', 'length': 6988, 'name': 'AANG04002693.1'}, {'length': 7987, 'name': 'AANG04002694.1', 'coord_system': 'scaffold'}, {'coord_system': 'scaffold', 'name': 'AANG04002695.1', 'length': 10659}, {'coord_system': 'scaffold', 'length': 10148, 'name': 'AANG04002696.1'}, {'coord_system': 'scaffold', 'length': 8986, 'name': 'AANG04002697.1'}, {'length': 6989, 'name': 'AANG04002698.1', 'coord_system': 'scaffold'}, {'coord_system': 'scaffold', 'length': 14989, 'name': 'AANG04002699.1'}, {'length': 24691, 'name': 'AANG04002700.1', 'coord_system': 'scaffold'}, {'coord_system': 'scaffold', 'length': 15987, 'name': 'AANG04002701.1'}, {'length': 9987, 'name': 'AANG04002702.1', 'coord_system': 'scaffold'}, {'name': 'AANG04002703.1', 'length': 14559, 'coord_system': 'scaffold'}, {'coord_system': 'scaffold', 'length': 43990, 'name': 'AANG04002704.1'}, {'coord_system': 'scaffold', 'length': 13099, 'name': 'AANG04002705.1'}, {'coord_system': 'scaffold', 'name': 'AANG04002706.1', 'length': 7988}, {'length': 12980, 'name': 'AANG04002707.1', 'coord_system': 'scaffold'}, {'length': 8986, 'name': 'AANG04002708.1', 'coord_system': 'scaffold'}, {'length': 5992, 'name': 'AANG04002709.1', 'coord_system': 'scaffold'}, {'coord_system': 'scaffold', 'length': 6988, 'name': 'AANG04002710.1'}, {'length': 4002, 'name': 'AANG04002711.1', 'coord_system': 'scaffold'}, {'name': 'AANG04002712.1', 'length': 10974, 'coord_system': 'scaffold'}, {'coord_system': 'scaffold', 'length': 9609, 'name': 'AANG04002713.1'}, {'coord_system': 'scaffold', 'length': 27290, 'name': 'AANG04002714.1'}, {'coord_system': 'scaffold', 'name': 'AANG04002715.1', 'length': 12988}, {'length': 12732, 'name': 'AANG04002716.1', 'coord_system': 'scaffold'}, {'name': 'AANG04002717.1', 'length': 46496, 'coord_system': 'scaffold'}, {'length': 38344, 'name': 'AANG04002718.1', 'coord_system': 'scaffold'}, {'coord_system': 'scaffold', 'length': 39899, 'name': 'AANG04002719.1'}, {'coord_system': 'scaffold', 'length': 8988, 'name': 'AANG04002720.1'}, {'coord_system': 'scaffold', 'length': 22990, 'name': 'AANG04002721.1'}, {'length': 7988, 'name': 'AANG04002722.1', 'coord_system': 'scaffold'}, {'coord_system': 'scaffold', 'length': 3061, 'name': 'AANG04002723.1'}, {'coord_system': 'scaffold', 'length': 22574, 'name': 'AANG04002724.1'}, {'name': 'AANG04002725.1', 'length': 6988, 'coord_system': 'scaffold'}, {'name': 'AANG04002726.1', 'length': 17140, 'coord_system': 'scaffold'}, {'coord_system': 'scaffold', 'name': 'AANG04002727.1', 'length': 12878}, {'name': 'AANG04002728.1', 'length': 3986, 'coord_system': 'scaffold'}, {'length': 19981, 'name': 'AANG04002729.1', 'coord_system': 'scaffold'}, {'length': 10964, 'name': 'AANG04002730.1', 'coord_system': 'scaffold'}, {'name': 'AANG04002731.1', 'length': 7168, 'coord_system': 'scaffold'}, {'length': 10988, 'name': 'AANG04002732.1', 'coord_system': 'scaffold'}, {'coord_system': 'scaffold', 'length': 12966, 'name': 'AANG04002733.1'}, {'name': 'AANG04002734.1', 'length': 9639, 'coord_system': 'scaffold'}, {'coord_system': 'scaffold', 'name': 'AANG04002735.1', 'length': 7648}, {'length': 11428, 'name': 'AANG04002736.1', 'coord_system': 'scaffold'}, {'length': 7989, 'name': 'AANG04002737.1', 'coord_system': 'scaffold'}, {'coord_system': 'scaffold', 'name': 'AANG04002738.1', 'length': 4180}, {'coord_system': 'scaffold', 'length': 10089, 'name': 'AANG04002739.1'}, {'coord_system': 'scaffold', 'name': 'AANG04002740.1', 'length': 2988}, {'length': 6451, 'name': 'AANG04002741.1', 'coord_system': 'scaffold'}, {'name': 'AANG04002742.1', 'length': 12048, 'coord_system': 'scaffold'}, {'coord_system': 'scaffold', 'name': 'AANG04002743.1', 'length': 12278}, {'coord_system': 'scaffold', 'length': 7992, 'name': 'AANG04002744.1'}, {'coord_system': 'scaffold', 'length': 10288, 'name': 'AANG04002745.1'}, {'name': 'AANG04002746.1', 'length': 38413, 'coord_system': 'scaffold'}, {'length': 16039, 'name': 'AANG04002747.1', 'coord_system': 'scaffold'}, {'length': 13994, 'name': 'AANG04002748.1', 'coord_system': 'scaffold'}, {'length': 6988, 'name': 'AANG04002749.1', 'coord_system': 'scaffold'}, {'coord_system': 'scaffold', 'name': 'AANG04002750.1', 'length': 19746}, {'coord_system': 'scaffold', 'name': 'AANG04002751.1', 'length': 7029}, {'coord_system': 'scaffold', 'name': 'AANG04002753.1', 'length': 88932}, {'name': 'AANG04002754.1', 'length': 18227, 'coord_system': 'scaffold'}, {'name': 'AANG04002755.1', 'length': 16331, 'coord_system': 'scaffold'}, {'coord_system': 'scaffold', 'name': 'AANG04002756.1', 'length': 13299}, {'length': 13793, 'name': 'AANG04002757.1', 'coord_system': 'scaffold'}, {'name': 'AANG04002759.1', 'length': 16988, 'coord_system': 'scaffold'}, {'length': 17209, 'name': 'AANG04002760.1', 'coord_system': 'scaffold'}, {'coord_system': 'scaffold', 'length': 6736, 'name': 'AANG04002761.1'}, {'coord_system': 'scaffold', 'name': 'AANG04002762.1', 'length': 9741}, {'length': 15989, 'name': 'AANG04002763.1', 'coord_system': 'scaffold'}, {'name': 'AANG04002764.1', 'length': 4209, 'coord_system': 'scaffold'}, {'name': 'AANG04002766.1', 'length': 9988, 'coord_system': 'scaffold'}, {'name': 'AANG04002767.1', 'length': 5987, 'coord_system': 'scaffold'}, {'name': 'AANG04002768.1', 'length': 7981, 'coord_system': 'scaffold'}, {'coord_system': 'scaffold', 'name': 'AANG04002769.1', 'length': 11591}, {'length': 2988, 'name': 'AANG04002770.1', 'coord_system': 'scaffold'}, {'coord_system': 'scaffold', 'length': 6988, 'name': 'AANG04002771.1'}, {'length': 7986, 'name': 'AANG04002772.1', 'coord_system': 'scaffold'}, {'coord_system': 'scaffold', 'name': 'AANG04002773.1', 'length': 18524}, {'coord_system': 'scaffold', 'length': 16919, 'name': 'AANG04002774.1'}, {'coord_system': 'scaffold', 'name': 'AANG04002775.1', 'length': 11940}, {'length': 6177, 'name': 'AANG04002777.1', 'coord_system': 'scaffold'}, {'length': 55386, 'name': 'AANG04002778.1', 'coord_system': 'scaffold'}, {'name': 'AANG04002779.1', 'length': 12984, 'coord_system': 'scaffold'}, {'coord_system': 'scaffold', 'name': 'AANG04002780.1', 'length': 5988}, {'coord_system': 'scaffold', 'length': 7312, 'name': 'AANG04002781.1'}, {'length': 4988, 'name': 'AANG04002782.1', 'coord_system': 'scaffold'}, {'name': 'AANG04002783.1', 'length': 38835, 'coord_system': 'scaffold'}, {'coord_system': 'scaffold', 'name': 'AANG04002784.1', 'length': 19603}, {'length': 11169, 'name': 'AANG04002785.1', 'coord_system': 'scaffold'}, {'name': 'AANG04002786.1', 'length': 4183, 'coord_system': 'scaffold'}, {'length': 6237, 'name': 'AANG04002787.1', 'coord_system': 'scaffold'}, {'coord_system': 'scaffold', 'name': 'AANG04002789.1', 'length': 8516}, {'name': 'AANG04002791.1', 'length': 17095, 'coord_system': 'scaffold'}, {'name': 'AANG04002792.1', 'length': 6987, 'coord_system': 'scaffold'}, {'coord_system': 'scaffold', 'length': 2988, 'name': 'AANG04002793.1'}, {'coord_system': 'scaffold', 'name': 'AANG04002794.1', 'length': 7988}, {'name': 'AANG04002795.1', 'length': 10985, 'coord_system': 'scaffold'}, {'coord_system': 'scaffold', 'name': 'AANG04002796.1', 'length': 12989}, {'coord_system': 'scaffold', 'length': 9221, 'name': 'AANG04002797.1'}, {'coord_system': 'scaffold', 'name': 'AANG04002798.1', 'length': 5987}, {'coord_system': 'scaffold', 'name': 'AANG04002799.1', 'length': 9155}, {'coord_system': 'scaffold', 'name': 'AANG04002800.1', 'length': 13990}, {'name': 'AANG04002801.1', 'length': 6988, 'coord_system': 'scaffold'}, {'length': 3030, 'name': 'AANG04002802.1', 'coord_system': 'scaffold'}, {'name': 'AANG04002803.1', 'length': 7987, 'coord_system': 'scaffold'}, {'length': 3988, 'name': 'AANG04002804.1', 'coord_system': 'scaffold'}, {'length': 18712, 'name': 'AANG04002805.1', 'coord_system': 'scaffold'}, {'name': 'AANG04002806.1', 'length': 2988, 'coord_system': 'scaffold'}, {'name': 'AANG04002807.1', 'length': 8094, 'coord_system': 'scaffold'}, {'name': 'AANG04002808.1', 'length': 4983, 'coord_system': 'scaffold'}, {'coord_system': 'scaffold', 'name': 'AANG04002809.1', 'length': 7981}, {'name': 'AANG04002810.1', 'length': 15766, 'coord_system': 'scaffold'}, {'name': 'AANG04002811.1', 'length': 7990, 'coord_system': 'scaffold'}, {'name': 'AANG04002812.1', 'length': 5834, 'coord_system': 'scaffold'}, {'coord_system': 'scaffold', 'length': 8505, 'name': 'AANG04002813.1'}, {'length': 4988, 'name': 'AANG04002814.1', 'coord_system': 'scaffold'}, {'length': 22478, 'name': 'AANG04002815.1', 'coord_system': 'scaffold'}, {'name': 'AANG04002816.1', 'length': 14920, 'coord_system': 'scaffold'}, {'length': 28454, 'name': 'AANG04002817.1', 'coord_system': 'scaffold'}, {'length': 8401, 'name': 'AANG04002818.1', 'coord_system': 'scaffold'}, {'coord_system': 'scaffold', 'name': 'AANG04002819.1', 'length': 6991}, {'coord_system': 'scaffold', 'length': 4243, 'name': 'AANG04002820.1'}, {'coord_system': 'scaffold', 'name': 'AANG04002821.1', 'length': 5988}, {'coord_system': 'scaffold', 'name': 'AANG04002822.1', 'length': 10988}, {'coord_system': 'scaffold', 'length': 4987, 'name': 'AANG04002823.1'}, {'coord_system': 'scaffold', 'length': 8988, 'name': 'AANG04002824.1'}, {'length': 16878, 'name': 'AANG04002825.1', 'coord_system': 'scaffold'}, {'length': 6988, 'name': 'AANG04002826.1', 'coord_system': 'scaffold'}, {'coord_system': 'scaffold', 'name': 'AANG04002827.1', 'length': 4146}, {'length': 10412, 'name': 'AANG04002828.1', 'coord_system': 'scaffold'}, {'length': 24810, 'name': 'AANG04002830.1', 'coord_system': 'scaffold'}, {'length': 4988, 'name': 'AANG04002831.1', 'coord_system': 'scaffold'}, {'name': 'AANG04002832.1', 'length': 9763, 'coord_system': 'scaffold'}, {'length': 9989, 'name': 'AANG04002833.1', 'coord_system': 'scaffold'}, {'coord_system': 'scaffold', 'name': 'AANG04002834.1', 'length': 9932}, {'coord_system': 'scaffold', 'name': 'AANG04002837.1', 'length': 7849}, {'coord_system': 'scaffold', 'name': 'AANG04002838.1', 'length': 11490}, {'coord_system': 'scaffold', 'length': 20986, 'name': 'AANG04002839.1'}, {'length': 12083, 'name': 'AANG04002840.1', 'coord_system': 'scaffold'}, {'coord_system': 'scaffold', 'name': 'AANG04002841.1', 'length': 11897}, {'length': 6407, 'name': 'AANG04002842.1', 'coord_system': 'scaffold'}, {'name': 'AANG04002843.1', 'length': 5988, 'coord_system': 'scaffold'}, {'coord_system': 'scaffold', 'name': 'AANG04002844.1', 'length': 7451}, {'coord_system': 'scaffold', 'length': 14056, 'name': 'AANG04002845.1'}, {'coord_system': 'scaffold', 'name': 'AANG04002846.1', 'length': 11272}, {'coord_system': 'scaffold', 'name': 'AANG04002847.1', 'length': 15640}, {'coord_system': 'scaffold', 'length': 9986, 'name': 'AANG04002849.1'}, {'name': 'AANG04002851.1', 'length': 9987, 'coord_system': 'scaffold'}, {'name': 'AANG04002852.1', 'length': 12989, 'coord_system': 'scaffold'}, {'coord_system': 'scaffold', 'name': 'AANG04002853.1', 'length': 52063}, {'coord_system': 'scaffold', 'length': 25843, 'name': 'AANG04002854.1'}, {'coord_system': 'scaffold', 'name': 'AANG04002855.1', 'length': 13783}, {'name': 'AANG04002856.1', 'length': 11000, 'coord_system': 'scaffold'}, {'length': 6986, 'name': 'AANG04002857.1', 'coord_system': 'scaffold'}, {'length': 7781, 'name': 'AANG04002858.1', 'coord_system': 'scaffold'}, {'length': 11989, 'name': 'AANG04002860.1', 'coord_system': 'scaffold'}, {'coord_system': 'scaffold', 'name': 'AANG04002861.1', 'length': 50045}, {'length': 5988, 'name': 'AANG04002862.1', 'coord_system': 'scaffold'}, {'coord_system': 'scaffold', 'name': 'AANG04002864.1', 'length': 11846}, {'length': 8987, 'name': 'AANG04002865.1', 'coord_system': 'scaffold'}, {'name': 'AANG04002866.1', 'length': 6988, 'coord_system': 'scaffold'}, {'coord_system': 'scaffold', 'length': 7182, 'name': 'AANG04002867.1'}, {'length': 7987, 'name': 'AANG04002868.1', 'coord_system': 'scaffold'}, {'coord_system': 'scaffold', 'name': 'AANG04002869.1', 'length': 10186}, {'name': 'AANG04002870.1', 'length': 8973, 'coord_system': 'scaffold'}, {'name': 'AANG04002872.1', 'length': 20127, 'coord_system': 'scaffold'}, {'coord_system': 'scaffold', 'name': 'AANG04002873.1', 'length': 12164}, {'name': 'AANG04002874.1', 'length': 8185, 'coord_system': 'scaffold'}, {'name': 'AANG04002875.1', 'length': 20987, 'coord_system': 'scaffold'}, {'length': 10985, 'name': 'AANG04002877.1', 'coord_system': 'scaffold'}, {'length': 6987, 'name': 'AANG04002878.1', 'coord_system': 'scaffold'}, {'length': 9905, 'name': 'AANG04002879.1', 'coord_system': 'scaffold'}, {'coord_system': 'scaffold', 'name': 'AANG04002880.1', 'length': 10240}, {'coord_system': 'scaffold', 'name': 'AANG04002881.1', 'length': 7361}, {'length': 5987, 'name': 'AANG04002882.1', 'coord_system': 'scaffold'}, {'name': 'AANG04002883.1', 'length': 7194, 'coord_system': 'scaffold'}, {'name': 'AANG04002884.1', 'length': 7012, 'coord_system': 'scaffold'}, {'length': 11988, 'name': 'AANG04002885.1', 'coord_system': 'scaffold'}, {'coord_system': 'scaffold', 'name': 'AANG04002886.1', 'length': 8014}, {'coord_system': 'scaffold', 'length': 8801, 'name': 'AANG04002888.1'}, {'coord_system': 'scaffold', 'length': 5988, 'name': 'AANG04002889.1'}, {'coord_system': 'scaffold', 'length': 11821, 'name': 'AANG04002891.1'}, {'coord_system': 'scaffold', 'length': 10990, 'name': 'AANG04002892.1'}, {'coord_system': 'scaffold', 'length': 11989, 'name': 'AANG04002893.1'}, {'coord_system': 'scaffold', 'length': 16081, 'name': 'AANG04002894.1'}, {'length': 12608, 'name': 'AANG04002895.1', 'coord_system': 'scaffold'}, {'coord_system': 'scaffold', 'name': 'AANG04002897.1', 'length': 3774}, {'coord_system': 'scaffold', 'length': 7766, 'name': 'AANG04002898.1'}, {'length': 4989, 'name': 'AANG04002899.1', 'coord_system': 'scaffold'}, {'length': 14064, 'name': 'AANG04002901.1', 'coord_system': 'scaffold'}, {'name': 'AANG04002902.1', 'length': 8375, 'coord_system': 'scaffold'}, {'length': 9343, 'name': 'AANG04002903.1', 'coord_system': 'scaffold'}, {'coord_system': 'scaffold', 'length': 4958, 'name': 'AANG04002904.1'}, {'coord_system': 'scaffold', 'name': 'AANG04002905.1', 'length': 11000}, {'coord_system': 'scaffold', 'length': 34863, 'name': 'AANG04002906.1'}, {'coord_system': 'scaffold', 'name': 'AANG04002907.1', 'length': 13989}, {'coord_system': 'scaffold', 'length': 13923, 'name': 'AANG04002908.1'}, {'coord_system': 'scaffold', 'length': 11989, 'name': 'AANG04002909.1'}, {'coord_system': 'scaffold', 'length': 7988, 'name': 'AANG04002910.1'}, {'length': 14986, 'name': 'AANG04002911.1', 'coord_system': 'scaffold'}, {'coord_system': 'scaffold', 'length': 3981, 'name': 'AANG04002912.1'}, {'coord_system': 'scaffold', 'length': 8988, 'name': 'AANG04002913.1'}, {'coord_system': 'scaffold', 'length': 6989, 'name': 'AANG04002914.1'}, {'coord_system': 'scaffold', 'length': 9988, 'name': 'AANG04002915.1'}, {'length': 8987, 'name': 'AANG04002916.1', 'coord_system': 'scaffold'}, {'coord_system': 'scaffold', 'length': 9988, 'name': 'AANG04002917.1'}, {'name': 'AANG04002918.1', 'length': 6990, 'coord_system': 'scaffold'}, {'coord_system': 'scaffold', 'name': 'AANG04002919.1', 'length': 14623}, {'name': 'AANG04002920.1', 'length': 6987, 'coord_system': 'scaffold'}, {'name': 'AANG04002921.1', 'length': 4988, 'coord_system': 'scaffold'}, {'name': 'AANG04002922.1', 'length': 7987, 'coord_system': 'scaffold'}, {'coord_system': 'scaffold', 'length': 10989, 'name': 'AANG04002923.1'}, {'length': 8541, 'name': 'AANG04002925.1', 'coord_system': 'scaffold'}, {'length': 4990, 'name': 'AANG04002926.1', 'coord_system': 'scaffold'}, {'name': 'AANG04002927.1', 'length': 9988, 'coord_system': 'scaffold'}, {'coord_system': 'scaffold', 'name': 'AANG04002928.1', 'length': 10988}, {'coord_system': 'scaffold', 'name': 'AANG04002929.1', 'length': 7988}, {'name': 'AANG04002931.1', 'length': 6222, 'coord_system': 'scaffold'}, {'coord_system': 'scaffold', 'name': 'AANG04002932.1', 'length': 44190}, {'coord_system': 'scaffold', 'length': 9303, 'name': 'AANG04002933.1'}, {'length': 14988, 'name': 'AANG04002934.1', 'coord_system': 'scaffold'}, {'name': 'AANG04002935.1', 'length': 14072, 'coord_system': 'scaffold'}, {'coord_system': 'scaffold', 'name': 'AANG04002936.1', 'length': 17988}, {'length': 19982, 'name': 'AANG04002937.1', 'coord_system': 'scaffold'}, {'length': 7762, 'name': 'AANG04002938.1', 'coord_system': 'scaffold'}, {'coord_system': 'scaffold', 'length': 9372, 'name': 'AANG04002939.1'}, {'name': 'AANG04002940.1', 'length': 12983, 'coord_system': 'scaffold'}, {'coord_system': 'scaffold', 'name': 'AANG04002941.1', 'length': 13029}, {'name': 'AANG04002942.1', 'length': 9924, 'coord_system': 'scaffold'}, {'length': 31982, 'name': 'AANG04002943.1', 'coord_system': 'scaffold'}, {'coord_system': 'scaffold', 'length': 40996, 'name': 'AANG04002944.1'}, {'coord_system': 'scaffold', 'length': 11987, 'name': 'AANG04002945.1'}, {'coord_system': 'scaffold', 'length': 6058, 'name': 'AANG04002946.1'}, {'coord_system': 'scaffold', 'length': 9987, 'name': 'AANG04002947.1'}, {'name': 'AANG04002948.1', 'length': 4477, 'coord_system': 'scaffold'}, {'coord_system': 'scaffold', 'length': 10990, 'name': 'AANG04002949.1'}, {'length': 7806, 'name': 'AANG04002950.1', 'coord_system': 'scaffold'}, {'name': 'AANG04002951.1', 'length': 16483, 'coord_system': 'scaffold'}, {'name': 'AANG04002952.1', 'length': 3988, 'coord_system': 'scaffold'}, {'coord_system': 'scaffold', 'length': 21219, 'name': 'AANG04002953.1'}, {'coord_system': 'scaffold', 'name': 'AANG04002954.1', 'length': 13932}, {'coord_system': 'scaffold', 'length': 10988, 'name': 'AANG04002955.1'}, {'name': 'AANG04002956.1', 'length': 55094, 'coord_system': 'scaffold'}, {'coord_system': 'scaffold', 'length': 18149, 'name': 'AANG04002957.1'}, {'name': 'AANG04002958.1', 'length': 14714, 'coord_system': 'scaffold'}, {'length': 9048, 'name': 'AANG04002959.1', 'coord_system': 'scaffold'}, {'length': 61328, 'name': 'AANG04002960.1', 'coord_system': 'scaffold'}, {'coord_system': 'scaffold', 'name': 'AANG04002961.1', 'length': 8988}, {'coord_system': 'scaffold', 'length': 5988, 'name': 'AANG04002962.1'}, {'coord_system': 'scaffold', 'name': 'AANG04002963.1', 'length': 6889}, {'coord_system': 'scaffold', 'name': 'AANG04002964.1', 'length': 15014}, {'length': 6474, 'name': 'AANG04002965.1', 'coord_system': 'scaffold'}, {'name': 'AANG04002966.1', 'length': 9988, 'coord_system': 'scaffold'}, {'name': 'AANG04002967.1', 'length': 78982, 'coord_system': 'scaffold'}, {'coord_system': 'scaffold', 'length': 10990, 'name': 'AANG04002968.1'}, {'name': 'AANG04002969.1', 'length': 3988, 'coord_system': 'scaffold'}, {'coord_system': 'scaffold', 'name': 'AANG04002970.1', 'length': 16023}, {'coord_system': 'scaffold', 'name': 'AANG04002971.1', 'length': 57244}, {'coord_system': 'scaffold', 'length': 4437, 'name': 'AANG04002972.1'}, {'name': 'AANG04002973.1', 'length': 6987, 'coord_system': 'scaffold'}, {'coord_system': 'scaffold', 'length': 6987, 'name': 'AANG04002974.1'}, {'name': 'AANG04002975.1', 'length': 79560, 'coord_system': 'scaffold'}, {'name': 'AANG04002976.1', 'length': 46796, 'coord_system': 'scaffold'}, {'coord_system': 'scaffold', 'length': 64854, 'name': 'AANG04002977.1'}, {'coord_system': 'scaffold', 'length': 6987, 'name': 'AANG04002978.1'}, {'length': 11534, 'name': 'AANG04002979.1', 'coord_system': 'scaffold'}, {'length': 2986, 'name': 'AANG04002980.1', 'coord_system': 'scaffold'}, {'coord_system': 'scaffold', 'length': 15989, 'name': 'AANG04002981.1'}, {'coord_system': 'scaffold', 'name': 'AANG04002982.1', 'length': 8841}, {'coord_system': 'scaffold', 'name': 'AANG04002983.1', 'length': 16817}, {'name': 'AANG04002984.1', 'length': 20994, 'coord_system': 'scaffold'}, {'length': 56844, 'name': 'AANG04002985.1', 'coord_system': 'scaffold'}, {'coord_system': 'scaffold', 'name': 'AANG04002987.1', 'length': 3988}, {'coord_system': 'scaffold', 'length': 5984, 'name': 'AANG04002989.1'}, {'coord_system': 'scaffold', 'length': 10988, 'name': 'AANG04002990.1'}, {'coord_system': 'scaffold', 'name': 'AANG04002991.1', 'length': 12982}, {'name': 'AANG04002992.1', 'length': 41301, 'coord_system': 'scaffold'}, {'coord_system': 'scaffold', 'name': 'AANG04002994.1', 'length': 13988}, {'name': 'AANG04002995.1', 'length': 16895, 'coord_system': 'scaffold'}, {'length': 2988, 'name': 'AANG04002996.1', 'coord_system': 'scaffold'}, {'coord_system': 'scaffold', 'length': 4989, 'name': 'AANG04002997.1'}, {'coord_system': 'scaffold', 'length': 2988, 'name': 'AANG04002998.1'}, {'name': 'AANG04002999.1', 'length': 43022, 'coord_system': 'scaffold'}, {'name': 'AANG04003000.1', 'length': 5988, 'coord_system': 'scaffold'}, {'length': 12771, 'name': 'AANG04003001.1', 'coord_system': 'scaffold'}, {'coord_system': 'scaffold', 'length': 21482, 'name': 'AANG04003002.1'}, {'length': 4988, 'name': 'AANG04003003.1', 'coord_system': 'scaffold'}, {'coord_system': 'scaffold', 'name': 'AANG04003004.1', 'length': 13502}, {'coord_system': 'scaffold', 'name': 'AANG04003005.1', 'length': 8402}, {'coord_system': 'scaffold', 'length': 14988, 'name': 'AANG04003006.1'}, {'coord_system': 'scaffold', 'name': 'AANG04003007.1', 'length': 13988}, {'name': 'AANG04003008.1', 'length': 10987, 'coord_system': 'scaffold'}, {'coord_system': 'scaffold', 'name': 'AANG04003009.1', 'length': 6987}, {'length': 6208, 'name': 'AANG04003010.1', 'coord_system': 'scaffold'}, {'length': 12983, 'name': 'AANG04003011.1', 'coord_system': 'scaffold'}, {'coord_system': 'scaffold', 'name': 'AANG04003012.1', 'length': 3988}, {'coord_system': 'scaffold', 'name': 'AANG04003013.1', 'length': 6960}, {'name': 'AANG04003014.1', 'length': 8105, 'coord_system': 'scaffold'}, {'coord_system': 'scaffold', 'length': 23436, 'name': 'AANG04003015.1'}, {'coord_system': 'scaffold', 'length': 9988, 'name': 'AANG04003016.1'}, {'length': 43808, 'name': 'AANG04003017.1', 'coord_system': 'scaffold'}, {'length': 5988, 'name': 'AANG04003018.1', 'coord_system': 'scaffold'}, {'length': 60905, 'name': 'AANG04003019.1', 'coord_system': 'scaffold'}, {'length': 8153, 'name': 'AANG04003020.1', 'coord_system': 'scaffold'}, {'coord_system': 'scaffold', 'length': 7604, 'name': 'AANG04003021.1'}, {'coord_system': 'scaffold', 'name': 'AANG04003022.1', 'length': 6672}, {'length': 12300, 'name': 'AANG04003023.1', 'coord_system': 'scaffold'}, {'coord_system': 'scaffold', 'name': 'AANG04003024.1', 'length': 13225}, {'length': 9011, 'name': 'AANG04003025.1', 'coord_system': 'scaffold'}, {'length': 3987, 'name': 'AANG04003026.1', 'coord_system': 'scaffold'}, {'coord_system': 'scaffold', 'name': 'AANG04003027.1', 'length': 9186}, {'length': 8145, 'name': 'AANG04003028.1', 'coord_system': 'scaffold'}, {'coord_system': 'scaffold', 'length': 6954, 'name': 'AANG04003029.1'}, {'coord_system': 'scaffold', 'name': 'AANG04003030.1', 'length': 5181}, {'coord_system': 'scaffold', 'name': 'AANG04003031.1', 'length': 6987}, {'length': 14980, 'name': 'AANG04003033.1', 'coord_system': 'scaffold'}, {'length': 5980, 'name': 'AANG04003034.1', 'coord_system': 'scaffold'}, {'name': 'AANG04003035.1', 'length': 12987, 'coord_system': 'scaffold'}, {'coord_system': 'scaffold', 'length': 11507, 'name': 'AANG04003036.1'}, {'coord_system': 'scaffold', 'length': 10988, 'name': 'AANG04003037.1'}, {'coord_system': 'scaffold', 'length': 5984, 'name': 'AANG04003039.1'}, {'length': 4988, 'name': 'AANG04003040.1', 'coord_system': 'scaffold'}, {'name': 'AANG04003041.1', 'length': 9984, 'coord_system': 'scaffold'}, {'name': 'AANG04003042.1', 'length': 4988, 'coord_system': 'scaffold'}, {'coord_system': 'scaffold', 'name': 'AANG04003043.1', 'length': 2988}, {'length': 13557, 'name': 'AANG04003044.1', 'coord_system': 'scaffold'}, {'coord_system': 'scaffold', 'name': 'AANG04003045.1', 'length': 3988}, {'name': 'AANG04003046.1', 'length': 4988, 'coord_system': 'scaffold'}, {'length': 6988, 'name': 'AANG04003047.1', 'coord_system': 'scaffold'}, {'length': 18635, 'name': 'AANG04003048.1', 'coord_system': 'scaffold'}, {'name': 'AANG04003049.1', 'length': 9290, 'coord_system': 'scaffold'}, {'coord_system': 'scaffold', 'length': 65128, 'name': 'AANG04003050.1'}, {'name': 'AANG04003051.1', 'length': 8988, 'coord_system': 'scaffold'}, {'coord_system': 'scaffold', 'length': 21701, 'name': 'AANG04003052.1'}, {'name': 'AANG04003053.1', 'length': 11729, 'coord_system': 'scaffold'}, {'length': 7960, 'name': 'AANG04003054.1', 'coord_system': 'scaffold'}, {'coord_system': 'scaffold', 'length': 12015, 'name': 'AANG04003055.1'}, {'name': 'AANG04003057.1', 'length': 8988, 'coord_system': 'scaffold'}, {'length': 5158, 'name': 'AANG04003058.1', 'coord_system': 'scaffold'}, {'name': 'AANG04003059.1', 'length': 2988, 'coord_system': 'scaffold'}, {'name': 'AANG04003060.1', 'length': 6985, 'coord_system': 'scaffold'}, {'coord_system': 'scaffold', 'length': 9988, 'name': 'AANG04003061.1'}, {'length': 12985, 'name': 'AANG04003062.1', 'coord_system': 'scaffold'}, {'coord_system': 'scaffold', 'name': 'AANG04003063.1', 'length': 3967}, {'coord_system': 'scaffold', 'name': 'AANG04003065.1', 'length': 8048}, {'coord_system': 'scaffold', 'length': 10967, 'name': 'AANG04003066.1'}, {'coord_system': 'scaffold', 'length': 5004, 'name': 'AANG04003067.1'}, {'name': 'AANG04003068.1', 'length': 35192, 'coord_system': 'scaffold'}, {'name': 'AANG04003069.1', 'length': 9201, 'coord_system': 'scaffold'}, {'name': 'AANG04003070.1', 'length': 7544, 'coord_system': 'scaffold'}, {'coord_system': 'scaffold', 'length': 12952, 'name': 'AANG04003071.1'}, {'name': 'AANG04003072.1', 'length': 8989, 'coord_system': 'scaffold'}, {'length': 15964, 'name': 'AANG04003073.1', 'coord_system': 'scaffold'}, {'length': 62338, 'name': 'AANG04003074.1', 'coord_system': 'scaffold'}, {'coord_system': 'scaffold', 'length': 10087, 'name': 'AANG04003075.1'}, {'coord_system': 'scaffold', 'length': 6988, 'name': 'AANG04003076.1'}, {'length': 9033, 'name': 'AANG04003077.1', 'coord_system': 'scaffold'}, {'length': 13955, 'name': 'AANG04003078.1', 'coord_system': 'scaffold'}, {'length': 64914, 'name': 'AANG04003079.1', 'coord_system': 'scaffold'}, {'length': 6989, 'name': 'AANG04003080.1', 'coord_system': 'scaffold'}, {'coord_system': 'scaffold', 'name': 'AANG04003081.1', 'length': 11952}, {'length': 12244, 'name': 'AANG04003083.1', 'coord_system': 'scaffold'}, {'coord_system': 'scaffold', 'length': 9164, 'name': 'AANG04003084.1'}, {'coord_system': 'scaffold', 'length': 9122, 'name': 'AANG04003085.1'}, {'length': 4750, 'name': 'AANG04003086.1', 'coord_system': 'scaffold'}, {'coord_system': 'scaffold', 'name': 'AANG04003087.1', 'length': 10201}, {'length': 15554, 'name': 'AANG04003088.1', 'coord_system': 'scaffold'}, {'name': 'AANG04003089.1', 'length': 6987, 'coord_system': 'scaffold'}, {'coord_system': 'scaffold', 'name': 'AANG04003090.1', 'length': 13372}, {'coord_system': 'scaffold', 'length': 25252, 'name': 'AANG04003091.1'}, {'coord_system': 'scaffold', 'name': 'AANG04003092.1', 'length': 7989}, {'coord_system': 'scaffold', 'name': 'AANG04003093.1', 'length': 7988}, {'name': 'AANG04003094.1', 'length': 8115, 'coord_system': 'scaffold'}, {'length': 3988, 'name': 'AANG04003095.1', 'coord_system': 'scaffold'}, {'name': 'AANG04003096.1', 'length': 15988, 'coord_system': 'scaffold'}, {'coord_system': 'scaffold', 'length': 16166, 'name': 'AANG04003097.1'}, {'coord_system': 'scaffold', 'name': 'AANG04003098.1', 'length': 15989}, {'coord_system': 'scaffold', 'length': 19559, 'name': 'AANG04003099.1'}, {'coord_system': 'scaffold', 'length': 4988, 'name': 'AANG04003100.1'}, {'coord_system': 'scaffold', 'name': 'AANG04003101.1', 'length': 9987}, {'coord_system': 'scaffold', 'length': 7992, 'name': 'AANG04003102.1'}, {'name': 'AANG04003103.1', 'length': 7987, 'coord_system': 'scaffold'}, {'coord_system': 'scaffold', 'length': 55998, 'name': 'AANG04003104.1'}, {'coord_system': 'scaffold', 'length': 9988, 'name': 'AANG04003105.1'}, {'name': 'AANG04003106.1', 'length': 10981, 'coord_system': 'scaffold'}, {'coord_system': 'scaffold', 'length': 48423, 'name': 'AANG04003107.1'}, {'coord_system': 'scaffold', 'length': 5989, 'name': 'AANG04003108.1'}, {'coord_system': 'scaffold', 'length': 14178, 'name': 'AANG04003109.1'}, {'length': 14232, 'name': 'AANG04003110.1', 'coord_system': 'scaffold'}, {'length': 11988, 'name': 'AANG04003111.1', 'coord_system': 'scaffold'}, {'name': 'AANG04003112.1', 'length': 10990, 'coord_system': 'scaffold'}, {'coord_system': 'scaffold', 'name': 'AANG04003113.1', 'length': 9988}, {'coord_system': 'scaffold', 'name': 'AANG04003114.1', 'length': 11985}, {'coord_system': 'scaffold', 'name': 'AANG04003115.1', 'length': 6989}, {'coord_system': 'scaffold', 'length': 15464, 'name': 'AANG04003116.1'}, {'length': 10732, 'name': 'AANG04003117.1', 'coord_system': 'scaffold'}, {'coord_system': 'scaffold', 'name': 'AANG04003118.1', 'length': 3987}, {'coord_system': 'scaffold', 'name': 'AANG04003119.1', 'length': 25904}, {'name': 'AANG04003120.1', 'length': 7223, 'coord_system': 'scaffold'}, {'coord_system': 'scaffold', 'name': 'AANG04003121.1', 'length': 13924}, {'name': 'AANG04003122.1', 'length': 11987, 'coord_system': 'scaffold'}, {'name': 'AANG04003123.1', 'length': 7963, 'coord_system': 'scaffold'}, {'name': 'AANG04003124.1', 'length': 14150, 'coord_system': 'scaffold'}, {'coord_system': 'scaffold', 'length': 5990, 'name': 'AANG04003125.1'}, {'length': 81604, 'name': 'AANG04003126.1', 'coord_system': 'scaffold'}, {'coord_system': 'scaffold', 'length': 7988, 'name': 'AANG04003127.1'}, {'coord_system': 'scaffold', 'name': 'AANG04003128.1', 'length': 10984}, {'coord_system': 'scaffold', 'name': 'AANG04003129.1', 'length': 34984}, {'coord_system': 'scaffold', 'length': 18287, 'name': 'AANG04003130.1'}, {'coord_system': 'scaffold', 'length': 44102, 'name': 'AANG04003131.1'}, {'length': 5285, 'name': 'AANG04003132.1', 'coord_system': 'scaffold'}, {'coord_system': 'scaffold', 'name': 'AANG04003133.1', 'length': 5467}, {'name': 'AANG04003134.1', 'length': 8901, 'coord_system': 'scaffold'}, {'name': 'AANG04003135.1', 'length': 15968, 'coord_system': 'scaffold'}, {'length': 17436, 'name': 'AANG04003136.1', 'coord_system': 'scaffold'}, {'length': 3988, 'name': 'AANG04003137.1', 'coord_system': 'scaffold'}, {'length': 15983, 'name': 'AANG04003138.1', 'coord_system': 'scaffold'}, {'coord_system': 'scaffold', 'name': 'AANG04003139.1', 'length': 2941}, {'length': 19986, 'name': 'AANG04003140.1', 'coord_system': 'scaffold'}, {'length': 12601, 'name': 'AANG04003141.1', 'coord_system': 'scaffold'}, {'coord_system': 'scaffold', 'length': 47321, 'name': 'AANG04003142.1'}, {'coord_system': 'scaffold', 'name': 'AANG04003143.1', 'length': 11988}, {'length': 13947, 'name': 'AANG04003144.1', 'coord_system': 'scaffold'}, {'name': 'AANG04003145.1', 'length': 13699, 'coord_system': 'scaffold'}, {'coord_system': 'scaffold', 'length': 17859, 'name': 'AANG04003146.1'}, {'coord_system': 'scaffold', 'name': 'AANG04003147.1', 'length': 3988}, {'length': 16971, 'name': 'AANG04003148.1', 'coord_system': 'scaffold'}, {'length': 7988, 'name': 'AANG04003149.1', 'coord_system': 'scaffold'}, {'length': 9987, 'name': 'AANG04003150.1', 'coord_system': 'scaffold'}, {'coord_system': 'scaffold', 'length': 7988, 'name': 'AANG04003151.1'}, {'coord_system': 'scaffold', 'name': 'AANG04003152.1', 'length': 5987}, {'name': 'AANG04003153.1', 'length': 8189, 'coord_system': 'scaffold'}, {'coord_system': 'scaffold', 'name': 'AANG04003154.1', 'length': 17228}, {'coord_system': 'scaffold', 'length': 4178, 'name': 'AANG04003155.1'}, {'length': 13988, 'name': 'AANG04003157.1', 'coord_system': 'scaffold'}, {'coord_system': 'scaffold', 'length': 10037, 'name': 'AANG04003158.1'}, {'coord_system': 'scaffold', 'name': 'AANG04003159.1', 'length': 17053}, {'length': 3986, 'name': 'AANG04003160.1', 'coord_system': 'scaffold'}, {'coord_system': 'scaffold', 'name': 'AANG04003161.1', 'length': 3987}, {'coord_system': 'scaffold', 'length': 7086, 'name': 'AANG04003162.1'}, {'coord_system': 'scaffold', 'length': 21547, 'name': 'AANG04003163.1'}, {'coord_system': 'scaffold', 'name': 'AANG04003164.1', 'length': 18837}, {'length': 17242, 'name': 'AANG04003165.1', 'coord_system': 'scaffold'}, {'coord_system': 'scaffold', 'name': 'AANG04003166.1', 'length': 18984}, {'name': 'AANG04003167.1', 'length': 2988, 'coord_system': 'scaffold'}, {'coord_system': 'scaffold', 'length': 6988, 'name': 'AANG04003168.1'}, {'name': 'AANG04003169.1', 'length': 19958, 'coord_system': 'scaffold'}, {'name': 'AANG04003170.1', 'length': 5986, 'coord_system': 'scaffold'}, {'name': 'AANG04003172.1', 'length': 6988, 'coord_system': 'scaffold'}, {'length': 9448, 'name': 'AANG04003173.1', 'coord_system': 'scaffold'}, {'length': 39649, 'name': 'AANG04003174.1', 'coord_system': 'scaffold'}, {'coord_system': 'scaffold', 'length': 7873, 'name': 'AANG04003175.1'}, {'coord_system': 'scaffold', 'length': 15967, 'name': 'AANG04003176.1'}, {'length': 18557, 'name': 'AANG04003177.1', 'coord_system': 'scaffold'}, {'coord_system': 'scaffold', 'length': 8616, 'name': 'AANG04003178.1'}, {'length': 8057, 'name': 'AANG04003179.1', 'coord_system': 'scaffold'}, {'coord_system': 'scaffold', 'name': 'AANG04003180.1', 'length': 9447}, {'length': 50743, 'name': 'AANG04003181.1', 'coord_system': 'scaffold'}, {'length': 10984, 'name': 'AANG04003182.1', 'coord_system': 'scaffold'}, {'coord_system': 'scaffold', 'length': 17649, 'name': 'AANG04003183.1'}, {'coord_system': 'scaffold', 'name': 'AANG04003184.1', 'length': 12988}, {'coord_system': 'scaffold', 'length': 4988, 'name': 'AANG04003185.1'}, {'name': 'AANG04003186.1', 'length': 8018, 'coord_system': 'scaffold'}, {'coord_system': 'scaffold', 'name': 'AANG04003187.1', 'length': 9177}, {'name': 'AANG04003188.1', 'length': 2988, 'coord_system': 'scaffold'}, {'coord_system': 'scaffold', 'name': 'AANG04003189.1', 'length': 34801}, {'coord_system': 'scaffold', 'length': 10992, 'name': 'AANG04003190.1'}, {'length': 10988, 'name': 'AANG04003191.1', 'coord_system': 'scaffold'}, {'coord_system': 'scaffold', 'length': 49344, 'name': 'AANG04003192.1'}, {'length': 14907, 'name': 'AANG04003193.1', 'coord_system': 'scaffold'}, {'length': 11031, 'name': 'AANG04003194.1', 'coord_system': 'scaffold'}, {'coord_system': 'scaffold', 'length': 20990, 'name': 'AANG04003195.1'}, {'length': 12186, 'name': 'AANG04003196.1', 'coord_system': 'scaffold'}, {'name': 'AANG04003197.1', 'length': 9939, 'coord_system': 'scaffold'}, {'coord_system': 'scaffold', 'length': 6988, 'name': 'AANG04003198.1'}, {'length': 7985, 'name': 'AANG04003199.1', 'coord_system': 'scaffold'}, {'name': 'AANG04003200.1', 'length': 5986, 'coord_system': 'scaffold'}, {'name': 'AANG04003201.1', 'length': 6919, 'coord_system': 'scaffold'}, {'length': 9159, 'name': 'AANG04003202.1', 'coord_system': 'scaffold'}, {'name': 'AANG04003203.1', 'length': 12012, 'coord_system': 'scaffold'}, {'coord_system': 'scaffold', 'name': 'AANG04003204.1', 'length': 7985}, {'coord_system': 'scaffold', 'name': 'AANG04003205.1', 'length': 9117}, {'length': 12623, 'name': 'AANG04003206.1', 'coord_system': 'scaffold'}, {'name': 'AANG04003207.1', 'length': 11662, 'coord_system': 'scaffold'}, {'coord_system': 'scaffold', 'length': 4987, 'name': 'AANG04003209.1'}, {'length': 17999, 'name': 'AANG04003210.1', 'coord_system': 'scaffold'}, {'coord_system': 'scaffold', 'length': 6990, 'name': 'AANG04003212.1'}, {'coord_system': 'scaffold', 'name': 'AANG04003213.1', 'length': 9189}, {'length': 6988, 'name': 'AANG04003214.1', 'coord_system': 'scaffold'}, {'name': 'AANG04003215.1', 'length': 22988, 'coord_system': 'scaffold'}, {'name': 'AANG04003216.1', 'length': 12106, 'coord_system': 'scaffold'}, {'coord_system': 'scaffold', 'length': 8987, 'name': 'AANG04003217.1'}, {'name': 'AANG04003218.1', 'length': 16933, 'coord_system': 'scaffold'}, {'coord_system': 'scaffold', 'name': 'AANG04003219.1', 'length': 34467}, {'length': 4988, 'name': 'AANG04003220.1', 'coord_system': 'scaffold'}, {'coord_system': 'scaffold', 'length': 39984, 'name': 'AANG04003221.1'}, {'coord_system': 'scaffold', 'name': 'AANG04003222.1', 'length': 14151}, {'coord_system': 'scaffold', 'length': 3988, 'name': 'AANG04003223.1'}, {'coord_system': 'scaffold', 'name': 'AANG04003225.1', 'length': 7989}, {'coord_system': 'scaffold', 'length': 14986, 'name': 'AANG04003226.1'}, {'name': 'AANG04003228.1', 'length': 7987, 'coord_system': 'scaffold'}, {'length': 19987, 'name': 'AANG04003229.1', 'coord_system': 'scaffold'}, {'coord_system': 'scaffold', 'length': 8988, 'name': 'AANG04003230.1'}, {'length': 6206, 'name': 'AANG04003231.1', 'coord_system': 'scaffold'}, {'length': 11979, 'name': 'AANG04003232.1', 'coord_system': 'scaffold'}, {'name': 'AANG04003233.1', 'length': 6990, 'coord_system': 'scaffold'}, {'coord_system': 'scaffold', 'length': 12466, 'name': 'AANG04003234.1'}, {'coord_system': 'scaffold', 'name': 'AANG04003235.1', 'length': 49675}, {'coord_system': 'scaffold', 'name': 'AANG04003236.1', 'length': 6625}, {'name': 'AANG04003237.1', 'length': 3988, 'coord_system': 'scaffold'}, {'length': 4988, 'name': 'AANG04003238.1', 'coord_system': 'scaffold'}, {'coord_system': 'scaffold', 'name': 'AANG04003239.1', 'length': 5988}, {'length': 3988, 'name': 'AANG04003240.1', 'coord_system': 'scaffold'}, {'coord_system': 'scaffold', 'name': 'AANG04003241.1', 'length': 15793}, {'coord_system': 'scaffold', 'length': 9472, 'name': 'AANG04003242.1'}, {'name': 'AANG04003243.1', 'length': 13764, 'coord_system': 'scaffold'}, {'coord_system': 'scaffold', 'length': 61933, 'name': 'AANG04003244.1'}, {'length': 4989, 'name': 'AANG04003245.1', 'coord_system': 'scaffold'}, {'length': 28154, 'name': 'AANG04003246.1', 'coord_system': 'scaffold'}, {'length': 18087, 'name': 'AANG04003247.1', 'coord_system': 'scaffold'}, {'length': 13154, 'name': 'AANG04003248.1', 'coord_system': 'scaffold'}, {'coord_system': 'scaffold', 'length': 11839, 'name': 'AANG04003249.1'}, {'name': 'AANG04003250.1', 'length': 15413, 'coord_system': 'scaffold'}, {'coord_system': 'scaffold', 'name': 'AANG04003251.1', 'length': 5988}, {'length': 16990, 'name': 'AANG04003252.1', 'coord_system': 'scaffold'}, {'coord_system': 'scaffold', 'name': 'AANG04003253.1', 'length': 16984}, {'name': 'AANG04003254.1', 'length': 33883, 'coord_system': 'scaffold'}, {'coord_system': 'scaffold', 'name': 'AANG04003255.1', 'length': 3988}, {'coord_system': 'scaffold', 'length': 7884, 'name': 'AANG04003256.1'}, {'length': 7982, 'name': 'AANG04003257.1', 'coord_system': 'scaffold'}, {'coord_system': 'scaffold', 'name': 'AANG04003258.1', 'length': 13510}, {'length': 6988, 'name': 'AANG04003259.1', 'coord_system': 'scaffold'}, {'length': 4701, 'name': 'AANG04003260.1', 'coord_system': 'scaffold'}, {'name': 'AANG04003261.1', 'length': 11987, 'coord_system': 'scaffold'}, {'coord_system': 'scaffold', 'name': 'AANG04003262.1', 'length': 8085}, {'name': 'AANG04003263.1', 'length': 4132, 'coord_system': 'scaffold'}, {'coord_system': 'scaffold', 'name': 'AANG04003264.1', 'length': 3988}, {'coord_system': 'scaffold', 'name': 'AANG04003265.1', 'length': 7988}, {'coord_system': 'scaffold', 'length': 4988, 'name': 'AANG04003266.1'}, {'coord_system': 'scaffold', 'length': 6988, 'name': 'AANG04003267.1'}, {'length': 7988, 'name': 'AANG04003268.1', 'coord_system': 'scaffold'}, {'coord_system': 'scaffold', 'length': 13988, 'name': 'AANG04003269.1'}, {'coord_system': 'scaffold', 'length': 18986, 'name': 'AANG04003270.1'}, {'name': 'AANG04003271.1', 'length': 4988, 'coord_system': 'scaffold'}, {'length': 17989, 'name': 'AANG04003272.1', 'coord_system': 'scaffold'}, {'name': 'AANG04003274.1', 'length': 3989, 'coord_system': 'scaffold'}, {'coord_system': 'scaffold', 'length': 7987, 'name': 'AANG04003275.1'}, {'name': 'AANG04003276.1', 'length': 6988, 'coord_system': 'scaffold'}, {'coord_system': 'scaffold', 'length': 10986, 'name': 'AANG04003277.1'}, {'coord_system': 'scaffold', 'name': 'AANG04003278.1', 'length': 4988}, {'coord_system': 'scaffold', 'name': 'AANG04003280.1', 'length': 7118}, {'coord_system': 'scaffold', 'length': 10988, 'name': 'AANG04003281.1'}, {'name': 'AANG04003282.1', 'length': 6031, 'coord_system': 'scaffold'}, {'length': 11276, 'name': 'AANG04003283.1', 'coord_system': 'scaffold'}, {'name': 'AANG04003285.1', 'length': 48467, 'coord_system': 'scaffold'}, {'coord_system': 'scaffold', 'length': 4986, 'name': 'AANG04003286.1'}, {'name': 'AANG04003287.1', 'length': 6822, 'coord_system': 'scaffold'}, {'coord_system': 'scaffold', 'name': 'AANG04003288.1', 'length': 5972}, {'coord_system': 'scaffold', 'name': 'AANG04003289.1', 'length': 8984}, {'coord_system': 'scaffold', 'length': 8783, 'name': 'AANG04003290.1'}, {'length': 9986, 'name': 'AANG04003291.1', 'coord_system': 'scaffold'}, {'length': 11986, 'name': 'AANG04003292.1', 'coord_system': 'scaffold'}, {'name': 'AANG04003293.1', 'length': 4988, 'coord_system': 'scaffold'}, {'name': 'AANG04003294.1', 'length': 33514, 'coord_system': 'scaffold'}, {'length': 15427, 'name': 'AANG04003295.1', 'coord_system': 'scaffold'}, {'coord_system': 'scaffold', 'length': 32011, 'name': 'AANG04003296.1'}, {'coord_system': 'scaffold', 'name': 'AANG04003297.1', 'length': 85885}, {'name': 'AANG04003298.1', 'length': 10681, 'coord_system': 'scaffold'}, {'name': 'AANG04003299.1', 'length': 18730, 'coord_system': 'scaffold'}, {'coord_system': 'scaffold', 'name': 'AANG04003300.1', 'length': 19228}, {'coord_system': 'scaffold', 'name': 'AANG04003301.1', 'length': 15610}, {'name': 'AANG04003302.1', 'length': 46524, 'coord_system': 'scaffold'}, {'coord_system': 'scaffold', 'name': 'AANG04003303.1', 'length': 5991}, {'name': 'AANG04003305.1', 'length': 5988, 'coord_system': 'scaffold'}, {'coord_system': 'scaffold', 'length': 16986, 'name': 'AANG04003306.1'}, {'coord_system': 'scaffold', 'name': 'AANG04003307.1', 'length': 10666}, {'name': 'AANG04003308.1', 'length': 42022, 'coord_system': 'scaffold'}, {'coord_system': 'scaffold', 'length': 35787, 'name': 'AANG04003309.1'}, {'name': 'AANG04003310.1', 'length': 52604, 'coord_system': 'scaffold'}, {'coord_system': 'scaffold', 'name': 'AANG04003311.1', 'length': 11161}, {'coord_system': 'scaffold', 'length': 6467, 'name': 'AANG04003312.1'}, {'length': 9290, 'name': 'AANG04003313.1', 'coord_system': 'scaffold'}, {'coord_system': 'scaffold', 'name': 'AANG04003314.1', 'length': 8987}, {'coord_system': 'scaffold', 'length': 6988, 'name': 'AANG04003315.1'}, {'coord_system': 'scaffold', 'name': 'AANG04003317.1', 'length': 3987}, {'coord_system': 'scaffold', 'length': 21091, 'name': 'AANG04003318.1'}, {'name': 'AANG04003319.1', 'length': 10986, 'coord_system': 'scaffold'}, {'length': 9989, 'name': 'AANG04003320.1', 'coord_system': 'scaffold'}, {'coord_system': 'scaffold', 'name': 'AANG04003321.1', 'length': 5987}, {'length': 3987, 'name': 'AANG04003322.1', 'coord_system': 'scaffold'}, {'length': 11991, 'name': 'AANG04003323.1', 'coord_system': 'scaffold'}, {'coord_system': 'scaffold', 'length': 12614, 'name': 'AANG04003324.1'}, {'length': 16476, 'name': 'AANG04003325.1', 'coord_system': 'scaffold'}, {'coord_system': 'scaffold', 'name': 'AANG04003326.1', 'length': 14726}, {'length': 12367, 'name': 'AANG04003327.1', 'coord_system': 'scaffold'}, {'name': 'AANG04003328.1', 'length': 49474, 'coord_system': 'scaffold'}, {'name': 'AANG04003330.1', 'length': 8250, 'coord_system': 'scaffold'}, {'coord_system': 'scaffold', 'length': 16984, 'name': 'AANG04003331.1'}, {'name': 'AANG04003332.1', 'length': 14911, 'coord_system': 'scaffold'}, {'coord_system': 'scaffold', 'name': 'AANG04003333.1', 'length': 9170}, {'coord_system': 'scaffold', 'length': 4988, 'name': 'AANG04003334.1'}, {'name': 'AANG04003335.1', 'length': 10991, 'coord_system': 'scaffold'}, {'coord_system': 'scaffold', 'name': 'AANG04003336.1', 'length': 7184}, {'length': 9037, 'name': 'AANG04003337.1', 'coord_system': 'scaffold'}, {'coord_system': 'scaffold', 'name': 'AANG04003338.1', 'length': 7979}, {'length': 14049, 'name': 'AANG04003339.1', 'coord_system': 'scaffold'}, {'coord_system': 'scaffold', 'name': 'AANG04003340.1', 'length': 12948}, {'coord_system': 'scaffold', 'length': 20977, 'name': 'AANG04003341.1'}, {'length': 6186, 'name': 'AANG04003342.1', 'coord_system': 'scaffold'}, {'length': 3061, 'name': 'AANG04003343.1', 'coord_system': 'scaffold'}, {'length': 6855, 'name': 'AANG04003345.1', 'coord_system': 'scaffold'}, {'coord_system': 'scaffold', 'length': 115260, 'name': 'AANG04003346.1'}, {'coord_system': 'scaffold', 'length': 4990, 'name': 'AANG04003347.1'}, {'length': 12152, 'name': 'AANG04003348.1', 'coord_system': 'scaffold'}, {'coord_system': 'scaffold', 'length': 14984, 'name': 'AANG04003349.1'}, {'coord_system': 'scaffold', 'length': 13987, 'name': 'AANG04003350.1'}, {'coord_system': 'scaffold', 'length': 44963, 'name': 'AANG04003351.1'}, {'coord_system': 'scaffold', 'length': 13661, 'name': 'AANG04003352.1'}, {'coord_system': 'scaffold', 'length': 6988, 'name': 'AANG04003353.1'}, {'name': 'AANG04003354.1', 'length': 8046, 'coord_system': 'scaffold'}, {'length': 4594, 'name': 'AANG04003355.1', 'coord_system': 'scaffold'}, {'name': 'AANG04003356.1', 'length': 5141, 'coord_system': 'scaffold'}, {'coord_system': 'scaffold', 'name': 'AANG04003357.1', 'length': 9042}, {'coord_system': 'scaffold', 'length': 19096, 'name': 'AANG04003359.1'}, {'coord_system': 'scaffold', 'length': 9991, 'name': 'AANG04003360.1'}, {'length': 59265, 'name': 'AANG04003361.1', 'coord_system': 'scaffold'}, {'coord_system': 'scaffold', 'name': 'AANG04003362.1', 'length': 9986}, {'length': 14843, 'name': 'AANG04003363.1', 'coord_system': 'scaffold'}, {'name': 'AANG04003364.1', 'length': 53078, 'coord_system': 'scaffold'}, {'coord_system': 'scaffold', 'length': 10235, 'name': 'AANG04003365.1'}, {'length': 43723, 'name': 'AANG04003366.1', 'coord_system': 'scaffold'}, {'coord_system': 'scaffold', 'name': 'AANG04003367.1', 'length': 17119}, {'name': 'AANG04003368.1', 'length': 7208, 'coord_system': 'scaffold'}, {'coord_system': 'scaffold', 'name': 'AANG04003370.1', 'length': 7866}, {'coord_system': 'scaffold', 'name': 'AANG04003371.1', 'length': 13183}, {'coord_system': 'scaffold', 'length': 15984, 'name': 'AANG04003372.1'}, {'length': 10985, 'name': 'AANG04003373.1', 'coord_system': 'scaffold'}, {'coord_system': 'scaffold', 'length': 53160, 'name': 'AANG04003374.1'}, {'coord_system': 'scaffold', 'length': 6989, 'name': 'AANG04003375.1'}, {'coord_system': 'scaffold', 'length': 9988, 'name': 'AANG04003376.1'}, {'coord_system': 'scaffold', 'name': 'AANG04003377.1', 'length': 7986}, {'coord_system': 'scaffold', 'name': 'AANG04003378.1', 'length': 5899}, {'name': 'AANG04003380.1', 'length': 7259, 'coord_system': 'scaffold'}, {'name': 'AANG04003381.1', 'length': 4820, 'coord_system': 'scaffold'}, {'coord_system': 'scaffold', 'name': 'AANG04003382.1', 'length': 9987}, {'name': 'AANG04003383.1', 'length': 3988, 'coord_system': 'scaffold'}, {'coord_system': 'scaffold', 'name': 'AANG04003384.1', 'length': 18870}, {'coord_system': 'scaffold', 'name': 'AANG04003385.1', 'length': 43557}, {'length': 14042, 'name': 'AANG04003386.1', 'coord_system': 'scaffold'}, {'coord_system': 'scaffold', 'name': 'AANG04003387.1', 'length': 6124}, {'name': 'AANG04003388.1', 'length': 10962, 'coord_system': 'scaffold'}, {'length': 11987, 'name': 'AANG04003389.1', 'coord_system': 'scaffold'}, {'name': 'AANG04003390.1', 'length': 12988, 'coord_system': 'scaffold'}, {'coord_system': 'scaffold', 'name': 'AANG04003391.1', 'length': 8040}, {'length': 4485, 'name': 'AANG04003392.1', 'coord_system': 'scaffold'}, {'coord_system': 'scaffold', 'length': 9989, 'name': 'AANG04003393.1'}, {'coord_system': 'scaffold', 'length': 40426, 'name': 'AANG04003394.1'}, {'coord_system': 'scaffold', 'name': 'AANG04003395.1', 'length': 10434}, {'name': 'AANG04003396.1', 'length': 56672, 'coord_system': 'scaffold'}, {'coord_system': 'scaffold', 'length': 3988, 'name': 'AANG04003397.1'}, {'coord_system': 'scaffold', 'name': 'AANG04003398.1', 'length': 3988}, {'coord_system': 'scaffold', 'name': 'AANG04003399.1', 'length': 10214}, {'coord_system': 'scaffold', 'length': 6988, 'name': 'AANG04003400.1'}, {'coord_system': 'scaffold', 'name': 'AANG04003401.1', 'length': 6176}, {'coord_system': 'scaffold', 'name': 'AANG04003402.1', 'length': 11123}, {'length': 3987, 'name': 'AANG04003403.1', 'coord_system': 'scaffold'}, {'name': 'AANG04003405.1', 'length': 62988, 'coord_system': 'scaffold'}, {'coord_system': 'scaffold', 'length': 9985, 'name': 'AANG04003406.1'}, {'coord_system': 'scaffold', 'length': 51653, 'name': 'AANG04003407.1'}, {'length': 2988, 'name': 'AANG04003408.1', 'coord_system': 'scaffold'}, {'coord_system': 'scaffold', 'name': 'AANG04003409.1', 'length': 9133}, {'length': 3988, 'name': 'AANG04003410.1', 'coord_system': 'scaffold'}, {'coord_system': 'scaffold', 'length': 50567, 'name': 'AANG04003412.1'}, {'coord_system': 'scaffold', 'length': 14293, 'name': 'AANG04003414.1'}, {'coord_system': 'scaffold', 'length': 8985, 'name': 'AANG04003415.1'}, {'name': 'AANG04003416.1', 'length': 13082, 'coord_system': 'scaffold'}, {'name': 'AANG04003417.1', 'length': 8987, 'coord_system': 'scaffold'}, {'length': 8988, 'name': 'AANG04003418.1', 'coord_system': 'scaffold'}, {'name': 'AANG04003419.1', 'length': 37994, 'coord_system': 'scaffold'}, {'name': 'AANG04003420.1', 'length': 15299, 'coord_system': 'scaffold'}, {'name': 'AANG04003421.1', 'length': 5986, 'coord_system': 'scaffold'}, {'coord_system': 'scaffold', 'length': 4241, 'name': 'AANG04003422.1'}, {'name': 'AANG04003423.1', 'length': 3988, 'coord_system': 'scaffold'}, {'coord_system': 'scaffold', 'length': 5988, 'name': 'AANG04003424.1'}, {'length': 6166, 'name': 'AANG04003425.1', 'coord_system': 'scaffold'}, {'coord_system': 'scaffold', 'name': 'AANG04003427.1', 'length': 5546}, {'length': 16988, 'name': 'AANG04003428.1', 'coord_system': 'scaffold'}, {'length': 12245, 'name': 'AANG04003429.1', 'coord_system': 'scaffold'}, {'name': 'AANG04003430.1', 'length': 26875, 'coord_system': 'scaffold'}, {'length': 15792, 'name': 'AANG04003431.1', 'coord_system': 'scaffold'}, {'length': 5988, 'name': 'AANG04003432.1', 'coord_system': 'scaffold'}, {'coord_system': 'scaffold', 'name': 'AANG04003433.1', 'length': 6892}, {'length': 10978, 'name': 'AANG04003434.1', 'coord_system': 'scaffold'}, {'coord_system': 'scaffold', 'name': 'AANG04003435.1', 'length': 11989}, {'coord_system': 'scaffold', 'length': 11989, 'name': 'AANG04003436.1'}, {'coord_system': 'scaffold', 'name': 'AANG04003437.1', 'length': 5999}, {'coord_system': 'scaffold', 'name': 'AANG04003438.1', 'length': 26896}, {'coord_system': 'scaffold', 'length': 4411, 'name': 'AANG04003440.1'}, {'name': 'AANG04003441.1', 'length': 15982, 'coord_system': 'scaffold'}, {'length': 39055, 'name': 'AANG04003442.1', 'coord_system': 'scaffold'}, {'coord_system': 'scaffold', 'name': 'AANG04003443.1', 'length': 14388}, {'coord_system': 'scaffold', 'name': 'AANG04003444.1', 'length': 5988}, {'length': 4988, 'name': 'AANG04003445.1', 'coord_system': 'scaffold'}, {'length': 5589, 'name': 'AANG04003446.1', 'coord_system': 'scaffold'}, {'coord_system': 'scaffold', 'name': 'AANG04003447.1', 'length': 2964}, {'coord_system': 'scaffold', 'name': 'AANG04003448.1', 'length': 62112}, {'coord_system': 'scaffold', 'length': 2988, 'name': 'AANG04003449.1'}, {'name': 'AANG04003450.1', 'length': 9340, 'coord_system': 'scaffold'}, {'name': 'AANG04003451.1', 'length': 11609, 'coord_system': 'scaffold'}, {'coord_system': 'scaffold', 'name': 'AANG04003452.1', 'length': 13266}, {'coord_system': 'scaffold', 'name': 'AANG04003453.1', 'length': 3988}, {'coord_system': 'scaffold', 'length': 4988, 'name': 'AANG04003454.1'}, {'coord_system': 'scaffold', 'length': 15987, 'name': 'AANG04003455.1'}, {'name': 'AANG04003456.1', 'length': 12188, 'coord_system': 'scaffold'}, {'coord_system': 'scaffold', 'name': 'AANG04003457.1', 'length': 10072}, {'length': 15324, 'name': 'AANG04003458.1', 'coord_system': 'scaffold'}, {'name': 'AANG04003459.1', 'length': 11742, 'coord_system': 'scaffold'}, {'length': 8989, 'name': 'AANG04003460.1', 'coord_system': 'scaffold'}, {'coord_system': 'scaffold', 'length': 8988, 'name': 'AANG04003461.1'}, {'coord_system': 'scaffold', 'name': 'AANG04003462.1', 'length': 48188}, {'name': 'AANG04003463.1', 'length': 12124, 'coord_system': 'scaffold'}, {'length': 8984, 'name': 'AANG04003464.1', 'coord_system': 'scaffold'}, {'coord_system': 'scaffold', 'length': 4366, 'name': 'AANG04003465.1'}, {'coord_system': 'scaffold', 'name': 'AANG04003466.1', 'length': 8927}, {'name': 'AANG04003467.1', 'length': 7241, 'coord_system': 'scaffold'}, {'coord_system': 'scaffold', 'name': 'AANG04003468.1', 'length': 6988}, {'name': 'AANG04003469.1', 'length': 9173, 'coord_system': 'scaffold'}, {'coord_system': 'scaffold', 'name': 'AANG04003471.1', 'length': 22018}, {'length': 12987, 'name': 'AANG04003472.1', 'coord_system': 'scaffold'}, {'coord_system': 'scaffold', 'name': 'AANG04003473.1', 'length': 43042}, {'name': 'AANG04003474.1', 'length': 10988, 'coord_system': 'scaffold'}, {'coord_system': 'scaffold', 'name': 'AANG04003475.1', 'length': 6920}, {'coord_system': 'scaffold', 'name': 'AANG04003476.1', 'length': 20017}, {'coord_system': 'scaffold', 'name': 'AANG04003477.1', 'length': 8987}, {'coord_system': 'scaffold', 'length': 12886, 'name': 'AANG04003478.1'}, {'coord_system': 'scaffold', 'length': 14171, 'name': 'AANG04003479.1'}, {'coord_system': 'scaffold', 'length': 5254, 'name': 'AANG04003480.1'}, {'name': 'AANG04003481.1', 'length': 17168, 'coord_system': 'scaffold'}, {'length': 6988, 'name': 'AANG04003482.1', 'coord_system': 'scaffold'}, {'coord_system': 'scaffold', 'name': 'AANG04003483.1', 'length': 10570}, {'coord_system': 'scaffold', 'length': 11989, 'name': 'AANG04003484.1'}, {'name': 'AANG04003485.1', 'length': 17988, 'coord_system': 'scaffold'}, {'coord_system': 'scaffold', 'name': 'AANG04003486.1', 'length': 19242}, {'name': 'AANG04003487.1', 'length': 38518, 'coord_system': 'scaffold'}, {'coord_system': 'scaffold', 'length': 11988, 'name': 'AANG04003488.1'}, {'name': 'AANG04003489.1', 'length': 10702, 'coord_system': 'scaffold'}, {'coord_system': 'scaffold', 'name': 'AANG04003491.1', 'length': 16989}, {'coord_system': 'scaffold', 'name': 'AANG04003492.1', 'length': 10984}, {'length': 18229, 'name': 'AANG04003493.1', 'coord_system': 'scaffold'}, {'coord_system': 'scaffold', 'name': 'AANG04003494.1', 'length': 11984}, {'name': 'AANG04003495.1', 'length': 6990, 'coord_system': 'scaffold'}, {'length': 7988, 'name': 'AANG04003496.1', 'coord_system': 'scaffold'}, {'length': 24279, 'name': 'AANG04003497.1', 'coord_system': 'scaffold'}, {'name': 'AANG04003498.1', 'length': 28909, 'coord_system': 'scaffold'}, {'length': 3987, 'name': 'AANG04003499.1', 'coord_system': 'scaffold'}, {'coord_system': 'scaffold', 'length': 4820, 'name': 'AANG04003500.1'}, {'length': 22988, 'name': 'AANG04003501.1', 'coord_system': 'scaffold'}, {'length': 5988, 'name': 'AANG04003502.1', 'coord_system': 'scaffold'}, {'coord_system': 'scaffold', 'length': 14984, 'name': 'AANG04003503.1'}, {'coord_system': 'scaffold', 'name': 'AANG04003504.1', 'length': 4988}, {'coord_system': 'scaffold', 'name': 'AANG04003505.1', 'length': 8358}, {'coord_system': 'scaffold', 'length': 8012, 'name': 'AANG04003506.1'}, {'coord_system': 'scaffold', 'name': 'AANG04003507.1', 'length': 8741}, {'length': 12460, 'name': 'AANG04003509.1', 'coord_system': 'scaffold'}, {'coord_system': 'scaffold', 'length': 3984, 'name': 'AANG04003510.1'}, {'coord_system': 'scaffold', 'name': 'AANG04003511.1', 'length': 5988}, {'length': 11697, 'name': 'AANG04003512.1', 'coord_system': 'scaffold'}, {'length': 12424, 'name': 'AANG04003513.1', 'coord_system': 'scaffold'}, {'length': 41845, 'name': 'AANG04003514.1', 'coord_system': 'scaffold'}, {'length': 9989, 'name': 'AANG04003515.1', 'coord_system': 'scaffold'}, {'length': 9475, 'name': 'AANG04003516.1', 'coord_system': 'scaffold'}, {'coord_system': 'scaffold', 'name': 'AANG04003517.1', 'length': 3988}, {'coord_system': 'scaffold', 'length': 17255, 'name': 'AANG04003519.1'}, {'coord_system': 'scaffold', 'length': 7990, 'name': 'AANG04003520.1'}, {'name': 'AANG04003521.1', 'length': 20985, 'coord_system': 'scaffold'}, {'name': 'AANG04003522.1', 'length': 26985, 'coord_system': 'scaffold'}, {'coord_system': 'scaffold', 'name': 'AANG04003523.1', 'length': 4984}, {'length': 9176, 'name': 'AANG04003524.1', 'coord_system': 'scaffold'}, {'coord_system': 'scaffold', 'name': 'AANG04003525.1', 'length': 19222}, {'coord_system': 'scaffold', 'name': 'AANG04003526.1', 'length': 4988}, {'coord_system': 'scaffold', 'name': 'AANG04003527.1', 'length': 12869}, {'coord_system': 'scaffold', 'length': 16746, 'name': 'AANG04003528.1'}, {'name': 'AANG04003529.1', 'length': 8985, 'coord_system': 'scaffold'}, {'name': 'AANG04003530.1', 'length': 14995, 'coord_system': 'scaffold'}, {'length': 3988, 'name': 'AANG04003532.1', 'coord_system': 'scaffold'}, {'length': 11311, 'name': 'AANG04003533.1', 'coord_system': 'scaffold'}, {'name': 'AANG04003534.1', 'length': 16482, 'coord_system': 'scaffold'}, {'coord_system': 'scaffold', 'name': 'AANG04003535.1', 'length': 18984}, {'coord_system': 'scaffold', 'length': 71029, 'name': 'AANG04003536.1'}, {'length': 8988, 'name': 'AANG04003537.1', 'coord_system': 'scaffold'}, {'length': 7988, 'name': 'AANG04003538.1', 'coord_system': 'scaffold'}, {'name': 'AANG04003540.1', 'length': 12195, 'coord_system': 'scaffold'}, {'name': 'AANG04003541.1', 'length': 14903, 'coord_system': 'scaffold'}, {'length': 19983, 'name': 'AANG04003542.1', 'coord_system': 'scaffold'}, {'name': 'AANG04003543.1', 'length': 15799, 'coord_system': 'scaffold'}, {'name': 'AANG04003544.1', 'length': 10022, 'coord_system': 'scaffold'}, {'name': 'AANG04003545.1', 'length': 6000, 'coord_system': 'scaffold'}, {'length': 9989, 'name': 'AANG04003546.1', 'coord_system': 'scaffold'}, {'coord_system': 'scaffold', 'length': 10989, 'name': 'AANG04003547.1'}, {'length': 5087, 'name': 'AANG04003549.1', 'coord_system': 'scaffold'}, {'coord_system': 'scaffold', 'length': 9952, 'name': 'AANG04003550.1'}, {'name': 'AANG04003551.1', 'length': 12985, 'coord_system': 'scaffold'}, {'coord_system': 'scaffold', 'name': 'AANG04003552.1', 'length': 8626}, {'length': 8988, 'name': 'AANG04003553.1', 'coord_system': 'scaffold'}, {'coord_system': 'scaffold', 'name': 'AANG04003554.1', 'length': 6880}, {'name': 'AANG04003555.1', 'length': 14935, 'coord_system': 'scaffold'}, {'name': 'AANG04003557.1', 'length': 12141, 'coord_system': 'scaffold'}, {'coord_system': 'scaffold', 'name': 'AANG04003558.1', 'length': 9996}, {'coord_system': 'scaffold', 'length': 4988, 'name': 'AANG04003559.1'}, {'coord_system': 'scaffold', 'length': 11413, 'name': 'AANG04003560.1'}, {'coord_system': 'scaffold', 'length': 24770, 'name': 'AANG04003561.1'}, {'coord_system': 'scaffold', 'name': 'AANG04003562.1', 'length': 10986}, {'name': 'AANG04003563.1', 'length': 10710, 'coord_system': 'scaffold'}, {'coord_system': 'scaffold', 'name': 'AANG04003564.1', 'length': 6988}, {'name': 'AANG04003565.1', 'length': 10959, 'coord_system': 'scaffold'}, {'coord_system': 'scaffold', 'length': 7566, 'name': 'AANG04003566.1'}, {'name': 'AANG04003567.1', 'length': 20248, 'coord_system': 'scaffold'}, {'name': 'AANG04003568.1', 'length': 8988, 'coord_system': 'scaffold'}, {'length': 10154, 'name': 'AANG04003569.1', 'coord_system': 'scaffold'}, {'length': 49667, 'name': 'AANG04003570.1', 'coord_system': 'scaffold'}, {'coord_system': 'scaffold', 'length': 12312, 'name': 'AANG04003571.1'}, {'coord_system': 'scaffold', 'length': 10987, 'name': 'AANG04003572.1'}, {'name': 'AANG04003573.1', 'length': 9998, 'coord_system': 'scaffold'}, {'coord_system': 'scaffold', 'name': 'AANG04003574.1', 'length': 62699}, {'coord_system': 'scaffold', 'length': 16952, 'name': 'AANG04003575.1'}, {'coord_system': 'scaffold', 'length': 8169, 'name': 'AANG04003576.1'}, {'coord_system': 'scaffold', 'length': 14405, 'name': 'AANG04003577.1'}, {'coord_system': 'scaffold', 'name': 'AANG04003578.1', 'length': 15359}, {'coord_system': 'scaffold', 'name': 'AANG04003580.1', 'length': 9021}, {'coord_system': 'scaffold', 'length': 7188, 'name': 'AANG04003581.1'}, {'name': 'AANG04003582.1', 'length': 5988, 'coord_system': 'scaffold'}, {'coord_system': 'scaffold', 'length': 15320, 'name': 'AANG04003583.1'}, {'length': 6989, 'name': 'AANG04003584.1', 'coord_system': 'scaffold'}, {'coord_system': 'scaffold', 'length': 7988, 'name': 'AANG04003585.1'}, {'length': 5988, 'name': 'AANG04003586.1', 'coord_system': 'scaffold'}, {'length': 6170, 'name': 'AANG04003587.1', 'coord_system': 'scaffold'}, {'coord_system': 'scaffold', 'length': 10990, 'name': 'AANG04003588.1'}, {'coord_system': 'scaffold', 'length': 8987, 'name': 'AANG04003589.1'}, {'name': 'AANG04003590.1', 'length': 59526, 'coord_system': 'scaffold'}, {'coord_system': 'scaffold', 'length': 3988, 'name': 'AANG04003591.1'}, {'length': 5986, 'name': 'AANG04003592.1', 'coord_system': 'scaffold'}, {'coord_system': 'scaffold', 'name': 'AANG04003593.1', 'length': 14021}, {'coord_system': 'scaffold', 'name': 'AANG04003595.1', 'length': 7986}, {'coord_system': 'scaffold', 'length': 12654, 'name': 'AANG04003596.1'}, {'coord_system': 'scaffold', 'name': 'AANG04003597.1', 'length': 8052}, {'coord_system': 'scaffold', 'name': 'AANG04003598.1', 'length': 13641}, {'coord_system': 'scaffold', 'length': 15982, 'name': 'AANG04003599.1'}, {'coord_system': 'scaffold', 'length': 4988, 'name': 'AANG04003600.1'}, {'coord_system': 'scaffold', 'name': 'AANG04003601.1', 'length': 9988}, {'coord_system': 'scaffold', 'length': 13339, 'name': 'AANG04003602.1'}, {'coord_system': 'scaffold', 'length': 14095, 'name': 'AANG04003603.1'}, {'coord_system': 'scaffold', 'length': 4313, 'name': 'AANG04003604.1'}, {'coord_system': 'scaffold', 'name': 'AANG04003605.1', 'length': 60919}, {'name': 'AANG04003606.1', 'length': 21206, 'coord_system': 'scaffold'}, {'coord_system': 'scaffold', 'name': 'AANG04003607.1', 'length': 9571}, {'name': 'AANG04003608.1', 'length': 6987, 'coord_system': 'scaffold'}, {'name': 'AANG04003610.1', 'length': 24773, 'coord_system': 'scaffold'}, {'length': 21920, 'name': 'AANG04003611.1', 'coord_system': 'scaffold'}, {'coord_system': 'scaffold', 'length': 16985, 'name': 'AANG04003612.1'}, {'coord_system': 'scaffold', 'name': 'AANG04003613.1', 'length': 10988}, {'coord_system': 'scaffold', 'length': 65402, 'name': 'AANG04003614.1'}, {'coord_system': 'scaffold', 'name': 'AANG04003615.1', 'length': 5933}, {'name': 'AANG04003616.1', 'length': 9971, 'coord_system': 'scaffold'}, {'coord_system': 'scaffold', 'length': 9892, 'name': 'AANG04003618.1'}, {'coord_system': 'scaffold', 'name': 'AANG04003619.1', 'length': 8988}, {'coord_system': 'scaffold', 'length': 7988, 'name': 'AANG04003620.1'}, {'name': 'AANG04003621.1', 'length': 9948, 'coord_system': 'scaffold'}, {'length': 11910, 'name': 'AANG04003622.1', 'coord_system': 'scaffold'}, {'name': 'AANG04003623.1', 'length': 14300, 'coord_system': 'scaffold'}, {'coord_system': 'scaffold', 'name': 'AANG04003624.1', 'length': 21447}, {'coord_system': 'scaffold', 'name': 'AANG04003625.1', 'length': 6989}, {'name': 'AANG04003626.1', 'length': 20986, 'coord_system': 'scaffold'}, {'name': 'AANG04003627.1', 'length': 15553, 'coord_system': 'scaffold'}, {'name': 'AANG04003628.1', 'length': 9351, 'coord_system': 'scaffold'}, {'length': 13928, 'name': 'AANG04003629.1', 'coord_system': 'scaffold'}, {'coord_system': 'scaffold', 'length': 11988, 'name': 'AANG04003630.1'}, {'length': 9740, 'name': 'AANG04003631.1', 'coord_system': 'scaffold'}, {'coord_system': 'scaffold', 'name': 'AANG04003632.1', 'length': 5055}, {'length': 7895, 'name': 'AANG04003633.1', 'coord_system': 'scaffold'}, {'length': 4988, 'name': 'AANG04003634.1', 'coord_system': 'scaffold'}, {'coord_system': 'scaffold', 'name': 'AANG04003635.1', 'length': 8988}, {'coord_system': 'scaffold', 'name': 'AANG04003636.1', 'length': 12988}, {'coord_system': 'scaffold', 'length': 9195, 'name': 'AANG04003637.1'}, {'coord_system': 'scaffold', 'length': 6988, 'name': 'AANG04003638.1'}, {'coord_system': 'scaffold', 'length': 8314, 'name': 'AANG04003639.1'}, {'length': 11987, 'name': 'AANG04003640.1', 'coord_system': 'scaffold'}, {'name': 'AANG04003641.1', 'length': 27525, 'coord_system': 'scaffold'}, {'coord_system': 'scaffold', 'name': 'AANG04003642.1', 'length': 162593}, {'coord_system': 'scaffold', 'name': 'AANG04003643.1', 'length': 10419}, {'name': 'AANG04003644.1', 'length': 5988, 'coord_system': 'scaffold'}, {'coord_system': 'scaffold', 'name': 'AANG04003645.1', 'length': 5987}, {'coord_system': 'scaffold', 'length': 19988, 'name': 'AANG04003646.1'}, {'length': 61973, 'name': 'AANG04003647.1', 'coord_system': 'scaffold'}, {'coord_system': 'scaffold', 'length': 25412, 'name': 'AANG04003648.1'}, {'name': 'AANG04003649.1', 'length': 4058, 'coord_system': 'scaffold'}, {'coord_system': 'scaffold', 'name': 'AANG04003650.1', 'length': 14469}, {'length': 8987, 'name': 'AANG04003651.1', 'coord_system': 'scaffold'}, {'length': 19203, 'name': 'AANG04003652.1', 'coord_system': 'scaffold'}, {'coord_system': 'scaffold', 'name': 'AANG04003653.1', 'length': 8121}, {'coord_system': 'scaffold', 'name': 'AANG04003654.1', 'length': 4988}, {'length': 37216, 'name': 'AANG04003656.1', 'coord_system': 'scaffold'}, {'name': 'AANG04003657.1', 'length': 11988, 'coord_system': 'scaffold'}, {'coord_system': 'scaffold', 'name': 'AANG04003658.1', 'length': 4987}, {'length': 6185, 'name': 'AANG04003659.1', 'coord_system': 'scaffold'}, {'coord_system': 'scaffold', 'length': 6966, 'name': 'AANG04003660.1'}, {'coord_system': 'scaffold', 'name': 'AANG04003661.1', 'length': 7937}, {'length': 3988, 'name': 'AANG04003662.1', 'coord_system': 'scaffold'}, {'length': 13025, 'name': 'AANG04003663.1', 'coord_system': 'scaffold'}, {'coord_system': 'scaffold', 'name': 'AANG04003664.1', 'length': 18881}, {'length': 6987, 'name': 'AANG04003665.1', 'coord_system': 'scaffold'}, {'coord_system': 'scaffold', 'length': 12191, 'name': 'AANG04003666.1'}, {'length': 8990, 'name': 'AANG04003667.1', 'coord_system': 'scaffold'}, {'coord_system': 'scaffold', 'name': 'AANG04003668.1', 'length': 42040}, {'length': 13988, 'name': 'AANG04003669.1', 'coord_system': 'scaffold'}, {'coord_system': 'scaffold', 'name': 'AANG04003670.1', 'length': 11986}, {'coord_system': 'scaffold', 'length': 7988, 'name': 'AANG04003671.1'}, {'coord_system': 'scaffold', 'length': 8987, 'name': 'AANG04003672.1'}, {'coord_system': 'scaffold', 'length': 41411, 'name': 'AANG04003673.1'}, {'length': 3987, 'name': 'AANG04003674.1', 'coord_system': 'scaffold'}, {'name': 'AANG04003675.1', 'length': 10985, 'coord_system': 'scaffold'}, {'name': 'AANG04003676.1', 'length': 14987, 'coord_system': 'scaffold'}, {'coord_system': 'scaffold', 'name': 'AANG04003677.1', 'length': 65769}, {'name': 'AANG04003678.1', 'length': 11431, 'coord_system': 'scaffold'}, {'length': 6987, 'name': 'AANG04003679.1', 'coord_system': 'scaffold'}, {'name': 'AANG04003680.1', 'length': 54941, 'coord_system': 'scaffold'}, {'coord_system': 'scaffold', 'name': 'AANG04003681.1', 'length': 14987}, {'coord_system': 'scaffold', 'name': 'AANG04003682.1', 'length': 8087}, {'coord_system': 'scaffold', 'length': 9778, 'name': 'AANG04003683.1'}, {'length': 5180, 'name': 'AANG04003684.1', 'coord_system': 'scaffold'}, {'name': 'AANG04003685.1', 'length': 18981, 'coord_system': 'scaffold'}, {'coord_system': 'scaffold', 'length': 2988, 'name': 'AANG04003686.1'}, {'coord_system': 'scaffold', 'length': 11024, 'name': 'AANG04003687.1'}, {'coord_system': 'scaffold', 'length': 5463, 'name': 'AANG04003688.1'}, {'length': 136335, 'name': 'AANG04003689.1', 'coord_system': 'scaffold'}, {'coord_system': 'scaffold', 'length': 10298, 'name': 'AANG04003690.1'}, {'coord_system': 'scaffold', 'name': 'AANG04003691.1', 'length': 58602}, {'coord_system': 'scaffold', 'length': 9713, 'name': 'AANG04003692.1'}, {'length': 7987, 'name': 'AANG04003693.1', 'coord_system': 'scaffold'}, {'name': 'AANG04003694.1', 'length': 3988, 'coord_system': 'scaffold'}, {'coord_system': 'scaffold', 'length': 2988, 'name': 'AANG04003695.1'}, {'coord_system': 'scaffold', 'name': 'AANG04003696.1', 'length': 57039}, {'name': 'AANG04003697.1', 'length': 12985, 'coord_system': 'scaffold'}, {'name': 'AANG04003698.1', 'length': 7989, 'coord_system': 'scaffold'}, {'coord_system': 'scaffold', 'length': 13757, 'name': 'AANG04003699.1'}, {'name': 'AANG04003700.1', 'length': 7987, 'coord_system': 'scaffold'}, {'coord_system': 'scaffold', 'length': 4973, 'name': 'AANG04003701.1'}, {'length': 4987, 'name': 'AANG04003702.1', 'coord_system': 'scaffold'}, {'name': 'AANG04003703.1', 'length': 16363, 'coord_system': 'scaffold'}, {'coord_system': 'scaffold', 'length': 4988, 'name': 'AANG04003704.1'}, {'name': 'AANG04003705.1', 'length': 10699, 'coord_system': 'scaffold'}, {'name': 'AANG04003706.1', 'length': 10988, 'coord_system': 'scaffold'}, {'name': 'AANG04003707.1', 'length': 13738, 'coord_system': 'scaffold'}, {'length': 7988, 'name': 'AANG04003708.1', 'coord_system': 'scaffold'}, {'length': 10966, 'name': 'AANG04003709.1', 'coord_system': 'scaffold'}, {'name': 'AANG04003710.1', 'length': 9001, 'coord_system': 'scaffold'}, {'name': 'AANG04003711.1', 'length': 6882, 'coord_system': 'scaffold'}, {'name': 'AANG04003712.1', 'length': 11988, 'coord_system': 'scaffold'}, {'coord_system': 'scaffold', 'name': 'AANG04003713.1', 'length': 49003}, {'coord_system': 'scaffold', 'name': 'AANG04003714.1', 'length': 16913}, {'name': 'AANG04003716.1', 'length': 14989, 'coord_system': 'scaffold'}, {'length': 24272, 'name': 'AANG04003718.1', 'coord_system': 'scaffold'}, {'coord_system': 'scaffold', 'name': 'AANG04003719.1', 'length': 6993}, {'name': 'AANG04003720.1', 'length': 4988, 'coord_system': 'scaffold'}, {'name': 'AANG04003721.1', 'length': 13999, 'coord_system': 'scaffold'}, {'length': 13298, 'name': 'AANG04003722.1', 'coord_system': 'scaffold'}, {'coord_system': 'scaffold', 'name': 'AANG04003723.1', 'length': 3988}, {'coord_system': 'scaffold', 'length': 4989, 'name': 'AANG04003724.1'}, {'coord_system': 'scaffold', 'name': 'AANG04003725.1', 'length': 10951}, {'coord_system': 'scaffold', 'name': 'AANG04003726.1', 'length': 10984}, {'coord_system': 'scaffold', 'name': 'AANG04003727.1', 'length': 7972}, {'name': 'AANG04003728.1', 'length': 7988, 'coord_system': 'scaffold'}, {'coord_system': 'scaffold', 'length': 33985, 'name': 'AANG04003729.1'}, {'coord_system': 'scaffold', 'length': 12986, 'name': 'AANG04003730.1'}, {'length': 6984, 'name': 'AANG04003731.1', 'coord_system': 'scaffold'}, {'coord_system': 'scaffold', 'length': 9325, 'name': 'AANG04003732.1'}, {'coord_system': 'scaffold', 'length': 5986, 'name': 'AANG04003733.1'}, {'name': 'AANG04003734.1', 'length': 16503, 'coord_system': 'scaffold'}, {'name': 'AANG04003735.1', 'length': 7865, 'coord_system': 'scaffold'}, {'coord_system': 'scaffold', 'length': 4988, 'name': 'AANG04003736.1'}, {'name': 'AANG04003737.1', 'length': 3237, 'coord_system': 'scaffold'}, {'name': 'AANG04003738.1', 'length': 3988, 'coord_system': 'scaffold'}, {'length': 8938, 'name': 'AANG04003739.1', 'coord_system': 'scaffold'}, {'name': 'AANG04003740.1', 'length': 12318, 'coord_system': 'scaffold'}, {'name': 'AANG04003741.1', 'length': 5986, 'coord_system': 'scaffold'}, {'length': 17362, 'name': 'AANG04003742.1', 'coord_system': 'scaffold'}, {'length': 15268, 'name': 'AANG04003743.1', 'coord_system': 'scaffold'}, {'length': 2984, 'name': 'AANG04003744.1', 'coord_system': 'scaffold'}, {'coord_system': 'scaffold', 'name': 'AANG04003745.1', 'length': 5159}, {'name': 'AANG04003746.1', 'length': 16988, 'coord_system': 'scaffold'}, {'length': 5988, 'name': 'AANG04003747.1', 'coord_system': 'scaffold'}, {'coord_system': 'scaffold', 'length': 8988, 'name': 'AANG04003748.1'}, {'coord_system': 'scaffold', 'length': 3890, 'name': 'AANG04003749.1'}, {'coord_system': 'scaffold', 'length': 19132, 'name': 'AANG04003750.1'}, {'length': 3988, 'name': 'AANG04003751.1', 'coord_system': 'scaffold'}, {'length': 5987, 'name': 'AANG04003752.1', 'coord_system': 'scaffold'}, {'coord_system': 'scaffold', 'length': 23712, 'name': 'AANG04003753.1'}, {'coord_system': 'scaffold', 'length': 8988, 'name': 'AANG04003754.1'}, {'name': 'AANG04003755.1', 'length': 12127, 'coord_system': 'scaffold'}, {'name': 'AANG04003756.1', 'length': 5317, 'coord_system': 'scaffold'}, {'name': 'AANG04003757.1', 'length': 16112, 'coord_system': 'scaffold'}, {'coord_system': 'scaffold', 'length': 11008, 'name': 'AANG04003758.1'}, {'coord_system': 'scaffold', 'name': 'AANG04003759.1', 'length': 5946}, {'coord_system': 'scaffold', 'name': 'AANG04003760.1', 'length': 10987}, {'length': 5982, 'name': 'AANG04003761.1', 'coord_system': 'scaffold'}, {'name': 'AANG04003762.1', 'length': 4987, 'coord_system': 'scaffold'}, {'coord_system': 'scaffold', 'length': 3989, 'name': 'AANG04003763.1'}, {'name': 'AANG04003764.1', 'length': 2790, 'coord_system': 'scaffold'}, {'coord_system': 'scaffold', 'name': 'AANG04003765.1', 'length': 68938}, {'coord_system': 'scaffold', 'name': 'AANG04003766.1', 'length': 8248}, {'coord_system': 'scaffold', 'length': 15522, 'name': 'AANG04003767.1'}, {'name': 'AANG04003768.1', 'length': 10988, 'coord_system': 'scaffold'}, {'length': 8989, 'name': 'AANG04003769.1', 'coord_system': 'scaffold'}, {'coord_system': 'scaffold', 'name': 'AANG04003770.1', 'length': 11292}, {'coord_system': 'scaffold', 'name': 'AANG04003771.1', 'length': 14162}, {'coord_system': 'scaffold', 'length': 7988, 'name': 'AANG04003772.1'}, {'length': 7184, 'name': 'AANG04003773.1', 'coord_system': 'scaffold'}, {'coord_system': 'scaffold', 'name': 'AANG04003774.1', 'length': 15976}, {'coord_system': 'scaffold', 'length': 12985, 'name': 'AANG04003775.1'}, {'length': 7158, 'name': 'AANG04003776.1', 'coord_system': 'scaffold'}, {'length': 3988, 'name': 'AANG04003777.1', 'coord_system': 'scaffold'}, {'name': 'AANG04003779.1', 'length': 4988, 'coord_system': 'scaffold'}, {'coord_system': 'scaffold', 'name': 'AANG04003780.1', 'length': 7432}, {'coord_system': 'scaffold', 'length': 10942, 'name': 'AANG04003781.1'}, {'length': 12983, 'name': 'AANG04003782.1', 'coord_system': 'scaffold'}, {'coord_system': 'scaffold', 'length': 4988, 'name': 'AANG04003783.1'}, {'coord_system': 'scaffold', 'name': 'AANG04003784.1', 'length': 6988}, {'coord_system': 'scaffold', 'name': 'AANG04003785.1', 'length': 11987}, {'length': 7997, 'name': 'AANG04003786.1', 'coord_system': 'scaffold'}, {'coord_system': 'scaffold', 'length': 11988, 'name': 'AANG04003787.1'}, {'coord_system': 'scaffold', 'length': 14959, 'name': 'AANG04003788.1'}, {'name': 'AANG04003789.1', 'length': 5987, 'coord_system': 'scaffold'}, {'length': 9987, 'name': 'AANG04003790.1', 'coord_system': 'scaffold'}, {'coord_system': 'scaffold', 'name': 'AANG04003791.1', 'length': 7988}, {'coord_system': 'scaffold', 'length': 52195, 'name': 'AANG04003792.1'}, {'name': 'AANG04003793.1', 'length': 3607, 'coord_system': 'scaffold'}, {'coord_system': 'scaffold', 'name': 'AANG04003794.1', 'length': 4988}, {'coord_system': 'scaffold', 'length': 10988, 'name': 'AANG04003795.1'}, {'coord_system': 'scaffold', 'name': 'AANG04003796.1', 'length': 16976}, {'length': 6972, 'name': 'AANG04003797.1', 'coord_system': 'scaffold'}, {'length': 4988, 'name': 'AANG04003798.1', 'coord_system': 'scaffold'}, {'name': 'AANG04003800.1', 'length': 15983, 'coord_system': 'scaffold'}, {'name': 'AANG04003801.1', 'length': 5063, 'coord_system': 'scaffold'}, {'coord_system': 'scaffold', 'name': 'AANG04003802.1', 'length': 10828}, {'coord_system': 'scaffold', 'name': 'AANG04003803.1', 'length': 3988}, {'coord_system': 'scaffold', 'name': 'AANG04003804.1', 'length': 15987}, {'coord_system': 'scaffold', 'length': 7987, 'name': 'AANG04003805.1'}, {'length': 4230, 'name': 'AANG04003806.1', 'coord_system': 'scaffold'}, {'length': 6990, 'name': 'AANG04003807.1', 'coord_system': 'scaffold'}, {'coord_system': 'scaffold', 'name': 'AANG04003809.1', 'length': 7200}, {'name': 'AANG04003810.1', 'length': 2987, 'coord_system': 'scaffold'}, {'length': 23971, 'name': 'AANG04003811.1', 'coord_system': 'scaffold'}, {'coord_system': 'scaffold', 'length': 18646, 'name': 'AANG04003812.1'}, {'name': 'AANG04003813.1', 'length': 27045, 'coord_system': 'scaffold'}, {'coord_system': 'scaffold', 'name': 'AANG04003814.1', 'length': 5987}, {'coord_system': 'scaffold', 'name': 'AANG04003815.1', 'length': 12020}, {'coord_system': 'scaffold', 'length': 21988, 'name': 'AANG04003816.1'}, {'coord_system': 'scaffold', 'name': 'AANG04003817.1', 'length': 11327}, {'length': 5988, 'name': 'AANG04003818.1', 'coord_system': 'scaffold'}, {'length': 7173, 'name': 'AANG04003819.1', 'coord_system': 'scaffold'}, {'coord_system': 'scaffold', 'name': 'AANG04003820.1', 'length': 3989}, {'name': 'AANG04003821.1', 'length': 6006, 'coord_system': 'scaffold'}, {'name': 'AANG04003822.1', 'length': 15043, 'coord_system': 'scaffold'}, {'coord_system': 'scaffold', 'name': 'AANG04003823.1', 'length': 109434}, {'length': 11988, 'name': 'AANG04003824.1', 'coord_system': 'scaffold'}, {'coord_system': 'scaffold', 'length': 103245, 'name': 'AANG04003825.1'}, {'length': 27124, 'name': 'AANG04003826.1', 'coord_system': 'scaffold'}, {'length': 3988, 'name': 'AANG04003827.1', 'coord_system': 'scaffold'}, {'coord_system': 'scaffold', 'length': 3988, 'name': 'AANG04003828.1'}, {'coord_system': 'scaffold', 'name': 'AANG04003830.1', 'length': 7930}, {'length': 83540, 'name': 'AANG04003831.1', 'coord_system': 'scaffold'}, {'length': 3988, 'name': 'AANG04003832.1', 'coord_system': 'scaffold'}, {'length': 9988, 'name': 'AANG04003833.1', 'coord_system': 'scaffold'}, {'name': 'AANG04003834.1', 'length': 12989, 'coord_system': 'scaffold'}, {'coord_system': 'scaffold', 'length': 24817, 'name': 'AANG04003835.1'}, {'name': 'AANG04003836.1', 'length': 8985, 'coord_system': 'scaffold'}, {'coord_system': 'scaffold', 'length': 23984, 'name': 'AANG04003837.1'}, {'length': 2992, 'name': 'AANG04003838.1', 'coord_system': 'scaffold'}, {'coord_system': 'scaffold', 'name': 'AANG04003839.1', 'length': 4988}, {'name': 'AANG04003840.1', 'length': 44594, 'coord_system': 'scaffold'}, {'coord_system': 'scaffold', 'length': 9122, 'name': 'AANG04003841.1'}, {'length': 49851, 'name': 'AANG04003842.1', 'coord_system': 'scaffold'}, {'coord_system': 'scaffold', 'name': 'AANG04003843.1', 'length': 5988}, {'length': 12231, 'name': 'AANG04003844.1', 'coord_system': 'scaffold'}, {'length': 6143, 'name': 'AANG04003846.1', 'coord_system': 'scaffold'}, {'name': 'AANG04003848.1', 'length': 13539, 'coord_system': 'scaffold'}, {'name': 'AANG04003849.1', 'length': 6984, 'coord_system': 'scaffold'}, {'coord_system': 'scaffold', 'length': 10987, 'name': 'AANG04003850.1'}, {'coord_system': 'scaffold', 'name': 'AANG04003851.1', 'length': 9987}, {'coord_system': 'scaffold', 'name': 'AANG04003852.1', 'length': 8211}, {'coord_system': 'scaffold', 'length': 14988, 'name': 'AANG04003853.1'}, {'name': 'AANG04003854.1', 'length': 7987, 'coord_system': 'scaffold'}, {'name': 'AANG04003855.1', 'length': 8287, 'coord_system': 'scaffold'}, {'coord_system': 'scaffold', 'length': 33819, 'name': 'AANG04003856.1'}, {'coord_system': 'scaffold', 'length': 5170, 'name': 'AANG04003857.1'}, {'length': 7986, 'name': 'AANG04003858.1', 'coord_system': 'scaffold'}, {'name': 'AANG04003859.1', 'length': 5989, 'coord_system': 'scaffold'}, {'coord_system': 'scaffold', 'name': 'AANG04003860.1', 'length': 49373}, {'coord_system': 'scaffold', 'name': 'AANG04003861.1', 'length': 12984}, {'coord_system': 'scaffold', 'name': 'AANG04003862.1', 'length': 7987}, {'name': 'AANG04003863.1', 'length': 11987, 'coord_system': 'scaffold'}, {'length': 2990, 'name': 'AANG04003864.1', 'coord_system': 'scaffold'}, {'length': 60381, 'name': 'AANG04003865.1', 'coord_system': 'scaffold'}, {'length': 8988, 'name': 'AANG04003866.1', 'coord_system': 'scaffold'}, {'length': 6986, 'name': 'AANG04003867.1', 'coord_system': 'scaffold'}, {'length': 9987, 'name': 'AANG04003868.1', 'coord_system': 'scaffold'}, {'length': 6083, 'name': 'AANG04003869.1', 'coord_system': 'scaffold'}, {'coord_system': 'scaffold', 'length': 19922, 'name': 'AANG04003870.1'}, {'name': 'AANG04003871.1', 'length': 4988, 'coord_system': 'scaffold'}, {'coord_system': 'scaffold', 'length': 9975, 'name': 'AANG04003872.1'}, {'length': 4988, 'name': 'AANG04003873.1', 'coord_system': 'scaffold'}, {'coord_system': 'scaffold', 'name': 'AANG04003874.1', 'length': 14187}, {'coord_system': 'scaffold', 'length': 8981, 'name': 'AANG04003875.1'}, {'coord_system': 'scaffold', 'name': 'AANG04003876.1', 'length': 6988}, {'length': 9988, 'name': 'AANG04003877.1', 'coord_system': 'scaffold'}, {'coord_system': 'scaffold', 'length': 10107, 'name': 'AANG04003878.1'}, {'length': 12965, 'name': 'AANG04003879.1', 'coord_system': 'scaffold'}, {'length': 3988, 'name': 'AANG04003880.1', 'coord_system': 'scaffold'}, {'coord_system': 'scaffold', 'length': 10987, 'name': 'AANG04003881.1'}, {'length': 23988, 'name': 'AANG04003882.1', 'coord_system': 'scaffold'}, {'name': 'AANG04003883.1', 'length': 10005, 'coord_system': 'scaffold'}, {'coord_system': 'scaffold', 'name': 'AANG04003884.1', 'length': 12951}, {'length': 6415, 'name': 'AANG04003885.1', 'coord_system': 'scaffold'}, {'coord_system': 'scaffold', 'name': 'AANG04003886.1', 'length': 4988}, {'coord_system': 'scaffold', 'length': 53032, 'name': 'AANG04003887.1'}, {'coord_system': 'scaffold', 'length': 2995, 'name': 'AANG04003888.1'}, {'coord_system': 'scaffold', 'name': 'AANG04003889.1', 'length': 12430}, {'coord_system': 'scaffold', 'length': 10745, 'name': 'AANG04003890.1'}, {'length': 13990, 'name': 'AANG04003891.1', 'coord_system': 'scaffold'}, {'coord_system': 'scaffold', 'length': 6985, 'name': 'AANG04003892.1'}, {'coord_system': 'scaffold', 'name': 'AANG04003893.1', 'length': 6986}, {'length': 6988, 'name': 'AANG04003894.1', 'coord_system': 'scaffold'}, {'name': 'AANG04003895.1', 'length': 15848, 'coord_system': 'scaffold'}, {'length': 7977, 'name': 'AANG04003896.1', 'coord_system': 'scaffold'}, {'name': 'AANG04003897.1', 'length': 6960, 'coord_system': 'scaffold'}, {'name': 'AANG04003898.1', 'length': 5262, 'coord_system': 'scaffold'}, {'name': 'AANG04003899.1', 'length': 3987, 'coord_system': 'scaffold'}, {'name': 'AANG04003900.1', 'length': 3988, 'coord_system': 'scaffold'}, {'coord_system': 'scaffold', 'name': 'AANG04003901.1', 'length': 6194}, {'length': 8080, 'name': 'AANG04003902.1', 'coord_system': 'scaffold'}, {'coord_system': 'scaffold', 'length': 5988, 'name': 'AANG04003903.1'}, {'name': 'AANG04003904.1', 'length': 5988, 'coord_system': 'scaffold'}, {'length': 4586, 'name': 'AANG04003905.1', 'coord_system': 'scaffold'}, {'name': 'AANG04003906.1', 'length': 7988, 'coord_system': 'scaffold'}, {'coord_system': 'scaffold', 'length': 16787, 'name': 'AANG04003907.1'}, {'length': 6133, 'name': 'AANG04003908.1', 'coord_system': 'scaffold'}, {'length': 12983, 'name': 'AANG04003909.1', 'coord_system': 'scaffold'}, {'length': 11963, 'name': 'AANG04003910.1', 'coord_system': 'scaffold'}, {'coord_system': 'scaffold', 'length': 10987, 'name': 'AANG04003911.1'}, {'coord_system': 'scaffold', 'length': 13982, 'name': 'AANG04003912.1'}, {'coord_system': 'scaffold', 'length': 5988, 'name': 'AANG04003913.1'}, {'name': 'AANG04003914.1', 'length': 4025, 'coord_system': 'scaffold'}, {'coord_system': 'scaffold', 'name': 'AANG04003915.1', 'length': 7988}, {'name': 'AANG04003918.1', 'length': 5988, 'coord_system': 'scaffold'}, {'length': 13151, 'name': 'AANG04003919.1', 'coord_system': 'scaffold'}, {'name': 'AANG04003921.1', 'length': 12931, 'coord_system': 'scaffold'}, {'name': 'AANG04003922.1', 'length': 11606, 'coord_system': 'scaffold'}, {'name': 'AANG04003923.1', 'length': 27825, 'coord_system': 'scaffold'}, {'length': 8968, 'name': 'AANG04003924.1', 'coord_system': 'scaffold'}, {'coord_system': 'scaffold', 'length': 13963, 'name': 'AANG04003925.1'}, {'coord_system': 'scaffold', 'name': 'AANG04003926.1', 'length': 16165}, {'coord_system': 'scaffold', 'name': 'AANG04003927.1', 'length': 3988}, {'coord_system': 'scaffold', 'name': 'AANG04003928.1', 'length': 23532}, {'coord_system': 'scaffold', 'length': 16986, 'name': 'AANG04003929.1'}, {'name': 'AANG04003930.1', 'length': 73713, 'coord_system': 'scaffold'}, {'name': 'AANG04003931.1', 'length': 8065, 'coord_system': 'scaffold'}, {'coord_system': 'scaffold', 'length': 57541, 'name': 'AANG04003933.1'}, {'coord_system': 'scaffold', 'length': 5988, 'name': 'AANG04003934.1'}, {'coord_system': 'scaffold', 'length': 9988, 'name': 'AANG04003935.1'}, {'coord_system': 'scaffold', 'length': 7988, 'name': 'AANG04003936.1'}, {'length': 2989, 'name': 'AANG04003937.1', 'coord_system': 'scaffold'}, {'name': 'AANG04003938.1', 'length': 22988, 'coord_system': 'scaffold'}, {'coord_system': 'scaffold', 'length': 8988, 'name': 'AANG04003939.1'}, {'coord_system': 'scaffold', 'name': 'AANG04003940.1', 'length': 7988}, {'coord_system': 'scaffold', 'name': 'AANG04003941.1', 'length': 4987}, {'name': 'AANG04003943.1', 'length': 19369, 'coord_system': 'scaffold'}, {'coord_system': 'scaffold', 'length': 11989, 'name': 'AANG04003944.1'}, {'name': 'AANG04003945.1', 'length': 8988, 'coord_system': 'scaffold'}, {'coord_system': 'scaffold', 'name': 'AANG04003946.1', 'length': 4987}, {'length': 12642, 'name': 'AANG04003947.1', 'coord_system': 'scaffold'}, {'length': 14965, 'name': 'AANG04003948.1', 'coord_system': 'scaffold'}, {'coord_system': 'scaffold', 'length': 14189, 'name': 'AANG04003949.1'}, {'length': 16268, 'name': 'AANG04003950.1', 'coord_system': 'scaffold'}, {'length': 17228, 'name': 'AANG04003951.1', 'coord_system': 'scaffold'}, {'coord_system': 'scaffold', 'name': 'AANG04003952.1', 'length': 15071}, {'length': 4989, 'name': 'AANG04003953.1', 'coord_system': 'scaffold'}, {'coord_system': 'scaffold', 'name': 'AANG04003954.1', 'length': 6983}, {'coord_system': 'scaffold', 'length': 13268, 'name': 'AANG04003955.1'}, {'name': 'AANG04003956.1', 'length': 9985, 'coord_system': 'scaffold'}, {'coord_system': 'scaffold', 'length': 12155, 'name': 'AANG04003957.1'}, {'coord_system': 'scaffold', 'length': 7987, 'name': 'AANG04003958.1'}, {'length': 7988, 'name': 'AANG04003959.1', 'coord_system': 'scaffold'}, {'coord_system': 'scaffold', 'length': 7987, 'name': 'AANG04003960.1'}, {'name': 'AANG04003961.1', 'length': 7755, 'coord_system': 'scaffold'}, {'name': 'AANG04003962.1', 'length': 8863, 'coord_system': 'scaffold'}, {'name': 'AANG04003963.1', 'length': 9989, 'coord_system': 'scaffold'}, {'length': 6988, 'name': 'AANG04003964.1', 'coord_system': 'scaffold'}, {'coord_system': 'scaffold', 'length': 9988, 'name': 'AANG04003965.1'}, {'coord_system': 'scaffold', 'name': 'AANG04003967.1', 'length': 8988}, {'name': 'AANG04003968.1', 'length': 6989, 'coord_system': 'scaffold'}, {'length': 7281, 'name': 'AANG04003969.1', 'coord_system': 'scaffold'}, {'coord_system': 'scaffold', 'length': 10247, 'name': 'AANG04003970.1'}, {'name': 'AANG04003971.1', 'length': 19365, 'coord_system': 'scaffold'}, {'coord_system': 'scaffold', 'name': 'AANG04003972.1', 'length': 13030}, {'name': 'AANG04003973.1', 'length': 13041, 'coord_system': 'scaffold'}, {'coord_system': 'scaffold', 'length': 14988, 'name': 'AANG04003974.1'}, {'coord_system': 'scaffold', 'name': 'AANG04003975.1', 'length': 10986}, {'length': 13979, 'name': 'AANG04003976.1', 'coord_system': 'scaffold'}, {'name': 'AANG04003977.1', 'length': 7204, 'coord_system': 'scaffold'}, {'name': 'AANG04003978.1', 'length': 5193, 'coord_system': 'scaffold'}, {'coord_system': 'scaffold', 'length': 3170, 'name': 'AANG04003979.1'}, {'length': 10687, 'name': 'AANG04003980.1', 'coord_system': 'scaffold'}, {'coord_system': 'scaffold', 'length': 23467, 'name': 'AANG04003981.1'}, {'coord_system': 'scaffold', 'name': 'AANG04003982.1', 'length': 13061}, {'name': 'AANG04003983.1', 'length': 2987, 'coord_system': 'scaffold'}, {'coord_system': 'scaffold', 'name': 'AANG04003984.1', 'length': 35550}, {'coord_system': 'scaffold', 'name': 'AANG04003985.1', 'length': 5988}, {'length': 6986, 'name': 'AANG04003986.1', 'coord_system': 'scaffold'}, {'length': 3351, 'name': 'AANG04003987.1', 'coord_system': 'scaffold'}, {'name': 'AANG04003989.1', 'length': 5988, 'coord_system': 'scaffold'}, {'coord_system': 'scaffold', 'length': 9987, 'name': 'AANG04003990.1'}, {'name': 'AANG04003991.1', 'length': 4988, 'coord_system': 'scaffold'}, {'coord_system': 'scaffold', 'length': 29987, 'name': 'AANG04003992.1'}, {'coord_system': 'scaffold', 'name': 'AANG04003994.1', 'length': 12934}, {'coord_system': 'scaffold', 'name': 'AANG04003995.1', 'length': 26492}, {'length': 8953, 'name': 'AANG04003996.1', 'coord_system': 'scaffold'}, {'coord_system': 'scaffold', 'length': 37607, 'name': 'AANG04003997.1'}, {'length': 59274, 'name': 'AANG04003998.1', 'coord_system': 'scaffold'}, {'coord_system': 'scaffold', 'length': 7988, 'name': 'AANG04003999.1'}, {'name': 'AANG04004000.1', 'length': 44279, 'coord_system': 'scaffold'}, {'coord_system': 'scaffold', 'length': 14943, 'name': 'AANG04004001.1'}, {'coord_system': 'scaffold', 'name': 'AANG04004002.1', 'length': 10986}, {'length': 5990, 'name': 'AANG04004003.1', 'coord_system': 'scaffold'}, {'coord_system': 'scaffold', 'length': 9986, 'name': 'AANG04004004.1'}, {'coord_system': 'scaffold', 'name': 'AANG04004005.1', 'length': 4990}, {'coord_system': 'scaffold', 'name': 'AANG04004006.1', 'length': 21635}, {'coord_system': 'scaffold', 'name': 'AANG04004007.1', 'length': 5988}, {'length': 4988, 'name': 'AANG04004009.1', 'coord_system': 'scaffold'}, {'coord_system': 'scaffold', 'name': 'AANG04004010.1', 'length': 24845}, {'name': 'AANG04004012.1', 'length': 5012, 'coord_system': 'scaffold'}, {'coord_system': 'scaffold', 'length': 11065, 'name': 'AANG04004013.1'}, {'coord_system': 'scaffold', 'name': 'AANG04004014.1', 'length': 4988}, {'coord_system': 'scaffold', 'name': 'AANG04004015.1', 'length': 3986}, {'name': 'AANG04004016.1', 'length': 8988, 'coord_system': 'scaffold'}, {'coord_system': 'scaffold', 'name': 'AANG04004017.1', 'length': 14987}, {'name': 'AANG04004018.1', 'length': 14454, 'coord_system': 'scaffold'}, {'length': 9989, 'name': 'AANG04004019.1', 'coord_system': 'scaffold'}, {'coord_system': 'scaffold', 'length': 19987, 'name': 'AANG04004020.1'}, {'coord_system': 'scaffold', 'name': 'AANG04004021.1', 'length': 2988}, {'coord_system': 'scaffold', 'length': 10556, 'name': 'AANG04004022.1'}, {'coord_system': 'scaffold', 'length': 9340, 'name': 'AANG04004023.1'}, {'coord_system': 'scaffold', 'length': 30745, 'name': 'AANG04004024.1'}, {'coord_system': 'scaffold', 'name': 'AANG04004025.1', 'length': 10993}, {'coord_system': 'scaffold', 'length': 5111, 'name': 'AANG04004026.1'}, {'length': 3988, 'name': 'AANG04004027.1', 'coord_system': 'scaffold'}, {'coord_system': 'scaffold', 'name': 'AANG04004028.1', 'length': 50193}, {'coord_system': 'scaffold', 'name': 'AANG04004029.1', 'length': 10197}, {'coord_system': 'scaffold', 'name': 'AANG04004030.1', 'length': 9987}, {'coord_system': 'scaffold', 'name': 'AANG04004031.1', 'length': 13532}, {'coord_system': 'scaffold', 'length': 7991, 'name': 'AANG04004032.1'}, {'name': 'AANG04004033.1', 'length': 8988, 'coord_system': 'scaffold'}, {'name': 'AANG04004034.1', 'length': 6985, 'coord_system': 'scaffold'}, {'coord_system': 'scaffold', 'name': 'AANG04004036.1', 'length': 4989}, {'length': 3988, 'name': 'AANG04004037.1', 'coord_system': 'scaffold'}, {'name': 'AANG04004039.1', 'length': 7134, 'coord_system': 'scaffold'}, {'length': 7987, 'name': 'AANG04004040.1', 'coord_system': 'scaffold'}, {'name': 'AANG04004041.1', 'length': 12033, 'coord_system': 'scaffold'}, {'coord_system': 'scaffold', 'name': 'AANG04004042.1', 'length': 3986}, {'coord_system': 'scaffold', 'length': 7480, 'name': 'AANG04004043.1'}, {'coord_system': 'scaffold', 'length': 5346, 'name': 'AANG04004044.1'}, {'coord_system': 'scaffold', 'length': 6216, 'name': 'AANG04004045.1'}, {'coord_system': 'scaffold', 'length': 2988, 'name': 'AANG04004046.1'}, {'length': 4201, 'name': 'AANG04004047.1', 'coord_system': 'scaffold'}, {'coord_system': 'scaffold', 'name': 'AANG04004048.1', 'length': 8988}, {'length': 10980, 'name': 'AANG04004049.1', 'coord_system': 'scaffold'}, {'coord_system': 'scaffold', 'name': 'AANG04004051.1', 'length': 4295}, {'coord_system': 'scaffold', 'name': 'AANG04004052.1', 'length': 10987}, {'coord_system': 'scaffold', 'length': 3988, 'name': 'AANG04004053.1'}, {'length': 11989, 'name': 'AANG04004054.1', 'coord_system': 'scaffold'}, {'coord_system': 'scaffold', 'length': 10321, 'name': 'AANG04004055.1'}, {'name': 'AANG04004056.1', 'length': 17216, 'coord_system': 'scaffold'}, {'coord_system': 'scaffold', 'length': 12137, 'name': 'AANG04004057.1'}, {'name': 'AANG04004058.1', 'length': 43308, 'coord_system': 'scaffold'}, {'name': 'AANG04004059.1', 'length': 20990, 'coord_system': 'scaffold'}, {'coord_system': 'scaffold', 'name': 'AANG04004060.1', 'length': 7989}, {'length': 13103, 'name': 'AANG04004061.1', 'coord_system': 'scaffold'}, {'coord_system': 'scaffold', 'length': 6234, 'name': 'AANG04004062.1'}, {'coord_system': 'scaffold', 'length': 11988, 'name': 'AANG04004063.1'}, {'coord_system': 'scaffold', 'name': 'AANG04004064.1', 'length': 8987}, {'coord_system': 'scaffold', 'name': 'AANG04004065.1', 'length': 14985}, {'name': 'AANG04004066.1', 'length': 7985, 'coord_system': 'scaffold'}, {'coord_system': 'scaffold', 'length': 16958, 'name': 'AANG04004067.1'}, {'name': 'AANG04004068.1', 'length': 14706, 'coord_system': 'scaffold'}, {'coord_system': 'scaffold', 'length': 3148, 'name': 'AANG04004070.1'}, {'coord_system': 'scaffold', 'length': 10976, 'name': 'AANG04004071.1'}, {'coord_system': 'scaffold', 'name': 'AANG04004072.1', 'length': 11100}, {'coord_system': 'scaffold', 'length': 4462, 'name': 'AANG04004073.1'}, {'length': 4988, 'name': 'AANG04004074.1', 'coord_system': 'scaffold'}, {'coord_system': 'scaffold', 'name': 'AANG04004075.1', 'length': 14887}, {'coord_system': 'scaffold', 'length': 15253, 'name': 'AANG04004076.1'}, {'name': 'AANG04004077.1', 'length': 7988, 'coord_system': 'scaffold'}, {'coord_system': 'scaffold', 'name': 'AANG04004078.1', 'length': 9081}, {'coord_system': 'scaffold', 'name': 'AANG04004079.1', 'length': 7400}, {'name': 'AANG04004080.1', 'length': 7988, 'coord_system': 'scaffold'}, {'coord_system': 'scaffold', 'length': 7206, 'name': 'AANG04004081.1'}, {'coord_system': 'scaffold', 'length': 6989, 'name': 'AANG04004082.1'}, {'coord_system': 'scaffold', 'length': 5147, 'name': 'AANG04004083.1'}, {'length': 3236, 'name': 'AANG04004084.1', 'coord_system': 'scaffold'}, {'coord_system': 'scaffold', 'name': 'AANG04004085.1', 'length': 14985}, {'name': 'AANG04004086.1', 'length': 2988, 'coord_system': 'scaffold'}, {'coord_system': 'scaffold', 'length': 5981, 'name': 'AANG04004087.1'}, {'name': 'AANG04004088.1', 'length': 7935, 'coord_system': 'scaffold'}, {'length': 12987, 'name': 'AANG04004089.1', 'coord_system': 'scaffold'}, {'coord_system': 'scaffold', 'name': 'AANG04004090.1', 'length': 15987}, {'coord_system': 'scaffold', 'name': 'AANG04004091.1', 'length': 8988}, {'name': 'AANG04004092.1', 'length': 7200, 'coord_system': 'scaffold'}, {'length': 10110, 'name': 'AANG04004093.1', 'coord_system': 'scaffold'}, {'coord_system': 'scaffold', 'length': 4987, 'name': 'AANG04004094.1'}, {'coord_system': 'scaffold', 'name': 'AANG04004095.1', 'length': 8989}, {'coord_system': 'scaffold', 'name': 'AANG04004096.1', 'length': 6221}, {'coord_system': 'scaffold', 'name': 'AANG04004097.1', 'length': 3988}, {'length': 12988, 'name': 'AANG04004098.1', 'coord_system': 'scaffold'}, {'coord_system': 'scaffold', 'name': 'AANG04004099.1', 'length': 2985}, {'coord_system': 'scaffold', 'length': 3988, 'name': 'AANG04004100.1'}, {'coord_system': 'scaffold', 'name': 'AANG04004101.1', 'length': 18377}, {'name': 'AANG04004102.1', 'length': 56973, 'coord_system': 'scaffold'}, {'length': 17497, 'name': 'AANG04004103.1', 'coord_system': 'scaffold'}, {'length': 9988, 'name': 'AANG04004104.1', 'coord_system': 'scaffold'}, {'coord_system': 'scaffold', 'name': 'AANG04004105.1', 'length': 9057}, {'length': 9240, 'name': 'AANG04004106.1', 'coord_system': 'scaffold'}, {'name': 'AANG04004107.1', 'length': 18730, 'coord_system': 'scaffold'}, {'coord_system': 'scaffold', 'name': 'AANG04004108.1', 'length': 9165}, {'name': 'AANG04004109.1', 'length': 11379, 'coord_system': 'scaffold'}, {'length': 25018, 'name': 'AANG04004110.1', 'coord_system': 'scaffold'}, {'length': 10173, 'name': 'AANG04004111.1', 'coord_system': 'scaffold'}, {'coord_system': 'scaffold', 'name': 'AANG04004112.1', 'length': 12901}, {'length': 29749, 'name': 'AANG04004113.1', 'coord_system': 'scaffold'}, {'coord_system': 'scaffold', 'length': 5988, 'name': 'AANG04004114.1'}, {'coord_system': 'scaffold', 'length': 11987, 'name': 'AANG04004115.1'}, {'name': 'AANG04004116.1', 'length': 3989, 'coord_system': 'scaffold'}, {'length': 4294, 'name': 'AANG04004117.1', 'coord_system': 'scaffold'}, {'name': 'AANG04004118.1', 'length': 7988, 'coord_system': 'scaffold'}, {'length': 6988, 'name': 'AANG04004119.1', 'coord_system': 'scaffold'}, {'coord_system': 'scaffold', 'length': 9990, 'name': 'AANG04004120.1'}, {'name': 'AANG04004121.1', 'length': 13151, 'coord_system': 'scaffold'}, {'coord_system': 'scaffold', 'length': 8978, 'name': 'AANG04004122.1'}, {'coord_system': 'scaffold', 'length': 7325, 'name': 'AANG04004123.1'}, {'length': 7097, 'name': 'AANG04004124.1', 'coord_system': 'scaffold'}, {'name': 'AANG04004125.1', 'length': 90487, 'coord_system': 'scaffold'}, {'coord_system': 'scaffold', 'name': 'AANG04004126.1', 'length': 8987}, {'name': 'AANG04004127.1', 'length': 9077, 'coord_system': 'scaffold'}, {'coord_system': 'scaffold', 'length': 21993, 'name': 'AANG04004128.1'}, {'name': 'AANG04004129.1', 'length': 9989, 'coord_system': 'scaffold'}, {'coord_system': 'scaffold', 'name': 'AANG04004130.1', 'length': 41889}, {'name': 'AANG04004131.1', 'length': 51495, 'coord_system': 'scaffold'}, {'length': 12197, 'name': 'AANG04004132.1', 'coord_system': 'scaffold'}, {'length': 9748, 'name': 'AANG04004133.1', 'coord_system': 'scaffold'}, {'length': 7983, 'name': 'AANG04004134.1', 'coord_system': 'scaffold'}, {'coord_system': 'scaffold', 'name': 'AANG04004135.1', 'length': 7980}, {'name': 'AANG04004136.1', 'length': 6986, 'coord_system': 'scaffold'}, {'name': 'AANG04004137.1', 'length': 7155, 'coord_system': 'scaffold'}, {'name': 'AANG04004138.1', 'length': 23033, 'coord_system': 'scaffold'}, {'length': 4265, 'name': 'AANG04004139.1', 'coord_system': 'scaffold'}, {'coord_system': 'scaffold', 'length': 12783, 'name': 'AANG04004140.1'}, {'coord_system': 'scaffold', 'length': 7048, 'name': 'AANG04004141.1'}, {'name': 'AANG04004142.1', 'length': 10992, 'coord_system': 'scaffold'}, {'length': 5203, 'name': 'AANG04004143.1', 'coord_system': 'scaffold'}, {'length': 8505, 'name': 'AANG04004144.1', 'coord_system': 'scaffold'}, {'coord_system': 'scaffold', 'length': 4988, 'name': 'AANG04004145.1'}, {'name': 'AANG04004146.1', 'length': 3989, 'coord_system': 'scaffold'}, {'coord_system': 'scaffold', 'length': 12988, 'name': 'AANG04004147.1'}, {'coord_system': 'scaffold', 'name': 'AANG04004148.1', 'length': 17013}, {'length': 4187, 'name': 'AANG04004149.1', 'coord_system': 'scaffold'}, {'name': 'AANG04004150.1', 'length': 6988, 'coord_system': 'scaffold'}, {'coord_system': 'scaffold', 'length': 4168, 'name': 'AANG04004151.1'}, {'name': 'AANG04004152.1', 'length': 8026, 'coord_system': 'scaffold'}, {'length': 9986, 'name': 'AANG04004153.1', 'coord_system': 'scaffold'}, {'name': 'AANG04004154.1', 'length': 13989, 'coord_system': 'scaffold'}, {'name': 'AANG04004155.1', 'length': 13965, 'coord_system': 'scaffold'}, {'name': 'AANG04004156.1', 'length': 14889, 'coord_system': 'scaffold'}, {'coord_system': 'scaffold', 'length': 28013, 'name': 'AANG04004157.1'}, {'name': 'AANG04004158.1', 'length': 7029, 'coord_system': 'scaffold'}, {'coord_system': 'scaffold', 'length': 2988, 'name': 'AANG04004159.1'}, {'length': 16163, 'name': 'AANG04004160.1', 'coord_system': 'scaffold'}, {'name': 'AANG04004161.1', 'length': 23867, 'coord_system': 'scaffold'}, {'length': 16889, 'name': 'AANG04004162.1', 'coord_system': 'scaffold'}, {'coord_system': 'scaffold', 'length': 22243, 'name': 'AANG04004163.1'}, {'name': 'AANG04004164.1', 'length': 5981, 'coord_system': 'scaffold'}, {'coord_system': 'scaffold', 'name': 'AANG04004165.1', 'length': 12014}, {'name': 'AANG04004166.1', 'length': 8989, 'coord_system': 'scaffold'}, {'coord_system': 'scaffold', 'name': 'AANG04004167.1', 'length': 14225}, {'name': 'AANG04004168.1', 'length': 8029, 'coord_system': 'scaffold'}, {'coord_system': 'scaffold', 'length': 7799, 'name': 'AANG04004169.1'}, {'name': 'AANG04004170.1', 'length': 12988, 'coord_system': 'scaffold'}, {'coord_system': 'scaffold', 'name': 'AANG04004171.1', 'length': 5988}, {'coord_system': 'scaffold', 'name': 'AANG04004172.1', 'length': 19977}, {'coord_system': 'scaffold', 'length': 12987, 'name': 'AANG04004173.1'}, {'name': 'AANG04004174.1', 'length': 2999, 'coord_system': 'scaffold'}, {'coord_system': 'scaffold', 'length': 27984, 'name': 'AANG04004175.1'}, {'coord_system': 'scaffold', 'name': 'AANG04004176.1', 'length': 18987}, {'name': 'AANG04004177.1', 'length': 12149, 'coord_system': 'scaffold'}, {'coord_system': 'scaffold', 'length': 11379, 'name': 'AANG04004178.1'}, {'coord_system': 'scaffold', 'name': 'AANG04004180.1', 'length': 12987}, {'length': 15566, 'name': 'AANG04004181.1', 'coord_system': 'scaffold'}, {'coord_system': 'scaffold', 'length': 12223, 'name': 'AANG04004182.1'}, {'length': 17308, 'name': 'AANG04004183.1', 'coord_system': 'scaffold'}, {'length': 12202, 'name': 'AANG04004185.1', 'coord_system': 'scaffold'}, {'name': 'AANG04004186.1', 'length': 10984, 'coord_system': 'scaffold'}, {'coord_system': 'scaffold', 'length': 5988, 'name': 'AANG04004187.1'}, {'length': 7985, 'name': 'AANG04004188.1', 'coord_system': 'scaffold'}, {'name': 'AANG04004189.1', 'length': 5988, 'coord_system': 'scaffold'}, {'length': 10989, 'name': 'AANG04004190.1', 'coord_system': 'scaffold'}, {'name': 'AANG04004191.1', 'length': 6988, 'coord_system': 'scaffold'}, {'name': 'AANG04004192.1', 'length': 17349, 'coord_system': 'scaffold'}, {'length': 12989, 'name': 'AANG04004193.1', 'coord_system': 'scaffold'}, {'name': 'AANG04004194.1', 'length': 21906, 'coord_system': 'scaffold'}, {'coord_system': 'scaffold', 'length': 9988, 'name': 'AANG04004195.1'}, {'coord_system': 'scaffold', 'name': 'AANG04004196.1', 'length': 4989}, {'name': 'AANG04004197.1', 'length': 6990, 'coord_system': 'scaffold'}, {'coord_system': 'scaffold', 'length': 9988, 'name': 'AANG04004198.1'}, {'name': 'AANG04004199.1', 'length': 8638, 'coord_system': 'scaffold'}, {'name': 'AANG04004200.1', 'length': 17981, 'coord_system': 'scaffold'}, {'length': 7066, 'name': 'AANG04004201.1', 'coord_system': 'scaffold'}, {'name': 'AANG04004203.1', 'length': 6125, 'coord_system': 'scaffold'}, {'coord_system': 'scaffold', 'name': 'AANG04004204.1', 'length': 8462}, {'length': 9986, 'name': 'AANG04004205.1', 'coord_system': 'scaffold'}, {'name': 'AANG04004206.1', 'length': 11252, 'coord_system': 'scaffold'}, {'coord_system': 'scaffold', 'name': 'AANG04004207.1', 'length': 12988}, {'length': 9071, 'name': 'AANG04004208.1', 'coord_system': 'scaffold'}, {'length': 20628, 'name': 'AANG04004209.1', 'coord_system': 'scaffold'}, {'coord_system': 'scaffold', 'length': 2988, 'name': 'AANG04004210.1'}, {'coord_system': 'scaffold', 'name': 'AANG04004211.1', 'length': 4987}, {'name': 'AANG04004212.1', 'length': 4987, 'coord_system': 'scaffold'}, {'coord_system': 'scaffold', 'length': 6988, 'name': 'AANG04004213.1'}, {'coord_system': 'scaffold', 'length': 11863, 'name': 'AANG04004214.1'}, {'length': 11997, 'name': 'AANG04004215.1', 'coord_system': 'scaffold'}, {'length': 14989, 'name': 'AANG04004216.1', 'coord_system': 'scaffold'}, {'coord_system': 'scaffold', 'length': 53425, 'name': 'AANG04004217.1'}, {'coord_system': 'scaffold', 'name': 'AANG04004218.1', 'length': 7028}, {'length': 10490, 'name': 'AANG04004219.1', 'coord_system': 'scaffold'}, {'coord_system': 'scaffold', 'length': 12988, 'name': 'AANG04004220.1'}, {'coord_system': 'scaffold', 'length': 19173, 'name': 'AANG04004221.1'}, {'coord_system': 'scaffold', 'name': 'AANG04004222.1', 'length': 5168}, {'length': 7987, 'name': 'AANG04004223.1', 'coord_system': 'scaffold'}, {'coord_system': 'scaffold', 'length': 12978, 'name': 'AANG04004224.1'}, {'coord_system': 'scaffold', 'length': 15188, 'name': 'AANG04004225.1'}, {'coord_system': 'scaffold', 'name': 'AANG04004226.1', 'length': 8984}, {'coord_system': 'scaffold', 'length': 12380, 'name': 'AANG04004227.1'}, {'coord_system': 'scaffold', 'name': 'AANG04004228.1', 'length': 50765}, {'length': 9986, 'name': 'AANG04004229.1', 'coord_system': 'scaffold'}, {'coord_system': 'scaffold', 'name': 'AANG04004230.1', 'length': 40981}, {'coord_system': 'scaffold', 'name': 'AANG04004231.1', 'length': 8986}, {'coord_system': 'scaffold', 'length': 13165, 'name': 'AANG04004232.1'}, {'name': 'AANG04004235.1', 'length': 6997, 'coord_system': 'scaffold'}, {'name': 'AANG04004237.1', 'length': 6988, 'coord_system': 'scaffold'}, {'coord_system': 'scaffold', 'length': 17988, 'name': 'AANG04004238.1'}, {'length': 6986, 'name': 'AANG04004239.1', 'coord_system': 'scaffold'}, {'coord_system': 'scaffold', 'length': 4988, 'name': 'AANG04004240.1'}, {'coord_system': 'scaffold', 'name': 'AANG04004242.1', 'length': 14988}, {'coord_system': 'scaffold', 'length': 8226, 'name': 'AANG04004243.1'}, {'coord_system': 'scaffold', 'name': 'AANG04004244.1', 'length': 11989}, {'coord_system': 'scaffold', 'name': 'AANG04004245.1', 'length': 14988}, {'coord_system': 'scaffold', 'length': 5999, 'name': 'AANG04004246.1'}, {'length': 46033, 'name': 'AANG04004247.1', 'coord_system': 'scaffold'}, {'coord_system': 'scaffold', 'name': 'AANG04004248.1', 'length': 6988}, {'name': 'AANG04004249.1', 'length': 8178, 'coord_system': 'scaffold'}, {'name': 'AANG04004250.1', 'length': 9954, 'coord_system': 'scaffold'}, {'length': 12004, 'name': 'AANG04004251.1', 'coord_system': 'scaffold'}, {'coord_system': 'scaffold', 'name': 'AANG04004252.1', 'length': 5985}, {'length': 11198, 'name': 'AANG04004253.1', 'coord_system': 'scaffold'}, {'coord_system': 'scaffold', 'name': 'AANG04004254.1', 'length': 13487}, {'coord_system': 'scaffold', 'name': 'AANG04004255.1', 'length': 9983}, {'length': 9977, 'name': 'AANG04004256.1', 'coord_system': 'scaffold'}, {'name': 'AANG04004257.1', 'length': 9986, 'coord_system': 'scaffold'}, {'coord_system': 'scaffold', 'name': 'AANG04004258.1', 'length': 5981}, {'coord_system': 'scaffold', 'name': 'AANG04004259.1', 'length': 14539}, {'coord_system': 'scaffold', 'length': 12989, 'name': 'AANG04004260.1'}, {'name': 'AANG04004261.1', 'length': 3989, 'coord_system': 'scaffold'}, {'coord_system': 'scaffold', 'length': 8989, 'name': 'AANG04004262.1'}, {'coord_system': 'scaffold', 'length': 19356, 'name': 'AANG04004263.1'}, {'coord_system': 'scaffold', 'name': 'AANG04004264.1', 'length': 10114}, {'length': 12119, 'name': 'AANG04004265.1', 'coord_system': 'scaffold'}, {'name': 'AANG04004267.1', 'length': 5989, 'coord_system': 'scaffold'}, {'coord_system': 'scaffold', 'name': 'AANG04004268.1', 'length': 20098}, {'coord_system': 'scaffold', 'name': 'AANG04004269.1', 'length': 6989}, {'length': 10985, 'name': 'AANG04004270.1', 'coord_system': 'scaffold'}, {'length': 4988, 'name': 'AANG04004271.1', 'coord_system': 'scaffold'}, {'length': 41714, 'name': 'AANG04004272.1', 'coord_system': 'scaffold'}, {'coord_system': 'scaffold', 'name': 'AANG04004273.1', 'length': 12988}, {'coord_system': 'scaffold', 'length': 5988, 'name': 'AANG04004275.1'}, {'coord_system': 'scaffold', 'name': 'AANG04004276.1', 'length': 3989}, {'coord_system': 'scaffold', 'length': 5988, 'name': 'AANG04004277.1'}, {'coord_system': 'scaffold', 'length': 8989, 'name': 'AANG04004278.1'}, {'name': 'AANG04004279.1', 'length': 14033, 'coord_system': 'scaffold'}, {'length': 13985, 'name': 'AANG04004280.1', 'coord_system': 'scaffold'}, {'coord_system': 'scaffold', 'length': 13987, 'name': 'AANG04004281.1'}, {'name': 'AANG04004282.1', 'length': 9986, 'coord_system': 'scaffold'}, {'coord_system': 'scaffold', 'name': 'AANG04004283.1', 'length': 7986}, {'name': 'AANG04004284.1', 'length': 11060, 'coord_system': 'scaffold'}, {'coord_system': 'scaffold', 'name': 'AANG04004285.1', 'length': 22738}, {'name': 'AANG04004286.1', 'length': 11868, 'coord_system': 'scaffold'}, {'coord_system': 'scaffold', 'length': 12480, 'name': 'AANG04004287.1'}, {'coord_system': 'scaffold', 'name': 'AANG04004288.1', 'length': 6980}, {'coord_system': 'scaffold', 'length': 15289, 'name': 'AANG04004289.1'}, {'coord_system': 'scaffold', 'name': 'AANG04004290.1', 'length': 2988}, {'length': 9114, 'name': 'AANG04004291.1', 'coord_system': 'scaffold'}, {'coord_system': 'scaffold', 'length': 11322, 'name': 'AANG04004292.1'}, {'coord_system': 'scaffold', 'length': 37295, 'name': 'AANG04004293.1'}, {'coord_system': 'scaffold', 'length': 3988, 'name': 'AANG04004294.1'}, {'name': 'AANG04004295.1', 'length': 8211, 'coord_system': 'scaffold'}, {'length': 10678, 'name': 'AANG04004296.1', 'coord_system': 'scaffold'}, {'name': 'AANG04004297.1', 'length': 8887, 'coord_system': 'scaffold'}, {'coord_system': 'scaffold', 'name': 'AANG04004298.1', 'length': 4988}, {'coord_system': 'scaffold', 'length': 10174, 'name': 'AANG04004299.1'}, {'name': 'AANG04004300.1', 'length': 4989, 'coord_system': 'scaffold'}, {'name': 'AANG04004301.1', 'length': 4988, 'coord_system': 'scaffold'}, {'coord_system': 'scaffold', 'name': 'AANG04004302.1', 'length': 14374}, {'name': 'AANG04004303.1', 'length': 58337, 'coord_system': 'scaffold'}, {'name': 'AANG04004304.1', 'length': 6988, 'coord_system': 'scaffold'}, {'coord_system': 'scaffold', 'length': 12145, 'name': 'AANG04004305.1'}, {'coord_system': 'scaffold', 'length': 37363, 'name': 'AANG04004306.1'}, {'name': 'AANG04004307.1', 'length': 13988, 'coord_system': 'scaffold'}, {'coord_system': 'scaffold', 'name': 'AANG04004308.1', 'length': 58896}, {'coord_system': 'scaffold', 'name': 'AANG04004309.1', 'length': 7196}, {'length': 10577, 'name': 'AANG04004310.1', 'coord_system': 'scaffold'}, {'length': 9983, 'name': 'AANG04004311.1', 'coord_system': 'scaffold'}, {'length': 8983, 'name': 'AANG04004312.1', 'coord_system': 'scaffold'}, {'length': 11987, 'name': 'AANG04004313.1', 'coord_system': 'scaffold'}, {'coord_system': 'scaffold', 'length': 10985, 'name': 'AANG04004314.1'}, {'coord_system': 'scaffold', 'name': 'AANG04004315.1', 'length': 6188}, {'coord_system': 'scaffold', 'length': 12207, 'name': 'AANG04004316.1'}, {'coord_system': 'scaffold', 'length': 8987, 'name': 'AANG04004317.1'}, {'length': 7064, 'name': 'AANG04004318.1', 'coord_system': 'scaffold'}, {'name': 'AANG04004319.1', 'length': 5381, 'coord_system': 'scaffold'}, {'name': 'AANG04004320.1', 'length': 4419, 'coord_system': 'scaffold'}, {'coord_system': 'scaffold', 'length': 9347, 'name': 'AANG04004321.1'}, {'coord_system': 'scaffold', 'length': 10993, 'name': 'AANG04004322.1'}, {'name': 'AANG04004323.1', 'length': 9217, 'coord_system': 'scaffold'}, {'name': 'AANG04004324.1', 'length': 9405, 'coord_system': 'scaffold'}, {'length': 5827, 'name': 'AANG04004325.1', 'coord_system': 'scaffold'}, {'name': 'AANG04004326.1', 'length': 3988, 'coord_system': 'scaffold'}, {'name': 'AANG04004327.1', 'length': 12985, 'coord_system': 'scaffold'}, {'coord_system': 'scaffold', 'name': 'AANG04004328.1', 'length': 28277}, {'length': 5989, 'name': 'AANG04004329.1', 'coord_system': 'scaffold'}, {'length': 5989, 'name': 'AANG04004330.1', 'coord_system': 'scaffold'}, {'length': 5986, 'name': 'AANG04004331.1', 'coord_system': 'scaffold'}, {'name': 'AANG04004332.1', 'length': 8988, 'coord_system': 'scaffold'}, {'coord_system': 'scaffold', 'length': 64499, 'name': 'AANG04004333.1'}, {'coord_system': 'scaffold', 'name': 'AANG04004336.1', 'length': 6988}, {'length': 4987, 'name': 'AANG04004337.1', 'coord_system': 'scaffold'}, {'coord_system': 'scaffold', 'name': 'AANG04004338.1', 'length': 8567}, {'name': 'AANG04004339.1', 'length': 7180, 'coord_system': 'scaffold'}, {'coord_system': 'scaffold', 'length': 10988, 'name': 'AANG04004340.1'}, {'coord_system': 'scaffold', 'length': 4988, 'name': 'AANG04004341.1'}, {'name': 'AANG04004342.1', 'length': 3988, 'coord_system': 'scaffold'}, {'coord_system': 'scaffold', 'length': 36346, 'name': 'AANG04004343.1'}, {'coord_system': 'scaffold', 'name': 'AANG04004344.1', 'length': 10988}, {'coord_system': 'scaffold', 'length': 22062, 'name': 'AANG04004345.1'}, {'length': 8077, 'name': 'AANG04004346.1', 'coord_system': 'scaffold'}, {'length': 44054, 'name': 'AANG04004347.1', 'coord_system': 'scaffold'}, {'coord_system': 'scaffold', 'name': 'AANG04004348.1', 'length': 14597}, {'length': 9984, 'name': 'AANG04004349.1', 'coord_system': 'scaffold'}, {'length': 13988, 'name': 'AANG04004350.1', 'coord_system': 'scaffold'}, {'name': 'AANG04004351.1', 'length': 4988, 'coord_system': 'scaffold'}, {'name': 'AANG04004352.1', 'length': 8988, 'coord_system': 'scaffold'}, {'coord_system': 'scaffold', 'name': 'AANG04004353.1', 'length': 38809}, {'coord_system': 'scaffold', 'name': 'AANG04004354.1', 'length': 45771}, {'name': 'AANG04004355.1', 'length': 21167, 'coord_system': 'scaffold'}, {'name': 'AANG04004356.1', 'length': 22814, 'coord_system': 'scaffold'}, {'coord_system': 'scaffold', 'length': 5986, 'name': 'AANG04004357.1'}, {'name': 'AANG04004358.1', 'length': 14898, 'coord_system': 'scaffold'}, {'name': 'AANG04004359.1', 'length': 8948, 'coord_system': 'scaffold'}, {'coord_system': 'scaffold', 'length': 8985, 'name': 'AANG04004360.1'}, {'coord_system': 'scaffold', 'length': 4987, 'name': 'AANG04004364.1'}, {'coord_system': 'scaffold', 'length': 11954, 'name': 'AANG04004365.1'}, {'coord_system': 'scaffold', 'name': 'AANG04004367.1', 'length': 7157}, {'name': 'AANG04004368.1', 'length': 43077, 'coord_system': 'scaffold'}, {'coord_system': 'scaffold', 'name': 'AANG04004369.1', 'length': 6980}, {'coord_system': 'scaffold', 'name': 'AANG04004372.1', 'length': 11312}, {'coord_system': 'scaffold', 'name': 'AANG04004373.1', 'length': 17749}, {'coord_system': 'scaffold', 'length': 16190, 'name': 'AANG04004374.1'}, {'length': 8162, 'name': 'AANG04004375.1', 'coord_system': 'scaffold'}, {'coord_system': 'scaffold', 'name': 'AANG04004377.1', 'length': 4987}, {'name': 'AANG04004378.1', 'length': 3989, 'coord_system': 'scaffold'}, {'coord_system': 'scaffold', 'name': 'AANG04004379.1', 'length': 6146}, {'coord_system': 'scaffold', 'name': 'AANG04004380.1', 'length': 11986}, {'coord_system': 'scaffold', 'length': 10983, 'name': 'AANG04004381.1'}, {'coord_system': 'scaffold', 'name': 'AANG04004383.1', 'length': 6988}, {'coord_system': 'scaffold', 'length': 11782, 'name': 'AANG04004384.1'}, {'name': 'AANG04004385.1', 'length': 5290, 'coord_system': 'scaffold'}, {'coord_system': 'scaffold', 'length': 18131, 'name': 'AANG04004386.1'}, {'coord_system': 'scaffold', 'name': 'AANG04004387.1', 'length': 14982}, {'name': 'AANG04004388.1', 'length': 13890, 'coord_system': 'scaffold'}, {'coord_system': 'scaffold', 'name': 'AANG04004389.1', 'length': 12019}, {'name': 'AANG04004390.1', 'length': 18626, 'coord_system': 'scaffold'}, {'coord_system': 'scaffold', 'name': 'AANG04004391.1', 'length': 4988}, {'name': 'AANG04004392.1', 'length': 2988, 'coord_system': 'scaffold'}, {'coord_system': 'scaffold', 'name': 'AANG04004393.1', 'length': 2987}, {'name': 'AANG04004394.1', 'length': 10987, 'coord_system': 'scaffold'}, {'length': 27654, 'name': 'AANG04004395.1', 'coord_system': 'scaffold'}, {'coord_system': 'scaffold', 'length': 9070, 'name': 'AANG04004396.1'}, {'coord_system': 'scaffold', 'length': 24983, 'name': 'AANG04004397.1'}, {'name': 'AANG04004399.1', 'length': 4988, 'coord_system': 'scaffold'}, {'coord_system': 'scaffold', 'name': 'AANG04004400.1', 'length': 13988}, {'name': 'AANG04004401.1', 'length': 9987, 'coord_system': 'scaffold'}, {'coord_system': 'scaffold', 'name': 'AANG04004402.1', 'length': 4988}, {'length': 3988, 'name': 'AANG04004403.1', 'coord_system': 'scaffold'}, {'name': 'AANG04004404.1', 'length': 10985, 'coord_system': 'scaffold'}, {'length': 5547, 'name': 'AANG04004406.1', 'coord_system': 'scaffold'}, {'name': 'AANG04004409.1', 'length': 16355, 'coord_system': 'scaffold'}, {'length': 15979, 'name': 'AANG04004410.1', 'coord_system': 'scaffold'}, {'coord_system': 'scaffold', 'length': 10014, 'name': 'AANG04004411.1'}, {'length': 8244, 'name': 'AANG04004412.1', 'coord_system': 'scaffold'}, {'name': 'AANG04004413.1', 'length': 12012, 'coord_system': 'scaffold'}, {'name': 'AANG04004414.1', 'length': 10719, 'coord_system': 'scaffold'}, {'length': 13004, 'name': 'AANG04004415.1', 'coord_system': 'scaffold'}, {'name': 'AANG04004416.1', 'length': 4986, 'coord_system': 'scaffold'}, {'name': 'AANG04004417.1', 'length': 7980, 'coord_system': 'scaffold'}, {'coord_system': 'scaffold', 'name': 'AANG04004418.1', 'length': 20287}, {'name': 'AANG04004419.1', 'length': 4904, 'coord_system': 'scaffold'}, {'coord_system': 'scaffold', 'name': 'AANG04004420.1', 'length': 12316}, {'name': 'AANG04004421.1', 'length': 5987, 'coord_system': 'scaffold'}, {'length': 10181, 'name': 'AANG04004422.1', 'coord_system': 'scaffold'}, {'length': 8579, 'name': 'AANG04004423.1', 'coord_system': 'scaffold'}, {'coord_system': 'scaffold', 'length': 6970, 'name': 'AANG04004424.1'}, {'length': 17989, 'name': 'AANG04004425.1', 'coord_system': 'scaffold'}, {'coord_system': 'scaffold', 'name': 'AANG04004426.1', 'length': 12984}, {'length': 7988, 'name': 'AANG04004427.1', 'coord_system': 'scaffold'}, {'coord_system': 'scaffold', 'name': 'AANG04004428.1', 'length': 8044}, {'name': 'AANG04004429.1', 'length': 3988, 'coord_system': 'scaffold'}, {'name': 'AANG04004430.1', 'length': 6986, 'coord_system': 'scaffold'}, {'name': 'AANG04004431.1', 'length': 11988, 'coord_system': 'scaffold'}, {'length': 20714, 'name': 'AANG04004432.1', 'coord_system': 'scaffold'}, {'name': 'AANG04004433.1', 'length': 13986, 'coord_system': 'scaffold'}, {'name': 'AANG04004434.1', 'length': 10986, 'coord_system': 'scaffold'}, {'coord_system': 'scaffold', 'name': 'AANG04004435.1', 'length': 36739}, {'coord_system': 'scaffold', 'name': 'AANG04004436.1', 'length': 11989}, {'length': 6988, 'name': 'AANG04004437.1', 'coord_system': 'scaffold'}, {'length': 8988, 'name': 'AANG04004438.1', 'coord_system': 'scaffold'}, {'length': 17057, 'name': 'AANG04004439.1', 'coord_system': 'scaffold'}, {'coord_system': 'scaffold', 'length': 12951, 'name': 'AANG04004440.1'}, {'name': 'AANG04004441.1', 'length': 3989, 'coord_system': 'scaffold'}, {'coord_system': 'scaffold', 'length': 5988, 'name': 'AANG04004442.1'}, {'name': 'AANG04004443.1', 'length': 10373, 'coord_system': 'scaffold'}, {'name': 'AANG04004444.1', 'length': 3987, 'coord_system': 'scaffold'}, {'name': 'AANG04004445.1', 'length': 12995, 'coord_system': 'scaffold'}, {'length': 17914, 'name': 'AANG04004446.1', 'coord_system': 'scaffold'}, {'length': 9961, 'name': 'AANG04004447.1', 'coord_system': 'scaffold'}, {'coord_system': 'scaffold', 'length': 68432, 'name': 'AANG04004448.1'}, {'coord_system': 'scaffold', 'length': 6120, 'name': 'AANG04004450.1'}, {'coord_system': 'scaffold', 'length': 4989, 'name': 'AANG04004451.1'}, {'coord_system': 'scaffold', 'length': 9951, 'name': 'AANG04004452.1'}, {'length': 7988, 'name': 'AANG04004453.1', 'coord_system': 'scaffold'}, {'coord_system': 'scaffold', 'name': 'AANG04004455.1', 'length': 22268}, {'coord_system': 'scaffold', 'length': 4991, 'name': 'AANG04004456.1'}, {'coord_system': 'scaffold', 'length': 4989, 'name': 'AANG04004458.1'}, {'name': 'AANG04004460.1', 'length': 56938, 'coord_system': 'scaffold'}, {'coord_system': 'scaffold', 'length': 11113, 'name': 'AANG04004461.1'}, {'name': 'AANG04004462.1', 'length': 7987, 'coord_system': 'scaffold'}, {'name': 'AANG04004463.1', 'length': 2982, 'coord_system': 'scaffold'}, {'coord_system': 'scaffold', 'name': 'AANG04004464.1', 'length': 9014}, {'length': 9246, 'name': 'AANG04004465.1', 'coord_system': 'scaffold'}, {'name': 'AANG04004466.1', 'length': 10988, 'coord_system': 'scaffold'}, {'coord_system': 'scaffold', 'length': 7884, 'name': 'AANG04004467.1'}, {'name': 'AANG04004468.1', 'length': 3988, 'coord_system': 'scaffold'}, {'coord_system': 'scaffold', 'name': 'AANG04004469.1', 'length': 3988}, {'coord_system': 'scaffold', 'name': 'AANG04004470.1', 'length': 15984}, {'length': 12173, 'name': 'AANG04004471.1', 'coord_system': 'scaffold'}, {'coord_system': 'scaffold', 'length': 7958, 'name': 'AANG04004472.1'}, {'coord_system': 'scaffold', 'length': 8986, 'name': 'AANG04004473.1'}, {'length': 8988, 'name': 'AANG04004474.1', 'coord_system': 'scaffold'}, {'coord_system': 'scaffold', 'name': 'AANG04004475.1', 'length': 5988}, {'coord_system': 'scaffold', 'name': 'AANG04004476.1', 'length': 17988}, {'coord_system': 'scaffold', 'length': 9433, 'name': 'AANG04004477.1'}, {'name': 'AANG04004478.1', 'length': 10012, 'coord_system': 'scaffold'}, {'coord_system': 'scaffold', 'name': 'AANG04004479.1', 'length': 62962}, {'coord_system': 'scaffold', 'name': 'AANG04004480.1', 'length': 8988}, {'coord_system': 'scaffold', 'name': 'AANG04004481.1', 'length': 10268}, {'coord_system': 'scaffold', 'length': 6989, 'name': 'AANG04004482.1'}, {'coord_system': 'scaffold', 'length': 22231, 'name': 'AANG04004483.1'}, {'length': 9988, 'name': 'AANG04004484.1', 'coord_system': 'scaffold'}, {'coord_system': 'scaffold', 'name': 'AANG04004485.1', 'length': 33585}, {'name': 'AANG04004486.1', 'length': 8822, 'coord_system': 'scaffold'}, {'length': 31261, 'name': 'AANG04004487.1', 'coord_system': 'scaffold'}, {'name': 'AANG04004488.1', 'length': 3984, 'coord_system': 'scaffold'}, {'coord_system': 'scaffold', 'length': 31005, 'name': 'AANG04004489.1'}, {'name': 'AANG04004490.1', 'length': 7976, 'coord_system': 'scaffold'}, {'coord_system': 'scaffold', 'name': 'AANG04004491.1', 'length': 13988}, {'length': 7376, 'name': 'AANG04004492.1', 'coord_system': 'scaffold'}, {'name': 'AANG04004493.1', 'length': 5142, 'coord_system': 'scaffold'}, {'coord_system': 'scaffold', 'length': 31574, 'name': 'AANG04004494.1'}, {'name': 'AANG04004495.1', 'length': 13476, 'coord_system': 'scaffold'}, {'coord_system': 'scaffold', 'length': 5988, 'name': 'AANG04004496.1'}, {'coord_system': 'scaffold', 'length': 10988, 'name': 'AANG04004497.1'}, {'length': 13987, 'name': 'AANG04004498.1', 'coord_system': 'scaffold'}, {'coord_system': 'scaffold', 'name': 'AANG04004499.1', 'length': 4993}, {'coord_system': 'scaffold', 'name': 'AANG04004500.1', 'length': 4991}, {'coord_system': 'scaffold', 'length': 4384, 'name': 'AANG04004501.1'}, {'name': 'AANG04004502.1', 'length': 11982, 'coord_system': 'scaffold'}, {'coord_system': 'scaffold', 'length': 15120, 'name': 'AANG04004503.1'}, {'length': 10988, 'name': 'AANG04004505.1', 'coord_system': 'scaffold'}, {'length': 6987, 'name': 'AANG04004506.1', 'coord_system': 'scaffold'}, {'coord_system': 'scaffold', 'name': 'AANG04004507.1', 'length': 10265}, {'coord_system': 'scaffold', 'name': 'AANG04004508.1', 'length': 11988}, {'name': 'AANG04004509.1', 'length': 7988, 'coord_system': 'scaffold'}, {'coord_system': 'scaffold', 'name': 'AANG04004510.1', 'length': 8988}, {'coord_system': 'scaffold', 'name': 'AANG04004511.1', 'length': 17596}, {'coord_system': 'scaffold', 'length': 18985, 'name': 'AANG04004512.1'}, {'name': 'AANG04004513.1', 'length': 13977, 'coord_system': 'scaffold'}, {'coord_system': 'scaffold', 'length': 10162, 'name': 'AANG04004514.1'}, {'coord_system': 'scaffold', 'length': 7216, 'name': 'AANG04004515.1'}, {'coord_system': 'scaffold', 'length': 17998, 'name': 'AANG04004516.1'}, {'name': 'AANG04004517.1', 'length': 21988, 'coord_system': 'scaffold'}, {'coord_system': 'scaffold', 'name': 'AANG04004518.1', 'length': 52362}, {'coord_system': 'scaffold', 'length': 8180, 'name': 'AANG04004519.1'}, {'coord_system': 'scaffold', 'name': 'AANG04004520.1', 'length': 55007}, {'name': 'AANG04004521.1', 'length': 8988, 'coord_system': 'scaffold'}, {'length': 4733, 'name': 'AANG04004522.1', 'coord_system': 'scaffold'}, {'length': 11188, 'name': 'AANG04004524.1', 'coord_system': 'scaffold'}, {'coord_system': 'scaffold', 'name': 'AANG04004525.1', 'length': 4507}, {'length': 5329, 'name': 'AANG04004526.1', 'coord_system': 'scaffold'}, {'coord_system': 'scaffold', 'length': 77459, 'name': 'AANG04004527.1'}, {'length': 11726, 'name': 'AANG04004528.1', 'coord_system': 'scaffold'}, {'name': 'AANG04004529.1', 'length': 25905, 'coord_system': 'scaffold'}, {'coord_system': 'scaffold', 'name': 'AANG04004530.1', 'length': 6491}, {'coord_system': 'scaffold', 'name': 'AANG04004531.1', 'length': 61852}, {'length': 7188, 'name': 'AANG04004532.1', 'coord_system': 'scaffold'}, {'coord_system': 'scaffold', 'length': 43695, 'name': 'AANG04004533.1'}, {'coord_system': 'scaffold', 'name': 'AANG04004534.1', 'length': 6985}, {'coord_system': 'scaffold', 'name': 'AANG04004535.1', 'length': 12933}, {'length': 13112, 'name': 'AANG04004536.1', 'coord_system': 'scaffold'}, {'coord_system': 'scaffold', 'name': 'AANG04004537.1', 'length': 13916}, {'length': 4977, 'name': 'AANG04004538.1', 'coord_system': 'scaffold'}, {'coord_system': 'scaffold', 'name': 'AANG04004539.1', 'length': 13987}, {'name': 'AANG04004540.1', 'length': 24782, 'coord_system': 'scaffold'}, {'coord_system': 'scaffold', 'name': 'AANG04004541.1', 'length': 7988}, {'coord_system': 'scaffold', 'length': 4985, 'name': 'AANG04004542.1'}, {'coord_system': 'scaffold', 'name': 'AANG04004543.1', 'length': 4985}, {'length': 11986, 'name': 'AANG04004544.1', 'coord_system': 'scaffold'}, {'name': 'AANG04004545.1', 'length': 35898, 'coord_system': 'scaffold'}, {'coord_system': 'scaffold', 'length': 7885, 'name': 'AANG04004546.1'}, {'length': 16882, 'name': 'AANG04004547.1', 'coord_system': 'scaffold'}, {'name': 'AANG04004548.1', 'length': 22552, 'coord_system': 'scaffold'}, {'length': 8285, 'name': 'AANG04004549.1', 'coord_system': 'scaffold'}, {'name': 'AANG04004550.1', 'length': 28307, 'coord_system': 'scaffold'}, {'length': 7820, 'name': 'AANG04004551.1', 'coord_system': 'scaffold'}, {'name': 'AANG04004552.1', 'length': 13189, 'coord_system': 'scaffold'}, {'name': 'AANG04004553.1', 'length': 9181, 'coord_system': 'scaffold'}, {'name': 'AANG04004554.1', 'length': 8243, 'coord_system': 'scaffold'}, {'coord_system': 'scaffold', 'name': 'AANG04004555.1', 'length': 60979}, {'coord_system': 'scaffold', 'name': 'AANG04004556.1', 'length': 22988}, {'length': 7993, 'name': 'AANG04004557.1', 'coord_system': 'scaffold'}, {'coord_system': 'scaffold', 'name': 'AANG04004558.1', 'length': 14184}, {'name': 'AANG04004559.1', 'length': 5178, 'coord_system': 'scaffold'}, {'coord_system': 'scaffold', 'name': 'AANG04004561.1', 'length': 12041}, {'length': 13265, 'name': 'AANG04004563.1', 'coord_system': 'scaffold'}, {'coord_system': 'scaffold', 'length': 12740, 'name': 'AANG04004564.1'}, {'coord_system': 'scaffold', 'length': 8989, 'name': 'AANG04004565.1'}, {'name': 'AANG04004566.1', 'length': 9955, 'coord_system': 'scaffold'}, {'coord_system': 'scaffold', 'length': 8982, 'name': 'AANG04004567.1'}, {'coord_system': 'scaffold', 'name': 'AANG04004568.1', 'length': 11958}, {'coord_system': 'scaffold', 'length': 11988, 'name': 'AANG04004569.1'}, {'coord_system': 'scaffold', 'name': 'AANG04004570.1', 'length': 8986}, {'coord_system': 'scaffold', 'length': 20069, 'name': 'AANG04004571.1'}, {'coord_system': 'scaffold', 'name': 'AANG04004573.1', 'length': 6988}, {'coord_system': 'scaffold', 'length': 5989, 'name': 'AANG04004574.1'}, {'coord_system': 'scaffold', 'name': 'AANG04004575.1', 'length': 13985}, {'coord_system': 'scaffold', 'length': 9986, 'name': 'AANG04004576.1'}, {'length': 4235, 'name': 'AANG04004577.1', 'coord_system': 'scaffold'}, {'name': 'AANG04004578.1', 'length': 20941, 'coord_system': 'scaffold'}, {'length': 5163, 'name': 'AANG04004579.1', 'coord_system': 'scaffold'}, {'name': 'AANG04004580.1', 'length': 5987, 'coord_system': 'scaffold'}, {'name': 'AANG04004581.1', 'length': 24625, 'coord_system': 'scaffold'}, {'coord_system': 'scaffold', 'length': 6988, 'name': 'AANG04004582.1'}, {'length': 8046, 'name': 'AANG04004583.1', 'coord_system': 'scaffold'}, {'name': 'AANG04004584.1', 'length': 16005, 'coord_system': 'scaffold'}, {'coord_system': 'scaffold', 'name': 'AANG04004585.1', 'length': 5987}, {'length': 10534, 'name': 'AANG04004586.1', 'coord_system': 'scaffold'}, {'name': 'AANG04004587.1', 'length': 5992, 'coord_system': 'scaffold'}, {'length': 70597, 'name': 'AANG04004588.1', 'coord_system': 'scaffold'}, {'coord_system': 'scaffold', 'name': 'AANG04004589.1', 'length': 7435}, {'name': 'AANG04004590.1', 'length': 12037, 'coord_system': 'scaffold'}, {'coord_system': 'scaffold', 'length': 32481, 'name': 'AANG04004591.1'}, {'length': 9986, 'name': 'AANG04004592.1', 'coord_system': 'scaffold'}, {'length': 69005, 'name': 'AANG04004593.1', 'coord_system': 'scaffold'}, {'length': 14839, 'name': 'AANG04004594.1', 'coord_system': 'scaffold'}, {'coord_system': 'scaffold', 'length': 12231, 'name': 'AANG04004595.1'}, {'coord_system': 'scaffold', 'length': 14718, 'name': 'AANG04004596.1'}, {'length': 13989, 'name': 'AANG04004597.1', 'coord_system': 'scaffold'}, {'length': 8984, 'name': 'AANG04004598.1', 'coord_system': 'scaffold'}, {'length': 8709, 'name': 'AANG04004599.1', 'coord_system': 'scaffold'}, {'coord_system': 'scaffold', 'length': 9987, 'name': 'AANG04004600.1'}, {'length': 5987, 'name': 'AANG04004601.1', 'coord_system': 'scaffold'}, {'coord_system': 'scaffold', 'length': 9988, 'name': 'AANG04004602.1'}, {'coord_system': 'scaffold', 'length': 20971, 'name': 'AANG04004603.1'}, {'name': 'AANG04004604.1', 'length': 3148, 'coord_system': 'scaffold'}, {'coord_system': 'scaffold', 'length': 9986, 'name': 'AANG04004605.1'}, {'name': 'AANG04004606.1', 'length': 25981, 'coord_system': 'scaffold'}, {'length': 5946, 'name': 'AANG04004607.1', 'coord_system': 'scaffold'}, {'length': 4536, 'name': 'AANG04004608.1', 'coord_system': 'scaffold'}, {'coord_system': 'scaffold', 'name': 'AANG04004609.1', 'length': 65109}, {'coord_system': 'scaffold', 'name': 'AANG04004610.1', 'length': 8214}, {'coord_system': 'scaffold', 'length': 13984, 'name': 'AANG04004611.1'}, {'name': 'AANG04004612.1', 'length': 10993, 'coord_system': 'scaffold'}, {'coord_system': 'scaffold', 'name': 'AANG04004613.1', 'length': 7395}, {'coord_system': 'scaffold', 'length': 15203, 'name': 'AANG04004614.1'}, {'coord_system': 'scaffold', 'length': 7314, 'name': 'AANG04004615.1'}, {'coord_system': 'scaffold', 'length': 10013, 'name': 'AANG04004616.1'}, {'coord_system': 'scaffold', 'name': 'AANG04004617.1', 'length': 7987}, {'name': 'AANG04004618.1', 'length': 27926, 'coord_system': 'scaffold'}, {'coord_system': 'scaffold', 'name': 'AANG04004619.1', 'length': 50553}, {'coord_system': 'scaffold', 'length': 13647, 'name': 'AANG04004620.1'}, {'length': 4989, 'name': 'AANG04004621.1', 'coord_system': 'scaffold'}, {'coord_system': 'scaffold', 'length': 7987, 'name': 'AANG04004622.1'}, {'name': 'AANG04004623.1', 'length': 4987, 'coord_system': 'scaffold'}, {'coord_system': 'scaffold', 'length': 13980, 'name': 'AANG04004624.1'}, {'length': 11148, 'name': 'AANG04004625.1', 'coord_system': 'scaffold'}, {'name': 'AANG04004626.1', 'length': 11048, 'coord_system': 'scaffold'}, {'coord_system': 'scaffold', 'name': 'AANG04004627.1', 'length': 6988}, {'coord_system': 'scaffold', 'name': 'AANG04004628.1', 'length': 4988}, {'length': 24810, 'name': 'AANG04004629.1', 'coord_system': 'scaffold'}, {'name': 'AANG04004630.1', 'length': 33981, 'coord_system': 'scaffold'}, {'coord_system': 'scaffold', 'name': 'AANG04004631.1', 'length': 8987}, {'length': 43275, 'name': 'AANG04004632.1', 'coord_system': 'scaffold'}, {'name': 'AANG04004633.1', 'length': 18893, 'coord_system': 'scaffold'}, {'coord_system': 'scaffold', 'name': 'AANG04004634.1', 'length': 7987}, {'length': 2987, 'name': 'AANG04004635.1', 'coord_system': 'scaffold'}, {'coord_system': 'scaffold', 'name': 'AANG04004636.1', 'length': 5988}, {'length': 3988, 'name': 'AANG04004637.1', 'coord_system': 'scaffold'}, {'coord_system': 'scaffold', 'length': 7989, 'name': 'AANG04004638.1'}, {'length': 3410, 'name': 'AANG04004639.1', 'coord_system': 'scaffold'}, {'coord_system': 'scaffold', 'name': 'AANG04004640.1', 'length': 4983}, {'length': 10374, 'name': 'AANG04004641.1', 'coord_system': 'scaffold'}, {'coord_system': 'scaffold', 'name': 'AANG04004642.1', 'length': 35955}, {'length': 41717, 'name': 'AANG04004643.1', 'coord_system': 'scaffold'}, {'name': 'AANG04004644.1', 'length': 11981, 'coord_system': 'scaffold'}, {'coord_system': 'scaffold', 'name': 'AANG04004645.1', 'length': 2988}, {'length': 13988, 'name': 'AANG04004646.1', 'coord_system': 'scaffold'}, {'name': 'AANG04004647.1', 'length': 4199, 'coord_system': 'scaffold'}, {'coord_system': 'scaffold', 'name': 'AANG04004648.1', 'length': 7175}, {'coord_system': 'scaffold', 'name': 'AANG04004649.1', 'length': 4986}, {'coord_system': 'scaffold', 'length': 12988, 'name': 'AANG04004650.1'}, {'coord_system': 'scaffold', 'name': 'AANG04004651.1', 'length': 6989}, {'length': 6988, 'name': 'AANG04004652.1', 'coord_system': 'scaffold'}, {'coord_system': 'scaffold', 'length': 10989, 'name': 'AANG04004653.1'}, {'coord_system': 'scaffold', 'length': 3486, 'name': 'AANG04004654.1'}, {'coord_system': 'scaffold', 'name': 'AANG04004655.1', 'length': 5987}, {'coord_system': 'scaffold', 'name': 'AANG04004656.1', 'length': 7993}, {'name': 'AANG04004657.1', 'length': 28668, 'coord_system': 'scaffold'}, {'coord_system': 'scaffold', 'length': 17986, 'name': 'AANG04004658.1'}, {'length': 15130, 'name': 'AANG04004660.1', 'coord_system': 'scaffold'}, {'length': 7973, 'name': 'AANG04004661.1', 'coord_system': 'scaffold'}, {'coord_system': 'scaffold', 'name': 'AANG04004662.1', 'length': 9047}, {'length': 3307, 'name': 'AANG04004663.1', 'coord_system': 'scaffold'}, {'length': 11635, 'name': 'AANG04004664.1', 'coord_system': 'scaffold'}, {'name': 'AANG04004665.1', 'length': 11197, 'coord_system': 'scaffold'}, {'name': 'AANG04004666.1', 'length': 12989, 'coord_system': 'scaffold'}, {'name': 'AANG04004667.1', 'length': 7175, 'coord_system': 'scaffold'}, {'length': 2987, 'name': 'AANG04004668.1', 'coord_system': 'scaffold'}, {'length': 11676, 'name': 'AANG04004669.1', 'coord_system': 'scaffold'}, {'name': 'AANG04004670.1', 'length': 9988, 'coord_system': 'scaffold'}, {'coord_system': 'scaffold', 'name': 'AANG04004671.1', 'length': 6171}, {'name': 'AANG04004672.1', 'length': 13989, 'coord_system': 'scaffold'}, {'name': 'AANG04004673.1', 'length': 14708, 'coord_system': 'scaffold'}, {'coord_system': 'scaffold', 'name': 'AANG04004674.1', 'length': 8100}, {'length': 5984, 'name': 'AANG04004675.1', 'coord_system': 'scaffold'}, {'coord_system': 'scaffold', 'name': 'AANG04004676.1', 'length': 4974}, {'coord_system': 'scaffold', 'name': 'AANG04004677.1', 'length': 3987}, {'length': 18308, 'name': 'AANG04004678.1', 'coord_system': 'scaffold'}, {'coord_system': 'scaffold', 'name': 'AANG04004679.1', 'length': 6961}, {'coord_system': 'scaffold', 'name': 'AANG04004680.1', 'length': 8213}, {'coord_system': 'scaffold', 'length': 7999, 'name': 'AANG04004681.1'}, {'coord_system': 'scaffold', 'name': 'AANG04004682.1', 'length': 4988}, {'length': 6187, 'name': 'AANG04004683.1', 'coord_system': 'scaffold'}, {'name': 'AANG04004684.1', 'length': 9987, 'coord_system': 'scaffold'}, {'length': 9282, 'name': 'AANG04004685.1', 'coord_system': 'scaffold'}, {'name': 'AANG04004687.1', 'length': 12744, 'coord_system': 'scaffold'}, {'coord_system': 'scaffold', 'name': 'AANG04004688.1', 'length': 2988}, {'coord_system': 'scaffold', 'length': 13457, 'name': 'AANG04004689.1'}, {'name': 'AANG04004691.1', 'length': 6983, 'coord_system': 'scaffold'}, {'coord_system': 'scaffold', 'name': 'AANG04004692.1', 'length': 4989}, {'coord_system': 'scaffold', 'length': 25725, 'name': 'AANG04004693.1'}, {'name': 'AANG04004694.1', 'length': 12099, 'coord_system': 'scaffold'}, {'name': 'AANG04004695.1', 'length': 8987, 'coord_system': 'scaffold'}, {'coord_system': 'scaffold', 'name': 'AANG04004696.1', 'length': 14089}, {'coord_system': 'scaffold', 'name': 'AANG04004697.1', 'length': 8994}, {'coord_system': 'scaffold', 'name': 'AANG04004698.1', 'length': 9987}, {'coord_system': 'scaffold', 'name': 'AANG04004699.1', 'length': 19062}, {'coord_system': 'scaffold', 'name': 'AANG04004700.1', 'length': 27919}, {'length': 9735, 'name': 'AANG04004701.1', 'coord_system': 'scaffold'}, {'length': 17017, 'name': 'AANG04004702.1', 'coord_system': 'scaffold'}, {'coord_system': 'scaffold', 'name': 'AANG04004703.1', 'length': 8988}, {'coord_system': 'scaffold', 'name': 'AANG04004704.1', 'length': 4984}, {'coord_system': 'scaffold', 'length': 10988, 'name': 'AANG04004705.1'}, {'coord_system': 'scaffold', 'name': 'AANG04004706.1', 'length': 7988}, {'name': 'AANG04004707.1', 'length': 22202, 'coord_system': 'scaffold'}, {'coord_system': 'scaffold', 'name': 'AANG04004708.1', 'length': 7711}, {'coord_system': 'scaffold', 'name': 'AANG04004709.1', 'length': 128502}, {'coord_system': 'scaffold', 'length': 9987, 'name': 'AANG04004710.1'}, {'name': 'AANG04004711.1', 'length': 4030, 'coord_system': 'scaffold'}, {'coord_system': 'scaffold', 'length': 10986, 'name': 'AANG04004712.1'}, {'name': 'AANG04004713.1', 'length': 7987, 'coord_system': 'scaffold'}, {'coord_system': 'scaffold', 'length': 8988, 'name': 'AANG04004715.1'}, {'coord_system': 'scaffold', 'length': 26988, 'name': 'AANG04004716.1'}, {'length': 4990, 'name': 'AANG04004717.1', 'coord_system': 'scaffold'}, {'name': 'AANG04004718.1', 'length': 6089, 'coord_system': 'scaffold'}, {'name': 'AANG04004719.1', 'length': 9988, 'coord_system': 'scaffold'}, {'name': 'AANG04004720.1', 'length': 7008, 'coord_system': 'scaffold'}, {'name': 'AANG04004721.1', 'length': 5988, 'coord_system': 'scaffold'}, {'coord_system': 'scaffold', 'length': 5988, 'name': 'AANG04004722.1'}, {'coord_system': 'scaffold', 'length': 6988, 'name': 'AANG04004723.1'}, {'length': 2967, 'name': 'AANG04004724.1', 'coord_system': 'scaffold'}, {'length': 2988, 'name': 'AANG04004725.1', 'coord_system': 'scaffold'}, {'coord_system': 'scaffold', 'length': 5989, 'name': 'AANG04004726.1'}, {'coord_system': 'scaffold', 'length': 25174, 'name': 'AANG04004727.1'}, {'coord_system': 'scaffold', 'name': 'AANG04004728.1', 'length': 5988}, {'coord_system': 'scaffold', 'length': 7987, 'name': 'AANG04004729.1'}, {'length': 17509, 'name': 'AANG04004730.1', 'coord_system': 'scaffold'}, {'coord_system': 'scaffold', 'length': 6988, 'name': 'AANG04004731.1'}, {'coord_system': 'scaffold', 'name': 'AANG04004732.1', 'length': 9660}, {'name': 'AANG04004733.1', 'length': 12992, 'coord_system': 'scaffold'}, {'coord_system': 'scaffold', 'length': 5987, 'name': 'AANG04004734.1'}, {'coord_system': 'scaffold', 'length': 10129, 'name': 'AANG04004735.1'}, {'name': 'AANG04004736.1', 'length': 10722, 'coord_system': 'scaffold'}, {'coord_system': 'scaffold', 'name': 'AANG04004737.1', 'length': 8178}, {'coord_system': 'scaffold', 'name': 'AANG04004738.1', 'length': 10988}, {'name': 'AANG04004739.1', 'length': 14685, 'coord_system': 'scaffold'}, {'length': 12747, 'name': 'AANG04004740.1', 'coord_system': 'scaffold'}, {'length': 9876, 'name': 'AANG04004741.1', 'coord_system': 'scaffold'}, {'name': 'AANG04004742.1', 'length': 22013, 'coord_system': 'scaffold'}, {'name': 'AANG04004743.1', 'length': 8987, 'coord_system': 'scaffold'}, {'coord_system': 'chromosome', 'length': 171471747, 'name': 'A2'}, {'coord_system': 'chromosome', 'name': 'C2', 'length': 161193150}, {'coord_system': 'chromosome', 'name': 'D2', 'length': 90186660}, {'name': 'D4', 'length': 96521652, 'coord_system': 'chromosome'}, {'coord_system': 'chromosome', 'length': 63494689, 'name': 'E1'}, {'coord_system': 'chromosome', 'name': 'C1', 'length': 222790142}, {'name': 'B2', 'length': 155302638, 'coord_system': 'chromosome'}, {'coord_system': 'chromosome', 'length': 96884206, 'name': 'D3'}, {'length': 117648028, 'name': 'D1', 'coord_system': 'chromosome'}, {'length': 44648284, 'name': 'E3', 'coord_system': 'chromosome'}, {'coord_system': 'chromosome', 'length': 130557009, 'name': 'X'}, {'coord_system': 'chromosome', 'name': 'B4', 'length': 144528695}, {'coord_system': 'chromosome', 'name': 'E2', 'length': 64340295}, {'coord_system': 'chromosome', 'name': 'B3', 'length': 149751809}, {'coord_system': 'chromosome', 'name': 'F2', 'length': 85752456}, {'name': 'A3', 'length': 143202405, 'coord_system': 'chromosome'}, {'coord_system': 'chromosome', 'name': 'A1', 'length': 242100913}, {'coord_system': 'chromosome', 'length': 71664243, 'name': 'F1'}, {'length': 208212889, 'name': 'B1', 'coord_system': 'chromosome'}, {'name': 'MT', 'length': 17009, 'coord_system': 'chromosome'}], 'assembly_accession': 'GCA_000181335.4', 'genebuild_start_date': '2018-01-Ensembl', 'base_pairs': 2491009630, 'genebuild_initial_release_date': '2018-06', 'karyotype': ['A1', 'A2', 'A3', 'B1', 'B2', 'B3', 'B4', 'C1', 'C2', 'D1', 'D2', 'D3', 'D4', 'E1', 'E2', 'E3', 'F1', 'F2', 'X', 'MT'], 'coord_system_versions': ['Felis_catus_9.0'], 'genebuild_last_geneset_update': '2018-06', 'assembly_date': '2017-11', 'genebuild_method': 'full_genebuild', 'default_coord_system_version': 'Felis_catus_9.0', 'golden_path': 2521863845, 'assembly_name': 'Felis_catus_9.0'}
--------------NEW REQUEST----------------
Request line:GET /chromosomeLength?specie=cat&chromo=A2 HTTP/1.1
  Cmd: GET
  Path: /chromosomeLength?specie=cat&chromo=A2
  Endpoint: /chromosomeLength
request: https://rest.ensembl.org/info/assembly/cat
Parametros: 
   Specie: cat
   Chromo: A2
RESPUESTA: {'assembly_name': 'Felis_catus_9.0', 'default_coord_system_version': 'Felis_catus_9.0', 'golden_path': 2521863845, 'genebuild_method': 'full_genebuild', 'coord_system_versions': ['Felis_catus_9.0'], 'assembly_date': '2017-11', 'genebuild_last_geneset_update': '2018-06', 'karyotype': ['A1', 'A2', 'A3', 'B1', 'B2', 'B3', 'B4', 'C1', 'C2', 'D1', 'D2', 'D3', 'D4', 'E1', 'E2', 'E3', 'F1', 'F2', 'X', 'MT'], 'assembly_accession': 'GCA_000181335.4', 'top_level_region': [{'length': 13236, 'name': 'AANG04000001.1', 'coord_system': 'scaffold'}, {'name': 'AANG04000002.1', 'length': 5989, 'coord_system': 'scaffold'}, {'coord_system': 'scaffold', 'length': 5988, 'name': 'AANG04000003.1'}, {'coord_system': 'scaffold', 'length': 17645, 'name': 'AANG04000004.1'}, {'coord_system': 'scaffold', 'name': 'AANG04000005.1', 'length': 24984}, {'length': 3988, 'name': 'AANG04000006.1', 'coord_system': 'scaffold'}, {'coord_system': 'scaffold', 'length': 11562, 'name': 'AANG04000007.1'}, {'length': 5988, 'name': 'AANG04000008.1', 'coord_system': 'scaffold'}, {'coord_system': 'scaffold', 'length': 10998, 'name': 'AANG04000009.1'}, {'length': 3988, 'name': 'AANG04000010.1', 'coord_system': 'scaffold'}, {'coord_system': 'scaffold', 'name': 'AANG04000011.1', 'length': 10969}, {'coord_system': 'scaffold', 'name': 'AANG04000012.1', 'length': 7989}, {'coord_system': 'scaffold', 'length': 5194, 'name': 'AANG04000013.1'}, {'name': 'AANG04000014.1', 'length': 4986, 'coord_system': 'scaffold'}, {'coord_system': 'scaffold', 'name': 'AANG04000015.1', 'length': 13991}, {'name': 'AANG04000017.1', 'length': 7227, 'coord_system': 'scaffold'}, {'name': 'AANG04000018.1', 'length': 13629, 'coord_system': 'scaffold'}, {'coord_system': 'scaffold', 'name': 'AANG04000019.1', 'length': 22959}, {'coord_system': 'scaffold', 'name': 'AANG04000020.1', 'length': 6988}, {'length': 4988, 'name': 'AANG04000021.1', 'coord_system': 'scaffold'}, {'name': 'AANG04000022.1', 'length': 94385, 'coord_system': 'scaffold'}, {'coord_system': 'scaffold', 'length': 10663, 'name': 'AANG04000023.1'}, {'coord_system': 'scaffold', 'name': 'AANG04000024.1', 'length': 20937}, {'coord_system': 'scaffold', 'name': 'AANG04000025.1', 'length': 14987}, {'coord_system': 'scaffold', 'name': 'AANG04000026.1', 'length': 7988}, {'length': 11986, 'name': 'AANG04000027.1', 'coord_system': 'scaffold'}, {'coord_system': 'scaffold', 'length': 4328, 'name': 'AANG04000028.1'}, {'coord_system': 'scaffold', 'length': 15178, 'name': 'AANG04000029.1'}, {'coord_system': 'scaffold', 'length': 61658, 'name': 'AANG04000030.1'}, {'length': 5988, 'name': 'AANG04000031.1', 'coord_system': 'scaffold'}, {'coord_system': 'scaffold', 'name': 'AANG04000033.1', 'length': 18263}, {'coord_system': 'scaffold', 'name': 'AANG04000034.1', 'length': 12084}, {'name': 'AANG04000035.1', 'length': 9985, 'coord_system': 'scaffold'}, {'length': 7988, 'name': 'AANG04000036.1', 'coord_system': 'scaffold'}, {'name': 'AANG04000037.1', 'length': 14707, 'coord_system': 'scaffold'}, {'coord_system': 'scaffold', 'length': 6989, 'name': 'AANG04000039.1'}, {'name': 'AANG04000040.1', 'length': 46003, 'coord_system': 'scaffold'}, {'coord_system': 'scaffold', 'length': 4988, 'name': 'AANG04000041.1'}, {'coord_system': 'scaffold', 'length': 15985, 'name': 'AANG04000042.1'}, {'length': 15494, 'name': 'AANG04000043.1', 'coord_system': 'scaffold'}, {'coord_system': 'scaffold', 'name': 'AANG04000044.1', 'length': 6987}, {'coord_system': 'scaffold', 'name': 'AANG04000045.1', 'length': 21245}, {'length': 54299, 'name': 'AANG04000046.1', 'coord_system': 'scaffold'}, {'name': 'AANG04000047.1', 'length': 42641, 'coord_system': 'scaffold'}, {'name': 'AANG04000048.1', 'length': 25974, 'coord_system': 'scaffold'}, {'coord_system': 'scaffold', 'length': 5988, 'name': 'AANG04000049.1'}, {'coord_system': 'scaffold', 'name': 'AANG04000050.1', 'length': 11787}, {'coord_system': 'scaffold', 'length': 58068, 'name': 'AANG04000051.1'}, {'coord_system': 'scaffold', 'length': 3988, 'name': 'AANG04000052.1'}, {'length': 12982, 'name': 'AANG04000053.1', 'coord_system': 'scaffold'}, {'length': 10183, 'name': 'AANG04000054.1', 'coord_system': 'scaffold'}, {'coord_system': 'scaffold', 'name': 'AANG04000055.1', 'length': 3988}, {'coord_system': 'scaffold', 'length': 13985, 'name': 'AANG04000056.1'}, {'coord_system': 'scaffold', 'length': 3988, 'name': 'AANG04000057.1'}, {'coord_system': 'scaffold', 'name': 'AANG04000058.1', 'length': 6989}, {'coord_system': 'scaffold', 'name': 'AANG04000059.1', 'length': 6378}, {'length': 13619, 'name': 'AANG04000060.1', 'coord_system': 'scaffold'}, {'coord_system': 'scaffold', 'length': 4989, 'name': 'AANG04000061.1'}, {'length': 9975, 'name': 'AANG04000062.1', 'coord_system': 'scaffold'}, {'coord_system': 'scaffold', 'name': 'AANG04000063.1', 'length': 9585}, {'length': 8172, 'name': 'AANG04000064.1', 'coord_system': 'scaffold'}, {'coord_system': 'scaffold', 'name': 'AANG04000065.1', 'length': 14986}, {'length': 7759, 'name': 'AANG04000066.1', 'coord_system': 'scaffold'}, {'length': 10986, 'name': 'AANG04000067.1', 'coord_system': 'scaffold'}, {'coord_system': 'scaffold', 'name': 'AANG04000068.1', 'length': 11781}, {'coord_system': 'scaffold', 'name': 'AANG04000069.1', 'length': 9985}, {'name': 'AANG04000070.1', 'length': 4988, 'coord_system': 'scaffold'}, {'name': 'AANG04000071.1', 'length': 8738, 'coord_system': 'scaffold'}, {'coord_system': 'scaffold', 'name': 'AANG04000072.1', 'length': 9988}, {'length': 10988, 'name': 'AANG04000073.1', 'coord_system': 'scaffold'}, {'length': 7981, 'name': 'AANG04000074.1', 'coord_system': 'scaffold'}, {'length': 13760, 'name': 'AANG04000075.1', 'coord_system': 'scaffold'}, {'name': 'AANG04000076.1', 'length': 9988, 'coord_system': 'scaffold'}, {'length': 19961, 'name': 'AANG04000077.1', 'coord_system': 'scaffold'}, {'coord_system': 'scaffold', 'length': 3989, 'name': 'AANG04000078.1'}, {'length': 8397, 'name': 'AANG04000079.1', 'coord_system': 'scaffold'}, {'coord_system': 'scaffold', 'name': 'AANG04000080.1', 'length': 6141}, {'coord_system': 'scaffold', 'length': 5991, 'name': 'AANG04000081.1'}, {'name': 'AANG04000082.1', 'length': 3980, 'coord_system': 'scaffold'}, {'name': 'AANG04000083.1', 'length': 4988, 'coord_system': 'scaffold'}, {'name': 'AANG04000084.1', 'length': 51987, 'coord_system': 'scaffold'}, {'coord_system': 'scaffold', 'name': 'AANG04000085.1', 'length': 10677}, {'coord_system': 'scaffold', 'name': 'AANG04000086.1', 'length': 22368}, {'name': 'AANG04000087.1', 'length': 8986, 'coord_system': 'scaffold'}, {'length': 18693, 'name': 'AANG04000088.1', 'coord_system': 'scaffold'}, {'length': 14989, 'name': 'AANG04000089.1', 'coord_system': 'scaffold'}, {'length': 12196, 'name': 'AANG04000090.1', 'coord_system': 'scaffold'}, {'length': 3990, 'name': 'AANG04000091.1', 'coord_system': 'scaffold'}, {'coord_system': 'scaffold', 'length': 32025, 'name': 'AANG04000092.1'}, {'name': 'AANG04000093.1', 'length': 3987, 'coord_system': 'scaffold'}, {'length': 14984, 'name': 'AANG04000094.1', 'coord_system': 'scaffold'}, {'coord_system': 'scaffold', 'length': 50951, 'name': 'AANG04000095.1'}, {'length': 3987, 'name': 'AANG04000097.1', 'coord_system': 'scaffold'}, {'coord_system': 'scaffold', 'length': 7985, 'name': 'AANG04000098.1'}, {'name': 'AANG04000099.1', 'length': 5199, 'coord_system': 'scaffold'}, {'length': 17364, 'name': 'AANG04000100.1', 'coord_system': 'scaffold'}, {'length': 4988, 'name': 'AANG04000101.1', 'coord_system': 'scaffold'}, {'coord_system': 'scaffold', 'name': 'AANG04000102.1', 'length': 4988}, {'coord_system': 'scaffold', 'name': 'AANG04000103.1', 'length': 6988}, {'coord_system': 'scaffold', 'length': 4199, 'name': 'AANG04000105.1'}, {'coord_system': 'scaffold', 'length': 12982, 'name': 'AANG04000106.1'}, {'name': 'AANG04000107.1', 'length': 24152, 'coord_system': 'scaffold'}, {'name': 'AANG04000108.1', 'length': 4607, 'coord_system': 'scaffold'}, {'coord_system': 'scaffold', 'length': 10683, 'name': 'AANG04000109.1'}, {'coord_system': 'scaffold', 'name': 'AANG04000110.1', 'length': 5960}, {'length': 8980, 'name': 'AANG04000111.1', 'coord_system': 'scaffold'}, {'coord_system': 'scaffold', 'length': 4394, 'name': 'AANG04000112.1'}, {'coord_system': 'scaffold', 'length': 47877, 'name': 'AANG04000113.1'}, {'coord_system': 'scaffold', 'length': 13904, 'name': 'AANG04000114.1'}, {'name': 'AANG04000115.1', 'length': 11181, 'coord_system': 'scaffold'}, {'length': 5988, 'name': 'AANG04000116.1', 'coord_system': 'scaffold'}, {'coord_system': 'scaffold', 'length': 10984, 'name': 'AANG04000117.1'}, {'coord_system': 'scaffold', 'name': 'AANG04000118.1', 'length': 13851}, {'coord_system': 'scaffold', 'length': 33383, 'name': 'AANG04000119.1'}, {'coord_system': 'scaffold', 'length': 16986, 'name': 'AANG04000120.1'}, {'name': 'AANG04000121.1', 'length': 20262, 'coord_system': 'scaffold'}, {'length': 5749, 'name': 'AANG04000122.1', 'coord_system': 'scaffold'}, {'coord_system': 'scaffold', 'length': 12445, 'name': 'AANG04000123.1'}, {'length': 8988, 'name': 'AANG04000124.1', 'coord_system': 'scaffold'}, {'length': 11781, 'name': 'AANG04000125.1', 'coord_system': 'scaffold'}, {'coord_system': 'scaffold', 'name': 'AANG04000126.1', 'length': 9987}, {'length': 12715, 'name': 'AANG04000127.1', 'coord_system': 'scaffold'}, {'coord_system': 'scaffold', 'length': 26957, 'name': 'AANG04000128.1'}, {'coord_system': 'scaffold', 'name': 'AANG04000129.1', 'length': 5985}, {'coord_system': 'scaffold', 'length': 12987, 'name': 'AANG04000130.1'}, {'length': 3807, 'name': 'AANG04000131.1', 'coord_system': 'scaffold'}, {'length': 24749, 'name': 'AANG04000132.1', 'coord_system': 'scaffold'}, {'name': 'AANG04000133.1', 'length': 19987, 'coord_system': 'scaffold'}, {'length': 7988, 'name': 'AANG04000134.1', 'coord_system': 'scaffold'}, {'name': 'AANG04000135.1', 'length': 53007, 'coord_system': 'scaffold'}, {'length': 6988, 'name': 'AANG04000136.1', 'coord_system': 'scaffold'}, {'name': 'AANG04000137.1', 'length': 11929, 'coord_system': 'scaffold'}, {'coord_system': 'scaffold', 'length': 46035, 'name': 'AANG04000138.1'}, {'coord_system': 'scaffold', 'length': 17988, 'name': 'AANG04000139.1'}, {'length': 48281, 'name': 'AANG04000140.1', 'coord_system': 'scaffold'}, {'coord_system': 'scaffold', 'length': 12221, 'name': 'AANG04000141.1'}, {'name': 'AANG04000142.1', 'length': 14256, 'coord_system': 'scaffold'}, {'name': 'AANG04000143.1', 'length': 44578, 'coord_system': 'scaffold'}, {'coord_system': 'scaffold', 'name': 'AANG04000145.1', 'length': 4987}, {'length': 4986, 'name': 'AANG04000146.1', 'coord_system': 'scaffold'}, {'coord_system': 'scaffold', 'length': 9986, 'name': 'AANG04000147.1'}, {'coord_system': 'scaffold', 'length': 4204, 'name': 'AANG04000149.1'}, {'coord_system': 'scaffold', 'length': 4223, 'name': 'AANG04000150.1'}, {'coord_system': 'scaffold', 'length': 13988, 'name': 'AANG04000151.1'}, {'name': 'AANG04000152.1', 'length': 7988, 'coord_system': 'scaffold'}, {'name': 'AANG04000153.1', 'length': 5847, 'coord_system': 'scaffold'}, {'name': 'AANG04000154.1', 'length': 13984, 'coord_system': 'scaffold'}, {'coord_system': 'scaffold', 'length': 49086, 'name': 'AANG04000155.1'}, {'coord_system': 'scaffold', 'length': 3988, 'name': 'AANG04000156.1'}, {'length': 6894, 'name': 'AANG04000157.1', 'coord_system': 'scaffold'}, {'coord_system': 'scaffold', 'length': 8890, 'name': 'AANG04000158.1'}, {'name': 'AANG04000159.1', 'length': 4070, 'coord_system': 'scaffold'}, {'coord_system': 'scaffold', 'name': 'AANG04000160.1', 'length': 6988}, {'coord_system': 'scaffold', 'name': 'AANG04000161.1', 'length': 5987}, {'coord_system': 'scaffold', 'length': 12989, 'name': 'AANG04000162.1'}, {'name': 'AANG04000163.1', 'length': 11993, 'coord_system': 'scaffold'}, {'coord_system': 'scaffold', 'name': 'AANG04000164.1', 'length': 4988}, {'coord_system': 'scaffold', 'length': 12989, 'name': 'AANG04000165.1'}, {'name': 'AANG04000166.1', 'length': 10988, 'coord_system': 'scaffold'}, {'coord_system': 'scaffold', 'length': 11227, 'name': 'AANG04000167.1'}, {'coord_system': 'scaffold', 'name': 'AANG04000168.1', 'length': 9305}, {'length': 5988, 'name': 'AANG04000170.1', 'coord_system': 'scaffold'}, {'length': 2988, 'name': 'AANG04000171.1', 'coord_system': 'scaffold'}, {'coord_system': 'scaffold', 'name': 'AANG04000172.1', 'length': 2990}, {'name': 'AANG04000173.1', 'length': 3988, 'coord_system': 'scaffold'}, {'name': 'AANG04000174.1', 'length': 11440, 'coord_system': 'scaffold'}, {'coord_system': 'scaffold', 'length': 25257, 'name': 'AANG04000175.1'}, {'coord_system': 'scaffold', 'name': 'AANG04000176.1', 'length': 50000}, {'name': 'AANG04000178.1', 'length': 6942, 'coord_system': 'scaffold'}, {'length': 12313, 'name': 'AANG04000179.1', 'coord_system': 'scaffold'}, {'length': 7938, 'name': 'AANG04000180.1', 'coord_system': 'scaffold'}, {'name': 'AANG04000181.1', 'length': 15735, 'coord_system': 'scaffold'}, {'name': 'AANG04000182.1', 'length': 5988, 'coord_system': 'scaffold'}, {'coord_system': 'scaffold', 'name': 'AANG04000183.1', 'length': 89224}, {'coord_system': 'scaffold', 'length': 9986, 'name': 'AANG04000184.1'}, {'coord_system': 'scaffold', 'name': 'AANG04000185.1', 'length': 14986}, {'coord_system': 'scaffold', 'length': 9682, 'name': 'AANG04000186.1'}, {'coord_system': 'scaffold', 'name': 'AANG04000187.1', 'length': 32502}, {'coord_system': 'scaffold', 'length': 13011, 'name': 'AANG04000188.1'}, {'name': 'AANG04000190.1', 'length': 12042, 'coord_system': 'scaffold'}, {'coord_system': 'scaffold', 'name': 'AANG04000191.1', 'length': 4982}, {'coord_system': 'scaffold', 'length': 17307, 'name': 'AANG04000192.1'}, {'name': 'AANG04000193.1', 'length': 15989, 'coord_system': 'scaffold'}, {'coord_system': 'scaffold', 'length': 12988, 'name': 'AANG04000194.1'}, {'coord_system': 'scaffold', 'length': 50059, 'name': 'AANG04000195.1'}, {'coord_system': 'scaffold', 'name': 'AANG04000196.1', 'length': 5988}, {'name': 'AANG04000197.1', 'length': 14988, 'coord_system': 'scaffold'}, {'length': 46027, 'name': 'AANG04000198.1', 'coord_system': 'scaffold'}, {'name': 'AANG04000199.1', 'length': 20934, 'coord_system': 'scaffold'}, {'name': 'AANG04000200.1', 'length': 16256, 'coord_system': 'scaffold'}, {'coord_system': 'scaffold', 'name': 'AANG04000201.1', 'length': 13627}, {'coord_system': 'scaffold', 'length': 5988, 'name': 'AANG04000202.1'}, {'name': 'AANG04000203.1', 'length': 65144, 'coord_system': 'scaffold'}, {'name': 'AANG04000204.1', 'length': 12830, 'coord_system': 'scaffold'}, {'coord_system': 'scaffold', 'name': 'AANG04000205.1', 'length': 32180}, {'coord_system': 'scaffold', 'name': 'AANG04000206.1', 'length': 4987}, {'coord_system': 'scaffold', 'length': 14604, 'name': 'AANG04000208.1'}, {'name': 'AANG04000209.1', 'length': 16989, 'coord_system': 'scaffold'}, {'name': 'AANG04000210.1', 'length': 5980, 'coord_system': 'scaffold'}, {'coord_system': 'scaffold', 'length': 5988, 'name': 'AANG04000211.1'}, {'length': 61603, 'name': 'AANG04000212.1', 'coord_system': 'scaffold'}, {'coord_system': 'scaffold', 'name': 'AANG04000213.1', 'length': 63009}, {'name': 'AANG04000214.1', 'length': 9207, 'coord_system': 'scaffold'}, {'length': 5924, 'name': 'AANG04000215.1', 'coord_system': 'scaffold'}, {'length': 9214, 'name': 'AANG04000216.1', 'coord_system': 'scaffold'}, {'length': 37508, 'name': 'AANG04000217.1', 'coord_system': 'scaffold'}, {'coord_system': 'scaffold', 'length': 23322, 'name': 'AANG04000218.1'}, {'coord_system': 'scaffold', 'name': 'AANG04000219.1', 'length': 7671}, {'coord_system': 'scaffold', 'length': 6813, 'name': 'AANG04000220.1'}, {'name': 'AANG04000221.1', 'length': 64451, 'coord_system': 'scaffold'}, {'coord_system': 'scaffold', 'name': 'AANG04000222.1', 'length': 7991}, {'name': 'AANG04000223.1', 'length': 4988, 'coord_system': 'scaffold'}, {'coord_system': 'scaffold', 'name': 'AANG04000224.1', 'length': 18088}, {'coord_system': 'scaffold', 'length': 5987, 'name': 'AANG04000225.1'}, {'coord_system': 'scaffold', 'length': 6988, 'name': 'AANG04000227.1'}, {'coord_system': 'scaffold', 'length': 4987, 'name': 'AANG04000228.1'}, {'name': 'AANG04000229.1', 'length': 6985, 'coord_system': 'scaffold'}, {'length': 3988, 'name': 'AANG04000230.1', 'coord_system': 'scaffold'}, {'name': 'AANG04000232.1', 'length': 44543, 'coord_system': 'scaffold'}, {'coord_system': 'scaffold', 'length': 38044, 'name': 'AANG04000233.1'}, {'coord_system': 'scaffold', 'name': 'AANG04000234.1', 'length': 30960}, {'coord_system': 'scaffold', 'length': 2988, 'name': 'AANG04000235.1'}, {'name': 'AANG04000236.1', 'length': 5988, 'coord_system': 'scaffold'}, {'name': 'AANG04000237.1', 'length': 10985, 'coord_system': 'scaffold'}, {'coord_system': 'scaffold', 'name': 'AANG04000238.1', 'length': 2987}, {'coord_system': 'scaffold', 'name': 'AANG04000239.1', 'length': 9988}, {'coord_system': 'scaffold', 'length': 11095, 'name': 'AANG04000240.1'}, {'coord_system': 'scaffold', 'length': 18987, 'name': 'AANG04000241.1'}, {'name': 'AANG04000242.1', 'length': 61920, 'coord_system': 'scaffold'}, {'coord_system': 'scaffold', 'name': 'AANG04000243.1', 'length': 7988}, {'coord_system': 'scaffold', 'name': 'AANG04000244.1', 'length': 10974}, {'coord_system': 'scaffold', 'length': 5989, 'name': 'AANG04000245.1'}, {'length': 10156, 'name': 'AANG04000246.1', 'coord_system': 'scaffold'}, {'length': 15793, 'name': 'AANG04000247.1', 'coord_system': 'scaffold'}, {'coord_system': 'scaffold', 'length': 10988, 'name': 'AANG04000248.1'}, {'coord_system': 'scaffold', 'length': 6988, 'name': 'AANG04000249.1'}, {'coord_system': 'scaffold', 'length': 51335, 'name': 'AANG04000250.1'}, {'coord_system': 'scaffold', 'name': 'AANG04000251.1', 'length': 10987}, {'coord_system': 'scaffold', 'length': 11996, 'name': 'AANG04000252.1'}, {'length': 49816, 'name': 'AANG04000253.1', 'coord_system': 'scaffold'}, {'length': 11977, 'name': 'AANG04000254.1', 'coord_system': 'scaffold'}, {'coord_system': 'scaffold', 'name': 'AANG04000255.1', 'length': 4995}, {'name': 'AANG04000256.1', 'length': 15988, 'coord_system': 'scaffold'}, {'coord_system': 'scaffold', 'name': 'AANG04000257.1', 'length': 7988}, {'length': 4954, 'name': 'AANG04000258.1', 'coord_system': 'scaffold'}, {'name': 'AANG04000259.1', 'length': 51528, 'coord_system': 'scaffold'}, {'coord_system': 'scaffold', 'name': 'AANG04000260.1', 'length': 8144}, {'name': 'AANG04000261.1', 'length': 18784, 'coord_system': 'scaffold'}, {'length': 10988, 'name': 'AANG04000262.1', 'coord_system': 'scaffold'}, {'name': 'AANG04000263.1', 'length': 7148, 'coord_system': 'scaffold'}, {'length': 9930, 'name': 'AANG04000265.1', 'coord_system': 'scaffold'}, {'length': 11987, 'name': 'AANG04000266.1', 'coord_system': 'scaffold'}, {'length': 7979, 'name': 'AANG04000267.1', 'coord_system': 'scaffold'}, {'coord_system': 'scaffold', 'name': 'AANG04000268.1', 'length': 9987}, {'coord_system': 'scaffold', 'length': 9987, 'name': 'AANG04000269.1'}, {'coord_system': 'scaffold', 'name': 'AANG04000270.1', 'length': 5988}, {'coord_system': 'scaffold', 'length': 13988, 'name': 'AANG04000271.1'}, {'coord_system': 'scaffold', 'length': 6988, 'name': 'AANG04000272.1'}, {'length': 16082, 'name': 'AANG04000274.1', 'coord_system': 'scaffold'}, {'coord_system': 'scaffold', 'length': 35361, 'name': 'AANG04000275.1'}, {'coord_system': 'scaffold', 'name': 'AANG04000276.1', 'length': 8268}, {'coord_system': 'scaffold', 'name': 'AANG04000278.1', 'length': 7989}, {'coord_system': 'scaffold', 'length': 14419, 'name': 'AANG04000279.1'}, {'coord_system': 'scaffold', 'name': 'AANG04000280.1', 'length': 10019}, {'coord_system': 'scaffold', 'name': 'AANG04000281.1', 'length': 2835}, {'coord_system': 'scaffold', 'length': 11983, 'name': 'AANG04000282.1'}, {'name': 'AANG04000283.1', 'length': 2988, 'coord_system': 'scaffold'}, {'coord_system': 'scaffold', 'length': 8989, 'name': 'AANG04000284.1'}, {'coord_system': 'scaffold', 'name': 'AANG04000285.1', 'length': 8988}, {'coord_system': 'scaffold', 'name': 'AANG04000286.1', 'length': 15623}, {'coord_system': 'scaffold', 'length': 15988, 'name': 'AANG04000287.1'}, {'name': 'AANG04000288.1', 'length': 93587, 'coord_system': 'scaffold'}, {'name': 'AANG04000289.1', 'length': 8054, 'coord_system': 'scaffold'}, {'coord_system': 'scaffold', 'name': 'AANG04000290.1', 'length': 19052}, {'length': 23518, 'name': 'AANG04000291.1', 'coord_system': 'scaffold'}, {'length': 8989, 'name': 'AANG04000292.1', 'coord_system': 'scaffold'}, {'name': 'AANG04000293.1', 'length': 48005, 'coord_system': 'scaffold'}, {'coord_system': 'scaffold', 'name': 'AANG04000294.1', 'length': 13885}, {'length': 29115, 'name': 'AANG04000295.1', 'coord_system': 'scaffold'}, {'length': 9227, 'name': 'AANG04000296.1', 'coord_system': 'scaffold'}, {'length': 9994, 'name': 'AANG04000297.1', 'coord_system': 'scaffold'}, {'coord_system': 'scaffold', 'length': 5988, 'name': 'AANG04000298.1'}, {'name': 'AANG04000299.1', 'length': 8988, 'coord_system': 'scaffold'}, {'coord_system': 'scaffold', 'length': 13985, 'name': 'AANG04000300.1'}, {'length': 5988, 'name': 'AANG04000301.1', 'coord_system': 'scaffold'}, {'name': 'AANG04000303.1', 'length': 9188, 'coord_system': 'scaffold'}, {'name': 'AANG04000304.1', 'length': 5789, 'coord_system': 'scaffold'}, {'coord_system': 'scaffold', 'name': 'AANG04000305.1', 'length': 12765}, {'name': 'AANG04000306.1', 'length': 12630, 'coord_system': 'scaffold'}, {'coord_system': 'scaffold', 'length': 18988, 'name': 'AANG04000307.1'}, {'coord_system': 'scaffold', 'length': 6347, 'name': 'AANG04000308.1'}, {'coord_system': 'scaffold', 'name': 'AANG04000309.1', 'length': 15026}, {'coord_system': 'scaffold', 'name': 'AANG04000310.1', 'length': 7988}, {'coord_system': 'scaffold', 'length': 10990, 'name': 'AANG04000311.1'}, {'coord_system': 'scaffold', 'name': 'AANG04000312.1', 'length': 3988}, {'coord_system': 'scaffold', 'length': 2988, 'name': 'AANG04000314.1'}, {'coord_system': 'scaffold', 'length': 26684, 'name': 'AANG04000316.1'}, {'length': 6080, 'name': 'AANG04000317.1', 'coord_system': 'scaffold'}, {'name': 'AANG04000318.1', 'length': 4856, 'coord_system': 'scaffold'}, {'length': 40727, 'name': 'AANG04000319.1', 'coord_system': 'scaffold'}, {'coord_system': 'scaffold', 'name': 'AANG04000320.1', 'length': 11182}, {'name': 'AANG04000321.1', 'length': 9989, 'coord_system': 'scaffold'}, {'length': 11959, 'name': 'AANG04000322.1', 'coord_system': 'scaffold'}, {'coord_system': 'scaffold', 'length': 29299, 'name': 'AANG04000323.1'}, {'length': 11978, 'name': 'AANG04000324.1', 'coord_system': 'scaffold'}, {'coord_system': 'scaffold', 'name': 'AANG04000325.1', 'length': 12962}, {'coord_system': 'scaffold', 'length': 11988, 'name': 'AANG04000326.1'}, {'coord_system': 'scaffold', 'name': 'AANG04000327.1', 'length': 10987}, {'coord_system': 'scaffold', 'name': 'AANG04000328.1', 'length': 54562}, {'coord_system': 'scaffold', 'length': 11758, 'name': 'AANG04000329.1'}, {'coord_system': 'scaffold', 'name': 'AANG04000330.1', 'length': 43905}, {'name': 'AANG04000331.1', 'length': 25987, 'coord_system': 'scaffold'}, {'coord_system': 'scaffold', 'length': 4985, 'name': 'AANG04000332.1'}, {'name': 'AANG04000333.1', 'length': 8199, 'coord_system': 'scaffold'}, {'length': 7329, 'name': 'AANG04000334.1', 'coord_system': 'scaffold'}, {'name': 'AANG04000335.1', 'length': 12107, 'coord_system': 'scaffold'}, {'coord_system': 'scaffold', 'name': 'AANG04000336.1', 'length': 18656}, {'length': 12864, 'name': 'AANG04000337.1', 'coord_system': 'scaffold'}, {'coord_system': 'scaffold', 'name': 'AANG04000338.1', 'length': 7989}, {'length': 8988, 'name': 'AANG04000339.1', 'coord_system': 'scaffold'}, {'length': 9616, 'name': 'AANG04000340.1', 'coord_system': 'scaffold'}, {'coord_system': 'scaffold', 'name': 'AANG04000341.1', 'length': 12000}, {'name': 'AANG04000342.1', 'length': 10987, 'coord_system': 'scaffold'}, {'length': 4966, 'name': 'AANG04000343.1', 'coord_system': 'scaffold'}, {'coord_system': 'scaffold', 'name': 'AANG04000344.1', 'length': 3988}, {'coord_system': 'scaffold', 'name': 'AANG04000345.1', 'length': 9162}, {'length': 5147, 'name': 'AANG04000346.1', 'coord_system': 'scaffold'}, {'coord_system': 'scaffold', 'length': 45191, 'name': 'AANG04000347.1'}, {'length': 7988, 'name': 'AANG04000348.1', 'coord_system': 'scaffold'}, {'length': 7991, 'name': 'AANG04000349.1', 'coord_system': 'scaffold'}, {'length': 8375, 'name': 'AANG04000350.1', 'coord_system': 'scaffold'}, {'coord_system': 'scaffold', 'name': 'AANG04000351.1', 'length': 5988}, {'name': 'AANG04000352.1', 'length': 4987, 'coord_system': 'scaffold'}, {'name': 'AANG04000353.1', 'length': 3991, 'coord_system': 'scaffold'}, {'length': 7988, 'name': 'AANG04000354.1', 'coord_system': 'scaffold'}, {'length': 7614, 'name': 'AANG04000355.1', 'coord_system': 'scaffold'}, {'coord_system': 'scaffold', 'name': 'AANG04000356.1', 'length': 34965}, {'coord_system': 'scaffold', 'name': 'AANG04000357.1', 'length': 14988}, {'coord_system': 'scaffold', 'length': 13183, 'name': 'AANG04000358.1'}, {'coord_system': 'scaffold', 'length': 4192, 'name': 'AANG04000359.1'}, {'coord_system': 'scaffold', 'length': 14993, 'name': 'AANG04000360.1'}, {'name': 'AANG04000361.1', 'length': 3988, 'coord_system': 'scaffold'}, {'coord_system': 'scaffold', 'length': 11987, 'name': 'AANG04000362.1'}, {'name': 'AANG04000363.1', 'length': 3988, 'coord_system': 'scaffold'}, {'length': 8988, 'name': 'AANG04000364.1', 'coord_system': 'scaffold'}, {'coord_system': 'scaffold', 'name': 'AANG04000365.1', 'length': 17001}, {'name': 'AANG04000366.1', 'length': 4988, 'coord_system': 'scaffold'}, {'length': 7145, 'name': 'AANG04000367.1', 'coord_system': 'scaffold'}, {'name': 'AANG04000368.1', 'length': 6121, 'coord_system': 'scaffold'}, {'coord_system': 'scaffold', 'name': 'AANG04000370.1', 'length': 11990}, {'name': 'AANG04000371.1', 'length': 5168, 'coord_system': 'scaffold'}, {'length': 56502, 'name': 'AANG04000372.1', 'coord_system': 'scaffold'}, {'name': 'AANG04000373.1', 'length': 5988, 'coord_system': 'scaffold'}, {'length': 13058, 'name': 'AANG04000374.1', 'coord_system': 'scaffold'}, {'coord_system': 'scaffold', 'name': 'AANG04000375.1', 'length': 7985}, {'name': 'AANG04000376.1', 'length': 5986, 'coord_system': 'scaffold'}, {'coord_system': 'scaffold', 'name': 'AANG04000377.1', 'length': 12568}, {'name': 'AANG04000378.1', 'length': 8963, 'coord_system': 'scaffold'}, {'length': 12951, 'name': 'AANG04000379.1', 'coord_system': 'scaffold'}, {'coord_system': 'scaffold', 'name': 'AANG04000380.1', 'length': 5988}, {'length': 7988, 'name': 'AANG04000381.1', 'coord_system': 'scaffold'}, {'name': 'AANG04000382.1', 'length': 4196, 'coord_system': 'scaffold'}, {'coord_system': 'scaffold', 'length': 13094, 'name': 'AANG04000383.1'}, {'name': 'AANG04000384.1', 'length': 14004, 'coord_system': 'scaffold'}, {'name': 'AANG04000385.1', 'length': 53285, 'coord_system': 'scaffold'}, {'coord_system': 'scaffold', 'name': 'AANG04000386.1', 'length': 4967}, {'name': 'AANG04000387.1', 'length': 8982, 'coord_system': 'scaffold'}, {'coord_system': 'scaffold', 'length': 6104, 'name': 'AANG04000388.1'}, {'coord_system': 'scaffold', 'length': 14701, 'name': 'AANG04000389.1'}, {'name': 'AANG04000390.1', 'length': 27119, 'coord_system': 'scaffold'}, {'name': 'AANG04000392.1', 'length': 5987, 'coord_system': 'scaffold'}, {'name': 'AANG04000393.1', 'length': 13842, 'coord_system': 'scaffold'}, {'coord_system': 'scaffold', 'name': 'AANG04000394.1', 'length': 2988}, {'coord_system': 'scaffold', 'name': 'AANG04000395.1', 'length': 6988}, {'coord_system': 'scaffold', 'name': 'AANG04000396.1', 'length': 5984}, {'length': 14095, 'name': 'AANG04000397.1', 'coord_system': 'scaffold'}, {'coord_system': 'scaffold', 'name': 'AANG04000398.1', 'length': 9988}, {'coord_system': 'scaffold', 'length': 7989, 'name': 'AANG04000399.1'}, {'coord_system': 'scaffold', 'length': 4988, 'name': 'AANG04000400.1'}, {'coord_system': 'scaffold', 'name': 'AANG04000401.1', 'length': 9959}, {'length': 15989, 'name': 'AANG04000402.1', 'coord_system': 'scaffold'}, {'name': 'AANG04000403.1', 'length': 15530, 'coord_system': 'scaffold'}, {'coord_system': 'scaffold', 'name': 'AANG04000404.1', 'length': 5988}, {'coord_system': 'scaffold', 'length': 3988, 'name': 'AANG04000405.1'}, {'length': 8214, 'name': 'AANG04000406.1', 'coord_system': 'scaffold'}, {'name': 'AANG04000407.1', 'length': 9985, 'coord_system': 'scaffold'}, {'name': 'AANG04000408.1', 'length': 37620, 'coord_system': 'scaffold'}, {'coord_system': 'scaffold', 'length': 10461, 'name': 'AANG04000409.1'}, {'coord_system': 'scaffold', 'length': 44013, 'name': 'AANG04000410.1'}, {'name': 'AANG04000411.1', 'length': 10987, 'coord_system': 'scaffold'}, {'coord_system': 'scaffold', 'length': 8746, 'name': 'AANG04000412.1'}, {'name': 'AANG04000413.1', 'length': 83606, 'coord_system': 'scaffold'}, {'coord_system': 'scaffold', 'length': 48152, 'name': 'AANG04000414.1'}, {'length': 11173, 'name': 'AANG04000415.1', 'coord_system': 'scaffold'}, {'name': 'AANG04000416.1', 'length': 26981, 'coord_system': 'scaffold'}, {'coord_system': 'scaffold', 'length': 46078, 'name': 'AANG04000417.1'}, {'name': 'AANG04000418.1', 'length': 13593, 'coord_system': 'scaffold'}, {'name': 'AANG04000419.1', 'length': 3987, 'coord_system': 'scaffold'}, {'coord_system': 'scaffold', 'length': 6047, 'name': 'AANG04000420.1'}, {'length': 9982, 'name': 'AANG04000421.1', 'coord_system': 'scaffold'}, {'name': 'AANG04000422.1', 'length': 9989, 'coord_system': 'scaffold'}, {'coord_system': 'scaffold', 'length': 48838, 'name': 'AANG04000423.1'}, {'length': 14097, 'name': 'AANG04000424.1', 'coord_system': 'scaffold'}, {'name': 'AANG04000425.1', 'length': 13001, 'coord_system': 'scaffold'}, {'length': 2988, 'name': 'AANG04000426.1', 'coord_system': 'scaffold'}, {'name': 'AANG04000427.1', 'length': 13050, 'coord_system': 'scaffold'}, {'name': 'AANG04000428.1', 'length': 8100, 'coord_system': 'scaffold'}, {'name': 'AANG04000429.1', 'length': 4988, 'coord_system': 'scaffold'}, {'coord_system': 'scaffold', 'length': 17659, 'name': 'AANG04000430.1'}, {'name': 'AANG04000431.1', 'length': 23679, 'coord_system': 'scaffold'}, {'name': 'AANG04000432.1', 'length': 11731, 'coord_system': 'scaffold'}, {'name': 'AANG04000433.1', 'length': 5988, 'coord_system': 'scaffold'}, {'coord_system': 'scaffold', 'name': 'AANG04000435.1', 'length': 10984}, {'name': 'AANG04000436.1', 'length': 13471, 'coord_system': 'scaffold'}, {'coord_system': 'scaffold', 'length': 8925, 'name': 'AANG04000437.1'}, {'name': 'AANG04000438.1', 'length': 4988, 'coord_system': 'scaffold'}, {'coord_system': 'scaffold', 'name': 'AANG04000439.1', 'length': 5988}, {'coord_system': 'scaffold', 'name': 'AANG04000440.1', 'length': 6988}, {'coord_system': 'scaffold', 'name': 'AANG04000442.1', 'length': 7153}, {'length': 8123, 'name': 'AANG04000443.1', 'coord_system': 'scaffold'}, {'coord_system': 'scaffold', 'length': 11986, 'name': 'AANG04000444.1'}, {'name': 'AANG04000445.1', 'length': 14983, 'coord_system': 'scaffold'}, {'length': 17196, 'name': 'AANG04000446.1', 'coord_system': 'scaffold'}, {'coord_system': 'scaffold', 'length': 3988, 'name': 'AANG04000447.1'}, {'coord_system': 'scaffold', 'length': 12988, 'name': 'AANG04000448.1'}, {'coord_system': 'scaffold', 'name': 'AANG04000449.1', 'length': 7989}, {'coord_system': 'scaffold', 'length': 6685, 'name': 'AANG04000450.1'}, {'length': 14970, 'name': 'AANG04000451.1', 'coord_system': 'scaffold'}, {'coord_system': 'scaffold', 'length': 12988, 'name': 'AANG04000452.1'}, {'name': 'AANG04000453.1', 'length': 11983, 'coord_system': 'scaffold'}, {'coord_system': 'scaffold', 'length': 9989, 'name': 'AANG04000454.1'}, {'coord_system': 'scaffold', 'length': 22985, 'name': 'AANG04000455.1'}, {'coord_system': 'scaffold', 'length': 3735, 'name': 'AANG04000456.1'}, {'coord_system': 'scaffold', 'length': 2987, 'name': 'AANG04000457.1'}, {'coord_system': 'scaffold', 'length': 8988, 'name': 'AANG04000458.1'}, {'length': 14017, 'name': 'AANG04000459.1', 'coord_system': 'scaffold'}, {'length': 18270, 'name': 'AANG04000460.1', 'coord_system': 'scaffold'}, {'coord_system': 'scaffold', 'length': 8987, 'name': 'AANG04000461.1'}, {'name': 'AANG04000462.1', 'length': 4988, 'coord_system': 'scaffold'}, {'name': 'AANG04000463.1', 'length': 12227, 'coord_system': 'scaffold'}, {'coord_system': 'scaffold', 'length': 4249, 'name': 'AANG04000464.1'}, {'coord_system': 'scaffold', 'name': 'AANG04000465.1', 'length': 16986}, {'coord_system': 'scaffold', 'name': 'AANG04000466.1', 'length': 8062}, {'coord_system': 'scaffold', 'name': 'AANG04000467.1', 'length': 12177}, {'coord_system': 'scaffold', 'name': 'AANG04000468.1', 'length': 12351}, {'length': 67798, 'name': 'AANG04000469.1', 'coord_system': 'scaffold'}, {'coord_system': 'scaffold', 'name': 'AANG04000470.1', 'length': 8987}, {'coord_system': 'scaffold', 'name': 'AANG04000472.1', 'length': 45849}, {'coord_system': 'scaffold', 'name': 'AANG04000473.1', 'length': 12987}, {'name': 'AANG04000474.1', 'length': 7988, 'coord_system': 'scaffold'}, {'coord_system': 'scaffold', 'name': 'AANG04000475.1', 'length': 9985}, {'length': 39016, 'name': 'AANG04000476.1', 'coord_system': 'scaffold'}, {'coord_system': 'scaffold', 'length': 8014, 'name': 'AANG04000477.1'}, {'name': 'AANG04000478.1', 'length': 10176, 'coord_system': 'scaffold'}, {'name': 'AANG04000479.1', 'length': 9992, 'coord_system': 'scaffold'}, {'length': 9963, 'name': 'AANG04000481.1', 'coord_system': 'scaffold'}, {'coord_system': 'scaffold', 'name': 'AANG04000482.1', 'length': 44950}, {'length': 12982, 'name': 'AANG04000483.1', 'coord_system': 'scaffold'}, {'name': 'AANG04000484.1', 'length': 8984, 'coord_system': 'scaffold'}, {'coord_system': 'scaffold', 'name': 'AANG04000485.1', 'length': 3988}, {'coord_system': 'scaffold', 'name': 'AANG04000486.1', 'length': 9026}, {'coord_system': 'scaffold', 'length': 30988, 'name': 'AANG04000487.1'}, {'length': 4341, 'name': 'AANG04000488.1', 'coord_system': 'scaffold'}, {'coord_system': 'scaffold', 'name': 'AANG04000489.1', 'length': 13260}, {'coord_system': 'scaffold', 'name': 'AANG04000490.1', 'length': 18635}, {'coord_system': 'scaffold', 'name': 'AANG04000491.1', 'length': 9987}, {'length': 11993, 'name': 'AANG04000492.1', 'coord_system': 'scaffold'}, {'length': 4157, 'name': 'AANG04000494.1', 'coord_system': 'scaffold'}, {'coord_system': 'scaffold', 'name': 'AANG04000495.1', 'length': 4988}, {'name': 'AANG04000496.1', 'length': 20328, 'coord_system': 'scaffold'}, {'name': 'AANG04000497.1', 'length': 3988, 'coord_system': 'scaffold'}, {'coord_system': 'scaffold', 'name': 'AANG04000498.1', 'length': 6990}, {'length': 3988, 'name': 'AANG04000499.1', 'coord_system': 'scaffold'}, {'length': 15579, 'name': 'AANG04000500.1', 'coord_system': 'scaffold'}, {'coord_system': 'scaffold', 'length': 6968, 'name': 'AANG04000502.1'}, {'coord_system': 'scaffold', 'length': 10988, 'name': 'AANG04000503.1'}, {'length': 3988, 'name': 'AANG04000504.1', 'coord_system': 'scaffold'}, {'coord_system': 'scaffold', 'length': 46143, 'name': 'AANG04000505.1'}, {'name': 'AANG04000506.1', 'length': 10611, 'coord_system': 'scaffold'}, {'name': 'AANG04000507.1', 'length': 20893, 'coord_system': 'scaffold'}, {'coord_system': 'scaffold', 'length': 4987, 'name': 'AANG04000508.1'}, {'coord_system': 'scaffold', 'name': 'AANG04000509.1', 'length': 5988}, {'coord_system': 'scaffold', 'length': 10127, 'name': 'AANG04000510.1'}, {'name': 'AANG04000512.1', 'length': 14917, 'coord_system': 'scaffold'}, {'length': 9988, 'name': 'AANG04000513.1', 'coord_system': 'scaffold'}, {'coord_system': 'scaffold', 'length': 9988, 'name': 'AANG04000514.1'}, {'coord_system': 'scaffold', 'length': 12030, 'name': 'AANG04000515.1'}, {'length': 7987, 'name': 'AANG04000516.1', 'coord_system': 'scaffold'}, {'name': 'AANG04000517.1', 'length': 5991, 'coord_system': 'scaffold'}, {'coord_system': 'scaffold', 'name': 'AANG04000518.1', 'length': 5986}, {'name': 'AANG04000519.1', 'length': 47995, 'coord_system': 'scaffold'}, {'coord_system': 'scaffold', 'name': 'AANG04000520.1', 'length': 10192}, {'length': 19986, 'name': 'AANG04000521.1', 'coord_system': 'scaffold'}, {'coord_system': 'scaffold', 'name': 'AANG04000522.1', 'length': 8988}, {'coord_system': 'scaffold', 'length': 9948, 'name': 'AANG04000523.1'}, {'coord_system': 'scaffold', 'length': 12005, 'name': 'AANG04000524.1'}, {'length': 69313, 'name': 'AANG04000525.1', 'coord_system': 'scaffold'}, {'length': 11986, 'name': 'AANG04000526.1', 'coord_system': 'scaffold'}, {'coord_system': 'scaffold', 'name': 'AANG04000527.1', 'length': 26913}, {'name': 'AANG04000528.1', 'length': 16972, 'coord_system': 'scaffold'}, {'coord_system': 'scaffold', 'name': 'AANG04000529.1', 'length': 4695}, {'coord_system': 'scaffold', 'name': 'AANG04000530.1', 'length': 7208}, {'coord_system': 'scaffold', 'length': 5133, 'name': 'AANG04000531.1'}, {'coord_system': 'scaffold', 'name': 'AANG04000532.1', 'length': 6811}, {'coord_system': 'scaffold', 'name': 'AANG04000533.1', 'length': 4988}, {'name': 'AANG04000534.1', 'length': 4090, 'coord_system': 'scaffold'}, {'coord_system': 'scaffold', 'name': 'AANG04000535.1', 'length': 4350}, {'name': 'AANG04000536.1', 'length': 4988, 'coord_system': 'scaffold'}, {'coord_system': 'scaffold', 'name': 'AANG04000537.1', 'length': 4989}, {'length': 6990, 'name': 'AANG04000538.1', 'coord_system': 'scaffold'}, {'name': 'AANG04000539.1', 'length': 3986, 'coord_system': 'scaffold'}, {'name': 'AANG04000540.1', 'length': 14103, 'coord_system': 'scaffold'}, {'length': 7797, 'name': 'AANG04000541.1', 'coord_system': 'scaffold'}, {'length': 11181, 'name': 'AANG04000542.1', 'coord_system': 'scaffold'}, {'coord_system': 'scaffold', 'length': 4988, 'name': 'AANG04000543.1'}, {'name': 'AANG04000544.1', 'length': 6202, 'coord_system': 'scaffold'}, {'length': 10101, 'name': 'AANG04000545.1', 'coord_system': 'scaffold'}, {'coord_system': 'scaffold', 'length': 11196, 'name': 'AANG04000546.1'}, {'name': 'AANG04000547.1', 'length': 2989, 'coord_system': 'scaffold'}, {'coord_system': 'scaffold', 'length': 18325, 'name': 'AANG04000548.1'}, {'name': 'AANG04000549.1', 'length': 13349, 'coord_system': 'scaffold'}, {'name': 'AANG04000550.1', 'length': 9982, 'coord_system': 'scaffold'}, {'name': 'AANG04000551.1', 'length': 8987, 'coord_system': 'scaffold'}, {'coord_system': 'scaffold', 'length': 14988, 'name': 'AANG04000552.1'}, {'coord_system': 'scaffold', 'name': 'AANG04000553.1', 'length': 7839}, {'length': 11987, 'name': 'AANG04000555.1', 'coord_system': 'scaffold'}, {'coord_system': 'scaffold', 'length': 14164, 'name': 'AANG04000557.1'}, {'length': 4988, 'name': 'AANG04000559.1', 'coord_system': 'scaffold'}, {'coord_system': 'scaffold', 'name': 'AANG04000560.1', 'length': 30108}, {'coord_system': 'scaffold', 'name': 'AANG04000561.1', 'length': 9948}, {'coord_system': 'scaffold', 'length': 10757, 'name': 'AANG04000562.1'}, {'coord_system': 'scaffold', 'length': 9572, 'name': 'AANG04000563.1'}, {'coord_system': 'scaffold', 'length': 9987, 'name': 'AANG04000564.1'}, {'coord_system': 'scaffold', 'name': 'AANG04000565.1', 'length': 7936}, {'name': 'AANG04000566.1', 'length': 11987, 'coord_system': 'scaffold'}, {'name': 'AANG04000567.1', 'length': 8988, 'coord_system': 'scaffold'}, {'length': 24958, 'name': 'AANG04000568.1', 'coord_system': 'scaffold'}, {'length': 7985, 'name': 'AANG04000569.1', 'coord_system': 'scaffold'}, {'name': 'AANG04000570.1', 'length': 8988, 'coord_system': 'scaffold'}, {'coord_system': 'scaffold', 'length': 5988, 'name': 'AANG04000571.1'}, {'coord_system': 'scaffold', 'length': 13988, 'name': 'AANG04000572.1'}, {'coord_system': 'scaffold', 'name': 'AANG04000573.1', 'length': 2985}, {'coord_system': 'scaffold', 'length': 28989, 'name': 'AANG04000574.1'}, {'coord_system': 'scaffold', 'name': 'AANG04000575.1', 'length': 7983}, {'length': 4984, 'name': 'AANG04000576.1', 'coord_system': 'scaffold'}, {'name': 'AANG04000577.1', 'length': 11762, 'coord_system': 'scaffold'}, {'coord_system': 'scaffold', 'length': 9988, 'name': 'AANG04000578.1'}, {'coord_system': 'scaffold', 'name': 'AANG04000579.1', 'length': 23343}, {'coord_system': 'scaffold', 'name': 'AANG04000580.1', 'length': 9986}, {'coord_system': 'scaffold', 'name': 'AANG04000581.1', 'length': 15707}, {'name': 'AANG04000582.1', 'length': 4174, 'coord_system': 'scaffold'}, {'name': 'AANG04000583.1', 'length': 14213, 'coord_system': 'scaffold'}, {'length': 7182, 'name': 'AANG04000584.1', 'coord_system': 'scaffold'}, {'name': 'AANG04000585.1', 'length': 14983, 'coord_system': 'scaffold'}, {'coord_system': 'scaffold', 'length': 7984, 'name': 'AANG04000586.1'}, {'length': 6917, 'name': 'AANG04000587.1', 'coord_system': 'scaffold'}, {'name': 'AANG04000588.1', 'length': 7988, 'coord_system': 'scaffold'}, {'name': 'AANG04000589.1', 'length': 5988, 'coord_system': 'scaffold'}, {'name': 'AANG04000590.1', 'length': 13988, 'coord_system': 'scaffold'}, {'coord_system': 'scaffold', 'length': 14170, 'name': 'AANG04000591.1'}, {'length': 8028, 'name': 'AANG04000592.1', 'coord_system': 'scaffold'}, {'name': 'AANG04000593.1', 'length': 30098, 'coord_system': 'scaffold'}, {'name': 'AANG04000594.1', 'length': 14988, 'coord_system': 'scaffold'}, {'name': 'AANG04000595.1', 'length': 8986, 'coord_system': 'scaffold'}, {'coord_system': 'scaffold', 'name': 'AANG04000596.1', 'length': 4988}, {'length': 3988, 'name': 'AANG04000597.1', 'coord_system': 'scaffold'}, {'name': 'AANG04000598.1', 'length': 18986, 'coord_system': 'scaffold'}, {'coord_system': 'scaffold', 'length': 3988, 'name': 'AANG04000599.1'}, {'name': 'AANG04000600.1', 'length': 8989, 'coord_system': 'scaffold'}, {'length': 6278, 'name': 'AANG04000601.1', 'coord_system': 'scaffold'}, {'name': 'AANG04000602.1', 'length': 6094, 'coord_system': 'scaffold'}, {'name': 'AANG04000603.1', 'length': 12167, 'coord_system': 'scaffold'}, {'name': 'AANG04000604.1', 'length': 7754, 'coord_system': 'scaffold'}, {'length': 5988, 'name': 'AANG04000605.1', 'coord_system': 'scaffold'}, {'name': 'AANG04000606.1', 'length': 16976, 'coord_system': 'scaffold'}, {'length': 3988, 'name': 'AANG04000607.1', 'coord_system': 'scaffold'}, {'coord_system': 'scaffold', 'length': 4988, 'name': 'AANG04000608.1'}, {'coord_system': 'scaffold', 'name': 'AANG04000609.1', 'length': 8989}, {'coord_system': 'scaffold', 'name': 'AANG04000610.1', 'length': 6197}, {'name': 'AANG04000611.1', 'length': 16454, 'coord_system': 'scaffold'}, {'coord_system': 'scaffold', 'length': 19224, 'name': 'AANG04000612.1'}, {'coord_system': 'scaffold', 'length': 26092, 'name': 'AANG04000613.1'}, {'coord_system': 'scaffold', 'name': 'AANG04000614.1', 'length': 11683}, {'length': 7601, 'name': 'AANG04000615.1', 'coord_system': 'scaffold'}, {'coord_system': 'scaffold', 'length': 13480, 'name': 'AANG04000616.1'}, {'name': 'AANG04000617.1', 'length': 20012, 'coord_system': 'scaffold'}, {'coord_system': 'scaffold', 'name': 'AANG04000618.1', 'length': 2988}, {'length': 11344, 'name': 'AANG04000619.1', 'coord_system': 'scaffold'}, {'coord_system': 'scaffold', 'name': 'AANG04000620.1', 'length': 12085}, {'length': 15788, 'name': 'AANG04000621.1', 'coord_system': 'scaffold'}, {'coord_system': 'scaffold', 'length': 5988, 'name': 'AANG04000622.1'}, {'length': 5988, 'name': 'AANG04000623.1', 'coord_system': 'scaffold'}, {'coord_system': 'scaffold', 'name': 'AANG04000624.1', 'length': 29989}, {'name': 'AANG04000625.1', 'length': 5989, 'coord_system': 'scaffold'}, {'length': 5192, 'name': 'AANG04000626.1', 'coord_system': 'scaffold'}, {'coord_system': 'scaffold', 'length': 4229, 'name': 'AANG04000627.1'}, {'name': 'AANG04000628.1', 'length': 20276, 'coord_system': 'scaffold'}, {'length': 4988, 'name': 'AANG04000629.1', 'coord_system': 'scaffold'}, {'coord_system': 'scaffold', 'name': 'AANG04000630.1', 'length': 9277}, {'coord_system': 'scaffold', 'name': 'AANG04000631.1', 'length': 8166}, {'coord_system': 'scaffold', 'length': 12196, 'name': 'AANG04000632.1'}, {'length': 46965, 'name': 'AANG04000633.1', 'coord_system': 'scaffold'}, {'length': 7980, 'name': 'AANG04000634.1', 'coord_system': 'scaffold'}, {'length': 17988, 'name': 'AANG04000635.1', 'coord_system': 'scaffold'}, {'coord_system': 'scaffold', 'name': 'AANG04000636.1', 'length': 12987}, {'name': 'AANG04000637.1', 'length': 38006, 'coord_system': 'scaffold'}, {'name': 'AANG04000638.1', 'length': 14989, 'coord_system': 'scaffold'}, {'coord_system': 'scaffold', 'length': 11424, 'name': 'AANG04000640.1'}, {'coord_system': 'scaffold', 'length': 10987, 'name': 'AANG04000641.1'}, {'coord_system': 'scaffold', 'name': 'AANG04000642.1', 'length': 12987}, {'name': 'AANG04000643.1', 'length': 3989, 'coord_system': 'scaffold'}, {'length': 14612, 'name': 'AANG04000644.1', 'coord_system': 'scaffold'}, {'length': 14978, 'name': 'AANG04000645.1', 'coord_system': 'scaffold'}, {'length': 12987, 'name': 'AANG04000646.1', 'coord_system': 'scaffold'}, {'coord_system': 'scaffold', 'length': 16987, 'name': 'AANG04000647.1'}, {'coord_system': 'scaffold', 'length': 31229, 'name': 'AANG04000648.1'}, {'coord_system': 'scaffold', 'length': 19465, 'name': 'AANG04000649.1'}, {'name': 'AANG04000650.1', 'length': 11361, 'coord_system': 'scaffold'}, {'name': 'AANG04000651.1', 'length': 12767, 'coord_system': 'scaffold'}, {'coord_system': 'scaffold', 'name': 'AANG04000652.1', 'length': 14981}, {'name': 'AANG04000653.1', 'length': 6245, 'coord_system': 'scaffold'}, {'coord_system': 'scaffold', 'name': 'AANG04000654.1', 'length': 8987}, {'coord_system': 'scaffold', 'length': 41631, 'name': 'AANG04000655.1'}, {'length': 5988, 'name': 'AANG04000656.1', 'coord_system': 'scaffold'}, {'coord_system': 'scaffold', 'name': 'AANG04000657.1', 'length': 11811}, {'name': 'AANG04000658.1', 'length': 59942, 'coord_system': 'scaffold'}, {'length': 7125, 'name': 'AANG04000659.1', 'coord_system': 'scaffold'}, {'length': 20942, 'name': 'AANG04000660.1', 'coord_system': 'scaffold'}, {'length': 11515, 'name': 'AANG04000661.1', 'coord_system': 'scaffold'}, {'coord_system': 'scaffold', 'name': 'AANG04000662.1', 'length': 14295}, {'length': 6602, 'name': 'AANG04000663.1', 'coord_system': 'scaffold'}, {'coord_system': 'scaffold', 'name': 'AANG04000664.1', 'length': 29976}, {'name': 'AANG04000665.1', 'length': 6986, 'coord_system': 'scaffold'}, {'name': 'AANG04000666.1', 'length': 11988, 'coord_system': 'scaffold'}, {'name': 'AANG04000667.1', 'length': 6987, 'coord_system': 'scaffold'}, {'name': 'AANG04000668.1', 'length': 14982, 'coord_system': 'scaffold'}, {'length': 5988, 'name': 'AANG04000669.1', 'coord_system': 'scaffold'}, {'coord_system': 'scaffold', 'name': 'AANG04000670.1', 'length': 5115}, {'name': 'AANG04000671.1', 'length': 13981, 'coord_system': 'scaffold'}, {'coord_system': 'scaffold', 'length': 14425, 'name': 'AANG04000672.1'}, {'name': 'AANG04000673.1', 'length': 5472, 'coord_system': 'scaffold'}, {'coord_system': 'scaffold', 'name': 'AANG04000674.1', 'length': 5150}, {'coord_system': 'scaffold', 'length': 6988, 'name': 'AANG04000675.1'}, {'coord_system': 'scaffold', 'name': 'AANG04000676.1', 'length': 7160}, {'name': 'AANG04000677.1', 'length': 6988, 'coord_system': 'scaffold'}, {'name': 'AANG04000678.1', 'length': 6396, 'coord_system': 'scaffold'}, {'length': 21080, 'name': 'AANG04000679.1', 'coord_system': 'scaffold'}, {'length': 18122, 'name': 'AANG04000680.1', 'coord_system': 'scaffold'}, {'coord_system': 'scaffold', 'length': 1969, 'name': 'AANG04000681.1'}, {'coord_system': 'scaffold', 'length': 12983, 'name': 'AANG04000682.1'}, {'coord_system': 'scaffold', 'length': 3986, 'name': 'AANG04000683.1'}, {'name': 'AANG04000684.1', 'length': 5182, 'coord_system': 'scaffold'}, {'length': 8977, 'name': 'AANG04000685.1', 'coord_system': 'scaffold'}, {'coord_system': 'scaffold', 'name': 'AANG04000686.1', 'length': 10987}, {'length': 6185, 'name': 'AANG04000687.1', 'coord_system': 'scaffold'}, {'length': 8988, 'name': 'AANG04000688.1', 'coord_system': 'scaffold'}, {'name': 'AANG04000689.1', 'length': 38010, 'coord_system': 'scaffold'}, {'coord_system': 'scaffold', 'name': 'AANG04000691.1', 'length': 6985}, {'name': 'AANG04000692.1', 'length': 7057, 'coord_system': 'scaffold'}, {'length': 7984, 'name': 'AANG04000693.1', 'coord_system': 'scaffold'}, {'coord_system': 'scaffold', 'length': 5988, 'name': 'AANG04000694.1'}, {'coord_system': 'scaffold', 'name': 'AANG04000695.1', 'length': 3984}, {'coord_system': 'scaffold', 'name': 'AANG04000696.1', 'length': 15134}, {'coord_system': 'scaffold', 'name': 'AANG04000697.1', 'length': 14233}, {'name': 'AANG04000698.1', 'length': 15987, 'coord_system': 'scaffold'}, {'coord_system': 'scaffold', 'length': 5205, 'name': 'AANG04000699.1'}, {'coord_system': 'scaffold', 'name': 'AANG04000700.1', 'length': 12419}, {'coord_system': 'scaffold', 'name': 'AANG04000701.1', 'length': 6988}, {'name': 'AANG04000702.1', 'length': 11068, 'coord_system': 'scaffold'}, {'length': 31518, 'name': 'AANG04000703.1', 'coord_system': 'scaffold'}, {'coord_system': 'scaffold', 'name': 'AANG04000704.1', 'length': 4988}, {'coord_system': 'scaffold', 'length': 40063, 'name': 'AANG04000705.1'}, {'name': 'AANG04000706.1', 'length': 6987, 'coord_system': 'scaffold'}, {'name': 'AANG04000707.1', 'length': 13723, 'coord_system': 'scaffold'}, {'coord_system': 'scaffold', 'name': 'AANG04000708.1', 'length': 3988}, {'length': 12981, 'name': 'AANG04000709.1', 'coord_system': 'scaffold'}, {'name': 'AANG04000710.1', 'length': 4988, 'coord_system': 'scaffold'}, {'name': 'AANG04000711.1', 'length': 8987, 'coord_system': 'scaffold'}, {'coord_system': 'scaffold', 'name': 'AANG04000712.1', 'length': 25475}, {'name': 'AANG04000713.1', 'length': 9985, 'coord_system': 'scaffold'}, {'coord_system': 'scaffold', 'length': 9335, 'name': 'AANG04000714.1'}, {'length': 11987, 'name': 'AANG04000715.1', 'coord_system': 'scaffold'}, {'length': 14983, 'name': 'AANG04000716.1', 'coord_system': 'scaffold'}, {'length': 10986, 'name': 'AANG04000717.1', 'coord_system': 'scaffold'}, {'name': 'AANG04000718.1', 'length': 19431, 'coord_system': 'scaffold'}, {'name': 'AANG04000719.1', 'length': 6983, 'coord_system': 'scaffold'}, {'length': 11916, 'name': 'AANG04000720.1', 'coord_system': 'scaffold'}, {'length': 13987, 'name': 'AANG04000721.1', 'coord_system': 'scaffold'}, {'length': 8585, 'name': 'AANG04000722.1', 'coord_system': 'scaffold'}, {'length': 10988, 'name': 'AANG04000723.1', 'coord_system': 'scaffold'}, {'coord_system': 'scaffold', 'length': 8981, 'name': 'AANG04000724.1'}, {'name': 'AANG04000725.1', 'length': 7989, 'coord_system': 'scaffold'}, {'length': 11131, 'name': 'AANG04000726.1', 'coord_system': 'scaffold'}, {'length': 4988, 'name': 'AANG04000727.1', 'coord_system': 'scaffold'}, {'coord_system': 'scaffold', 'length': 6987, 'name': 'AANG04000728.1'}, {'name': 'AANG04000729.1', 'length': 8988, 'coord_system': 'scaffold'}, {'length': 13939, 'name': 'AANG04000730.1', 'coord_system': 'scaffold'}, {'name': 'AANG04000731.1', 'length': 9088, 'coord_system': 'scaffold'}, {'length': 3730, 'name': 'AANG04000732.1', 'coord_system': 'scaffold'}, {'coord_system': 'scaffold', 'name': 'AANG04000733.1', 'length': 2987}, {'name': 'AANG04000734.1', 'length': 6324, 'coord_system': 'scaffold'}, {'length': 15880, 'name': 'AANG04000735.1', 'coord_system': 'scaffold'}, {'coord_system': 'scaffold', 'name': 'AANG04000736.1', 'length': 10012}, {'name': 'AANG04000737.1', 'length': 17802, 'coord_system': 'scaffold'}, {'name': 'AANG04000738.1', 'length': 3988, 'coord_system': 'scaffold'}, {'length': 5980, 'name': 'AANG04000739.1', 'coord_system': 'scaffold'}, {'coord_system': 'scaffold', 'name': 'AANG04000741.1', 'length': 3988}, {'coord_system': 'scaffold', 'length': 2987, 'name': 'AANG04000742.1'}, {'length': 7988, 'name': 'AANG04000743.1', 'coord_system': 'scaffold'}, {'length': 7162, 'name': 'AANG04000744.1', 'coord_system': 'scaffold'}, {'coord_system': 'scaffold', 'name': 'AANG04000745.1', 'length': 6988}, {'coord_system': 'scaffold', 'name': 'AANG04000746.1', 'length': 4953}, {'coord_system': 'scaffold', 'name': 'AANG04000748.1', 'length': 4877}, {'length': 28631, 'name': 'AANG04000749.1', 'coord_system': 'scaffold'}, {'length': 19042, 'name': 'AANG04000750.1', 'coord_system': 'scaffold'}, {'coord_system': 'scaffold', 'name': 'AANG04000751.1', 'length': 8988}, {'length': 22819, 'name': 'AANG04000752.1', 'coord_system': 'scaffold'}, {'name': 'AANG04000753.1', 'length': 10819, 'coord_system': 'scaffold'}, {'length': 25020, 'name': 'AANG04000755.1', 'coord_system': 'scaffold'}, {'length': 55985, 'name': 'AANG04000756.1', 'coord_system': 'scaffold'}, {'length': 9987, 'name': 'AANG04000757.1', 'coord_system': 'scaffold'}, {'coord_system': 'scaffold', 'length': 6985, 'name': 'AANG04000758.1'}, {'coord_system': 'scaffold', 'name': 'AANG04000759.1', 'length': 9151}, {'coord_system': 'scaffold', 'length': 86562, 'name': 'AANG04000760.1'}, {'name': 'AANG04000761.1', 'length': 13987, 'coord_system': 'scaffold'}, {'name': 'AANG04000762.1', 'length': 14624, 'coord_system': 'scaffold'}, {'name': 'AANG04000763.1', 'length': 14594, 'coord_system': 'scaffold'}, {'coord_system': 'scaffold', 'name': 'AANG04000764.1', 'length': 8988}, {'length': 5031, 'name': 'AANG04000765.1', 'coord_system': 'scaffold'}, {'length': 24484, 'name': 'AANG04000766.1', 'coord_system': 'scaffold'}, {'coord_system': 'scaffold', 'name': 'AANG04000767.1', 'length': 47267}, {'coord_system': 'scaffold', 'name': 'AANG04000768.1', 'length': 4987}, {'coord_system': 'scaffold', 'name': 'AANG04000769.1', 'length': 18956}, {'coord_system': 'scaffold', 'name': 'AANG04000770.1', 'length': 11988}, {'name': 'AANG04000771.1', 'length': 5987, 'coord_system': 'scaffold'}, {'coord_system': 'scaffold', 'name': 'AANG04000772.1', 'length': 6996}, {'length': 14989, 'name': 'AANG04000773.1', 'coord_system': 'scaffold'}, {'name': 'AANG04000774.1', 'length': 10989, 'coord_system': 'scaffold'}, {'coord_system': 'scaffold', 'name': 'AANG04000775.1', 'length': 2988}, {'name': 'AANG04000776.1', 'length': 62652, 'coord_system': 'scaffold'}, {'name': 'AANG04000777.1', 'length': 20960, 'coord_system': 'scaffold'}, {'length': 10176, 'name': 'AANG04000780.1', 'coord_system': 'scaffold'}, {'coord_system': 'scaffold', 'name': 'AANG04000781.1', 'length': 3988}, {'name': 'AANG04000782.1', 'length': 12981, 'coord_system': 'scaffold'}, {'name': 'AANG04000783.1', 'length': 11989, 'coord_system': 'scaffold'}, {'coord_system': 'scaffold', 'length': 24964, 'name': 'AANG04000784.1'}, {'length': 16554, 'name': 'AANG04000785.1', 'coord_system': 'scaffold'}, {'length': 7984, 'name': 'AANG04000786.1', 'coord_system': 'scaffold'}, {'coord_system': 'scaffold', 'name': 'AANG04000787.1', 'length': 5989}, {'length': 13110, 'name': 'AANG04000788.1', 'coord_system': 'scaffold'}, {'coord_system': 'scaffold', 'length': 15092, 'name': 'AANG04000789.1'}, {'length': 8022, 'name': 'AANG04000790.1', 'coord_system': 'scaffold'}, {'coord_system': 'scaffold', 'length': 52035, 'name': 'AANG04000791.1'}, {'length': 14860, 'name': 'AANG04000792.1', 'coord_system': 'scaffold'}, {'length': 10259, 'name': 'AANG04000793.1', 'coord_system': 'scaffold'}, {'coord_system': 'scaffold', 'length': 5164, 'name': 'AANG04000794.1'}, {'coord_system': 'scaffold', 'name': 'AANG04000795.1', 'length': 6986}, {'coord_system': 'scaffold', 'name': 'AANG04000796.1', 'length': 9978}, {'name': 'AANG04000797.1', 'length': 11181, 'coord_system': 'scaffold'}, {'coord_system': 'scaffold', 'length': 8322, 'name': 'AANG04000798.1'}, {'name': 'AANG04000799.1', 'length': 11989, 'coord_system': 'scaffold'}, {'name': 'AANG04000800.1', 'length': 4164, 'coord_system': 'scaffold'}, {'coord_system': 'scaffold', 'name': 'AANG04000801.1', 'length': 17990}, {'coord_system': 'scaffold', 'length': 7988, 'name': 'AANG04000802.1'}, {'coord_system': 'scaffold', 'length': 2909, 'name': 'AANG04000803.1'}, {'coord_system': 'scaffold', 'name': 'AANG04000804.1', 'length': 11094}, {'coord_system': 'scaffold', 'name': 'AANG04000805.1', 'length': 5989}, {'name': 'AANG04000806.1', 'length': 22521, 'coord_system': 'scaffold'}, {'coord_system': 'scaffold', 'name': 'AANG04000807.1', 'length': 4988}, {'coord_system': 'scaffold', 'length': 16868, 'name': 'AANG04000808.1'}, {'length': 4310, 'name': 'AANG04000809.1', 'coord_system': 'scaffold'}, {'coord_system': 'scaffold', 'length': 5037, 'name': 'AANG04000810.1'}, {'length': 6990, 'name': 'AANG04000811.1', 'coord_system': 'scaffold'}, {'name': 'AANG04000812.1', 'length': 21493, 'coord_system': 'scaffold'}, {'name': 'AANG04000813.1', 'length': 21318, 'coord_system': 'scaffold'}, {'coord_system': 'scaffold', 'name': 'AANG04000814.1', 'length': 2987}, {'name': 'AANG04000815.1', 'length': 3059, 'coord_system': 'scaffold'}, {'length': 3987, 'name': 'AANG04000816.1', 'coord_system': 'scaffold'}, {'name': 'AANG04000817.1', 'length': 36712, 'coord_system': 'scaffold'}, {'coord_system': 'scaffold', 'name': 'AANG04000818.1', 'length': 13020}, {'coord_system': 'scaffold', 'length': 4030, 'name': 'AANG04000819.1'}, {'coord_system': 'scaffold', 'name': 'AANG04000820.1', 'length': 9973}, {'length': 10988, 'name': 'AANG04000821.1', 'coord_system': 'scaffold'}, {'name': 'AANG04000822.1', 'length': 3988, 'coord_system': 'scaffold'}, {'coord_system': 'scaffold', 'name': 'AANG04000823.1', 'length': 20205}, {'length': 6989, 'name': 'AANG04000824.1', 'coord_system': 'scaffold'}, {'coord_system': 'scaffold', 'name': 'AANG04000825.1', 'length': 14266}, {'coord_system': 'scaffold', 'length': 5815, 'name': 'AANG04000827.1'}, {'name': 'AANG04000828.1', 'length': 13838, 'coord_system': 'scaffold'}, {'coord_system': 'scaffold', 'name': 'AANG04000829.1', 'length': 5987}, {'coord_system': 'scaffold', 'length': 13987, 'name': 'AANG04000830.1'}, {'coord_system': 'scaffold', 'name': 'AANG04000831.1', 'length': 9679}, {'coord_system': 'scaffold', 'length': 13006, 'name': 'AANG04000832.1'}, {'length': 8988, 'name': 'AANG04000833.1', 'coord_system': 'scaffold'}, {'name': 'AANG04000834.1', 'length': 41842, 'coord_system': 'scaffold'}, {'length': 11939, 'name': 'AANG04000835.1', 'coord_system': 'scaffold'}, {'length': 14613, 'name': 'AANG04000836.1', 'coord_system': 'scaffold'}, {'length': 16996, 'name': 'AANG04000837.1', 'coord_system': 'scaffold'}, {'coord_system': 'scaffold', 'name': 'AANG04000838.1', 'length': 11203}, {'name': 'AANG04000839.1', 'length': 9127, 'coord_system': 'scaffold'}, {'length': 6712, 'name': 'AANG04000840.1', 'coord_system': 'scaffold'}, {'name': 'AANG04000841.1', 'length': 12984, 'coord_system': 'scaffold'}, {'name': 'AANG04000842.1', 'length': 8988, 'coord_system': 'scaffold'}, {'coord_system': 'scaffold', 'length': 14987, 'name': 'AANG04000843.1'}, {'coord_system': 'scaffold', 'name': 'AANG04000845.1', 'length': 5414}, {'name': 'AANG04000846.1', 'length': 4771, 'coord_system': 'scaffold'}, {'coord_system': 'scaffold', 'name': 'AANG04000847.1', 'length': 13987}, {'name': 'AANG04000848.1', 'length': 13191, 'coord_system': 'scaffold'}, {'length': 10983, 'name': 'AANG04000849.1', 'coord_system': 'scaffold'}, {'name': 'AANG04000850.1', 'length': 12283, 'coord_system': 'scaffold'}, {'coord_system': 'scaffold', 'length': 13278, 'name': 'AANG04000852.1'}, {'name': 'AANG04000853.1', 'length': 10182, 'coord_system': 'scaffold'}, {'coord_system': 'scaffold', 'name': 'AANG04000854.1', 'length': 10919}, {'name': 'AANG04000855.1', 'length': 6988, 'coord_system': 'scaffold'}, {'name': 'AANG04000856.1', 'length': 21043, 'coord_system': 'scaffold'}, {'name': 'AANG04000857.1', 'length': 8204, 'coord_system': 'scaffold'}, {'coord_system': 'scaffold', 'length': 9039, 'name': 'AANG04000858.1'}, {'coord_system': 'scaffold', 'length': 14192, 'name': 'AANG04000859.1'}, {'length': 14003, 'name': 'AANG04000860.1', 'coord_system': 'scaffold'}, {'coord_system': 'scaffold', 'name': 'AANG04000861.1', 'length': 14086}, {'coord_system': 'scaffold', 'name': 'AANG04000862.1', 'length': 12678}, {'length': 16039, 'name': 'AANG04000863.1', 'coord_system': 'scaffold'}, {'length': 10327, 'name': 'AANG04000864.1', 'coord_system': 'scaffold'}, {'length': 13029, 'name': 'AANG04000865.1', 'coord_system': 'scaffold'}, {'coord_system': 'scaffold', 'name': 'AANG04000866.1', 'length': 3988}, {'length': 5989, 'name': 'AANG04000867.1', 'coord_system': 'scaffold'}, {'length': 7945, 'name': 'AANG04000868.1', 'coord_system': 'scaffold'}, {'coord_system': 'scaffold', 'length': 9188, 'name': 'AANG04000869.1'}, {'coord_system': 'scaffold', 'name': 'AANG04000870.1', 'length': 8984}, {'name': 'AANG04000871.1', 'length': 16614, 'coord_system': 'scaffold'}, {'coord_system': 'scaffold', 'length': 27563, 'name': 'AANG04000872.1'}, {'length': 7988, 'name': 'AANG04000873.1', 'coord_system': 'scaffold'}, {'coord_system': 'scaffold', 'name': 'AANG04000874.1', 'length': 8982}, {'name': 'AANG04000876.1', 'length': 11863, 'coord_system': 'scaffold'}, {'length': 3986, 'name': 'AANG04000877.1', 'coord_system': 'scaffold'}, {'coord_system': 'scaffold', 'length': 3988, 'name': 'AANG04000878.1'}, {'length': 6474, 'name': 'AANG04000880.1', 'coord_system': 'scaffold'}, {'coord_system': 'scaffold', 'length': 10050, 'name': 'AANG04000881.1'}, {'coord_system': 'scaffold', 'name': 'AANG04000882.1', 'length': 11130}, {'name': 'AANG04000883.1', 'length': 3988, 'coord_system': 'scaffold'}, {'name': 'AANG04000884.1', 'length': 17161, 'coord_system': 'scaffold'}, {'name': 'AANG04000885.1', 'length': 7025, 'coord_system': 'scaffold'}, {'length': 6987, 'name': 'AANG04000886.1', 'coord_system': 'scaffold'}, {'length': 16050, 'name': 'AANG04000887.1', 'coord_system': 'scaffold'}, {'coord_system': 'scaffold', 'name': 'AANG04000888.1', 'length': 14165}, {'name': 'AANG04000889.1', 'length': 43012, 'coord_system': 'scaffold'}, {'coord_system': 'scaffold', 'name': 'AANG04000890.1', 'length': 4986}, {'coord_system': 'scaffold', 'name': 'AANG04000891.1', 'length': 8987}, {'coord_system': 'scaffold', 'name': 'AANG04000892.1', 'length': 4992}, {'length': 3988, 'name': 'AANG04000893.1', 'coord_system': 'scaffold'}, {'length': 8167, 'name': 'AANG04000894.1', 'coord_system': 'scaffold'}, {'coord_system': 'scaffold', 'length': 15224, 'name': 'AANG04000895.1'}, {'length': 14988, 'name': 'AANG04000896.1', 'coord_system': 'scaffold'}, {'length': 5988, 'name': 'AANG04000897.1', 'coord_system': 'scaffold'}, {'name': 'AANG04000898.1', 'length': 40199, 'coord_system': 'scaffold'}, {'coord_system': 'scaffold', 'name': 'AANG04000899.1', 'length': 60170}, {'coord_system': 'scaffold', 'length': 6723, 'name': 'AANG04000900.1'}, {'coord_system': 'scaffold', 'name': 'AANG04000901.1', 'length': 5152}, {'coord_system': 'scaffold', 'length': 9450, 'name': 'AANG04000902.1'}, {'name': 'AANG04000903.1', 'length': 9989, 'coord_system': 'scaffold'}, {'coord_system': 'scaffold', 'length': 7988, 'name': 'AANG04000904.1'}, {'length': 16983, 'name': 'AANG04000905.1', 'coord_system': 'scaffold'}, {'length': 4988, 'name': 'AANG04000906.1', 'coord_system': 'scaffold'}, {'length': 8201, 'name': 'AANG04000907.1', 'coord_system': 'scaffold'}, {'coord_system': 'scaffold', 'name': 'AANG04000908.1', 'length': 12547}, {'coord_system': 'scaffold', 'length': 3988, 'name': 'AANG04000910.1'}, {'coord_system': 'scaffold', 'name': 'AANG04000911.1', 'length': 6989}, {'coord_system': 'scaffold', 'length': 8814, 'name': 'AANG04000912.1'}, {'length': 4988, 'name': 'AANG04000913.1', 'coord_system': 'scaffold'}, {'length': 9095, 'name': 'AANG04000914.1', 'coord_system': 'scaffold'}, {'coord_system': 'scaffold', 'name': 'AANG04000915.1', 'length': 11728}, {'length': 13986, 'name': 'AANG04000916.1', 'coord_system': 'scaffold'}, {'coord_system': 'scaffold', 'length': 17138, 'name': 'AANG04000917.1'}, {'coord_system': 'scaffold', 'name': 'AANG04000918.1', 'length': 3988}, {'coord_system': 'scaffold', 'name': 'AANG04000919.1', 'length': 4988}, {'length': 9089, 'name': 'AANG04000920.1', 'coord_system': 'scaffold'}, {'name': 'AANG04000921.1', 'length': 55853, 'coord_system': 'scaffold'}, {'length': 8986, 'name': 'AANG04000922.1', 'coord_system': 'scaffold'}, {'coord_system': 'scaffold', 'length': 25300, 'name': 'AANG04000924.1'}, {'coord_system': 'scaffold', 'name': 'AANG04000925.1', 'length': 16522}, {'name': 'AANG04000926.1', 'length': 8987, 'coord_system': 'scaffold'}, {'length': 7987, 'name': 'AANG04000927.1', 'coord_system': 'scaffold'}, {'coord_system': 'scaffold', 'name': 'AANG04000929.1', 'length': 13010}, {'coord_system': 'scaffold', 'name': 'AANG04000930.1', 'length': 15759}, {'coord_system': 'scaffold', 'name': 'AANG04000931.1', 'length': 14766}, {'coord_system': 'scaffold', 'length': 7987, 'name': 'AANG04000932.1'}, {'length': 9285, 'name': 'AANG04000933.1', 'coord_system': 'scaffold'}, {'name': 'AANG04000934.1', 'length': 11988, 'coord_system': 'scaffold'}, {'name': 'AANG04000935.1', 'length': 36407, 'coord_system': 'scaffold'}, {'coord_system': 'scaffold', 'length': 13855, 'name': 'AANG04000936.1'}, {'coord_system': 'scaffold', 'name': 'AANG04000937.1', 'length': 5993}, {'coord_system': 'scaffold', 'length': 9989, 'name': 'AANG04000938.1'}, {'coord_system': 'scaffold', 'length': 4833, 'name': 'AANG04000939.1'}, {'name': 'AANG04000940.1', 'length': 4985, 'coord_system': 'scaffold'}, {'coord_system': 'scaffold', 'length': 6988, 'name': 'AANG04000941.1'}, {'length': 12989, 'name': 'AANG04000943.1', 'coord_system': 'scaffold'}, {'name': 'AANG04000944.1', 'length': 11856, 'coord_system': 'scaffold'}, {'length': 8467, 'name': 'AANG04000945.1', 'coord_system': 'scaffold'}, {'coord_system': 'scaffold', 'length': 7988, 'name': 'AANG04000946.1'}, {'coord_system': 'scaffold', 'name': 'AANG04000947.1', 'length': 8984}, {'length': 11871, 'name': 'AANG04000948.1', 'coord_system': 'scaffold'}, {'length': 14041, 'name': 'AANG04000949.1', 'coord_system': 'scaffold'}, {'coord_system': 'scaffold', 'length': 7152, 'name': 'AANG04000950.1'}, {'length': 14022, 'name': 'AANG04000951.1', 'coord_system': 'scaffold'}, {'coord_system': 'scaffold', 'length': 18017, 'name': 'AANG04000952.1'}, {'coord_system': 'scaffold', 'name': 'AANG04000953.1', 'length': 11283}, {'coord_system': 'scaffold', 'length': 13046, 'name': 'AANG04000954.1'}, {'coord_system': 'scaffold', 'length': 7988, 'name': 'AANG04000955.1'}, {'name': 'AANG04000956.1', 'length': 10059, 'coord_system': 'scaffold'}, {'length': 13501, 'name': 'AANG04000957.1', 'coord_system': 'scaffold'}, {'coord_system': 'scaffold', 'name': 'AANG04000958.1', 'length': 7762}, {'coord_system': 'scaffold', 'length': 25000, 'name': 'AANG04000959.1'}, {'name': 'AANG04000960.1', 'length': 11887, 'coord_system': 'scaffold'}, {'coord_system': 'scaffold', 'length': 12243, 'name': 'AANG04000961.1'}, {'coord_system': 'scaffold', 'length': 5988, 'name': 'AANG04000962.1'}, {'name': 'AANG04000963.1', 'length': 11797, 'coord_system': 'scaffold'}, {'name': 'AANG04000964.1', 'length': 15631, 'coord_system': 'scaffold'}, {'coord_system': 'scaffold', 'length': 13588, 'name': 'AANG04000965.1'}, {'length': 8670, 'name': 'AANG04000966.1', 'coord_system': 'scaffold'}, {'coord_system': 'scaffold', 'length': 9992, 'name': 'AANG04000967.1'}, {'length': 12988, 'name': 'AANG04000968.1', 'coord_system': 'scaffold'}, {'length': 46394, 'name': 'AANG04000969.1', 'coord_system': 'scaffold'}, {'coord_system': 'scaffold', 'name': 'AANG04000970.1', 'length': 58872}, {'name': 'AANG04000971.1', 'length': 6988, 'coord_system': 'scaffold'}, {'coord_system': 'scaffold', 'length': 7986, 'name': 'AANG04000972.1'}, {'coord_system': 'scaffold', 'length': 5987, 'name': 'AANG04000973.1'}, {'length': 9186, 'name': 'AANG04000974.1', 'coord_system': 'scaffold'}, {'coord_system': 'scaffold', 'name': 'AANG04000975.1', 'length': 10244}, {'length': 5184, 'name': 'AANG04000976.1', 'coord_system': 'scaffold'}, {'coord_system': 'scaffold', 'length': 8988, 'name': 'AANG04000977.1'}, {'coord_system': 'scaffold', 'length': 9989, 'name': 'AANG04000978.1'}, {'coord_system': 'scaffold', 'length': 11988, 'name': 'AANG04000979.1'}, {'length': 30093, 'name': 'AANG04000980.1', 'coord_system': 'scaffold'}, {'coord_system': 'scaffold', 'name': 'AANG04000981.1', 'length': 6989}, {'name': 'AANG04000982.1', 'length': 13792, 'coord_system': 'scaffold'}, {'coord_system': 'scaffold', 'length': 97596, 'name': 'AANG04000983.1'}, {'coord_system': 'scaffold', 'name': 'AANG04000984.1', 'length': 6988}, {'coord_system': 'scaffold', 'name': 'AANG04000985.1', 'length': 7244}, {'coord_system': 'scaffold', 'length': 3834, 'name': 'AANG04000986.1'}, {'coord_system': 'scaffold', 'length': 6988, 'name': 'AANG04000987.1'}, {'name': 'AANG04000988.1', 'length': 8986, 'coord_system': 'scaffold'}, {'length': 14016, 'name': 'AANG04000989.1', 'coord_system': 'scaffold'}, {'length': 41625, 'name': 'AANG04000990.1', 'coord_system': 'scaffold'}, {'length': 8126, 'name': 'AANG04000991.1', 'coord_system': 'scaffold'}, {'length': 13984, 'name': 'AANG04000992.1', 'coord_system': 'scaffold'}, {'name': 'AANG04000993.1', 'length': 8988, 'coord_system': 'scaffold'}, {'name': 'AANG04000994.1', 'length': 10987, 'coord_system': 'scaffold'}, {'length': 6526, 'name': 'AANG04000995.1', 'coord_system': 'scaffold'}, {'coord_system': 'scaffold', 'name': 'AANG04000996.1', 'length': 100452}, {'length': 12012, 'name': 'AANG04000997.1', 'coord_system': 'scaffold'}, {'coord_system': 'scaffold', 'name': 'AANG04000999.1', 'length': 14503}, {'name': 'AANG04001000.1', 'length': 12989, 'coord_system': 'scaffold'}, {'length': 28958, 'name': 'AANG04001001.1', 'coord_system': 'scaffold'}, {'name': 'AANG04001002.1', 'length': 10982, 'coord_system': 'scaffold'}, {'name': 'AANG04001003.1', 'length': 13508, 'coord_system': 'scaffold'}, {'length': 6972, 'name': 'AANG04001004.1', 'coord_system': 'scaffold'}, {'coord_system': 'scaffold', 'name': 'AANG04001005.1', 'length': 9310}, {'length': 4323, 'name': 'AANG04001006.1', 'coord_system': 'scaffold'}, {'coord_system': 'scaffold', 'length': 31880, 'name': 'AANG04001007.1'}, {'name': 'AANG04001008.1', 'length': 22964, 'coord_system': 'scaffold'}, {'length': 8953, 'name': 'AANG04001009.1', 'coord_system': 'scaffold'}, {'length': 11384, 'name': 'AANG04001010.1', 'coord_system': 'scaffold'}, {'coord_system': 'scaffold', 'length': 11973, 'name': 'AANG04001011.1'}, {'coord_system': 'scaffold', 'name': 'AANG04001012.1', 'length': 4987}, {'coord_system': 'scaffold', 'length': 15081, 'name': 'AANG04001013.1'}, {'length': 9988, 'name': 'AANG04001015.1', 'coord_system': 'scaffold'}, {'coord_system': 'scaffold', 'length': 12208, 'name': 'AANG04001016.1'}, {'coord_system': 'scaffold', 'length': 4988, 'name': 'AANG04001017.1'}, {'coord_system': 'scaffold', 'name': 'AANG04001018.1', 'length': 15713}, {'coord_system': 'scaffold', 'name': 'AANG04001019.1', 'length': 12367}, {'length': 10036, 'name': 'AANG04001020.1', 'coord_system': 'scaffold'}, {'coord_system': 'scaffold', 'length': 21220, 'name': 'AANG04001021.1'}, {'coord_system': 'scaffold', 'length': 8988, 'name': 'AANG04001022.1'}, {'length': 7180, 'name': 'AANG04001023.1', 'coord_system': 'scaffold'}, {'coord_system': 'scaffold', 'length': 8258, 'name': 'AANG04001024.1'}, {'coord_system': 'scaffold', 'name': 'AANG04001025.1', 'length': 10190}, {'coord_system': 'scaffold', 'name': 'AANG04001026.1', 'length': 29011}, {'length': 16928, 'name': 'AANG04001027.1', 'coord_system': 'scaffold'}, {'coord_system': 'scaffold', 'length': 16138, 'name': 'AANG04001028.1'}, {'coord_system': 'scaffold', 'name': 'AANG04001029.1', 'length': 5986}, {'length': 13203, 'name': 'AANG04001030.1', 'coord_system': 'scaffold'}, {'coord_system': 'scaffold', 'name': 'AANG04001031.1', 'length': 6987}, {'coord_system': 'scaffold', 'length': 15986, 'name': 'AANG04001032.1'}, {'name': 'KZ451882.1', 'length': 419391, 'coord_system': 'scaffold'}, {'length': 16988, 'name': 'AANG04001035.1', 'coord_system': 'scaffold'}, {'coord_system': 'scaffold', 'name': 'AANG04001036.1', 'length': 7989}, {'coord_system': 'scaffold', 'name': 'AANG04001037.1', 'length': 15658}, {'name': 'AANG04001038.1', 'length': 3988, 'coord_system': 'scaffold'}, {'name': 'AANG04001039.1', 'length': 20060, 'coord_system': 'scaffold'}, {'coord_system': 'scaffold', 'name': 'AANG04001040.1', 'length': 5888}, {'name': 'AANG04001041.1', 'length': 12168, 'coord_system': 'scaffold'}, {'length': 9532, 'name': 'AANG04001042.1', 'coord_system': 'scaffold'}, {'name': 'AANG04001044.1', 'length': 10976, 'coord_system': 'scaffold'}, {'coord_system': 'scaffold', 'length': 8163, 'name': 'AANG04001045.1'}, {'coord_system': 'scaffold', 'name': 'AANG04001046.1', 'length': 5211}, {'coord_system': 'scaffold', 'length': 2988, 'name': 'AANG04001047.1'}, {'length': 51390, 'name': 'AANG04001048.1', 'coord_system': 'scaffold'}, {'length': 2989, 'name': 'AANG04001049.1', 'coord_system': 'scaffold'}, {'coord_system': 'scaffold', 'name': 'AANG04001050.1', 'length': 13198}, {'length': 2988, 'name': 'AANG04001051.1', 'coord_system': 'scaffold'}, {'length': 5991, 'name': 'AANG04001052.1', 'coord_system': 'scaffold'}, {'coord_system': 'scaffold', 'name': 'AANG04001053.1', 'length': 27187}, {'name': 'AANG04001054.1', 'length': 8102, 'coord_system': 'scaffold'}, {'coord_system': 'scaffold', 'length': 8454, 'name': 'AANG04001056.1'}, {'coord_system': 'scaffold', 'name': 'AANG04001057.1', 'length': 9983}, {'length': 45149, 'name': 'AANG04001058.1', 'coord_system': 'scaffold'}, {'length': 12618, 'name': 'AANG04001059.1', 'coord_system': 'scaffold'}, {'name': 'AANG04001060.1', 'length': 14971, 'coord_system': 'scaffold'}, {'coord_system': 'scaffold', 'length': 9984, 'name': 'AANG04001061.1'}, {'coord_system': 'scaffold', 'name': 'AANG04001062.1', 'length': 152338}, {'coord_system': 'scaffold', 'length': 6986, 'name': 'AANG04001063.1'}, {'coord_system': 'scaffold', 'length': 4714, 'name': 'AANG04001064.1'}, {'length': 4988, 'name': 'AANG04001065.1', 'coord_system': 'scaffold'}, {'name': 'AANG04001066.1', 'length': 10892, 'coord_system': 'scaffold'}, {'coord_system': 'scaffold', 'length': 6636, 'name': 'AANG04001067.1'}, {'coord_system': 'scaffold', 'name': 'AANG04001068.1', 'length': 10622}, {'length': 12980, 'name': 'AANG04001069.1', 'coord_system': 'scaffold'}, {'name': 'AANG04001070.1', 'length': 6989, 'coord_system': 'scaffold'}, {'coord_system': 'scaffold', 'length': 10478, 'name': 'AANG04001071.1'}, {'coord_system': 'scaffold', 'length': 13119, 'name': 'AANG04001072.1'}, {'length': 3989, 'name': 'AANG04001073.1', 'coord_system': 'scaffold'}, {'coord_system': 'scaffold', 'name': 'AANG04001074.1', 'length': 10983}, {'coord_system': 'scaffold', 'name': 'AANG04001075.1', 'length': 4989}, {'name': 'AANG04001076.1', 'length': 9991, 'coord_system': 'scaffold'}, {'coord_system': 'scaffold', 'length': 11987, 'name': 'AANG04001077.1'}, {'length': 7937, 'name': 'AANG04001078.1', 'coord_system': 'scaffold'}, {'name': 'AANG04001079.1', 'length': 2988, 'coord_system': 'scaffold'}, {'coord_system': 'scaffold', 'name': 'AANG04001080.1', 'length': 6984}, {'name': 'AANG04001081.1', 'length': 11335, 'coord_system': 'scaffold'}, {'length': 6988, 'name': 'AANG04001082.1', 'coord_system': 'scaffold'}, {'coord_system': 'scaffold', 'length': 7988, 'name': 'AANG04001083.1'}, {'coord_system': 'scaffold', 'name': 'AANG04001084.1', 'length': 3988}, {'length': 14850, 'name': 'AANG04001085.1', 'coord_system': 'scaffold'}, {'coord_system': 'scaffold', 'length': 24991, 'name': 'AANG04001086.1'}, {'coord_system': 'scaffold', 'name': 'AANG04001087.1', 'length': 7988}, {'coord_system': 'scaffold', 'length': 5988, 'name': 'AANG04001088.1'}, {'coord_system': 'scaffold', 'length': 13960, 'name': 'AANG04001089.1'}, {'name': 'AANG04001090.1', 'length': 8212, 'coord_system': 'scaffold'}, {'coord_system': 'scaffold', 'name': 'AANG04001091.1', 'length': 64581}, {'coord_system': 'scaffold', 'name': 'AANG04001092.1', 'length': 8988}, {'coord_system': 'scaffold', 'name': 'AANG04001093.1', 'length': 6976}, {'coord_system': 'scaffold', 'length': 9988, 'name': 'AANG04001094.1'}, {'coord_system': 'scaffold', 'length': 33411, 'name': 'AANG04001095.1'}, {'length': 27372, 'name': 'AANG04001096.1', 'coord_system': 'scaffold'}, {'coord_system': 'scaffold', 'name': 'AANG04001097.1', 'length': 15660}, {'coord_system': 'scaffold', 'name': 'AANG04001098.1', 'length': 3986}, {'length': 7234, 'name': 'AANG04001099.1', 'coord_system': 'scaffold'}, {'name': 'AANG04001100.1', 'length': 4945, 'coord_system': 'scaffold'}, {'name': 'AANG04001102.1', 'length': 60077, 'coord_system': 'scaffold'}, {'length': 11989, 'name': 'AANG04001103.1', 'coord_system': 'scaffold'}, {'coord_system': 'scaffold', 'name': 'AANG04001104.1', 'length': 42081}, {'coord_system': 'scaffold', 'length': 3988, 'name': 'AANG04001105.1'}, {'name': 'AANG04001106.1', 'length': 11486, 'coord_system': 'scaffold'}, {'coord_system': 'scaffold', 'name': 'AANG04001107.1', 'length': 11191}, {'coord_system': 'scaffold', 'length': 38978, 'name': 'AANG04001108.1'}, {'coord_system': 'scaffold', 'name': 'AANG04001109.1', 'length': 4727}, {'length': 15902, 'name': 'AANG04001110.1', 'coord_system': 'scaffold'}, {'name': 'AANG04001111.1', 'length': 16185, 'coord_system': 'scaffold'}, {'length': 9980, 'name': 'AANG04001112.1', 'coord_system': 'scaffold'}, {'coord_system': 'scaffold', 'name': 'AANG04001113.1', 'length': 26578}, {'coord_system': 'scaffold', 'length': 72632, 'name': 'AANG04001114.1'}, {'name': 'AANG04001115.1', 'length': 40344, 'coord_system': 'scaffold'}, {'coord_system': 'scaffold', 'name': 'AANG04001116.1', 'length': 17993}, {'length': 3988, 'name': 'AANG04001117.1', 'coord_system': 'scaffold'}, {'coord_system': 'scaffold', 'name': 'AANG04001119.1', 'length': 9954}, {'name': 'AANG04001120.1', 'length': 10985, 'coord_system': 'scaffold'}, {'name': 'AANG04001121.1', 'length': 10298, 'coord_system': 'scaffold'}, {'coord_system': 'scaffold', 'name': 'AANG04001122.1', 'length': 24707}, {'coord_system': 'scaffold', 'name': 'AANG04001123.1', 'length': 21985}, {'name': 'AANG04001124.1', 'length': 9991, 'coord_system': 'scaffold'}, {'name': 'AANG04001125.1', 'length': 22866, 'coord_system': 'scaffold'}, {'coord_system': 'scaffold', 'length': 25961, 'name': 'AANG04001126.1'}, {'coord_system': 'scaffold', 'name': 'AANG04001127.1', 'length': 5987}, {'name': 'AANG04001128.1', 'length': 5988, 'coord_system': 'scaffold'}, {'name': 'AANG04001129.1', 'length': 11988, 'coord_system': 'scaffold'}, {'name': 'AANG04001130.1', 'length': 16756, 'coord_system': 'scaffold'}, {'coord_system': 'scaffold', 'name': 'AANG04001131.1', 'length': 40975}, {'length': 14986, 'name': 'AANG04001132.1', 'coord_system': 'scaffold'}, {'coord_system': 'scaffold', 'name': 'AANG04001133.1', 'length': 8285}, {'coord_system': 'scaffold', 'length': 15988, 'name': 'AANG04001134.1'}, {'coord_system': 'scaffold', 'name': 'AANG04001135.1', 'length': 6967}, {'name': 'AANG04001136.1', 'length': 23935, 'coord_system': 'scaffold'}, {'length': 5343, 'name': 'AANG04001137.1', 'coord_system': 'scaffold'}, {'coord_system': 'scaffold', 'length': 12230, 'name': 'AANG04001138.1'}, {'name': 'AANG04001139.1', 'length': 8988, 'coord_system': 'scaffold'}, {'coord_system': 'scaffold', 'length': 6988, 'name': 'AANG04001140.1'}, {'coord_system': 'scaffold', 'name': 'AANG04001141.1', 'length': 6984}, {'length': 16015, 'name': 'AANG04001142.1', 'coord_system': 'scaffold'}, {'coord_system': 'scaffold', 'name': 'AANG04001143.1', 'length': 12986}, {'coord_system': 'scaffold', 'length': 10035, 'name': 'AANG04001144.1'}, {'name': 'AANG04001145.1', 'length': 8978, 'coord_system': 'scaffold'}, {'coord_system': 'scaffold', 'length': 11389, 'name': 'AANG04001146.1'}, {'length': 19397, 'name': 'AANG04001147.1', 'coord_system': 'scaffold'}, {'name': 'AANG04001148.1', 'length': 4986, 'coord_system': 'scaffold'}, {'coord_system': 'scaffold', 'name': 'AANG04001149.1', 'length': 7988}, {'coord_system': 'scaffold', 'length': 10988, 'name': 'AANG04001150.1'}, {'name': 'AANG04001151.1', 'length': 10188, 'coord_system': 'scaffold'}, {'coord_system': 'scaffold', 'length': 28003, 'name': 'AANG04001152.1'}, {'name': 'AANG04001153.1', 'length': 9627, 'coord_system': 'scaffold'}, {'coord_system': 'scaffold', 'length': 7988, 'name': 'AANG04001154.1'}, {'name': 'AANG04001155.1', 'length': 13988, 'coord_system': 'scaffold'}, {'length': 16021, 'name': 'AANG04001156.1', 'coord_system': 'scaffold'}, {'coord_system': 'scaffold', 'name': 'AANG04001157.1', 'length': 9987}, {'coord_system': 'scaffold', 'name': 'AANG04001158.1', 'length': 3986}, {'coord_system': 'scaffold', 'name': 'AANG04001159.1', 'length': 5989}, {'coord_system': 'scaffold', 'length': 8188, 'name': 'AANG04001160.1'}, {'name': 'AANG04001161.1', 'length': 59997, 'coord_system': 'scaffold'}, {'coord_system': 'scaffold', 'length': 6989, 'name': 'AANG04001162.1'}, {'name': 'AANG04001163.1', 'length': 7108, 'coord_system': 'scaffold'}, {'coord_system': 'scaffold', 'length': 11984, 'name': 'AANG04001164.1'}, {'coord_system': 'scaffold', 'length': 13988, 'name': 'AANG04001165.1'}, {'name': 'AANG04001166.1', 'length': 6618, 'coord_system': 'scaffold'}, {'coord_system': 'scaffold', 'name': 'AANG04001167.1', 'length': 5987}, {'coord_system': 'scaffold', 'name': 'AANG04001168.1', 'length': 8924}, {'coord_system': 'scaffold', 'name': 'AANG04001170.1', 'length': 11186}, {'length': 81459, 'name': 'AANG04001171.1', 'coord_system': 'scaffold'}, {'length': 8988, 'name': 'AANG04001172.1', 'coord_system': 'scaffold'}, {'name': 'AANG04001173.1', 'length': 13988, 'coord_system': 'scaffold'}, {'length': 12983, 'name': 'AANG04001175.1', 'coord_system': 'scaffold'}, {'coord_system': 'scaffold', 'length': 8985, 'name': 'AANG04001176.1'}, {'coord_system': 'scaffold', 'name': 'AANG04001177.1', 'length': 13401}, {'coord_system': 'scaffold', 'name': 'AANG04001178.1', 'length': 15826}, {'coord_system': 'scaffold', 'length': 14998, 'name': 'AANG04001179.1'}, {'name': 'AANG04001180.1', 'length': 3988, 'coord_system': 'scaffold'}, {'name': 'AANG04001181.1', 'length': 3003, 'coord_system': 'scaffold'}, {'length': 16017, 'name': 'AANG04001182.1', 'coord_system': 'scaffold'}, {'name': 'AANG04001183.1', 'length': 12914, 'coord_system': 'scaffold'}, {'length': 10985, 'name': 'AANG04001184.1', 'coord_system': 'scaffold'}, {'name': 'AANG04001185.1', 'length': 13856, 'coord_system': 'scaffold'}, {'length': 14427, 'name': 'AANG04001186.1', 'coord_system': 'scaffold'}, {'coord_system': 'scaffold', 'length': 9905, 'name': 'AANG04001187.1'}, {'length': 10517, 'name': 'AANG04001188.1', 'coord_system': 'scaffold'}, {'coord_system': 'scaffold', 'length': 10988, 'name': 'AANG04001189.1'}, {'length': 3982, 'name': 'AANG04001190.1', 'coord_system': 'scaffold'}, {'length': 7988, 'name': 'AANG04001191.1', 'coord_system': 'scaffold'}, {'length': 5989, 'name': 'AANG04001192.1', 'coord_system': 'scaffold'}, {'length': 2986, 'name': 'AANG04001193.1', 'coord_system': 'scaffold'}, {'coord_system': 'scaffold', 'name': 'AANG04001194.1', 'length': 6988}, {'coord_system': 'scaffold', 'name': 'AANG04001195.1', 'length': 13980}, {'name': 'AANG04001196.1', 'length': 11370, 'coord_system': 'scaffold'}, {'name': 'AANG04001197.1', 'length': 10160, 'coord_system': 'scaffold'}, {'coord_system': 'scaffold', 'length': 79858, 'name': 'AANG04001198.1'}, {'name': 'AANG04001199.1', 'length': 16988, 'coord_system': 'scaffold'}, {'coord_system': 'scaffold', 'length': 23807, 'name': 'AANG04001200.1'}, {'coord_system': 'scaffold', 'length': 12162, 'name': 'AANG04001201.1'}, {'length': 9004, 'name': 'AANG04001202.1', 'coord_system': 'scaffold'}, {'coord_system': 'scaffold', 'length': 49138, 'name': 'AANG04001203.1'}, {'name': 'AANG04001204.1', 'length': 3988, 'coord_system': 'scaffold'}, {'name': 'AANG04001205.1', 'length': 12453, 'coord_system': 'scaffold'}, {'name': 'AANG04001206.1', 'length': 9619, 'coord_system': 'scaffold'}, {'coord_system': 'scaffold', 'name': 'AANG04001207.1', 'length': 6988}, {'coord_system': 'scaffold', 'length': 49212, 'name': 'AANG04001208.1'}, {'coord_system': 'scaffold', 'length': 6988, 'name': 'AANG04001209.1'}, {'coord_system': 'scaffold', 'length': 10846, 'name': 'AANG04001210.1'}, {'coord_system': 'scaffold', 'length': 6184, 'name': 'AANG04001211.1'}, {'coord_system': 'scaffold', 'name': 'AANG04001212.1', 'length': 5066}, {'coord_system': 'scaffold', 'name': 'AANG04001213.1', 'length': 10987}, {'name': 'AANG04001214.1', 'length': 10631, 'coord_system': 'scaffold'}, {'coord_system': 'scaffold', 'name': 'AANG04001215.1', 'length': 9734}, {'name': 'AANG04001216.1', 'length': 5988, 'coord_system': 'scaffold'}, {'coord_system': 'scaffold', 'name': 'AANG04001217.1', 'length': 21157}, {'name': 'AANG04001218.1', 'length': 12387, 'coord_system': 'scaffold'}, {'coord_system': 'scaffold', 'name': 'AANG04001219.1', 'length': 14307}, {'coord_system': 'scaffold', 'name': 'AANG04001220.1', 'length': 12862}, {'coord_system': 'scaffold', 'name': 'AANG04001221.1', 'length': 4988}, {'coord_system': 'scaffold', 'name': 'AANG04001222.1', 'length': 17057}, {'coord_system': 'scaffold', 'length': 17987, 'name': 'AANG04001223.1'}, {'coord_system': 'scaffold', 'name': 'AANG04001224.1', 'length': 33667}, {'length': 7989, 'name': 'AANG04001225.1', 'coord_system': 'scaffold'}, {'coord_system': 'scaffold', 'length': 12979, 'name': 'AANG04001226.1'}, {'coord_system': 'scaffold', 'name': 'AANG04001227.1', 'length': 5987}, {'coord_system': 'scaffold', 'name': 'AANG04001228.1', 'length': 7157}, {'length': 6988, 'name': 'AANG04001229.1', 'coord_system': 'scaffold'}, {'coord_system': 'scaffold', 'name': 'AANG04001230.1', 'length': 8975}, {'name': 'AANG04001231.1', 'length': 9987, 'coord_system': 'scaffold'}, {'coord_system': 'scaffold', 'length': 3986, 'name': 'AANG04001232.1'}, {'coord_system': 'scaffold', 'length': 4809, 'name': 'AANG04001233.1'}, {'length': 14990, 'name': 'AANG04001234.1', 'coord_system': 'scaffold'}, {'coord_system': 'scaffold', 'name': 'AANG04001235.1', 'length': 17988}, {'name': 'AANG04001237.1', 'length': 6766, 'coord_system': 'scaffold'}, {'coord_system': 'scaffold', 'name': 'AANG04001238.1', 'length': 19988}, {'length': 5078, 'name': 'AANG04001239.1', 'coord_system': 'scaffold'}, {'length': 14880, 'name': 'AANG04001240.1', 'coord_system': 'scaffold'}, {'length': 2988, 'name': 'AANG04001242.1', 'coord_system': 'scaffold'}, {'name': 'AANG04001243.1', 'length': 6187, 'coord_system': 'scaffold'}, {'coord_system': 'scaffold', 'length': 10195, 'name': 'AANG04001244.1'}, {'name': 'AANG04001245.1', 'length': 17985, 'coord_system': 'scaffold'}, {'name': 'AANG04001246.1', 'length': 13458, 'coord_system': 'scaffold'}, {'name': 'AANG04001247.1', 'length': 13924, 'coord_system': 'scaffold'}, {'length': 5988, 'name': 'AANG04001248.1', 'coord_system': 'scaffold'}, {'name': 'AANG04001249.1', 'length': 14008, 'coord_system': 'scaffold'}, {'length': 11974, 'name': 'AANG04001250.1', 'coord_system': 'scaffold'}, {'length': 5977, 'name': 'AANG04001251.1', 'coord_system': 'scaffold'}, {'coord_system': 'scaffold', 'name': 'AANG04001252.1', 'length': 12177}, {'length': 15468, 'name': 'AANG04001253.1', 'coord_system': 'scaffold'}, {'coord_system': 'scaffold', 'name': 'AANG04001254.1', 'length': 6644}, {'coord_system': 'scaffold', 'name': 'AANG04001255.1', 'length': 9989}, {'length': 7988, 'name': 'AANG04001256.1', 'coord_system': 'scaffold'}, {'length': 7224, 'name': 'AANG04001257.1', 'coord_system': 'scaffold'}, {'length': 11983, 'name': 'AANG04001258.1', 'coord_system': 'scaffold'}, {'coord_system': 'scaffold', 'length': 11356, 'name': 'AANG04001259.1'}, {'coord_system': 'scaffold', 'length': 14958, 'name': 'AANG04001260.1'}, {'name': 'AANG04001261.1', 'length': 12980, 'coord_system': 'scaffold'}, {'coord_system': 'scaffold', 'length': 10122, 'name': 'AANG04001262.1'}, {'coord_system': 'scaffold', 'length': 4987, 'name': 'AANG04001263.1'}, {'length': 13987, 'name': 'AANG04001264.1', 'coord_system': 'scaffold'}, {'coord_system': 'scaffold', 'name': 'AANG04001265.1', 'length': 3884}, {'length': 16198, 'name': 'AANG04001266.1', 'coord_system': 'scaffold'}, {'length': 10996, 'name': 'AANG04001267.1', 'coord_system': 'scaffold'}, {'name': 'AANG04001268.1', 'length': 49122, 'coord_system': 'scaffold'}, {'name': 'AANG04001269.1', 'length': 18986, 'coord_system': 'scaffold'}, {'name': 'AANG04001270.1', 'length': 19719, 'coord_system': 'scaffold'}, {'name': 'AANG04001272.1', 'length': 6111, 'coord_system': 'scaffold'}, {'name': 'AANG04001273.1', 'length': 10700, 'coord_system': 'scaffold'}, {'name': 'AANG04001274.1', 'length': 7512, 'coord_system': 'scaffold'}, {'coord_system': 'scaffold', 'length': 11086, 'name': 'AANG04001275.1'}, {'length': 11070, 'name': 'AANG04001276.1', 'coord_system': 'scaffold'}, {'coord_system': 'scaffold', 'name': 'AANG04001277.1', 'length': 5297}, {'coord_system': 'scaffold', 'name': 'AANG04001278.1', 'length': 40320}, {'coord_system': 'scaffold', 'name': 'AANG04001279.1', 'length': 5989}, {'coord_system': 'scaffold', 'name': 'AANG04001281.1', 'length': 11987}, {'length': 12989, 'name': 'AANG04001282.1', 'coord_system': 'scaffold'}, {'coord_system': 'scaffold', 'name': 'AANG04001283.1', 'length': 12613}, {'length': 4988, 'name': 'AANG04001284.1', 'coord_system': 'scaffold'}, {'name': 'AANG04001285.1', 'length': 16987, 'coord_system': 'scaffold'}, {'name': 'AANG04001286.1', 'length': 12988, 'coord_system': 'scaffold'}, {'coord_system': 'scaffold', 'name': 'AANG04001287.1', 'length': 10415}, {'name': 'AANG04001288.1', 'length': 2988, 'coord_system': 'scaffold'}, {'coord_system': 'scaffold', 'name': 'AANG04001289.1', 'length': 27088}, {'coord_system': 'scaffold', 'length': 42455, 'name': 'AANG04001290.1'}, {'coord_system': 'scaffold', 'name': 'AANG04001291.1', 'length': 55891}, {'coord_system': 'scaffold', 'length': 18279, 'name': 'AANG04001292.1'}, {'coord_system': 'scaffold', 'name': 'AANG04001294.1', 'length': 10988}, {'length': 14988, 'name': 'AANG04001295.1', 'coord_system': 'scaffold'}, {'name': 'AANG04001296.1', 'length': 60167, 'coord_system': 'scaffold'}, {'length': 14384, 'name': 'AANG04001297.1', 'coord_system': 'scaffold'}, {'coord_system': 'scaffold', 'name': 'AANG04001298.1', 'length': 3990}, {'coord_system': 'scaffold', 'length': 8983, 'name': 'AANG04001299.1'}, {'coord_system': 'scaffold', 'name': 'AANG04001300.1', 'length': 5115}, {'coord_system': 'scaffold', 'length': 8962, 'name': 'AANG04001301.1'}, {'length': 29876, 'name': 'AANG04001302.1', 'coord_system': 'scaffold'}, {'coord_system': 'scaffold', 'name': 'AANG04001303.1', 'length': 5987}, {'length': 20018, 'name': 'AANG04001304.1', 'coord_system': 'scaffold'}, {'length': 4249, 'name': 'AANG04001305.1', 'coord_system': 'scaffold'}, {'coord_system': 'scaffold', 'length': 12987, 'name': 'AANG04001306.1'}, {'coord_system': 'scaffold', 'name': 'AANG04001307.1', 'length': 3988}, {'coord_system': 'scaffold', 'name': 'AANG04001308.1', 'length': 15411}, {'length': 17117, 'name': 'AANG04001310.1', 'coord_system': 'scaffold'}, {'coord_system': 'scaffold', 'name': 'AANG04001311.1', 'length': 10929}, {'length': 7989, 'name': 'AANG04001312.1', 'coord_system': 'scaffold'}, {'coord_system': 'scaffold', 'name': 'AANG04001313.1', 'length': 10149}, {'name': 'AANG04001314.1', 'length': 47088, 'coord_system': 'scaffold'}, {'coord_system': 'scaffold', 'length': 23983, 'name': 'AANG04001315.1'}, {'coord_system': 'scaffold', 'name': 'AANG04001316.1', 'length': 7987}, {'name': 'AANG04001317.1', 'length': 4988, 'coord_system': 'scaffold'}, {'name': 'AANG04001318.1', 'length': 34539, 'coord_system': 'scaffold'}, {'coord_system': 'scaffold', 'length': 52404, 'name': 'AANG04001319.1'}, {'coord_system': 'scaffold', 'name': 'AANG04001320.1', 'length': 10989}, {'coord_system': 'scaffold', 'length': 16403, 'name': 'AANG04001321.1'}, {'length': 12420, 'name': 'AANG04001322.1', 'coord_system': 'scaffold'}, {'name': 'AANG04001323.1', 'length': 19971, 'coord_system': 'scaffold'}, {'coord_system': 'scaffold', 'length': 7985, 'name': 'AANG04001324.1'}, {'name': 'AANG04001325.1', 'length': 11984, 'coord_system': 'scaffold'}, {'coord_system': 'scaffold', 'length': 15983, 'name': 'AANG04001326.1'}, {'name': 'AANG04001327.1', 'length': 4989, 'coord_system': 'scaffold'}, {'length': 3988, 'name': 'AANG04001328.1', 'coord_system': 'scaffold'}, {'name': 'AANG04001329.1', 'length': 62521, 'coord_system': 'scaffold'}, {'coord_system': 'scaffold', 'name': 'AANG04001331.1', 'length': 6987}, {'name': 'AANG04001332.1', 'length': 38153, 'coord_system': 'scaffold'}, {'name': 'AANG04001333.1', 'length': 5220, 'coord_system': 'scaffold'}, {'coord_system': 'scaffold', 'length': 2988, 'name': 'AANG04001334.1'}, {'coord_system': 'scaffold', 'length': 4988, 'name': 'AANG04001335.1'}, {'coord_system': 'scaffold', 'name': 'AANG04001336.1', 'length': 6985}, {'length': 5685, 'name': 'AANG04001337.1', 'coord_system': 'scaffold'}, {'coord_system': 'scaffold', 'length': 12368, 'name': 'AANG04001338.1'}, {'length': 22129, 'name': 'AANG04001339.1', 'coord_system': 'scaffold'}, {'length': 10990, 'name': 'AANG04001340.1', 'coord_system': 'scaffold'}, {'coord_system': 'scaffold', 'name': 'AANG04001341.1', 'length': 10350}, {'length': 12075, 'name': 'AANG04001342.1', 'coord_system': 'scaffold'}, {'coord_system': 'scaffold', 'length': 10978, 'name': 'AANG04001343.1'}, {'coord_system': 'scaffold', 'length': 17771, 'name': 'AANG04001344.1'}, {'name': 'AANG04001345.1', 'length': 13986, 'coord_system': 'scaffold'}, {'name': 'AANG04001346.1', 'length': 10096, 'coord_system': 'scaffold'}, {'coord_system': 'scaffold', 'name': 'AANG04001349.1', 'length': 18987}, {'coord_system': 'scaffold', 'length': 76892, 'name': 'AANG04001350.1'}, {'length': 21707, 'name': 'AANG04001351.1', 'coord_system': 'scaffold'}, {'coord_system': 'scaffold', 'name': 'AANG04001352.1', 'length': 10102}, {'coord_system': 'scaffold', 'length': 2984, 'name': 'AANG04001353.1'}, {'name': 'AANG04001354.1', 'length': 4988, 'coord_system': 'scaffold'}, {'length': 2988, 'name': 'AANG04001355.1', 'coord_system': 'scaffold'}, {'name': 'AANG04001356.1', 'length': 69060, 'coord_system': 'scaffold'}, {'coord_system': 'scaffold', 'name': 'AANG04001357.1', 'length': 5987}, {'coord_system': 'scaffold', 'name': 'AANG04001358.1', 'length': 8253}, {'coord_system': 'scaffold', 'length': 7888, 'name': 'AANG04001359.1'}, {'length': 49748, 'name': 'AANG04001360.1', 'coord_system': 'scaffold'}, {'coord_system': 'scaffold', 'name': 'AANG04001361.1', 'length': 7988}, {'coord_system': 'scaffold', 'length': 6988, 'name': 'AANG04001362.1'}, {'coord_system': 'scaffold', 'length': 4988, 'name': 'AANG04001363.1'}, {'name': 'AANG04001364.1', 'length': 12975, 'coord_system': 'scaffold'}, {'coord_system': 'scaffold', 'name': 'AANG04001365.1', 'length': 6988}, {'coord_system': 'scaffold', 'length': 3988, 'name': 'AANG04001366.1'}, {'name': 'AANG04001367.1', 'length': 10988, 'coord_system': 'scaffold'}, {'coord_system': 'scaffold', 'length': 13243, 'name': 'AANG04001368.1'}, {'length': 31987, 'name': 'AANG04001369.1', 'coord_system': 'scaffold'}, {'coord_system': 'scaffold', 'name': 'AANG04001370.1', 'length': 9989}, {'coord_system': 'scaffold', 'name': 'AANG04001371.1', 'length': 5028}, {'length': 4988, 'name': 'AANG04001373.1', 'coord_system': 'scaffold'}, {'coord_system': 'scaffold', 'name': 'AANG04001374.1', 'length': 9980}, {'length': 13192, 'name': 'AANG04001375.1', 'coord_system': 'scaffold'}, {'length': 19244, 'name': 'AANG04001376.1', 'coord_system': 'scaffold'}, {'length': 5989, 'name': 'AANG04001377.1', 'coord_system': 'scaffold'}, {'length': 81638, 'name': 'AANG04001378.1', 'coord_system': 'scaffold'}, {'coord_system': 'scaffold', 'length': 11158, 'name': 'AANG04001379.1'}, {'coord_system': 'scaffold', 'name': 'AANG04001380.1', 'length': 10971}, {'length': 15987, 'name': 'AANG04001381.1', 'coord_system': 'scaffold'}, {'coord_system': 'scaffold', 'length': 4311, 'name': 'AANG04001382.1'}, {'length': 8988, 'name': 'AANG04001384.1', 'coord_system': 'scaffold'}, {'name': 'AANG04001385.1', 'length': 5983, 'coord_system': 'scaffold'}, {'coord_system': 'scaffold', 'name': 'AANG04001386.1', 'length': 10073}, {'coord_system': 'scaffold', 'length': 19540, 'name': 'AANG04001387.1'}, {'name': 'AANG04001388.1', 'length': 9987, 'coord_system': 'scaffold'}, {'coord_system': 'scaffold', 'name': 'AANG04001390.1', 'length': 12983}, {'length': 4989, 'name': 'AANG04001391.1', 'coord_system': 'scaffold'}, {'coord_system': 'scaffold', 'length': 5988, 'name': 'AANG04001392.1'}, {'coord_system': 'scaffold', 'name': 'AANG04001393.1', 'length': 8987}, {'coord_system': 'scaffold', 'name': 'AANG04001394.1', 'length': 11039}, {'name': 'AANG04001395.1', 'length': 10985, 'coord_system': 'scaffold'}, {'length': 13039, 'name': 'AANG04001396.1', 'coord_system': 'scaffold'}, {'coord_system': 'scaffold', 'length': 7987, 'name': 'AANG04001397.1'}, {'name': 'AANG04001398.1', 'length': 32930, 'coord_system': 'scaffold'}, {'coord_system': 'scaffold', 'name': 'AANG04001399.1', 'length': 68011}, {'coord_system': 'scaffold', 'name': 'AANG04001400.1', 'length': 9444}, {'coord_system': 'scaffold', 'length': 4988, 'name': 'AANG04001401.1'}, {'coord_system': 'scaffold', 'length': 14964, 'name': 'AANG04001402.1'}, {'length': 10989, 'name': 'AANG04001403.1', 'coord_system': 'scaffold'}, {'name': 'AANG04001404.1', 'length': 10497, 'coord_system': 'scaffold'}, {'name': 'AANG04001405.1', 'length': 5986, 'coord_system': 'scaffold'}, {'coord_system': 'scaffold', 'length': 12170, 'name': 'AANG04001406.1'}, {'name': 'AANG04001407.1', 'length': 20444, 'coord_system': 'scaffold'}, {'name': 'AANG04001408.1', 'length': 4988, 'coord_system': 'scaffold'}, {'coord_system': 'scaffold', 'name': 'AANG04001409.1', 'length': 10862}, {'coord_system': 'scaffold', 'length': 9281, 'name': 'AANG04001410.1'}, {'name': 'AANG04001411.1', 'length': 11986, 'coord_system': 'scaffold'}, {'coord_system': 'scaffold', 'length': 5986, 'name': 'AANG04001412.1'}, {'length': 11977, 'name': 'AANG04001413.1', 'coord_system': 'scaffold'}, {'name': 'AANG04001414.1', 'length': 13990, 'coord_system': 'scaffold'}, {'name': 'AANG04001415.1', 'length': 9976, 'coord_system': 'scaffold'}, {'length': 17664, 'name': 'AANG04001416.1', 'coord_system': 'scaffold'}, {'length': 8988, 'name': 'AANG04001417.1', 'coord_system': 'scaffold'}, {'coord_system': 'scaffold', 'name': 'AANG04001418.1', 'length': 8988}, {'coord_system': 'scaffold', 'length': 14381, 'name': 'AANG04001419.1'}, {'coord_system': 'scaffold', 'name': 'AANG04001420.1', 'length': 13968}, {'coord_system': 'scaffold', 'length': 4988, 'name': 'AANG04001421.1'}, {'length': 6988, 'name': 'AANG04001422.1', 'coord_system': 'scaffold'}, {'coord_system': 'scaffold', 'length': 16122, 'name': 'AANG04001423.1'}, {'name': 'AANG04001424.1', 'length': 3989, 'coord_system': 'scaffold'}, {'name': 'AANG04001425.1', 'length': 5987, 'coord_system': 'scaffold'}, {'coord_system': 'scaffold', 'length': 25348, 'name': 'AANG04001426.1'}, {'coord_system': 'scaffold', 'length': 12108, 'name': 'AANG04001427.1'}, {'coord_system': 'scaffold', 'name': 'AANG04001428.1', 'length': 10967}, {'length': 8040, 'name': 'AANG04001429.1', 'coord_system': 'scaffold'}, {'coord_system': 'scaffold', 'name': 'AANG04001430.1', 'length': 8981}, {'name': 'AANG04001431.1', 'length': 9985, 'coord_system': 'scaffold'}, {'coord_system': 'scaffold', 'length': 12154, 'name': 'AANG04001432.1'}, {'name': 'AANG04001433.1', 'length': 4988, 'coord_system': 'scaffold'}, {'name': 'AANG04001434.1', 'length': 8255, 'coord_system': 'scaffold'}, {'length': 9988, 'name': 'AANG04001435.1', 'coord_system': 'scaffold'}, {'coord_system': 'scaffold', 'length': 65538, 'name': 'AANG04001436.1'}, {'coord_system': 'scaffold', 'name': 'AANG04001437.1', 'length': 39437}, {'coord_system': 'scaffold', 'name': 'AANG04001438.1', 'length': 31977}, {'coord_system': 'scaffold', 'name': 'AANG04001439.1', 'length': 12987}, {'coord_system': 'scaffold', 'name': 'AANG04001440.1', 'length': 6989}, {'coord_system': 'scaffold', 'name': 'AANG04001441.1', 'length': 11984}, {'name': 'AANG04001442.1', 'length': 16960, 'coord_system': 'scaffold'}, {'coord_system': 'scaffold', 'length': 5988, 'name': 'AANG04001443.1'}, {'coord_system': 'scaffold', 'length': 15691, 'name': 'AANG04001444.1'}, {'name': 'AANG04001445.1', 'length': 28993, 'coord_system': 'scaffold'}, {'coord_system': 'scaffold', 'length': 28881, 'name': 'AANG04001446.1'}, {'coord_system': 'scaffold', 'name': 'AANG04001447.1', 'length': 9986}, {'coord_system': 'scaffold', 'name': 'AANG04001448.1', 'length': 22982}, {'coord_system': 'scaffold', 'length': 5988, 'name': 'AANG04001449.1'}, {'name': 'AANG04001450.1', 'length': 3988, 'coord_system': 'scaffold'}, {'coord_system': 'scaffold', 'length': 7988, 'name': 'AANG04001451.1'}, {'name': 'AANG04001452.1', 'length': 8990, 'coord_system': 'scaffold'}, {'coord_system': 'scaffold', 'name': 'AANG04001453.1', 'length': 7981}, {'name': 'AANG04001454.1', 'length': 8184, 'coord_system': 'scaffold'}, {'length': 14604, 'name': 'AANG04001455.1', 'coord_system': 'scaffold'}, {'length': 4988, 'name': 'AANG04001456.1', 'coord_system': 'scaffold'}, {'name': 'AANG04001457.1', 'length': 6976, 'coord_system': 'scaffold'}, {'length': 4530, 'name': 'AANG04001458.1', 'coord_system': 'scaffold'}, {'length': 13180, 'name': 'AANG04001459.1', 'coord_system': 'scaffold'}, {'name': 'AANG04001460.1', 'length': 9989, 'coord_system': 'scaffold'}, {'length': 9988, 'name': 'AANG04001461.1', 'coord_system': 'scaffold'}, {'coord_system': 'scaffold', 'length': 4631, 'name': 'AANG04001462.1'}, {'length': 10008, 'name': 'AANG04001463.1', 'coord_system': 'scaffold'}, {'name': 'AANG04001464.1', 'length': 20553, 'coord_system': 'scaffold'}, {'coord_system': 'scaffold', 'name': 'AANG04001465.1', 'length': 10988}, {'coord_system': 'scaffold', 'length': 8968, 'name': 'AANG04001466.1'}, {'coord_system': 'scaffold', 'length': 9270, 'name': 'AANG04001467.1'}, {'coord_system': 'scaffold', 'length': 3988, 'name': 'AANG04001468.1'}, {'coord_system': 'scaffold', 'name': 'AANG04001469.1', 'length': 11983}, {'name': 'AANG04001470.1', 'length': 7989, 'coord_system': 'scaffold'}, {'coord_system': 'scaffold', 'name': 'AANG04001471.1', 'length': 66607}, {'length': 3052, 'name': 'AANG04001472.1', 'coord_system': 'scaffold'}, {'name': 'AANG04001473.1', 'length': 5123, 'coord_system': 'scaffold'}, {'coord_system': 'scaffold', 'length': 8987, 'name': 'AANG04001474.1'}, {'length': 12143, 'name': 'AANG04001475.1', 'coord_system': 'scaffold'}, {'name': 'AANG04001476.1', 'length': 11428, 'coord_system': 'scaffold'}, {'name': 'AANG04001477.1', 'length': 12948, 'coord_system': 'scaffold'}, {'coord_system': 'scaffold', 'length': 4988, 'name': 'AANG04001478.1'}, {'coord_system': 'scaffold', 'length': 7257, 'name': 'AANG04001479.1'}, {'name': 'AANG04001480.1', 'length': 19635, 'coord_system': 'scaffold'}, {'coord_system': 'scaffold', 'length': 12982, 'name': 'AANG04001481.1'}, {'coord_system': 'scaffold', 'name': 'AANG04001483.1', 'length': 9457}, {'coord_system': 'scaffold', 'name': 'AANG04001484.1', 'length': 11985}, {'name': 'AANG04001485.1', 'length': 10988, 'coord_system': 'scaffold'}, {'length': 18439, 'name': 'AANG04001486.1', 'coord_system': 'scaffold'}, {'coord_system': 'scaffold', 'length': 7024, 'name': 'AANG04001487.1'}, {'coord_system': 'scaffold', 'length': 7695, 'name': 'AANG04001488.1'}, {'coord_system': 'scaffold', 'name': 'AANG04001489.1', 'length': 15980}, {'coord_system': 'scaffold', 'length': 13990, 'name': 'AANG04001490.1'}, {'coord_system': 'scaffold', 'length': 69846, 'name': 'AANG04001491.1'}, {'coord_system': 'scaffold', 'name': 'AANG04001492.1', 'length': 12680}, {'coord_system': 'scaffold', 'length': 5987, 'name': 'AANG04001493.1'}, {'coord_system': 'scaffold', 'name': 'AANG04001494.1', 'length': 23341}, {'name': 'AANG04001495.1', 'length': 9025, 'coord_system': 'scaffold'}, {'coord_system': 'scaffold', 'length': 16114, 'name': 'AANG04001496.1'}, {'length': 13176, 'name': 'AANG04001497.1', 'coord_system': 'scaffold'}, {'coord_system': 'scaffold', 'length': 3988, 'name': 'AANG04001498.1'}, {'length': 8202, 'name': 'AANG04001499.1', 'coord_system': 'scaffold'}, {'coord_system': 'scaffold', 'length': 53274, 'name': 'AANG04001500.1'}, {'length': 13527, 'name': 'AANG04001501.1', 'coord_system': 'scaffold'}, {'coord_system': 'scaffold', 'length': 15988, 'name': 'AANG04001502.1'}, {'coord_system': 'scaffold', 'name': 'AANG04001503.1', 'length': 15018}, {'coord_system': 'scaffold', 'name': 'AANG04001504.1', 'length': 5975}, {'coord_system': 'scaffold', 'length': 6985, 'name': 'AANG04001505.1'}, {'length': 9795, 'name': 'AANG04001506.1', 'coord_system': 'scaffold'}, {'name': 'AANG04001508.1', 'length': 8986, 'coord_system': 'scaffold'}, {'coord_system': 'scaffold', 'length': 10140, 'name': 'AANG04001509.1'}, {'name': 'AANG04001510.1', 'length': 7300, 'coord_system': 'scaffold'}, {'coord_system': 'scaffold', 'name': 'AANG04001511.1', 'length': 15927}, {'length': 11508, 'name': 'AANG04001512.1', 'coord_system': 'scaffold'}, {'coord_system': 'scaffold', 'length': 9993, 'name': 'AANG04001514.1'}, {'length': 11983, 'name': 'AANG04001515.1', 'coord_system': 'scaffold'}, {'length': 25172, 'name': 'AANG04001516.1', 'coord_system': 'scaffold'}, {'coord_system': 'scaffold', 'length': 7987, 'name': 'AANG04001517.1'}, {'length': 8988, 'name': 'AANG04001518.1', 'coord_system': 'scaffold'}, {'length': 5988, 'name': 'AANG04001519.1', 'coord_system': 'scaffold'}, {'coord_system': 'scaffold', 'length': 2988, 'name': 'AANG04001520.1'}, {'name': 'AANG04001521.1', 'length': 15990, 'coord_system': 'scaffold'}, {'coord_system': 'scaffold', 'name': 'AANG04001522.1', 'length': 7988}, {'coord_system': 'scaffold', 'length': 15949, 'name': 'AANG04001523.1'}, {'coord_system': 'scaffold', 'length': 13053, 'name': 'AANG04001524.1'}, {'length': 9172, 'name': 'AANG04001525.1', 'coord_system': 'scaffold'}, {'coord_system': 'scaffold', 'length': 9929, 'name': 'AANG04001526.1'}, {'coord_system': 'scaffold', 'name': 'AANG04001527.1', 'length': 12989}, {'length': 8981, 'name': 'AANG04001528.1', 'coord_system': 'scaffold'}, {'name': 'AANG04001529.1', 'length': 17989, 'coord_system': 'scaffold'}, {'coord_system': 'scaffold', 'length': 6987, 'name': 'AANG04001530.1'}, {'coord_system': 'scaffold', 'length': 10006, 'name': 'AANG04001531.1'}, {'name': 'AANG04001532.1', 'length': 7983, 'coord_system': 'scaffold'}, {'coord_system': 'scaffold', 'name': 'AANG04001533.1', 'length': 9986}, {'coord_system': 'scaffold', 'length': 15261, 'name': 'AANG04001534.1'}, {'name': 'AANG04001535.1', 'length': 9810, 'coord_system': 'scaffold'}, {'coord_system': 'scaffold', 'length': 2988, 'name': 'AANG04001536.1'}, {'coord_system': 'scaffold', 'name': 'AANG04001537.1', 'length': 14318}, {'coord_system': 'scaffold', 'name': 'AANG04001538.1', 'length': 10981}, {'name': 'AANG04001539.1', 'length': 3987, 'coord_system': 'scaffold'}, {'name': 'AANG04001540.1', 'length': 12897, 'coord_system': 'scaffold'}, {'coord_system': 'scaffold', 'length': 12975, 'name': 'AANG04001541.1'}, {'name': 'AANG04001542.1', 'length': 28148, 'coord_system': 'scaffold'}, {'length': 3631, 'name': 'AANG04001543.1', 'coord_system': 'scaffold'}, {'coord_system': 'scaffold', 'length': 9525, 'name': 'AANG04001544.1'}, {'name': 'AANG04001545.1', 'length': 3988, 'coord_system': 'scaffold'}, {'coord_system': 'scaffold', 'length': 7985, 'name': 'AANG04001548.1'}, {'coord_system': 'scaffold', 'length': 4988, 'name': 'AANG04001549.1'}, {'coord_system': 'scaffold', 'length': 2988, 'name': 'AANG04001550.1'}, {'name': 'AANG04001551.1', 'length': 10987, 'coord_system': 'scaffold'}, {'name': 'AANG04001552.1', 'length': 9988, 'coord_system': 'scaffold'}, {'length': 9959, 'name': 'AANG04001553.1', 'coord_system': 'scaffold'}, {'length': 2988, 'name': 'AANG04001554.1', 'coord_system': 'scaffold'}, {'coord_system': 'scaffold', 'length': 12533, 'name': 'AANG04001555.1'}, {'coord_system': 'scaffold', 'name': 'AANG04001556.1', 'length': 55934}, {'name': 'AANG04001557.1', 'length': 19031, 'coord_system': 'scaffold'}, {'coord_system': 'scaffold', 'length': 6988, 'name': 'AANG04001558.1'}, {'name': 'AANG04001559.1', 'length': 8988, 'coord_system': 'scaffold'}, {'length': 6987, 'name': 'AANG04001560.1', 'coord_system': 'scaffold'}, {'coord_system': 'scaffold', 'length': 9989, 'name': 'AANG04001561.1'}, {'coord_system': 'scaffold', 'name': 'AANG04001562.1', 'length': 12984}, {'coord_system': 'scaffold', 'name': 'AANG04001563.1', 'length': 6988}, {'length': 17873, 'name': 'AANG04001564.1', 'coord_system': 'scaffold'}, {'name': 'AANG04001565.1', 'length': 4987, 'coord_system': 'scaffold'}, {'length': 5987, 'name': 'AANG04001566.1', 'coord_system': 'scaffold'}, {'coord_system': 'scaffold', 'name': 'AANG04001567.1', 'length': 43828}, {'coord_system': 'scaffold', 'name': 'AANG04001568.1', 'length': 9821}, {'length': 23761, 'name': 'AANG04001569.1', 'coord_system': 'scaffold'}, {'coord_system': 'scaffold', 'name': 'AANG04001570.1', 'length': 11685}, {'coord_system': 'scaffold', 'length': 12858, 'name': 'AANG04001571.1'}, {'coord_system': 'scaffold', 'length': 15856, 'name': 'AANG04001572.1'}, {'name': 'AANG04001573.1', 'length': 2988, 'coord_system': 'scaffold'}, {'name': 'AANG04001574.1', 'length': 7976, 'coord_system': 'scaffold'}, {'coord_system': 'scaffold', 'name': 'AANG04001575.1', 'length': 10978}, {'coord_system': 'scaffold', 'length': 3987, 'name': 'AANG04001576.1'}, {'length': 9323, 'name': 'AANG04001577.1', 'coord_system': 'scaffold'}, {'coord_system': 'scaffold', 'name': 'AANG04001578.1', 'length': 6988}, {'coord_system': 'scaffold', 'length': 7091, 'name': 'AANG04001579.1'}, {'coord_system': 'scaffold', 'name': 'AANG04001580.1', 'length': 10989}, {'coord_system': 'scaffold', 'length': 5917, 'name': 'AANG04001581.1'}, {'coord_system': 'scaffold', 'name': 'AANG04001582.1', 'length': 18126}, {'length': 6188, 'name': 'AANG04001583.1', 'coord_system': 'scaffold'}, {'length': 3989, 'name': 'AANG04001584.1', 'coord_system': 'scaffold'}, {'coord_system': 'scaffold', 'name': 'AANG04001585.1', 'length': 9782}, {'coord_system': 'scaffold', 'name': 'AANG04001586.1', 'length': 8224}, {'coord_system': 'scaffold', 'name': 'AANG04001587.1', 'length': 7988}, {'coord_system': 'scaffold', 'name': 'AANG04001588.1', 'length': 13975}, {'coord_system': 'scaffold', 'length': 9033, 'name': 'AANG04001589.1'}, {'length': 16529, 'name': 'AANG04001590.1', 'coord_system': 'scaffold'}, {'coord_system': 'scaffold', 'length': 9627, 'name': 'AANG04001591.1'}, {'coord_system': 'scaffold', 'length': 2988, 'name': 'AANG04001592.1'}, {'coord_system': 'scaffold', 'name': 'AANG04001593.1', 'length': 5988}, {'name': 'AANG04001594.1', 'length': 7988, 'coord_system': 'scaffold'}, {'coord_system': 'scaffold', 'length': 3988, 'name': 'AANG04001595.1'}, {'coord_system': 'scaffold', 'length': 12017, 'name': 'AANG04001596.1'}, {'coord_system': 'scaffold', 'name': 'AANG04001597.1', 'length': 23053}, {'coord_system': 'scaffold', 'length': 8988, 'name': 'AANG04001598.1'}, {'coord_system': 'scaffold', 'length': 9432, 'name': 'AANG04001599.1'}, {'name': 'AANG04001600.1', 'length': 14986, 'coord_system': 'scaffold'}, {'name': 'AANG04001601.1', 'length': 26354, 'coord_system': 'scaffold'}, {'coord_system': 'scaffold', 'name': 'AANG04001602.1', 'length': 3987}, {'length': 3984, 'name': 'AANG04001603.1', 'coord_system': 'scaffold'}, {'coord_system': 'scaffold', 'name': 'AANG04001604.1', 'length': 10974}, {'name': 'AANG04001606.1', 'length': 17472, 'coord_system': 'scaffold'}, {'name': 'AANG04001607.1', 'length': 7987, 'coord_system': 'scaffold'}, {'length': 3988, 'name': 'AANG04001608.1', 'coord_system': 'scaffold'}, {'length': 12070, 'name': 'AANG04001609.1', 'coord_system': 'scaffold'}, {'name': 'AANG04001610.1', 'length': 26738, 'coord_system': 'scaffold'}, {'length': 5987, 'name': 'AANG04001611.1', 'coord_system': 'scaffold'}, {'length': 5342, 'name': 'AANG04001612.1', 'coord_system': 'scaffold'}, {'coord_system': 'scaffold', 'length': 11986, 'name': 'AANG04001613.1'}, {'length': 8987, 'name': 'AANG04001614.1', 'coord_system': 'scaffold'}, {'length': 6985, 'name': 'AANG04001615.1', 'coord_system': 'scaffold'}, {'coord_system': 'scaffold', 'length': 5988, 'name': 'AANG04001616.1'}, {'coord_system': 'scaffold', 'name': 'AANG04001617.1', 'length': 10204}, {'name': 'AANG04001618.1', 'length': 3485, 'coord_system': 'scaffold'}, {'coord_system': 'scaffold', 'name': 'AANG04001619.1', 'length': 34475}, {'length': 6980, 'name': 'AANG04001620.1', 'coord_system': 'scaffold'}, {'length': 4988, 'name': 'AANG04001621.1', 'coord_system': 'scaffold'}, {'length': 17795, 'name': 'AANG04001622.1', 'coord_system': 'scaffold'}, {'name': 'AANG04001623.1', 'length': 10976, 'coord_system': 'scaffold'}, {'name': 'AANG04001624.1', 'length': 9769, 'coord_system': 'scaffold'}, {'length': 9593, 'name': 'AANG04001625.1', 'coord_system': 'scaffold'}, {'coord_system': 'scaffold', 'length': 4988, 'name': 'AANG04001626.1'}, {'coord_system': 'scaffold', 'length': 14886, 'name': 'AANG04001627.1'}, {'coord_system': 'scaffold', 'length': 13693, 'name': 'AANG04001628.1'}, {'coord_system': 'scaffold', 'length': 39038, 'name': 'AANG04001629.1'}, {'coord_system': 'scaffold', 'length': 5987, 'name': 'AANG04001630.1'}, {'length': 16031, 'name': 'AANG04001631.1', 'coord_system': 'scaffold'}, {'length': 41003, 'name': 'AANG04001632.1', 'coord_system': 'scaffold'}, {'coord_system': 'scaffold', 'name': 'AANG04001633.1', 'length': 20138}, {'name': 'AANG04001634.1', 'length': 4989, 'coord_system': 'scaffold'}, {'coord_system': 'scaffold', 'length': 43863, 'name': 'AANG04001635.1'}, {'length': 8177, 'name': 'AANG04001636.1', 'coord_system': 'scaffold'}, {'coord_system': 'scaffold', 'length': 5990, 'name': 'AANG04001637.1'}, {'length': 12109, 'name': 'AANG04001638.1', 'coord_system': 'scaffold'}, {'coord_system': 'scaffold', 'name': 'AANG04001639.1', 'length': 6263}, {'name': 'AANG04001640.1', 'length': 8988, 'coord_system': 'scaffold'}, {'coord_system': 'scaffold', 'length': 66069, 'name': 'AANG04001641.1'}, {'name': 'AANG04001642.1', 'length': 24362, 'coord_system': 'scaffold'}, {'coord_system': 'scaffold', 'length': 3988, 'name': 'AANG04001643.1'}, {'coord_system': 'scaffold', 'name': 'AANG04001644.1', 'length': 6988}, {'length': 3988, 'name': 'AANG04001646.1', 'coord_system': 'scaffold'}, {'coord_system': 'scaffold', 'name': 'AANG04001647.1', 'length': 4987}, {'name': 'AANG04001648.1', 'length': 4425, 'coord_system': 'scaffold'}, {'coord_system': 'scaffold', 'name': 'AANG04001649.1', 'length': 6531}, {'coord_system': 'scaffold', 'name': 'AANG04001650.1', 'length': 12124}, {'length': 3988, 'name': 'AANG04001651.1', 'coord_system': 'scaffold'}, {'length': 16949, 'name': 'AANG04001652.1', 'coord_system': 'scaffold'}, {'coord_system': 'scaffold', 'name': 'AANG04001653.1', 'length': 6988}, {'name': 'AANG04001654.1', 'length': 13918, 'coord_system': 'scaffold'}, {'coord_system': 'scaffold', 'length': 36368, 'name': 'AANG04001655.1'}, {'name': 'AANG04001656.1', 'length': 9221, 'coord_system': 'scaffold'}, {'coord_system': 'scaffold', 'length': 4929, 'name': 'AANG04001657.1'}, {'length': 14297, 'name': 'AANG04001658.1', 'coord_system': 'scaffold'}, {'coord_system': 'scaffold', 'name': 'AANG04001659.1', 'length': 22414}, {'coord_system': 'scaffold', 'name': 'AANG04001660.1', 'length': 14148}, {'length': 6988, 'name': 'AANG04001661.1', 'coord_system': 'scaffold'}, {'coord_system': 'scaffold', 'length': 7388, 'name': 'AANG04001662.1'}, {'coord_system': 'scaffold', 'name': 'AANG04001663.1', 'length': 6982}, {'coord_system': 'scaffold', 'length': 9988, 'name': 'AANG04001664.1'}, {'length': 8995, 'name': 'AANG04001665.1', 'coord_system': 'scaffold'}, {'length': 52217, 'name': 'AANG04001666.1', 'coord_system': 'scaffold'}, {'length': 3989, 'name': 'AANG04001667.1', 'coord_system': 'scaffold'}, {'name': 'AANG04001669.1', 'length': 13989, 'coord_system': 'scaffold'}, {'coord_system': 'scaffold', 'length': 9988, 'name': 'AANG04001670.1'}, {'name': 'AANG04001671.1', 'length': 4989, 'coord_system': 'scaffold'}, {'name': 'AANG04001672.1', 'length': 20804, 'coord_system': 'scaffold'}, {'coord_system': 'scaffold', 'name': 'AANG04001673.1', 'length': 18832}, {'coord_system': 'scaffold', 'length': 6079, 'name': 'AANG04001674.1'}, {'length': 5996, 'name': 'AANG04001675.1', 'coord_system': 'scaffold'}, {'coord_system': 'scaffold', 'length': 7987, 'name': 'AANG04001676.1'}, {'coord_system': 'scaffold', 'length': 61494, 'name': 'AANG04001677.1'}, {'coord_system': 'scaffold', 'name': 'AANG04001678.1', 'length': 4990}, {'length': 4988, 'name': 'AANG04001679.1', 'coord_system': 'scaffold'}, {'coord_system': 'scaffold', 'length': 4987, 'name': 'AANG04001680.1'}, {'name': 'AANG04001681.1', 'length': 9987, 'coord_system': 'scaffold'}, {'coord_system': 'scaffold', 'length': 9976, 'name': 'AANG04001682.1'}, {'name': 'AANG04001683.1', 'length': 6479, 'coord_system': 'scaffold'}, {'coord_system': 'scaffold', 'length': 9988, 'name': 'AANG04001684.1'}, {'coord_system': 'scaffold', 'name': 'AANG04001685.1', 'length': 7991}, {'name': 'AANG04001686.1', 'length': 18030, 'coord_system': 'scaffold'}, {'length': 13742, 'name': 'AANG04001687.1', 'coord_system': 'scaffold'}, {'coord_system': 'scaffold', 'name': 'AANG04001688.1', 'length': 12210}, {'name': 'AANG04001689.1', 'length': 11982, 'coord_system': 'scaffold'}, {'coord_system': 'scaffold', 'length': 6988, 'name': 'AANG04001691.1'}, {'coord_system': 'scaffold', 'name': 'AANG04001692.1', 'length': 5987}, {'coord_system': 'scaffold', 'length': 10104, 'name': 'AANG04001693.1'}, {'coord_system': 'scaffold', 'name': 'AANG04001694.1', 'length': 9989}, {'coord_system': 'scaffold', 'name': 'AANG04001695.1', 'length': 16053}, {'coord_system': 'scaffold', 'name': 'AANG04001696.1', 'length': 47050}, {'length': 7972, 'name': 'AANG04001697.1', 'coord_system': 'scaffold'}, {'length': 10721, 'name': 'AANG04001698.1', 'coord_system': 'scaffold'}, {'length': 21835, 'name': 'AANG04001699.1', 'coord_system': 'scaffold'}, {'name': 'AANG04001700.1', 'length': 10451, 'coord_system': 'scaffold'}, {'coord_system': 'scaffold', 'name': 'AANG04001701.1', 'length': 3989}, {'coord_system': 'scaffold', 'name': 'AANG04001702.1', 'length': 10119}, {'length': 14841, 'name': 'AANG04001704.1', 'coord_system': 'scaffold'}, {'coord_system': 'scaffold', 'length': 12367, 'name': 'AANG04001705.1'}, {'name': 'AANG04001706.1', 'length': 16991, 'coord_system': 'scaffold'}, {'name': 'AANG04001707.1', 'length': 6989, 'coord_system': 'scaffold'}, {'coord_system': 'scaffold', 'name': 'AANG04001708.1', 'length': 5988}, {'coord_system': 'scaffold', 'name': 'AANG04001709.1', 'length': 7214}, {'coord_system': 'scaffold', 'length': 8190, 'name': 'AANG04001710.1'}, {'name': 'AANG04001711.1', 'length': 9237, 'coord_system': 'scaffold'}, {'coord_system': 'scaffold', 'length': 12011, 'name': 'AANG04001712.1'}, {'coord_system': 'scaffold', 'name': 'AANG04001713.1', 'length': 10662}, {'coord_system': 'scaffold', 'length': 10378, 'name': 'AANG04001714.1'}, {'coord_system': 'scaffold', 'length': 8975, 'name': 'AANG04001715.1'}, {'name': 'AANG04001716.1', 'length': 12944, 'coord_system': 'scaffold'}, {'length': 10192, 'name': 'AANG04001717.1', 'coord_system': 'scaffold'}, {'coord_system': 'scaffold', 'name': 'AANG04001718.1', 'length': 2807}, {'length': 58813, 'name': 'AANG04001719.1', 'coord_system': 'scaffold'}, {'name': 'AANG04001720.1', 'length': 8637, 'coord_system': 'scaffold'}, {'coord_system': 'scaffold', 'name': 'AANG04001721.1', 'length': 10651}, {'coord_system': 'scaffold', 'length': 14414, 'name': 'AANG04001723.1'}, {'name': 'AANG04001724.1', 'length': 11009, 'coord_system': 'scaffold'}, {'length': 9987, 'name': 'AANG04001726.1', 'coord_system': 'scaffold'}, {'length': 4086, 'name': 'AANG04001727.1', 'coord_system': 'scaffold'}, {'name': 'AANG04001728.1', 'length': 18100, 'coord_system': 'scaffold'}, {'name': 'AANG04001729.1', 'length': 7985, 'coord_system': 'scaffold'}, {'length': 18500, 'name': 'AANG04001730.1', 'coord_system': 'scaffold'}, {'coord_system': 'scaffold', 'name': 'AANG04001731.1', 'length': 6986}, {'coord_system': 'scaffold', 'length': 17944, 'name': 'AANG04001732.1'}, {'coord_system': 'scaffold', 'name': 'AANG04001733.1', 'length': 8380}, {'coord_system': 'scaffold', 'length': 4165, 'name': 'AANG04001734.1'}, {'length': 12988, 'name': 'AANG04001735.1', 'coord_system': 'scaffold'}, {'name': 'AANG04001736.1', 'length': 9985, 'coord_system': 'scaffold'}, {'length': 12990, 'name': 'AANG04001737.1', 'coord_system': 'scaffold'}, {'name': 'AANG04001738.1', 'length': 51948, 'coord_system': 'scaffold'}, {'coord_system': 'scaffold', 'name': 'AANG04001739.1', 'length': 12037}, {'name': 'AANG04001740.1', 'length': 9375, 'coord_system': 'scaffold'}, {'length': 10986, 'name': 'AANG04001741.1', 'coord_system': 'scaffold'}, {'coord_system': 'scaffold', 'name': 'AANG04001742.1', 'length': 3988}, {'coord_system': 'scaffold', 'name': 'AANG04001743.1', 'length': 18986}, {'coord_system': 'scaffold', 'name': 'AANG04001744.1', 'length': 8989}, {'coord_system': 'scaffold', 'name': 'AANG04001745.1', 'length': 7243}, {'coord_system': 'scaffold', 'length': 2988, 'name': 'AANG04001746.1'}, {'name': 'AANG04001747.1', 'length': 13701, 'coord_system': 'scaffold'}, {'coord_system': 'scaffold', 'length': 9988, 'name': 'AANG04001749.1'}, {'name': 'AANG04001750.1', 'length': 20291, 'coord_system': 'scaffold'}, {'length': 9987, 'name': 'AANG04001752.1', 'coord_system': 'scaffold'}, {'coord_system': 'scaffold', 'length': 6300, 'name': 'AANG04001753.1'}, {'length': 11593, 'name': 'AANG04001754.1', 'coord_system': 'scaffold'}, {'length': 5985, 'name': 'AANG04001757.1', 'coord_system': 'scaffold'}, {'coord_system': 'scaffold', 'name': 'AANG04001758.1', 'length': 12136}, {'coord_system': 'scaffold', 'length': 3053, 'name': 'AANG04001759.1'}, {'coord_system': 'scaffold', 'length': 5971, 'name': 'AANG04001760.1'}, {'name': 'AANG04001762.1', 'length': 15500, 'coord_system': 'scaffold'}, {'length': 52109, 'name': 'AANG04001763.1', 'coord_system': 'scaffold'}, {'length': 80686, 'name': 'AANG04001764.1', 'coord_system': 'scaffold'}, {'coord_system': 'scaffold', 'length': 8987, 'name': 'AANG04001765.1'}, {'coord_system': 'scaffold', 'name': 'AANG04001767.1', 'length': 54723}, {'name': 'AANG04001768.1', 'length': 6987, 'coord_system': 'scaffold'}, {'length': 23400, 'name': 'AANG04001769.1', 'coord_system': 'scaffold'}, {'name': 'AANG04001770.1', 'length': 11849, 'coord_system': 'scaffold'}, {'coord_system': 'scaffold', 'name': 'AANG04001771.1', 'length': 10987}, {'coord_system': 'scaffold', 'name': 'AANG04001772.1', 'length': 9980}, {'coord_system': 'scaffold', 'name': 'AANG04001773.1', 'length': 6422}, {'coord_system': 'scaffold', 'name': 'AANG04001774.1', 'length': 4988}, {'coord_system': 'scaffold', 'length': 14335, 'name': 'AANG04001775.1'}, {'length': 11796, 'name': 'AANG04001776.1', 'coord_system': 'scaffold'}, {'coord_system': 'scaffold', 'name': 'AANG04001777.1', 'length': 10742}, {'coord_system': 'scaffold', 'length': 19687, 'name': 'AANG04001778.1'}, {'coord_system': 'scaffold', 'length': 12391, 'name': 'AANG04001779.1'}, {'coord_system': 'scaffold', 'name': 'AANG04001780.1', 'length': 13216}, {'name': 'AANG04001782.1', 'length': 7987, 'coord_system': 'scaffold'}, {'coord_system': 'scaffold', 'name': 'AANG04001783.1', 'length': 10987}, {'length': 3990, 'name': 'AANG04001784.1', 'coord_system': 'scaffold'}, {'coord_system': 'scaffold', 'length': 14978, 'name': 'AANG04001785.1'}, {'length': 6987, 'name': 'AANG04001786.1', 'coord_system': 'scaffold'}, {'coord_system': 'scaffold', 'length': 10171, 'name': 'AANG04001787.1'}, {'coord_system': 'scaffold', 'length': 10094, 'name': 'AANG04001788.1'}, {'coord_system': 'scaffold', 'length': 14092, 'name': 'AANG04001789.1'}, {'coord_system': 'scaffold', 'length': 8982, 'name': 'AANG04001790.1'}, {'length': 2988, 'name': 'AANG04001791.1', 'coord_system': 'scaffold'}, {'coord_system': 'scaffold', 'name': 'AANG04001792.1', 'length': 22124}, {'coord_system': 'scaffold', 'length': 21809, 'name': 'AANG04001793.1'}, {'name': 'AANG04001794.1', 'length': 8988, 'coord_system': 'scaffold'}, {'name': 'AANG04001795.1', 'length': 14989, 'coord_system': 'scaffold'}, {'name': 'AANG04001796.1', 'length': 46967, 'coord_system': 'scaffold'}, {'length': 38773, 'name': 'AANG04001797.1', 'coord_system': 'scaffold'}, {'coord_system': 'scaffold', 'length': 14689, 'name': 'AANG04001798.1'}, {'name': 'AANG04001799.1', 'length': 16452, 'coord_system': 'scaffold'}, {'length': 19988, 'name': 'AANG04001800.1', 'coord_system': 'scaffold'}, {'coord_system': 'scaffold', 'length': 9973, 'name': 'AANG04001801.1'}, {'coord_system': 'scaffold', 'length': 11983, 'name': 'AANG04001802.1'}, {'coord_system': 'scaffold', 'length': 9967, 'name': 'AANG04001803.1'}, {'name': 'AANG04001804.1', 'length': 11661, 'coord_system': 'scaffold'}, {'name': 'AANG04001805.1', 'length': 4988, 'coord_system': 'scaffold'}, {'coord_system': 'scaffold', 'name': 'AANG04001806.1', 'length': 14986}, {'length': 11712, 'name': 'AANG04001807.1', 'coord_system': 'scaffold'}, {'length': 4988, 'name': 'AANG04001808.1', 'coord_system': 'scaffold'}, {'length': 6060, 'name': 'AANG04001809.1', 'coord_system': 'scaffold'}, {'length': 53987, 'name': 'AANG04001810.1', 'coord_system': 'scaffold'}, {'name': 'AANG04001812.1', 'length': 8990, 'coord_system': 'scaffold'}, {'length': 4988, 'name': 'AANG04001813.1', 'coord_system': 'scaffold'}, {'name': 'AANG04001814.1', 'length': 4183, 'coord_system': 'scaffold'}, {'length': 15649, 'name': 'AANG04001817.1', 'coord_system': 'scaffold'}, {'coord_system': 'scaffold', 'length': 14985, 'name': 'AANG04001818.1'}, {'name': 'AANG04001819.1', 'length': 4988, 'coord_system': 'scaffold'}, {'coord_system': 'scaffold', 'length': 17975, 'name': 'AANG04001820.1'}, {'coord_system': 'scaffold', 'length': 13040, 'name': 'AANG04001821.1'}, {'name': 'AANG04001822.1', 'length': 6988, 'coord_system': 'scaffold'}, {'length': 12765, 'name': 'AANG04001823.1', 'coord_system': 'scaffold'}, {'coord_system': 'scaffold', 'name': 'AANG04001824.1', 'length': 11987}, {'coord_system': 'scaffold', 'length': 3988, 'name': 'AANG04001825.1'}, {'length': 10985, 'name': 'AANG04001826.1', 'coord_system': 'scaffold'}, {'coord_system': 'scaffold', 'name': 'AANG04001827.1', 'length': 10403}, {'coord_system': 'scaffold', 'name': 'AANG04001828.1', 'length': 8987}, {'coord_system': 'scaffold', 'name': 'AANG04001829.1', 'length': 10703}, {'coord_system': 'scaffold', 'name': 'AANG04001830.1', 'length': 14094}, {'coord_system': 'scaffold', 'name': 'AANG04001831.1', 'length': 4988}, {'coord_system': 'scaffold', 'length': 6987, 'name': 'AANG04001832.1'}, {'coord_system': 'scaffold', 'length': 11959, 'name': 'AANG04001833.1'}, {'length': 13521, 'name': 'AANG04001834.1', 'coord_system': 'scaffold'}, {'coord_system': 'scaffold', 'name': 'AANG04001835.1', 'length': 5987}, {'coord_system': 'scaffold', 'name': 'AANG04001837.1', 'length': 11987}, {'coord_system': 'scaffold', 'length': 14832, 'name': 'AANG04001838.1'}, {'name': 'AANG04001839.1', 'length': 6242, 'coord_system': 'scaffold'}, {'coord_system': 'scaffold', 'name': 'AANG04001841.1', 'length': 32262}, {'coord_system': 'scaffold', 'length': 9985, 'name': 'AANG04001842.1'}, {'coord_system': 'scaffold', 'length': 15943, 'name': 'AANG04001843.1'}, {'length': 5987, 'name': 'AANG04001844.1', 'coord_system': 'scaffold'}, {'coord_system': 'scaffold', 'name': 'AANG04001845.1', 'length': 12986}, {'coord_system': 'scaffold', 'name': 'AANG04001846.1', 'length': 7988}, {'coord_system': 'scaffold', 'length': 39566, 'name': 'AANG04001847.1'}, {'length': 10986, 'name': 'AANG04001848.1', 'coord_system': 'scaffold'}, {'length': 10193, 'name': 'AANG04001849.1', 'coord_system': 'scaffold'}, {'length': 8187, 'name': 'AANG04001850.1', 'coord_system': 'scaffold'}, {'length': 6218, 'name': 'AANG04001851.1', 'coord_system': 'scaffold'}, {'coord_system': 'scaffold', 'length': 7993, 'name': 'AANG04001852.1'}, {'coord_system': 'scaffold', 'name': 'AANG04001853.1', 'length': 11974}, {'name': 'AANG04001854.1', 'length': 7152, 'coord_system': 'scaffold'}, {'coord_system': 'scaffold', 'length': 19021, 'name': 'AANG04001855.1'}, {'coord_system': 'scaffold', 'length': 77793, 'name': 'AANG04001856.1'}, {'coord_system': 'scaffold', 'name': 'AANG04001857.1', 'length': 14975}, {'coord_system': 'scaffold', 'name': 'AANG04001858.1', 'length': 14924}, {'coord_system': 'scaffold', 'name': 'AANG04001859.1', 'length': 5163}, {'name': 'AANG04001861.1', 'length': 9177, 'coord_system': 'scaffold'}, {'coord_system': 'scaffold', 'name': 'AANG04001862.1', 'length': 9948}, {'coord_system': 'scaffold', 'length': 25687, 'name': 'AANG04001863.1'}, {'coord_system': 'scaffold', 'length': 8321, 'name': 'AANG04001864.1'}, {'coord_system': 'scaffold', 'name': 'AANG04001866.1', 'length': 83688}, {'name': 'AANG04001867.1', 'length': 2987, 'coord_system': 'scaffold'}, {'length': 10988, 'name': 'AANG04001868.1', 'coord_system': 'scaffold'}, {'length': 2988, 'name': 'AANG04001869.1', 'coord_system': 'scaffold'}, {'coord_system': 'scaffold', 'name': 'AANG04001870.1', 'length': 4989}, {'coord_system': 'scaffold', 'name': 'AANG04001871.1', 'length': 13175}, {'length': 12175, 'name': 'AANG04001872.1', 'coord_system': 'scaffold'}, {'coord_system': 'scaffold', 'name': 'AANG04001874.1', 'length': 2986}, {'coord_system': 'scaffold', 'name': 'AANG04001875.1', 'length': 13259}, {'coord_system': 'scaffold', 'length': 8988, 'name': 'AANG04001876.1'}, {'length': 10200, 'name': 'AANG04001877.1', 'coord_system': 'scaffold'}, {'coord_system': 'scaffold', 'length': 13407, 'name': 'AANG04001878.1'}, {'length': 13173, 'name': 'AANG04001879.1', 'coord_system': 'scaffold'}, {'coord_system': 'scaffold', 'name': 'AANG04001880.1', 'length': 15988}, {'name': 'AANG04001881.1', 'length': 11985, 'coord_system': 'scaffold'}, {'coord_system': 'scaffold', 'name': 'AANG04001882.1', 'length': 6155}, {'coord_system': 'scaffold', 'length': 25763, 'name': 'AANG04001883.1'}, {'coord_system': 'scaffold', 'name': 'AANG04001884.1', 'length': 7185}, {'length': 12988, 'name': 'AANG04001885.1', 'coord_system': 'scaffold'}, {'coord_system': 'scaffold', 'name': 'AANG04001887.1', 'length': 10988}, {'name': 'AANG04001888.1', 'length': 10975, 'coord_system': 'scaffold'}, {'coord_system': 'scaffold', 'name': 'AANG04001889.1', 'length': 4988}, {'coord_system': 'scaffold', 'name': 'AANG04001890.1', 'length': 4984}, {'name': 'AANG04001891.1', 'length': 7990, 'coord_system': 'scaffold'}, {'coord_system': 'scaffold', 'name': 'AANG04001892.1', 'length': 15729}, {'length': 11990, 'name': 'AANG04001893.1', 'coord_system': 'scaffold'}, {'coord_system': 'scaffold', 'length': 4987, 'name': 'AANG04001894.1'}, {'name': 'AANG04001895.1', 'length': 11187, 'coord_system': 'scaffold'}, {'name': 'AANG04001896.1', 'length': 13622, 'coord_system': 'scaffold'}, {'name': 'AANG04001897.1', 'length': 6988, 'coord_system': 'scaffold'}, {'name': 'AANG04001898.1', 'length': 14989, 'coord_system': 'scaffold'}, {'coord_system': 'scaffold', 'length': 23688, 'name': 'AANG04001899.1'}, {'coord_system': 'scaffold', 'length': 13248, 'name': 'AANG04001900.1'}, {'coord_system': 'scaffold', 'length': 4468, 'name': 'AANG04001901.1'}, {'length': 10984, 'name': 'AANG04001902.1', 'coord_system': 'scaffold'}, {'coord_system': 'scaffold', 'length': 14633, 'name': 'AANG04001903.1'}, {'coord_system': 'scaffold', 'length': 35512, 'name': 'AANG04001904.1'}, {'coord_system': 'scaffold', 'length': 18952, 'name': 'AANG04001905.1'}, {'name': 'AANG04001906.1', 'length': 8593, 'coord_system': 'scaffold'}, {'coord_system': 'scaffold', 'name': 'AANG04001907.1', 'length': 45295}, {'coord_system': 'scaffold', 'name': 'AANG04001908.1', 'length': 4986}, {'name': 'AANG04001909.1', 'length': 9901, 'coord_system': 'scaffold'}, {'coord_system': 'scaffold', 'name': 'AANG04001910.1', 'length': 13881}, {'coord_system': 'scaffold', 'length': 10985, 'name': 'AANG04001911.1'}, {'coord_system': 'scaffold', 'length': 6987, 'name': 'AANG04001912.1'}, {'length': 7295, 'name': 'AANG04001914.1', 'coord_system': 'scaffold'}, {'coord_system': 'scaffold', 'length': 4987, 'name': 'AANG04001915.1'}, {'length': 3986, 'name': 'AANG04001916.1', 'coord_system': 'scaffold'}, {'length': 6989, 'name': 'AANG04001917.1', 'coord_system': 'scaffold'}, {'name': 'AANG04001918.1', 'length': 13375, 'coord_system': 'scaffold'}, {'coord_system': 'scaffold', 'length': 12218, 'name': 'AANG04001919.1'}, {'coord_system': 'scaffold', 'name': 'AANG04001920.1', 'length': 4988}, {'length': 8988, 'name': 'AANG04001921.1', 'coord_system': 'scaffold'}, {'name': 'AANG04001922.1', 'length': 6988, 'coord_system': 'scaffold'}, {'name': 'AANG04001923.1', 'length': 6044, 'coord_system': 'scaffold'}, {'length': 5988, 'name': 'AANG04001924.1', 'coord_system': 'scaffold'}, {'coord_system': 'scaffold', 'name': 'AANG04001925.1', 'length': 15986}, {'name': 'AANG04001926.1', 'length': 13188, 'coord_system': 'scaffold'}, {'coord_system': 'scaffold', 'name': 'AANG04001927.1', 'length': 7989}, {'coord_system': 'scaffold', 'name': 'AANG04001928.1', 'length': 12687}, {'coord_system': 'scaffold', 'name': 'AANG04001929.1', 'length': 12118}, {'coord_system': 'scaffold', 'length': 9995, 'name': 'AANG04001930.1'}, {'length': 12086, 'name': 'AANG04001931.1', 'coord_system': 'scaffold'}, {'coord_system': 'scaffold', 'name': 'AANG04001932.1', 'length': 9165}, {'coord_system': 'scaffold', 'name': 'AANG04001933.1', 'length': 10160}, {'coord_system': 'scaffold', 'length': 9255, 'name': 'AANG04001934.1'}, {'length': 13808, 'name': 'AANG04001935.1', 'coord_system': 'scaffold'}, {'name': 'AANG04001936.1', 'length': 8987, 'coord_system': 'scaffold'}, {'length': 17552, 'name': 'AANG04001937.1', 'coord_system': 'scaffold'}, {'length': 13189, 'name': 'AANG04001938.1', 'coord_system': 'scaffold'}, {'coord_system': 'scaffold', 'length': 7989, 'name': 'AANG04001939.1'}, {'name': 'AANG04001940.1', 'length': 5988, 'coord_system': 'scaffold'}, {'coord_system': 'scaffold', 'length': 10925, 'name': 'AANG04001941.1'}, {'coord_system': 'scaffold', 'length': 17068, 'name': 'AANG04001942.1'}, {'length': 3988, 'name': 'AANG04001943.1', 'coord_system': 'scaffold'}, {'coord_system': 'scaffold', 'name': 'AANG04001944.1', 'length': 4988}, {'coord_system': 'scaffold', 'length': 2988, 'name': 'AANG04001945.1'}, {'length': 17997, 'name': 'AANG04001946.1', 'coord_system': 'scaffold'}, {'coord_system': 'scaffold', 'name': 'AANG04001947.1', 'length': 9988}, {'name': 'AANG04001948.1', 'length': 10983, 'coord_system': 'scaffold'}, {'name': 'AANG04001949.1', 'length': 11782, 'coord_system': 'scaffold'}, {'coord_system': 'scaffold', 'length': 10144, 'name': 'AANG04001950.1'}, {'coord_system': 'scaffold', 'length': 3171, 'name': 'AANG04001951.1'}, {'name': 'AANG04001952.1', 'length': 13988, 'coord_system': 'scaffold'}, {'coord_system': 'scaffold', 'length': 5989, 'name': 'AANG04001953.1'}, {'coord_system': 'scaffold', 'name': 'AANG04001954.1', 'length': 3986}, {'coord_system': 'scaffold', 'name': 'AANG04001955.1', 'length': 7989}, {'coord_system': 'scaffold', 'length': 10804, 'name': 'AANG04001956.1'}, {'coord_system': 'scaffold', 'name': 'AANG04001957.1', 'length': 17983}, {'coord_system': 'scaffold', 'length': 9144, 'name': 'AANG04001958.1'}, {'coord_system': 'scaffold', 'name': 'AANG04001961.1', 'length': 8488}, {'length': 31182, 'name': 'AANG04001962.1', 'coord_system': 'scaffold'}, {'coord_system': 'scaffold', 'name': 'AANG04001963.1', 'length': 11086}, {'length': 5987, 'name': 'AANG04001964.1', 'coord_system': 'scaffold'}, {'coord_system': 'scaffold', 'length': 9223, 'name': 'AANG04001965.1'}, {'coord_system': 'scaffold', 'name': 'AANG04001966.1', 'length': 7988}, {'length': 12032, 'name': 'AANG04001967.1', 'coord_system': 'scaffold'}, {'coord_system': 'scaffold', 'name': 'AANG04001968.1', 'length': 9982}, {'length': 18986, 'name': 'AANG04001969.1', 'coord_system': 'scaffold'}, {'length': 12041, 'name': 'AANG04001970.1', 'coord_system': 'scaffold'}, {'length': 10025, 'name': 'AANG04001971.1', 'coord_system': 'scaffold'}, {'coord_system': 'scaffold', 'name': 'AANG04001972.1', 'length': 11981}, {'length': 3988, 'name': 'AANG04001973.1', 'coord_system': 'scaffold'}, {'name': 'AANG04001974.1', 'length': 31702, 'coord_system': 'scaffold'}, {'name': 'AANG04001975.1', 'length': 30022, 'coord_system': 'scaffold'}, {'name': 'AANG04001976.1', 'length': 6988, 'coord_system': 'scaffold'}, {'name': 'AANG04001977.1', 'length': 8987, 'coord_system': 'scaffold'}, {'name': 'AANG04001978.1', 'length': 6175, 'coord_system': 'scaffold'}, {'name': 'AANG04001979.1', 'length': 3988, 'coord_system': 'scaffold'}, {'length': 16104, 'name': 'AANG04001980.1', 'coord_system': 'scaffold'}, {'coord_system': 'scaffold', 'length': 5167, 'name': 'AANG04001981.1'}, {'name': 'AANG04001982.1', 'length': 16992, 'coord_system': 'scaffold'}, {'name': 'AANG04001983.1', 'length': 13122, 'coord_system': 'scaffold'}, {'length': 13974, 'name': 'AANG04001984.1', 'coord_system': 'scaffold'}, {'coord_system': 'scaffold', 'length': 5151, 'name': 'AANG04001985.1'}, {'coord_system': 'scaffold', 'name': 'AANG04001986.1', 'length': 42815}, {'name': 'AANG04001987.1', 'length': 4988, 'coord_system': 'scaffold'}, {'length': 5993, 'name': 'AANG04001988.1', 'coord_system': 'scaffold'}, {'coord_system': 'scaffold', 'length': 4988, 'name': 'AANG04001990.1'}, {'name': 'AANG04001991.1', 'length': 11209, 'coord_system': 'scaffold'}, {'coord_system': 'scaffold', 'name': 'AANG04001992.1', 'length': 50151}, {'name': 'AANG04001993.1', 'length': 15545, 'coord_system': 'scaffold'}, {'coord_system': 'scaffold', 'name': 'AANG04001994.1', 'length': 6204}, {'length': 9986, 'name': 'AANG04001995.1', 'coord_system': 'scaffold'}, {'name': 'AANG04001996.1', 'length': 13990, 'coord_system': 'scaffold'}, {'coord_system': 'scaffold', 'length': 12989, 'name': 'AANG04001997.1'}, {'coord_system': 'scaffold', 'name': 'AANG04001998.1', 'length': 19926}, {'coord_system': 'scaffold', 'length': 3712, 'name': 'AANG04001999.1'}, {'coord_system': 'scaffold', 'length': 36555, 'name': 'AANG04002000.1'}, {'coord_system': 'scaffold', 'length': 10986, 'name': 'AANG04002001.1'}, {'name': 'AANG04002002.1', 'length': 11166, 'coord_system': 'scaffold'}, {'name': 'AANG04002003.1', 'length': 39294, 'coord_system': 'scaffold'}, {'length': 7986, 'name': 'AANG04002004.1', 'coord_system': 'scaffold'}, {'coord_system': 'scaffold', 'length': 15988, 'name': 'AANG04002005.1'}, {'coord_system': 'scaffold', 'name': 'AANG04002006.1', 'length': 4291}, {'coord_system': 'scaffold', 'name': 'AANG04002007.1', 'length': 7983}, {'length': 12877, 'name': 'AANG04002008.1', 'coord_system': 'scaffold'}, {'name': 'AANG04002009.1', 'length': 6982, 'coord_system': 'scaffold'}, {'name': 'AANG04002010.1', 'length': 2990, 'coord_system': 'scaffold'}, {'coord_system': 'scaffold', 'name': 'AANG04002011.1', 'length': 6990}, {'coord_system': 'scaffold', 'name': 'AANG04002012.1', 'length': 5687}, {'coord_system': 'scaffold', 'length': 8989, 'name': 'AANG04002013.1'}, {'length': 12136, 'name': 'AANG04002014.1', 'coord_system': 'scaffold'}, {'length': 11035, 'name': 'AANG04002015.1', 'coord_system': 'scaffold'}, {'coord_system': 'scaffold', 'length': 19943, 'name': 'AANG04002016.1'}, {'coord_system': 'scaffold', 'name': 'AANG04002017.1', 'length': 6214}, {'coord_system': 'scaffold', 'length': 9120, 'name': 'AANG04002018.1'}, {'coord_system': 'scaffold', 'name': 'AANG04002020.1', 'length': 46280}, {'coord_system': 'scaffold', 'length': 97645, 'name': 'AANG04002021.1'}, {'name': 'AANG04002022.1', 'length': 10996, 'coord_system': 'scaffold'}, {'length': 17306, 'name': 'AANG04002023.1', 'coord_system': 'scaffold'}, {'name': 'AANG04002024.1', 'length': 5988, 'coord_system': 'scaffold'}, {'name': 'AANG04002025.1', 'length': 7818, 'coord_system': 'scaffold'}, {'coord_system': 'scaffold', 'name': 'AANG04002026.1', 'length': 7988}, {'coord_system': 'scaffold', 'length': 12910, 'name': 'AANG04002027.1'}, {'name': 'AANG04002028.1', 'length': 14179, 'coord_system': 'scaffold'}, {'coord_system': 'scaffold', 'name': 'AANG04002029.1', 'length': 14021}, {'name': 'AANG04002030.1', 'length': 20172, 'coord_system': 'scaffold'}, {'coord_system': 'scaffold', 'length': 10988, 'name': 'AANG04002031.1'}, {'length': 13988, 'name': 'AANG04002032.1', 'coord_system': 'scaffold'}, {'length': 20020, 'name': 'AANG04002033.1', 'coord_system': 'scaffold'}, {'length': 6988, 'name': 'AANG04002034.1', 'coord_system': 'scaffold'}, {'name': 'AANG04002035.1', 'length': 6991, 'coord_system': 'scaffold'}, {'length': 5170, 'name': 'AANG04002038.1', 'coord_system': 'scaffold'}, {'coord_system': 'scaffold', 'length': 8988, 'name': 'AANG04002039.1'}, {'coord_system': 'scaffold', 'name': 'AANG04002040.1', 'length': 17989}, {'name': 'AANG04002041.1', 'length': 11986, 'coord_system': 'scaffold'}, {'coord_system': 'scaffold', 'name': 'AANG04002042.1', 'length': 5988}, {'coord_system': 'scaffold', 'name': 'AANG04002043.1', 'length': 20668}, {'coord_system': 'scaffold', 'length': 15436, 'name': 'AANG04002044.1'}, {'coord_system': 'scaffold', 'name': 'AANG04002045.1', 'length': 12276}, {'length': 45961, 'name': 'AANG04002046.1', 'coord_system': 'scaffold'}, {'coord_system': 'scaffold', 'length': 30883, 'name': 'AANG04002047.1'}, {'coord_system': 'scaffold', 'name': 'AANG04002048.1', 'length': 11706}, {'coord_system': 'scaffold', 'name': 'AANG04002049.1', 'length': 12987}, {'coord_system': 'scaffold', 'length': 19988, 'name': 'AANG04002050.1'}, {'coord_system': 'scaffold', 'name': 'AANG04002051.1', 'length': 4988}, {'length': 10988, 'name': 'AANG04002052.1', 'coord_system': 'scaffold'}, {'coord_system': 'scaffold', 'name': 'AANG04002053.1', 'length': 8953}, {'coord_system': 'scaffold', 'length': 12986, 'name': 'AANG04002055.1'}, {'length': 11991, 'name': 'AANG04002056.1', 'coord_system': 'scaffold'}, {'coord_system': 'scaffold', 'length': 4987, 'name': 'AANG04002057.1'}, {'name': 'AANG04002058.1', 'length': 14987, 'coord_system': 'scaffold'}, {'coord_system': 'scaffold', 'length': 9988, 'name': 'AANG04002059.1'}, {'name': 'AANG04002060.1', 'length': 10988, 'coord_system': 'scaffold'}, {'coord_system': 'scaffold', 'name': 'AANG04002061.1', 'length': 16983}, {'name': 'AANG04002062.1', 'length': 8032, 'coord_system': 'scaffold'}, {'name': 'AANG04002063.1', 'length': 14911, 'coord_system': 'scaffold'}, {'coord_system': 'scaffold', 'length': 13983, 'name': 'AANG04002064.1'}, {'length': 4814, 'name': 'AANG04002065.1', 'coord_system': 'scaffold'}, {'coord_system': 'scaffold', 'name': 'AANG04002066.1', 'length': 5010}, {'coord_system': 'scaffold', 'length': 6988, 'name': 'AANG04002067.1'}, {'length': 2988, 'name': 'AANG04002068.1', 'coord_system': 'scaffold'}, {'coord_system': 'scaffold', 'length': 8978, 'name': 'AANG04002069.1'}, {'length': 10988, 'name': 'AANG04002070.1', 'coord_system': 'scaffold'}, {'length': 7655, 'name': 'AANG04002071.1', 'coord_system': 'scaffold'}, {'name': 'AANG04002072.1', 'length': 2988, 'coord_system': 'scaffold'}, {'length': 12893, 'name': 'AANG04002073.1', 'coord_system': 'scaffold'}, {'length': 4987, 'name': 'AANG04002074.1', 'coord_system': 'scaffold'}, {'coord_system': 'scaffold', 'length': 28433, 'name': 'AANG04002075.1'}, {'name': 'AANG04002076.1', 'length': 7988, 'coord_system': 'scaffold'}, {'coord_system': 'scaffold', 'length': 7988, 'name': 'AANG04002077.1'}, {'length': 22984, 'name': 'AANG04002078.1', 'coord_system': 'scaffold'}, {'coord_system': 'scaffold', 'length': 9990, 'name': 'AANG04002079.1'}, {'coord_system': 'scaffold', 'name': 'AANG04002080.1', 'length': 71085}, {'coord_system': 'scaffold', 'length': 5987, 'name': 'AANG04002081.1'}, {'coord_system': 'scaffold', 'name': 'AANG04002082.1', 'length': 13987}, {'name': 'AANG04002083.1', 'length': 7202, 'coord_system': 'scaffold'}, {'coord_system': 'scaffold', 'length': 4989, 'name': 'AANG04002084.1'}, {'coord_system': 'scaffold', 'length': 19986, 'name': 'AANG04002085.1'}, {'coord_system': 'scaffold', 'length': 13250, 'name': 'AANG04002086.1'}, {'coord_system': 'scaffold', 'length': 3988, 'name': 'AANG04002087.1'}, {'length': 11493, 'name': 'AANG04002088.1', 'coord_system': 'scaffold'}, {'length': 12986, 'name': 'AANG04002089.1', 'coord_system': 'scaffold'}, {'coord_system': 'scaffold', 'name': 'AANG04002090.1', 'length': 4988}, {'name': 'AANG04002091.1', 'length': 7987, 'coord_system': 'scaffold'}, {'coord_system': 'scaffold', 'length': 11010, 'name': 'AANG04002092.1'}, {'name': 'AANG04002093.1', 'length': 6989, 'coord_system': 'scaffold'}, {'length': 12987, 'name': 'AANG04002094.1', 'coord_system': 'scaffold'}, {'length': 9983, 'name': 'AANG04002095.1', 'coord_system': 'scaffold'}, {'coord_system': 'scaffold', 'name': 'AANG04002096.1', 'length': 10990}, {'length': 4988, 'name': 'AANG04002098.1', 'coord_system': 'scaffold'}, {'name': 'AANG04002099.1', 'length': 3988, 'coord_system': 'scaffold'}, {'coord_system': 'scaffold', 'name': 'AANG04002100.1', 'length': 2988}, {'coord_system': 'scaffold', 'length': 10187, 'name': 'AANG04002101.1'}, {'name': 'AANG04002102.1', 'length': 4179, 'coord_system': 'scaffold'}, {'length': 18459, 'name': 'AANG04002103.1', 'coord_system': 'scaffold'}, {'length': 6958, 'name': 'AANG04002104.1', 'coord_system': 'scaffold'}, {'name': 'AANG04002105.1', 'length': 12241, 'coord_system': 'scaffold'}, {'name': 'AANG04002106.1', 'length': 73626, 'coord_system': 'scaffold'}, {'coord_system': 'scaffold', 'name': 'AANG04002107.1', 'length': 37361}, {'coord_system': 'scaffold', 'name': 'AANG04002108.1', 'length': 15974}, {'coord_system': 'scaffold', 'length': 13981, 'name': 'AANG04002109.1'}, {'coord_system': 'scaffold', 'length': 9987, 'name': 'AANG04002110.1'}, {'length': 21988, 'name': 'AANG04002113.1', 'coord_system': 'scaffold'}, {'coord_system': 'scaffold', 'name': 'AANG04002114.1', 'length': 11215}, {'name': 'AANG04002115.1', 'length': 11847, 'coord_system': 'scaffold'}, {'length': 5988, 'name': 'AANG04002116.1', 'coord_system': 'scaffold'}, {'coord_system': 'scaffold', 'name': 'AANG04002117.1', 'length': 8826}, {'name': 'AANG04002118.1', 'length': 15235, 'coord_system': 'scaffold'}, {'coord_system': 'scaffold', 'length': 31048, 'name': 'AANG04002119.1'}, {'length': 7976, 'name': 'AANG04002120.1', 'coord_system': 'scaffold'}, {'coord_system': 'scaffold', 'length': 23986, 'name': 'AANG04002121.1'}, {'length': 9988, 'name': 'AANG04002122.1', 'coord_system': 'scaffold'}, {'coord_system': 'scaffold', 'length': 4011, 'name': 'AANG04002123.1'}, {'length': 6962, 'name': 'AANG04002124.1', 'coord_system': 'scaffold'}, {'name': 'AANG04002125.1', 'length': 8013, 'coord_system': 'scaffold'}, {'coord_system': 'scaffold', 'name': 'AANG04002126.1', 'length': 6983}, {'name': 'AANG04002127.1', 'length': 8990, 'coord_system': 'scaffold'}, {'name': 'AANG04002129.1', 'length': 4424, 'coord_system': 'scaffold'}, {'coord_system': 'scaffold', 'name': 'AANG04002130.1', 'length': 3988}, {'name': 'AANG04002131.1', 'length': 4988, 'coord_system': 'scaffold'}, {'length': 3988, 'name': 'AANG04002132.1', 'coord_system': 'scaffold'}, {'name': 'AANG04002133.1', 'length': 7987, 'coord_system': 'scaffold'}, {'name': 'AANG04002136.1', 'length': 6559, 'coord_system': 'scaffold'}, {'coord_system': 'scaffold', 'name': 'AANG04002137.1', 'length': 2993}, {'length': 7988, 'name': 'AANG04002138.1', 'coord_system': 'scaffold'}, {'coord_system': 'scaffold', 'name': 'AANG04002139.1', 'length': 13987}, {'length': 5356, 'name': 'AANG04002140.1', 'coord_system': 'scaffold'}, {'name': 'AANG04002141.1', 'length': 8987, 'coord_system': 'scaffold'}, {'name': 'AANG04002142.1', 'length': 7320, 'coord_system': 'scaffold'}, {'name': 'AANG04002143.1', 'length': 6984, 'coord_system': 'scaffold'}, {'length': 7988, 'name': 'AANG04002144.1', 'coord_system': 'scaffold'}, {'name': 'AANG04002145.1', 'length': 6887, 'coord_system': 'scaffold'}, {'name': 'AANG04002146.1', 'length': 6893, 'coord_system': 'scaffold'}, {'coord_system': 'scaffold', 'name': 'AANG04002147.1', 'length': 8981}, {'length': 12977, 'name': 'AANG04002148.1', 'coord_system': 'scaffold'}, {'length': 6988, 'name': 'AANG04002149.1', 'coord_system': 'scaffold'}, {'name': 'AANG04002150.1', 'length': 21764, 'coord_system': 'scaffold'}, {'length': 8303, 'name': 'AANG04002151.1', 'coord_system': 'scaffold'}, {'coord_system': 'scaffold', 'length': 11191, 'name': 'AANG04002152.1'}, {'coord_system': 'scaffold', 'name': 'AANG04002153.1', 'length': 9322}, {'coord_system': 'scaffold', 'name': 'AANG04002154.1', 'length': 3988}, {'length': 45003, 'name': 'AANG04002155.1', 'coord_system': 'scaffold'}, {'coord_system': 'scaffold', 'length': 11061, 'name': 'AANG04002156.1'}, {'coord_system': 'scaffold', 'length': 8664, 'name': 'AANG04002157.1'}, {'coord_system': 'scaffold', 'name': 'AANG04002158.1', 'length': 13517}, {'length': 10986, 'name': 'AANG04002160.1', 'coord_system': 'scaffold'}, {'name': 'AANG04002161.1', 'length': 5987, 'coord_system': 'scaffold'}, {'name': 'AANG04002162.1', 'length': 47922, 'coord_system': 'scaffold'}, {'length': 10192, 'name': 'AANG04002163.1', 'coord_system': 'scaffold'}, {'coord_system': 'scaffold', 'length': 54401, 'name': 'AANG04002164.1'}, {'coord_system': 'scaffold', 'name': 'AANG04002165.1', 'length': 2988}, {'name': 'AANG04002166.1', 'length': 12702, 'coord_system': 'scaffold'}, {'coord_system': 'scaffold', 'length': 5987, 'name': 'AANG04002168.1'}, {'coord_system': 'scaffold', 'length': 6171, 'name': 'AANG04002169.1'}, {'length': 4025, 'name': 'AANG04002170.1', 'coord_system': 'scaffold'}, {'length': 6987, 'name': 'AANG04002171.1', 'coord_system': 'scaffold'}, {'length': 10319, 'name': 'AANG04002172.1', 'coord_system': 'scaffold'}, {'coord_system': 'scaffold', 'length': 6988, 'name': 'AANG04002173.1'}, {'coord_system': 'scaffold', 'name': 'AANG04002174.1', 'length': 6988}, {'name': 'AANG04002176.1', 'length': 6989, 'coord_system': 'scaffold'}, {'name': 'AANG04002177.1', 'length': 9113, 'coord_system': 'scaffold'}, {'name': 'AANG04002178.1', 'length': 18443, 'coord_system': 'scaffold'}, {'coord_system': 'scaffold', 'name': 'AANG04002179.1', 'length': 13160}, {'length': 7208, 'name': 'AANG04002180.1', 'coord_system': 'scaffold'}, {'name': 'AANG04002181.1', 'length': 9988, 'coord_system': 'scaffold'}, {'coord_system': 'scaffold', 'length': 10984, 'name': 'AANG04002182.1'}, {'name': 'AANG04002183.1', 'length': 5212, 'coord_system': 'scaffold'}, {'coord_system': 'scaffold', 'name': 'AANG04002184.1', 'length': 6125}, {'coord_system': 'scaffold', 'name': 'AANG04002185.1', 'length': 3987}, {'length': 15498, 'name': 'AANG04002186.1', 'coord_system': 'scaffold'}, {'coord_system': 'scaffold', 'name': 'AANG04002187.1', 'length': 7988}, {'coord_system': 'scaffold', 'name': 'AANG04002188.1', 'length': 3987}, {'coord_system': 'scaffold', 'length': 9988, 'name': 'AANG04002189.1'}, {'coord_system': 'scaffold', 'name': 'AANG04002190.1', 'length': 8988}, {'length': 7181, 'name': 'AANG04002191.1', 'coord_system': 'scaffold'}, {'name': 'AANG04002192.1', 'length': 8177, 'coord_system': 'scaffold'}, {'name': 'AANG04002193.1', 'length': 6985, 'coord_system': 'scaffold'}, {'length': 8987, 'name': 'AANG04002194.1', 'coord_system': 'scaffold'}, {'name': 'AANG04002196.1', 'length': 3988, 'coord_system': 'scaffold'}, {'name': 'AANG04002197.1', 'length': 10987, 'coord_system': 'scaffold'}, {'length': 6482, 'name': 'AANG04002198.1', 'coord_system': 'scaffold'}, {'name': 'AANG04002199.1', 'length': 7987, 'coord_system': 'scaffold'}, {'coord_system': 'scaffold', 'length': 31843, 'name': 'AANG04002200.1'}, {'coord_system': 'scaffold', 'length': 21343, 'name': 'AANG04002201.1'}, {'coord_system': 'scaffold', 'length': 3988, 'name': 'AANG04002202.1'}, {'name': 'AANG04002203.1', 'length': 10979, 'coord_system': 'scaffold'}, {'name': 'AANG04002204.1', 'length': 6988, 'coord_system': 'scaffold'}, {'length': 44465, 'name': 'AANG04002205.1', 'coord_system': 'scaffold'}, {'coord_system': 'scaffold', 'length': 4986, 'name': 'AANG04002206.1'}, {'coord_system': 'scaffold', 'length': 8093, 'name': 'AANG04002207.1'}, {'coord_system': 'scaffold', 'length': 13487, 'name': 'AANG04002208.1'}, {'name': 'AANG04002209.1', 'length': 14631, 'coord_system': 'scaffold'}, {'name': 'AANG04002210.1', 'length': 7988, 'coord_system': 'scaffold'}, {'coord_system': 'scaffold', 'name': 'AANG04002211.1', 'length': 9080}, {'length': 5987, 'name': 'AANG04002212.1', 'coord_system': 'scaffold'}, {'length': 9182, 'name': 'AANG04002213.1', 'coord_system': 'scaffold'}, {'name': 'AANG04002214.1', 'length': 9988, 'coord_system': 'scaffold'}, {'coord_system': 'scaffold', 'length': 3988, 'name': 'AANG04002215.1'}, {'length': 14004, 'name': 'AANG04002216.1', 'coord_system': 'scaffold'}, {'coord_system': 'scaffold', 'name': 'AANG04002217.1', 'length': 20415}, {'name': 'AANG04002218.1', 'length': 5990, 'coord_system': 'scaffold'}, {'length': 9770, 'name': 'AANG04002219.1', 'coord_system': 'scaffold'}, {'length': 53644, 'name': 'AANG04002220.1', 'coord_system': 'scaffold'}, {'coord_system': 'scaffold', 'name': 'AANG04002221.1', 'length': 10031}, {'length': 15893, 'name': 'AANG04002222.1', 'coord_system': 'scaffold'}, {'coord_system': 'scaffold', 'length': 4729, 'name': 'AANG04002223.1'}, {'length': 14988, 'name': 'AANG04002224.1', 'coord_system': 'scaffold'}, {'length': 26046, 'name': 'AANG04002225.1', 'coord_system': 'scaffold'}, {'coord_system': 'scaffold', 'length': 17614, 'name': 'AANG04002226.1'}, {'length': 3988, 'name': 'AANG04002227.1', 'coord_system': 'scaffold'}, {'coord_system': 'scaffold', 'length': 57999, 'name': 'AANG04002228.1'}, {'name': 'AANG04002229.1', 'length': 11192, 'coord_system': 'scaffold'}, {'length': 6397, 'name': 'AANG04002230.1', 'coord_system': 'scaffold'}, {'coord_system': 'scaffold', 'length': 14965, 'name': 'AANG04002231.1'}, {'length': 22830, 'name': 'AANG04002232.1', 'coord_system': 'scaffold'}, {'length': 10988, 'name': 'AANG04002233.1', 'coord_system': 'scaffold'}, {'coord_system': 'scaffold', 'name': 'AANG04002234.1', 'length': 7935}, {'coord_system': 'scaffold', 'length': 12985, 'name': 'AANG04002235.1'}, {'coord_system': 'scaffold', 'name': 'AANG04002236.1', 'length': 14244}, {'coord_system': 'scaffold', 'length': 11100, 'name': 'AANG04002237.1'}, {'coord_system': 'scaffold', 'name': 'AANG04002238.1', 'length': 6955}, {'name': 'AANG04002239.1', 'length': 8263, 'coord_system': 'scaffold'}, {'coord_system': 'scaffold', 'name': 'AANG04002240.1', 'length': 12092}, {'coord_system': 'scaffold', 'length': 22345, 'name': 'AANG04002241.1'}, {'coord_system': 'scaffold', 'name': 'AANG04002242.1', 'length': 2987}, {'coord_system': 'scaffold', 'length': 47994, 'name': 'AANG04002243.1'}, {'name': 'AANG04002244.1', 'length': 3988, 'coord_system': 'scaffold'}, {'coord_system': 'scaffold', 'length': 13845, 'name': 'AANG04002245.1'}, {'coord_system': 'scaffold', 'length': 25976, 'name': 'AANG04002246.1'}, {'coord_system': 'scaffold', 'name': 'AANG04002247.1', 'length': 5988}, {'coord_system': 'scaffold', 'name': 'AANG04002248.1', 'length': 22988}, {'name': 'AANG04002249.1', 'length': 9987, 'coord_system': 'scaffold'}, {'length': 39958, 'name': 'AANG04002250.1', 'coord_system': 'scaffold'}, {'coord_system': 'scaffold', 'name': 'AANG04002251.1', 'length': 10043}, {'coord_system': 'scaffold', 'length': 16141, 'name': 'AANG04002252.1'}, {'coord_system': 'scaffold', 'name': 'AANG04002253.1', 'length': 9657}, {'length': 4140, 'name': 'AANG04002254.1', 'coord_system': 'scaffold'}, {'name': 'AANG04002255.1', 'length': 19442, 'coord_system': 'scaffold'}, {'coord_system': 'scaffold', 'length': 4702, 'name': 'AANG04002257.1'}, {'coord_system': 'scaffold', 'length': 7181, 'name': 'AANG04002258.1'}, {'coord_system': 'scaffold', 'name': 'AANG04002259.1', 'length': 4988}, {'name': 'AANG04002260.1', 'length': 10984, 'coord_system': 'scaffold'}, {'length': 3990, 'name': 'AANG04002261.1', 'coord_system': 'scaffold'}, {'name': 'AANG04002262.1', 'length': 9100, 'coord_system': 'scaffold'}, {'coord_system': 'scaffold', 'length': 11988, 'name': 'AANG04002263.1'}, {'coord_system': 'scaffold', 'name': 'AANG04002264.1', 'length': 13457}, {'length': 52237, 'name': 'AANG04002265.1', 'coord_system': 'scaffold'}, {'coord_system': 'scaffold', 'length': 9868, 'name': 'AANG04002266.1'}, {'name': 'AANG04002267.1', 'length': 3988, 'coord_system': 'scaffold'}, {'length': 4988, 'name': 'AANG04002268.1', 'coord_system': 'scaffold'}, {'coord_system': 'scaffold', 'length': 5988, 'name': 'AANG04002269.1'}, {'name': 'AANG04002270.1', 'length': 6985, 'coord_system': 'scaffold'}, {'coord_system': 'scaffold', 'name': 'AANG04002271.1', 'length': 5989}, {'length': 17856, 'name': 'AANG04002272.1', 'coord_system': 'scaffold'}, {'coord_system': 'scaffold', 'length': 10091, 'name': 'AANG04002274.1'}, {'coord_system': 'scaffold', 'length': 11961, 'name': 'AANG04002275.1'}, {'name': 'AANG04002276.1', 'length': 9283, 'coord_system': 'scaffold'}, {'length': 84506, 'name': 'AANG04002277.1', 'coord_system': 'scaffold'}, {'length': 6986, 'name': 'AANG04002278.1', 'coord_system': 'scaffold'}, {'coord_system': 'scaffold', 'name': 'AANG04002279.1', 'length': 4988}, {'coord_system': 'scaffold', 'name': 'AANG04002280.1', 'length': 7987}, {'coord_system': 'scaffold', 'name': 'AANG04002281.1', 'length': 17841}, {'coord_system': 'scaffold', 'length': 6988, 'name': 'AANG04002282.1'}, {'coord_system': 'scaffold', 'name': 'AANG04002283.1', 'length': 6432}, {'coord_system': 'scaffold', 'name': 'AANG04002284.1', 'length': 9255}, {'coord_system': 'scaffold', 'name': 'AANG04002285.1', 'length': 19744}, {'coord_system': 'scaffold', 'length': 4988, 'name': 'AANG04002286.1'}, {'length': 6204, 'name': 'AANG04002287.1', 'coord_system': 'scaffold'}, {'name': 'AANG04002288.1', 'length': 51774, 'coord_system': 'scaffold'}, {'length': 3988, 'name': 'AANG04002289.1', 'coord_system': 'scaffold'}, {'coord_system': 'scaffold', 'name': 'AANG04002290.1', 'length': 7987}, {'coord_system': 'scaffold', 'name': 'AANG04002291.1', 'length': 24078}, {'length': 8983, 'name': 'AANG04002292.1', 'coord_system': 'scaffold'}, {'length': 7356, 'name': 'AANG04002293.1', 'coord_system': 'scaffold'}, {'name': 'AANG04002294.1', 'length': 8833, 'coord_system': 'scaffold'}, {'coord_system': 'scaffold', 'length': 6988, 'name': 'AANG04002295.1'}, {'name': 'AANG04002296.1', 'length': 18440, 'coord_system': 'scaffold'}, {'coord_system': 'scaffold', 'length': 8518, 'name': 'AANG04002297.1'}, {'coord_system': 'scaffold', 'name': 'AANG04002298.1', 'length': 6214}, {'name': 'AANG04002299.1', 'length': 16806, 'coord_system': 'scaffold'}, {'length': 8034, 'name': 'AANG04002300.1', 'coord_system': 'scaffold'}, {'coord_system': 'scaffold', 'length': 7985, 'name': 'AANG04002301.1'}, {'name': 'AANG04002302.1', 'length': 6988, 'coord_system': 'scaffold'}, {'coord_system': 'scaffold', 'length': 8377, 'name': 'AANG04002303.1'}, {'coord_system': 'scaffold', 'name': 'AANG04002304.1', 'length': 2988}, {'coord_system': 'scaffold', 'length': 4237, 'name': 'AANG04002305.1'}, {'name': 'AANG04002306.1', 'length': 15088, 'coord_system': 'scaffold'}, {'coord_system': 'scaffold', 'length': 8984, 'name': 'AANG04002307.1'}, {'name': 'AANG04002308.1', 'length': 43672, 'coord_system': 'scaffold'}, {'name': 'AANG04002309.1', 'length': 3988, 'coord_system': 'scaffold'}, {'coord_system': 'scaffold', 'name': 'AANG04002310.1', 'length': 6210}, {'coord_system': 'scaffold', 'name': 'AANG04002311.1', 'length': 8581}, {'length': 18557, 'name': 'AANG04002312.1', 'coord_system': 'scaffold'}, {'coord_system': 'scaffold', 'name': 'AANG04002313.1', 'length': 8988}, {'coord_system': 'scaffold', 'name': 'AANG04002314.1', 'length': 14979}, {'coord_system': 'scaffold', 'length': 16005, 'name': 'AANG04002315.1'}, {'name': 'AANG04002316.1', 'length': 9565, 'coord_system': 'scaffold'}, {'coord_system': 'scaffold', 'name': 'AANG04002317.1', 'length': 5988}, {'length': 9986, 'name': 'AANG04002318.1', 'coord_system': 'scaffold'}, {'coord_system': 'scaffold', 'name': 'AANG04002319.1', 'length': 8251}, {'coord_system': 'scaffold', 'length': 10986, 'name': 'AANG04002320.1'}, {'name': 'AANG04002321.1', 'length': 10988, 'coord_system': 'scaffold'}, {'coord_system': 'scaffold', 'length': 4989, 'name': 'AANG04002322.1'}, {'coord_system': 'scaffold', 'name': 'AANG04002323.1', 'length': 11979}, {'coord_system': 'scaffold', 'name': 'AANG04002324.1', 'length': 8990}, {'length': 4988, 'name': 'AANG04002325.1', 'coord_system': 'scaffold'}, {'length': 16989, 'name': 'AANG04002326.1', 'coord_system': 'scaffold'}, {'coord_system': 'scaffold', 'name': 'AANG04002327.1', 'length': 32871}, {'length': 5988, 'name': 'AANG04002328.1', 'coord_system': 'scaffold'}, {'name': 'AANG04002329.1', 'length': 9005, 'coord_system': 'scaffold'}, {'name': 'AANG04002330.1', 'length': 11989, 'coord_system': 'scaffold'}, {'coord_system': 'scaffold', 'length': 7788, 'name': 'AANG04002331.1'}, {'coord_system': 'scaffold', 'length': 3988, 'name': 'AANG04002332.1'}, {'length': 6988, 'name': 'AANG04002333.1', 'coord_system': 'scaffold'}, {'length': 8193, 'name': 'AANG04002334.1', 'coord_system': 'scaffold'}, {'length': 6989, 'name': 'AANG04002335.1', 'coord_system': 'scaffold'}, {'length': 3987, 'name': 'AANG04002336.1', 'coord_system': 'scaffold'}, {'length': 3587, 'name': 'AANG04002337.1', 'coord_system': 'scaffold'}, {'length': 27988, 'name': 'AANG04002338.1', 'coord_system': 'scaffold'}, {'coord_system': 'scaffold', 'name': 'AANG04002339.1', 'length': 8699}, {'coord_system': 'scaffold', 'name': 'AANG04002340.1', 'length': 5140}, {'length': 2988, 'name': 'AANG04002341.1', 'coord_system': 'scaffold'}, {'length': 5988, 'name': 'AANG04002342.1', 'coord_system': 'scaffold'}, {'name': 'AANG04002343.1', 'length': 4988, 'coord_system': 'scaffold'}, {'coord_system': 'scaffold', 'length': 28137, 'name': 'AANG04002344.1'}, {'coord_system': 'scaffold', 'name': 'AANG04002346.1', 'length': 10987}, {'length': 7988, 'name': 'AANG04002347.1', 'coord_system': 'scaffold'}, {'name': 'AANG04002348.1', 'length': 19945, 'coord_system': 'scaffold'}, {'length': 9980, 'name': 'AANG04002349.1', 'coord_system': 'scaffold'}, {'coord_system': 'scaffold', 'name': 'AANG04002350.1', 'length': 4986}, {'coord_system': 'scaffold', 'name': 'AANG04002351.1', 'length': 75844}, {'coord_system': 'scaffold', 'length': 9984, 'name': 'AANG04002353.1'}, {'length': 12248, 'name': 'AANG04002354.1', 'coord_system': 'scaffold'}, {'coord_system': 'scaffold', 'length': 13758, 'name': 'AANG04002356.1'}, {'coord_system': 'scaffold', 'length': 7245, 'name': 'AANG04002357.1'}, {'coord_system': 'scaffold', 'name': 'AANG04002358.1', 'length': 9988}, {'name': 'AANG04002359.1', 'length': 26988, 'coord_system': 'scaffold'}, {'coord_system': 'scaffold', 'name': 'AANG04002360.1', 'length': 9041}, {'coord_system': 'scaffold', 'name': 'AANG04002362.1', 'length': 5159}, {'coord_system': 'scaffold', 'name': 'AANG04002363.1', 'length': 9988}, {'name': 'AANG04002364.1', 'length': 12235, 'coord_system': 'scaffold'}, {'coord_system': 'scaffold', 'length': 14988, 'name': 'AANG04002365.1'}, {'coord_system': 'scaffold', 'name': 'AANG04002366.1', 'length': 7841}, {'name': 'AANG04002367.1', 'length': 13397, 'coord_system': 'scaffold'}, {'length': 7988, 'name': 'AANG04002368.1', 'coord_system': 'scaffold'}, {'coord_system': 'scaffold', 'length': 4814, 'name': 'AANG04002369.1'}, {'name': 'AANG04002370.1', 'length': 10354, 'coord_system': 'scaffold'}, {'coord_system': 'scaffold', 'length': 14643, 'name': 'AANG04002371.1'}, {'coord_system': 'scaffold', 'name': 'AANG04002372.1', 'length': 16974}, {'length': 3227, 'name': 'AANG04002373.1', 'coord_system': 'scaffold'}, {'coord_system': 'scaffold', 'length': 11989, 'name': 'AANG04002374.1'}, {'coord_system': 'scaffold', 'name': 'AANG04002375.1', 'length': 5988}, {'coord_system': 'scaffold', 'length': 6771, 'name': 'AANG04002376.1'}, {'name': 'AANG04002377.1', 'length': 8989, 'coord_system': 'scaffold'}, {'coord_system': 'scaffold', 'name': 'AANG04002378.1', 'length': 3988}, {'length': 7988, 'name': 'AANG04002379.1', 'coord_system': 'scaffold'}, {'coord_system': 'scaffold', 'length': 11978, 'name': 'AANG04002380.1'}, {'coord_system': 'scaffold', 'length': 10987, 'name': 'AANG04002381.1'}, {'length': 26130, 'name': 'AANG04002382.1', 'coord_system': 'scaffold'}, {'coord_system': 'scaffold', 'name': 'AANG04002383.1', 'length': 11966}, {'length': 3807, 'name': 'AANG04002384.1', 'coord_system': 'scaffold'}, {'coord_system': 'scaffold', 'name': 'AANG04002385.1', 'length': 5988}, {'length': 42836, 'name': 'AANG04002386.1', 'coord_system': 'scaffold'}, {'coord_system': 'scaffold', 'length': 13031, 'name': 'AANG04002387.1'}, {'length': 5988, 'name': 'AANG04002388.1', 'coord_system': 'scaffold'}, {'length': 35036, 'name': 'AANG04002389.1', 'coord_system': 'scaffold'}, {'length': 9977, 'name': 'AANG04002390.1', 'coord_system': 'scaffold'}, {'coord_system': 'scaffold', 'length': 29733, 'name': 'AANG04002391.1'}, {'name': 'AANG04002392.1', 'length': 14986, 'coord_system': 'scaffold'}, {'coord_system': 'scaffold', 'length': 8986, 'name': 'AANG04002393.1'}, {'coord_system': 'scaffold', 'length': 6917, 'name': 'AANG04002394.1'}, {'length': 12048, 'name': 'AANG04002395.1', 'coord_system': 'scaffold'}, {'name': 'AANG04002396.1', 'length': 6988, 'coord_system': 'scaffold'}, {'coord_system': 'scaffold', 'name': 'AANG04002397.1', 'length': 6989}, {'length': 7979, 'name': 'AANG04002398.1', 'coord_system': 'scaffold'}, {'coord_system': 'scaffold', 'length': 15469, 'name': 'AANG04002399.1'}, {'length': 10987, 'name': 'AANG04002400.1', 'coord_system': 'scaffold'}, {'length': 9474, 'name': 'AANG04002401.1', 'coord_system': 'scaffold'}, {'length': 18986, 'name': 'AANG04002402.1', 'coord_system': 'scaffold'}, {'name': 'AANG04002403.1', 'length': 9194, 'coord_system': 'scaffold'}, {'length': 6988, 'name': 'AANG04002404.1', 'coord_system': 'scaffold'}, {'coord_system': 'scaffold', 'name': 'AANG04002405.1', 'length': 26990}, {'name': 'AANG04002406.1', 'length': 4987, 'coord_system': 'scaffold'}, {'coord_system': 'scaffold', 'name': 'AANG04002407.1', 'length': 13377}, {'name': 'AANG04002408.1', 'length': 2988, 'coord_system': 'scaffold'}, {'name': 'AANG04002409.1', 'length': 10992, 'coord_system': 'scaffold'}, {'coord_system': 'scaffold', 'name': 'AANG04002410.1', 'length': 12984}, {'coord_system': 'scaffold', 'length': 7278, 'name': 'AANG04002411.1'}, {'name': 'AANG04002412.1', 'length': 6988, 'coord_system': 'scaffold'}, {'coord_system': 'scaffold', 'name': 'AANG04002413.1', 'length': 5985}, {'coord_system': 'scaffold', 'name': 'AANG04002414.1', 'length': 25387}, {'length': 13135, 'name': 'AANG04002415.1', 'coord_system': 'scaffold'}, {'coord_system': 'scaffold', 'name': 'AANG04002416.1', 'length': 12982}, {'length': 8872, 'name': 'AANG04002417.1', 'coord_system': 'scaffold'}, {'coord_system': 'scaffold', 'length': 2988, 'name': 'AANG04002418.1'}, {'name': 'AANG04002419.1', 'length': 8997, 'coord_system': 'scaffold'}, {'coord_system': 'scaffold', 'name': 'AANG04002420.1', 'length': 9986}, {'name': 'AANG04002421.1', 'length': 3986, 'coord_system': 'scaffold'}, {'coord_system': 'scaffold', 'name': 'AANG04002422.1', 'length': 9988}, {'coord_system': 'scaffold', 'name': 'AANG04002424.1', 'length': 18893}, {'name': 'AANG04002425.1', 'length': 7875, 'coord_system': 'scaffold'}, {'coord_system': 'scaffold', 'name': 'AANG04002426.1', 'length': 8986}, {'name': 'AANG04002427.1', 'length': 15960, 'coord_system': 'scaffold'}, {'coord_system': 'scaffold', 'name': 'AANG04002428.1', 'length': 2987}, {'length': 10646, 'name': 'AANG04002429.1', 'coord_system': 'scaffold'}, {'name': 'AANG04002430.1', 'length': 5988, 'coord_system': 'scaffold'}, {'name': 'AANG04002431.1', 'length': 17400, 'coord_system': 'scaffold'}, {'coord_system': 'scaffold', 'name': 'AANG04002432.1', 'length': 11731}, {'length': 8168, 'name': 'AANG04002433.1', 'coord_system': 'scaffold'}, {'coord_system': 'scaffold', 'name': 'AANG04002434.1', 'length': 14987}, {'name': 'AANG04002435.1', 'length': 5988, 'coord_system': 'scaffold'}, {'coord_system': 'scaffold', 'name': 'AANG04002436.1', 'length': 11508}, {'name': 'AANG04002437.1', 'length': 3988, 'coord_system': 'scaffold'}, {'length': 10988, 'name': 'AANG04002438.1', 'coord_system': 'scaffold'}, {'coord_system': 'scaffold', 'length': 5988, 'name': 'AANG04002439.1'}, {'coord_system': 'scaffold', 'name': 'AANG04002440.1', 'length': 3912}, {'name': 'AANG04002441.1', 'length': 9167, 'coord_system': 'scaffold'}, {'coord_system': 'scaffold', 'length': 15481, 'name': 'AANG04002442.1'}, {'name': 'AANG04002443.1', 'length': 55151, 'coord_system': 'scaffold'}, {'name': 'AANG04002444.1', 'length': 3988, 'coord_system': 'scaffold'}, {'length': 4591, 'name': 'AANG04002445.1', 'coord_system': 'scaffold'}, {'name': 'AANG04002446.1', 'length': 8983, 'coord_system': 'scaffold'}, {'coord_system': 'scaffold', 'length': 10986, 'name': 'AANG04002447.1'}, {'name': 'AANG04002448.1', 'length': 5985, 'coord_system': 'scaffold'}, {'coord_system': 'scaffold', 'name': 'AANG04002449.1', 'length': 16988}, {'coord_system': 'scaffold', 'name': 'AANG04002450.1', 'length': 48425}, {'coord_system': 'scaffold', 'name': 'AANG04002452.1', 'length': 7184}, {'coord_system': 'scaffold', 'length': 13474, 'name': 'AANG04002453.1'}, {'name': 'AANG04002454.1', 'length': 12987, 'coord_system': 'scaffold'}, {'name': 'AANG04002455.1', 'length': 19405, 'coord_system': 'scaffold'}, {'coord_system': 'scaffold', 'name': 'AANG04002456.1', 'length': 8945}, {'coord_system': 'scaffold', 'name': 'AANG04002457.1', 'length': 11988}, {'name': 'AANG04002458.1', 'length': 11981, 'coord_system': 'scaffold'}, {'length': 7943, 'name': 'AANG04002459.1', 'coord_system': 'scaffold'}, {'coord_system': 'scaffold', 'name': 'AANG04002460.1', 'length': 9216}, {'coord_system': 'scaffold', 'name': 'AANG04002461.1', 'length': 4188}, {'coord_system': 'scaffold', 'name': 'AANG04002463.1', 'length': 2991}, {'length': 10987, 'name': 'AANG04002464.1', 'coord_system': 'scaffold'}, {'coord_system': 'scaffold', 'length': 14696, 'name': 'AANG04002465.1'}, {'name': 'AANG04002466.1', 'length': 14265, 'coord_system': 'scaffold'}, {'coord_system': 'scaffold', 'name': 'AANG04002467.1', 'length': 3984}, {'name': 'AANG04002468.1', 'length': 4987, 'coord_system': 'scaffold'}, {'length': 7034, 'name': 'AANG04002469.1', 'coord_system': 'scaffold'}, {'coord_system': 'scaffold', 'name': 'AANG04002470.1', 'length': 5987}, {'name': 'AANG04002471.1', 'length': 7989, 'coord_system': 'scaffold'}, {'coord_system': 'scaffold', 'length': 3790, 'name': 'AANG04002473.1'}, {'coord_system': 'scaffold', 'name': 'AANG04002474.1', 'length': 9429}, {'coord_system': 'scaffold', 'length': 2988, 'name': 'AANG04002475.1'}, {'coord_system': 'scaffold', 'name': 'AANG04002476.1', 'length': 9852}, {'name': 'AANG04002477.1', 'length': 7694, 'coord_system': 'scaffold'}, {'coord_system': 'scaffold', 'name': 'AANG04002478.1', 'length': 11413}, {'length': 4988, 'name': 'AANG04002479.1', 'coord_system': 'scaffold'}, {'name': 'AANG04002480.1', 'length': 9984, 'coord_system': 'scaffold'}, {'length': 4988, 'name': 'AANG04002481.1', 'coord_system': 'scaffold'}, {'length': 6988, 'name': 'AANG04002482.1', 'coord_system': 'scaffold'}, {'coord_system': 'scaffold', 'name': 'AANG04002483.1', 'length': 14984}, {'length': 12988, 'name': 'AANG04002484.1', 'coord_system': 'scaffold'}, {'coord_system': 'scaffold', 'length': 7585, 'name': 'AANG04002485.1'}, {'coord_system': 'scaffold', 'name': 'AANG04002486.1', 'length': 11027}, {'coord_system': 'scaffold', 'name': 'AANG04002487.1', 'length': 11993}, {'name': 'AANG04002488.1', 'length': 17991, 'coord_system': 'scaffold'}, {'coord_system': 'scaffold', 'name': 'AANG04002489.1', 'length': 9840}, {'length': 11986, 'name': 'AANG04002490.1', 'coord_system': 'scaffold'}, {'coord_system': 'scaffold', 'name': 'AANG04002491.1', 'length': 4988}, {'coord_system': 'scaffold', 'length': 13937, 'name': 'AANG04002492.1'}, {'coord_system': 'scaffold', 'length': 8044, 'name': 'AANG04002493.1'}, {'name': 'AANG04002494.1', 'length': 9986, 'coord_system': 'scaffold'}, {'length': 10987, 'name': 'AANG04002495.1', 'coord_system': 'scaffold'}, {'name': 'AANG04002497.1', 'length': 5089, 'coord_system': 'scaffold'}, {'coord_system': 'scaffold', 'length': 3780, 'name': 'AANG04002498.1'}, {'coord_system': 'scaffold', 'name': 'AANG04002499.1', 'length': 10989}, {'coord_system': 'scaffold', 'name': 'AANG04002500.1', 'length': 9215}, {'coord_system': 'scaffold', 'name': 'AANG04002501.1', 'length': 9987}, {'name': 'AANG04002502.1', 'length': 14950, 'coord_system': 'scaffold'}, {'coord_system': 'scaffold', 'length': 5988, 'name': 'AANG04002503.1'}, {'coord_system': 'scaffold', 'length': 9986, 'name': 'AANG04002504.1'}, {'coord_system': 'scaffold', 'name': 'AANG04002505.1', 'length': 25177}, {'length': 8988, 'name': 'AANG04002506.1', 'coord_system': 'scaffold'}, {'name': 'AANG04002507.1', 'length': 6988, 'coord_system': 'scaffold'}, {'coord_system': 'scaffold', 'name': 'AANG04002508.1', 'length': 12986}, {'coord_system': 'scaffold', 'name': 'AANG04002509.1', 'length': 5368}, {'coord_system': 'scaffold', 'name': 'AANG04002510.1', 'length': 19175}, {'coord_system': 'scaffold', 'length': 19990, 'name': 'AANG04002511.1'}, {'name': 'AANG04002513.1', 'length': 39154, 'coord_system': 'scaffold'}, {'name': 'AANG04002515.1', 'length': 7987, 'coord_system': 'scaffold'}, {'name': 'AANG04002516.1', 'length': 7306, 'coord_system': 'scaffold'}, {'length': 5988, 'name': 'AANG04002517.1', 'coord_system': 'scaffold'}, {'coord_system': 'scaffold', 'length': 3987, 'name': 'AANG04002518.1'}, {'coord_system': 'scaffold', 'length': 14486, 'name': 'AANG04002519.1'}, {'name': 'AANG04002520.1', 'length': 5987, 'coord_system': 'scaffold'}, {'coord_system': 'scaffold', 'name': 'AANG04002521.1', 'length': 59246}, {'coord_system': 'scaffold', 'length': 12986, 'name': 'AANG04002522.1'}, {'name': 'AANG04002523.1', 'length': 33916, 'coord_system': 'scaffold'}, {'coord_system': 'scaffold', 'length': 10989, 'name': 'AANG04002525.1'}, {'name': 'AANG04002526.1', 'length': 7987, 'coord_system': 'scaffold'}, {'coord_system': 'scaffold', 'name': 'AANG04002527.1', 'length': 4987}, {'name': 'AANG04002528.1', 'length': 7156, 'coord_system': 'scaffold'}, {'length': 7988, 'name': 'AANG04002529.1', 'coord_system': 'scaffold'}, {'name': 'AANG04002530.1', 'length': 11211, 'coord_system': 'scaffold'}, {'coord_system': 'scaffold', 'length': 8939, 'name': 'AANG04002531.1'}, {'coord_system': 'scaffold', 'name': 'AANG04002532.1', 'length': 85956}, {'name': 'AANG04002533.1', 'length': 9989, 'coord_system': 'scaffold'}, {'name': 'AANG04002534.1', 'length': 11657, 'coord_system': 'scaffold'}, {'coord_system': 'scaffold', 'length': 20178, 'name': 'AANG04002535.1'}, {'name': 'AANG04002536.1', 'length': 11044, 'coord_system': 'scaffold'}, {'name': 'AANG04002537.1', 'length': 19581, 'coord_system': 'scaffold'}, {'length': 4988, 'name': 'AANG04002538.1', 'coord_system': 'scaffold'}, {'length': 6988, 'name': 'AANG04002539.1', 'coord_system': 'scaffold'}, {'length': 21598, 'name': 'AANG04002540.1', 'coord_system': 'scaffold'}, {'name': 'AANG04002541.1', 'length': 20974, 'coord_system': 'scaffold'}, {'coord_system': 'scaffold', 'name': 'AANG04002542.1', 'length': 4988}, {'coord_system': 'scaffold', 'name': 'AANG04002543.1', 'length': 3988}, {'length': 25575, 'name': 'AANG04002544.1', 'coord_system': 'scaffold'}, {'length': 8986, 'name': 'AANG04002545.1', 'coord_system': 'scaffold'}, {'coord_system': 'scaffold', 'length': 12924, 'name': 'AANG04002546.1'}, {'name': 'AANG04002547.1', 'length': 11987, 'coord_system': 'scaffold'}, {'length': 8987, 'name': 'AANG04002549.1', 'coord_system': 'scaffold'}, {'name': 'AANG04002550.1', 'length': 5971, 'coord_system': 'scaffold'}, {'name': 'AANG04002551.1', 'length': 8986, 'coord_system': 'scaffold'}, {'length': 6988, 'name': 'AANG04002552.1', 'coord_system': 'scaffold'}, {'name': 'AANG04002553.1', 'length': 7989, 'coord_system': 'scaffold'}, {'name': 'AANG04002554.1', 'length': 7986, 'coord_system': 'scaffold'}, {'name': 'AANG04002555.1', 'length': 8794, 'coord_system': 'scaffold'}, {'name': 'AANG04002556.1', 'length': 16797, 'coord_system': 'scaffold'}, {'coord_system': 'scaffold', 'name': 'AANG04002557.1', 'length': 3988}, {'name': 'AANG04002558.1', 'length': 20364, 'coord_system': 'scaffold'}, {'coord_system': 'scaffold', 'name': 'AANG04002559.1', 'length': 26983}, {'coord_system': 'scaffold', 'length': 6867, 'name': 'AANG04002560.1'}, {'coord_system': 'scaffold', 'name': 'AANG04002561.1', 'length': 4987}, {'length': 11982, 'name': 'AANG04002562.1', 'coord_system': 'scaffold'}, {'coord_system': 'scaffold', 'length': 11136, 'name': 'AANG04002563.1'}, {'coord_system': 'scaffold', 'length': 70192, 'name': 'AANG04002564.1'}, {'length': 4988, 'name': 'AANG04002565.1', 'coord_system': 'scaffold'}, {'coord_system': 'scaffold', 'name': 'AANG04002566.1', 'length': 4990}, {'coord_system': 'scaffold', 'name': 'AANG04002567.1', 'length': 6988}, {'coord_system': 'scaffold', 'length': 5988, 'name': 'AANG04002568.1'}, {'name': 'AANG04002569.1', 'length': 9988, 'coord_system': 'scaffold'}, {'length': 5237, 'name': 'AANG04002570.1', 'coord_system': 'scaffold'}, {'length': 12987, 'name': 'AANG04002571.1', 'coord_system': 'scaffold'}, {'coord_system': 'scaffold', 'length': 31193, 'name': 'AANG04002572.1'}, {'name': 'AANG04002573.1', 'length': 6706, 'coord_system': 'scaffold'}, {'name': 'AANG04002575.1', 'length': 7220, 'coord_system': 'scaffold'}, {'coord_system': 'scaffold', 'name': 'AANG04002576.1', 'length': 4366}, {'name': 'AANG04002577.1', 'length': 8976, 'coord_system': 'scaffold'}, {'coord_system': 'scaffold', 'length': 11986, 'name': 'AANG04002578.1'}, {'name': 'AANG04002579.1', 'length': 3802, 'coord_system': 'scaffold'}, {'length': 3717, 'name': 'AANG04002580.1', 'coord_system': 'scaffold'}, {'coord_system': 'scaffold', 'length': 7799, 'name': 'AANG04002581.1'}, {'coord_system': 'scaffold', 'length': 50642, 'name': 'AANG04002582.1'}, {'coord_system': 'scaffold', 'name': 'AANG04002584.1', 'length': 4199}, {'coord_system': 'scaffold', 'name': 'AANG04002585.1', 'length': 8220}, {'coord_system': 'scaffold', 'length': 9988, 'name': 'AANG04002586.1'}, {'coord_system': 'scaffold', 'length': 4988, 'name': 'AANG04002587.1'}, {'name': 'AANG04002588.1', 'length': 12989, 'coord_system': 'scaffold'}, {'coord_system': 'scaffold', 'length': 6988, 'name': 'AANG04002589.1'}, {'coord_system': 'scaffold', 'name': 'AANG04002590.1', 'length': 8986}, {'coord_system': 'scaffold', 'name': 'AANG04002591.1', 'length': 15344}, {'length': 9988, 'name': 'AANG04002592.1', 'coord_system': 'scaffold'}, {'length': 5682, 'name': 'AANG04002593.1', 'coord_system': 'scaffold'}, {'length': 18324, 'name': 'AANG04002594.1', 'coord_system': 'scaffold'}, {'length': 17776, 'name': 'AANG04002595.1', 'coord_system': 'scaffold'}, {'length': 4988, 'name': 'AANG04002596.1', 'coord_system': 'scaffold'}, {'name': 'AANG04002597.1', 'length': 11231, 'coord_system': 'scaffold'}, {'length': 14156, 'name': 'AANG04002598.1', 'coord_system': 'scaffold'}, {'name': 'AANG04002599.1', 'length': 2987, 'coord_system': 'scaffold'}, {'length': 9209, 'name': 'AANG04002600.1', 'coord_system': 'scaffold'}, {'length': 8931, 'name': 'AANG04002601.1', 'coord_system': 'scaffold'}, {'length': 6988, 'name': 'AANG04002602.1', 'coord_system': 'scaffold'}, {'name': 'AANG04002603.1', 'length': 10590, 'coord_system': 'scaffold'}, {'coord_system': 'scaffold', 'name': 'AANG04002604.1', 'length': 10985}, {'length': 11212, 'name': 'AANG04002605.1', 'coord_system': 'scaffold'}, {'name': 'AANG04002606.1', 'length': 12346, 'coord_system': 'scaffold'}, {'length': 9988, 'name': 'AANG04002607.1', 'coord_system': 'scaffold'}, {'name': 'AANG04002608.1', 'length': 5988, 'coord_system': 'scaffold'}, {'coord_system': 'scaffold', 'length': 25991, 'name': 'AANG04002609.1'}, {'name': 'AANG04002610.1', 'length': 25448, 'coord_system': 'scaffold'}, {'length': 9988, 'name': 'AANG04002611.1', 'coord_system': 'scaffold'}, {'coord_system': 'scaffold', 'length': 7987, 'name': 'AANG04002612.1'}, {'coord_system': 'scaffold', 'name': 'AANG04002613.1', 'length': 9881}, {'length': 20857, 'name': 'AANG04002614.1', 'coord_system': 'scaffold'}, {'coord_system': 'scaffold', 'length': 3988, 'name': 'AANG04002615.1'}, {'coord_system': 'scaffold', 'name': 'AANG04002616.1', 'length': 7481}, {'length': 8989, 'name': 'AANG04002617.1', 'coord_system': 'scaffold'}, {'length': 5098, 'name': 'AANG04002618.1', 'coord_system': 'scaffold'}, {'name': 'AANG04002619.1', 'length': 3992, 'coord_system': 'scaffold'}, {'length': 17988, 'name': 'AANG04002620.1', 'coord_system': 'scaffold'}, {'name': 'AANG04002621.1', 'length': 12971, 'coord_system': 'scaffold'}, {'coord_system': 'scaffold', 'length': 17730, 'name': 'AANG04002622.1'}, {'name': 'AANG04002623.1', 'length': 11980, 'coord_system': 'scaffold'}, {'coord_system': 'scaffold', 'name': 'AANG04002624.1', 'length': 31065}, {'coord_system': 'scaffold', 'length': 12920, 'name': 'AANG04002625.1'}, {'coord_system': 'scaffold', 'name': 'AANG04002626.1', 'length': 8985}, {'name': 'AANG04002627.1', 'length': 10987, 'coord_system': 'scaffold'}, {'length': 4205, 'name': 'AANG04002628.1', 'coord_system': 'scaffold'}, {'length': 13982, 'name': 'AANG04002629.1', 'coord_system': 'scaffold'}, {'name': 'AANG04002630.1', 'length': 5988, 'coord_system': 'scaffold'}, {'name': 'AANG04002631.1', 'length': 8986, 'coord_system': 'scaffold'}, {'coord_system': 'scaffold', 'name': 'AANG04002632.1', 'length': 6987}, {'length': 6985, 'name': 'AANG04002633.1', 'coord_system': 'scaffold'}, {'length': 3988, 'name': 'AANG04002634.1', 'coord_system': 'scaffold'}, {'length': 17574, 'name': 'AANG04002635.1', 'coord_system': 'scaffold'}, {'coord_system': 'scaffold', 'length': 3988, 'name': 'AANG04002636.1'}, {'coord_system': 'scaffold', 'length': 28721, 'name': 'AANG04002637.1'}, {'name': 'AANG04002639.1', 'length': 3988, 'coord_system': 'scaffold'}, {'length': 9987, 'name': 'AANG04002640.1', 'coord_system': 'scaffold'}, {'coord_system': 'scaffold', 'length': 22980, 'name': 'AANG04002642.1'}, {'length': 6010, 'name': 'AANG04002643.1', 'coord_system': 'scaffold'}, {'coord_system': 'scaffold', 'length': 9987, 'name': 'AANG04002644.1'}, {'coord_system': 'scaffold', 'length': 4986, 'name': 'AANG04002645.1'}, {'coord_system': 'scaffold', 'name': 'AANG04002646.1', 'length': 7166}, {'coord_system': 'scaffold', 'length': 8990, 'name': 'AANG04002647.1'}, {'name': 'AANG04002648.1', 'length': 15803, 'coord_system': 'scaffold'}, {'name': 'AANG04002649.1', 'length': 8989, 'coord_system': 'scaffold'}, {'length': 5318, 'name': 'AANG04002650.1', 'coord_system': 'scaffold'}, {'name': 'AANG04002651.1', 'length': 7989, 'coord_system': 'scaffold'}, {'coord_system': 'scaffold', 'length': 17688, 'name': 'AANG04002652.1'}, {'name': 'AANG04002653.1', 'length': 11189, 'coord_system': 'scaffold'}, {'length': 20981, 'name': 'AANG04002654.1', 'coord_system': 'scaffold'}, {'length': 11998, 'name': 'AANG04002655.1', 'coord_system': 'scaffold'}, {'coord_system': 'scaffold', 'length': 16912, 'name': 'AANG04002656.1'}, {'length': 6987, 'name': 'AANG04002657.1', 'coord_system': 'scaffold'}, {'coord_system': 'scaffold', 'length': 42988, 'name': 'AANG04002658.1'}, {'coord_system': 'scaffold', 'length': 3988, 'name': 'AANG04002659.1'}, {'name': 'AANG04002660.1', 'length': 16792, 'coord_system': 'scaffold'}, {'coord_system': 'scaffold', 'length': 41533, 'name': 'AANG04002661.1'}, {'length': 12987, 'name': 'AANG04002662.1', 'coord_system': 'scaffold'}, {'name': 'AANG04002663.1', 'length': 6988, 'coord_system': 'scaffold'}, {'length': 11986, 'name': 'AANG04002664.1', 'coord_system': 'scaffold'}, {'name': 'AANG04002665.1', 'length': 10181, 'coord_system': 'scaffold'}, {'coord_system': 'scaffold', 'length': 11989, 'name': 'AANG04002666.1'}, {'name': 'AANG04002667.1', 'length': 4987, 'coord_system': 'scaffold'}, {'length': 9409, 'name': 'AANG04002668.1', 'coord_system': 'scaffold'}, {'coord_system': 'scaffold', 'name': 'AANG04002669.1', 'length': 15047}, {'coord_system': 'scaffold', 'name': 'AANG04002670.1', 'length': 9988}, {'name': 'AANG04002671.1', 'length': 4988, 'coord_system': 'scaffold'}, {'coord_system': 'scaffold', 'name': 'AANG04002672.1', 'length': 15121}, {'length': 8986, 'name': 'AANG04002673.1', 'coord_system': 'scaffold'}, {'coord_system': 'scaffold', 'length': 11986, 'name': 'AANG04002674.1'}, {'coord_system': 'scaffold', 'length': 14985, 'name': 'AANG04002675.1'}, {'coord_system': 'scaffold', 'length': 16726, 'name': 'AANG04002676.1'}, {'coord_system': 'scaffold', 'name': 'AANG04002677.1', 'length': 9967}, {'coord_system': 'scaffold', 'length': 10977, 'name': 'AANG04002678.1'}, {'coord_system': 'scaffold', 'name': 'AANG04002679.1', 'length': 6988}, {'coord_system': 'scaffold', 'name': 'AANG04002680.1', 'length': 3988}, {'name': 'AANG04002681.1', 'length': 28891, 'coord_system': 'scaffold'}, {'coord_system': 'scaffold', 'length': 12150, 'name': 'AANG04002682.1'}, {'name': 'AANG04002683.1', 'length': 12139, 'coord_system': 'scaffold'}, {'name': 'AANG04002684.1', 'length': 6987, 'coord_system': 'scaffold'}, {'coord_system': 'scaffold', 'length': 7987, 'name': 'AANG04002685.1'}, {'coord_system': 'scaffold', 'length': 3988, 'name': 'AANG04002686.1'}, {'name': 'AANG04002688.1', 'length': 6987, 'coord_system': 'scaffold'}, {'name': 'AANG04002689.1', 'length': 7988, 'coord_system': 'scaffold'}, {'name': 'AANG04002690.1', 'length': 14974, 'coord_system': 'scaffold'}, {'coord_system': 'scaffold', 'name': 'AANG04002691.1', 'length': 9988}, {'coord_system': 'scaffold', 'name': 'AANG04002692.1', 'length': 14997}, {'coord_system': 'scaffold', 'length': 6988, 'name': 'AANG04002693.1'}, {'coord_system': 'scaffold', 'name': 'AANG04002694.1', 'length': 7987}, {'name': 'AANG04002695.1', 'length': 10659, 'coord_system': 'scaffold'}, {'coord_system': 'scaffold', 'length': 10148, 'name': 'AANG04002696.1'}, {'coord_system': 'scaffold', 'length': 8986, 'name': 'AANG04002697.1'}, {'coord_system': 'scaffold', 'name': 'AANG04002698.1', 'length': 6989}, {'coord_system': 'scaffold', 'name': 'AANG04002699.1', 'length': 14989}, {'coord_system': 'scaffold', 'length': 24691, 'name': 'AANG04002700.1'}, {'length': 15987, 'name': 'AANG04002701.1', 'coord_system': 'scaffold'}, {'length': 9987, 'name': 'AANG04002702.1', 'coord_system': 'scaffold'}, {'name': 'AANG04002703.1', 'length': 14559, 'coord_system': 'scaffold'}, {'name': 'AANG04002704.1', 'length': 43990, 'coord_system': 'scaffold'}, {'name': 'AANG04002705.1', 'length': 13099, 'coord_system': 'scaffold'}, {'name': 'AANG04002706.1', 'length': 7988, 'coord_system': 'scaffold'}, {'name': 'AANG04002707.1', 'length': 12980, 'coord_system': 'scaffold'}, {'coord_system': 'scaffold', 'name': 'AANG04002708.1', 'length': 8986}, {'name': 'AANG04002709.1', 'length': 5992, 'coord_system': 'scaffold'}, {'length': 6988, 'name': 'AANG04002710.1', 'coord_system': 'scaffold'}, {'coord_system': 'scaffold', 'length': 4002, 'name': 'AANG04002711.1'}, {'coord_system': 'scaffold', 'name': 'AANG04002712.1', 'length': 10974}, {'coord_system': 'scaffold', 'length': 9609, 'name': 'AANG04002713.1'}, {'name': 'AANG04002714.1', 'length': 27290, 'coord_system': 'scaffold'}, {'name': 'AANG04002715.1', 'length': 12988, 'coord_system': 'scaffold'}, {'name': 'AANG04002716.1', 'length': 12732, 'coord_system': 'scaffold'}, {'coord_system': 'scaffold', 'name': 'AANG04002717.1', 'length': 46496}, {'name': 'AANG04002718.1', 'length': 38344, 'coord_system': 'scaffold'}, {'coord_system': 'scaffold', 'name': 'AANG04002719.1', 'length': 39899}, {'coord_system': 'scaffold', 'length': 8988, 'name': 'AANG04002720.1'}, {'coord_system': 'scaffold', 'length': 22990, 'name': 'AANG04002721.1'}, {'coord_system': 'scaffold', 'name': 'AANG04002722.1', 'length': 7988}, {'coord_system': 'scaffold', 'length': 3061, 'name': 'AANG04002723.1'}, {'length': 22574, 'name': 'AANG04002724.1', 'coord_system': 'scaffold'}, {'name': 'AANG04002725.1', 'length': 6988, 'coord_system': 'scaffold'}, {'coord_system': 'scaffold', 'length': 17140, 'name': 'AANG04002726.1'}, {'length': 12878, 'name': 'AANG04002727.1', 'coord_system': 'scaffold'}, {'length': 3986, 'name': 'AANG04002728.1', 'coord_system': 'scaffold'}, {'coord_system': 'scaffold', 'length': 19981, 'name': 'AANG04002729.1'}, {'name': 'AANG04002730.1', 'length': 10964, 'coord_system': 'scaffold'}, {'length': 7168, 'name': 'AANG04002731.1', 'coord_system': 'scaffold'}, {'coord_system': 'scaffold', 'length': 10988, 'name': 'AANG04002732.1'}, {'length': 12966, 'name': 'AANG04002733.1', 'coord_system': 'scaffold'}, {'coord_system': 'scaffold', 'name': 'AANG04002734.1', 'length': 9639}, {'length': 7648, 'name': 'AANG04002735.1', 'coord_system': 'scaffold'}, {'length': 11428, 'name': 'AANG04002736.1', 'coord_system': 'scaffold'}, {'coord_system': 'scaffold', 'name': 'AANG04002737.1', 'length': 7989}, {'coord_system': 'scaffold', 'length': 4180, 'name': 'AANG04002738.1'}, {'name': 'AANG04002739.1', 'length': 10089, 'coord_system': 'scaffold'}, {'length': 2988, 'name': 'AANG04002740.1', 'coord_system': 'scaffold'}, {'name': 'AANG04002741.1', 'length': 6451, 'coord_system': 'scaffold'}, {'coord_system': 'scaffold', 'name': 'AANG04002742.1', 'length': 12048}, {'coord_system': 'scaffold', 'length': 12278, 'name': 'AANG04002743.1'}, {'length': 7992, 'name': 'AANG04002744.1', 'coord_system': 'scaffold'}, {'name': 'AANG04002745.1', 'length': 10288, 'coord_system': 'scaffold'}, {'coord_system': 'scaffold', 'name': 'AANG04002746.1', 'length': 38413}, {'coord_system': 'scaffold', 'length': 16039, 'name': 'AANG04002747.1'}, {'name': 'AANG04002748.1', 'length': 13994, 'coord_system': 'scaffold'}, {'length': 6988, 'name': 'AANG04002749.1', 'coord_system': 'scaffold'}, {'coord_system': 'scaffold', 'name': 'AANG04002750.1', 'length': 19746}, {'name': 'AANG04002751.1', 'length': 7029, 'coord_system': 'scaffold'}, {'coord_system': 'scaffold', 'name': 'AANG04002753.1', 'length': 88932}, {'coord_system': 'scaffold', 'name': 'AANG04002754.1', 'length': 18227}, {'coord_system': 'scaffold', 'name': 'AANG04002755.1', 'length': 16331}, {'coord_system': 'scaffold', 'length': 13299, 'name': 'AANG04002756.1'}, {'name': 'AANG04002757.1', 'length': 13793, 'coord_system': 'scaffold'}, {'length': 16988, 'name': 'AANG04002759.1', 'coord_system': 'scaffold'}, {'length': 17209, 'name': 'AANG04002760.1', 'coord_system': 'scaffold'}, {'coord_system': 'scaffold', 'name': 'AANG04002761.1', 'length': 6736}, {'coord_system': 'scaffold', 'name': 'AANG04002762.1', 'length': 9741}, {'name': 'AANG04002763.1', 'length': 15989, 'coord_system': 'scaffold'}, {'length': 4209, 'name': 'AANG04002764.1', 'coord_system': 'scaffold'}, {'length': 9988, 'name': 'AANG04002766.1', 'coord_system': 'scaffold'}, {'length': 5987, 'name': 'AANG04002767.1', 'coord_system': 'scaffold'}, {'coord_system': 'scaffold', 'length': 7981, 'name': 'AANG04002768.1'}, {'coord_system': 'scaffold', 'length': 11591, 'name': 'AANG04002769.1'}, {'coord_system': 'scaffold', 'name': 'AANG04002770.1', 'length': 2988}, {'length': 6988, 'name': 'AANG04002771.1', 'coord_system': 'scaffold'}, {'name': 'AANG04002772.1', 'length': 7986, 'coord_system': 'scaffold'}, {'length': 18524, 'name': 'AANG04002773.1', 'coord_system': 'scaffold'}, {'coord_system': 'scaffold', 'length': 16919, 'name': 'AANG04002774.1'}, {'coord_system': 'scaffold', 'name': 'AANG04002775.1', 'length': 11940}, {'name': 'AANG04002777.1', 'length': 6177, 'coord_system': 'scaffold'}, {'length': 55386, 'name': 'AANG04002778.1', 'coord_system': 'scaffold'}, {'length': 12984, 'name': 'AANG04002779.1', 'coord_system': 'scaffold'}, {'name': 'AANG04002780.1', 'length': 5988, 'coord_system': 'scaffold'}, {'coord_system': 'scaffold', 'name': 'AANG04002781.1', 'length': 7312}, {'coord_system': 'scaffold', 'length': 4988, 'name': 'AANG04002782.1'}, {'length': 38835, 'name': 'AANG04002783.1', 'coord_system': 'scaffold'}, {'name': 'AANG04002784.1', 'length': 19603, 'coord_system': 'scaffold'}, {'length': 11169, 'name': 'AANG04002785.1', 'coord_system': 'scaffold'}, {'coord_system': 'scaffold', 'name': 'AANG04002786.1', 'length': 4183}, {'coord_system': 'scaffold', 'length': 6237, 'name': 'AANG04002787.1'}, {'name': 'AANG04002789.1', 'length': 8516, 'coord_system': 'scaffold'}, {'coord_system': 'scaffold', 'length': 17095, 'name': 'AANG04002791.1'}, {'name': 'AANG04002792.1', 'length': 6987, 'coord_system': 'scaffold'}, {'coord_system': 'scaffold', 'name': 'AANG04002793.1', 'length': 2988}, {'length': 7988, 'name': 'AANG04002794.1', 'coord_system': 'scaffold'}, {'name': 'AANG04002795.1', 'length': 10985, 'coord_system': 'scaffold'}, {'coord_system': 'scaffold', 'length': 12989, 'name': 'AANG04002796.1'}, {'coord_system': 'scaffold', 'name': 'AANG04002797.1', 'length': 9221}, {'coord_system': 'scaffold', 'length': 5987, 'name': 'AANG04002798.1'}, {'name': 'AANG04002799.1', 'length': 9155, 'coord_system': 'scaffold'}, {'name': 'AANG04002800.1', 'length': 13990, 'coord_system': 'scaffold'}, {'coord_system': 'scaffold', 'name': 'AANG04002801.1', 'length': 6988}, {'length': 3030, 'name': 'AANG04002802.1', 'coord_system': 'scaffold'}, {'coord_system': 'scaffold', 'name': 'AANG04002803.1', 'length': 7987}, {'coord_system': 'scaffold', 'length': 3988, 'name': 'AANG04002804.1'}, {'coord_system': 'scaffold', 'name': 'AANG04002805.1', 'length': 18712}, {'name': 'AANG04002806.1', 'length': 2988, 'coord_system': 'scaffold'}, {'coord_system': 'scaffold', 'length': 8094, 'name': 'AANG04002807.1'}, {'coord_system': 'scaffold', 'name': 'AANG04002808.1', 'length': 4983}, {'name': 'AANG04002809.1', 'length': 7981, 'coord_system': 'scaffold'}, {'coord_system': 'scaffold', 'length': 15766, 'name': 'AANG04002810.1'}, {'coord_system': 'scaffold', 'length': 7990, 'name': 'AANG04002811.1'}, {'name': 'AANG04002812.1', 'length': 5834, 'coord_system': 'scaffold'}, {'coord_system': 'scaffold', 'length': 8505, 'name': 'AANG04002813.1'}, {'coord_system': 'scaffold', 'name': 'AANG04002814.1', 'length': 4988}, {'coord_system': 'scaffold', 'length': 22478, 'name': 'AANG04002815.1'}, {'coord_system': 'scaffold', 'name': 'AANG04002816.1', 'length': 14920}, {'length': 28454, 'name': 'AANG04002817.1', 'coord_system': 'scaffold'}, {'coord_system': 'scaffold', 'length': 8401, 'name': 'AANG04002818.1'}, {'coord_system': 'scaffold', 'length': 6991, 'name': 'AANG04002819.1'}, {'coord_system': 'scaffold', 'name': 'AANG04002820.1', 'length': 4243}, {'name': 'AANG04002821.1', 'length': 5988, 'coord_system': 'scaffold'}, {'coord_system': 'scaffold', 'length': 10988, 'name': 'AANG04002822.1'}, {'coord_system': 'scaffold', 'length': 4987, 'name': 'AANG04002823.1'}, {'coord_system': 'scaffold', 'name': 'AANG04002824.1', 'length': 8988}, {'length': 16878, 'name': 'AANG04002825.1', 'coord_system': 'scaffold'}, {'coord_system': 'scaffold', 'length': 6988, 'name': 'AANG04002826.1'}, {'name': 'AANG04002827.1', 'length': 4146, 'coord_system': 'scaffold'}, {'coord_system': 'scaffold', 'name': 'AANG04002828.1', 'length': 10412}, {'coord_system': 'scaffold', 'name': 'AANG04002830.1', 'length': 24810}, {'name': 'AANG04002831.1', 'length': 4988, 'coord_system': 'scaffold'}, {'coord_system': 'scaffold', 'length': 9763, 'name': 'AANG04002832.1'}, {'coord_system': 'scaffold', 'length': 9989, 'name': 'AANG04002833.1'}, {'coord_system': 'scaffold', 'length': 9932, 'name': 'AANG04002834.1'}, {'coord_system': 'scaffold', 'name': 'AANG04002837.1', 'length': 7849}, {'name': 'AANG04002838.1', 'length': 11490, 'coord_system': 'scaffold'}, {'name': 'AANG04002839.1', 'length': 20986, 'coord_system': 'scaffold'}, {'name': 'AANG04002840.1', 'length': 12083, 'coord_system': 'scaffold'}, {'coord_system': 'scaffold', 'length': 11897, 'name': 'AANG04002841.1'}, {'coord_system': 'scaffold', 'name': 'AANG04002842.1', 'length': 6407}, {'name': 'AANG04002843.1', 'length': 5988, 'coord_system': 'scaffold'}, {'name': 'AANG04002844.1', 'length': 7451, 'coord_system': 'scaffold'}, {'name': 'AANG04002845.1', 'length': 14056, 'coord_system': 'scaffold'}, {'name': 'AANG04002846.1', 'length': 11272, 'coord_system': 'scaffold'}, {'length': 15640, 'name': 'AANG04002847.1', 'coord_system': 'scaffold'}, {'name': 'AANG04002849.1', 'length': 9986, 'coord_system': 'scaffold'}, {'coord_system': 'scaffold', 'length': 9987, 'name': 'AANG04002851.1'}, {'coord_system': 'scaffold', 'name': 'AANG04002852.1', 'length': 12989}, {'length': 52063, 'name': 'AANG04002853.1', 'coord_system': 'scaffold'}, {'coord_system': 'scaffold', 'length': 25843, 'name': 'AANG04002854.1'}, {'coord_system': 'scaffold', 'name': 'AANG04002855.1', 'length': 13783}, {'coord_system': 'scaffold', 'name': 'AANG04002856.1', 'length': 11000}, {'name': 'AANG04002857.1', 'length': 6986, 'coord_system': 'scaffold'}, {'name': 'AANG04002858.1', 'length': 7781, 'coord_system': 'scaffold'}, {'coord_system': 'scaffold', 'name': 'AANG04002860.1', 'length': 11989}, {'coord_system': 'scaffold', 'name': 'AANG04002861.1', 'length': 50045}, {'length': 5988, 'name': 'AANG04002862.1', 'coord_system': 'scaffold'}, {'coord_system': 'scaffold', 'length': 11846, 'name': 'AANG04002864.1'}, {'name': 'AANG04002865.1', 'length': 8987, 'coord_system': 'scaffold'}, {'name': 'AANG04002866.1', 'length': 6988, 'coord_system': 'scaffold'}, {'coord_system': 'scaffold', 'length': 7182, 'name': 'AANG04002867.1'}, {'coord_system': 'scaffold', 'name': 'AANG04002868.1', 'length': 7987}, {'coord_system': 'scaffold', 'name': 'AANG04002869.1', 'length': 10186}, {'coord_system': 'scaffold', 'name': 'AANG04002870.1', 'length': 8973}, {'length': 20127, 'name': 'AANG04002872.1', 'coord_system': 'scaffold'}, {'name': 'AANG04002873.1', 'length': 12164, 'coord_system': 'scaffold'}, {'length': 8185, 'name': 'AANG04002874.1', 'coord_system': 'scaffold'}, {'name': 'AANG04002875.1', 'length': 20987, 'coord_system': 'scaffold'}, {'coord_system': 'scaffold', 'name': 'AANG04002877.1', 'length': 10985}, {'coord_system': 'scaffold', 'name': 'AANG04002878.1', 'length': 6987}, {'coord_system': 'scaffold', 'length': 9905, 'name': 'AANG04002879.1'}, {'coord_system': 'scaffold', 'length': 10240, 'name': 'AANG04002880.1'}, {'coord_system': 'scaffold', 'name': 'AANG04002881.1', 'length': 7361}, {'coord_system': 'scaffold', 'length': 5987, 'name': 'AANG04002882.1'}, {'coord_system': 'scaffold', 'length': 7194, 'name': 'AANG04002883.1'}, {'length': 7012, 'name': 'AANG04002884.1', 'coord_system': 'scaffold'}, {'name': 'AANG04002885.1', 'length': 11988, 'coord_system': 'scaffold'}, {'length': 8014, 'name': 'AANG04002886.1', 'coord_system': 'scaffold'}, {'coord_system': 'scaffold', 'name': 'AANG04002888.1', 'length': 8801}, {'coord_system': 'scaffold', 'name': 'AANG04002889.1', 'length': 5988}, {'coord_system': 'scaffold', 'name': 'AANG04002891.1', 'length': 11821}, {'coord_system': 'scaffold', 'length': 10990, 'name': 'AANG04002892.1'}, {'name': 'AANG04002893.1', 'length': 11989, 'coord_system': 'scaffold'}, {'coord_system': 'scaffold', 'length': 16081, 'name': 'AANG04002894.1'}, {'length': 12608, 'name': 'AANG04002895.1', 'coord_system': 'scaffold'}, {'name': 'AANG04002897.1', 'length': 3774, 'coord_system': 'scaffold'}, {'coord_system': 'scaffold', 'length': 7766, 'name': 'AANG04002898.1'}, {'name': 'AANG04002899.1', 'length': 4989, 'coord_system': 'scaffold'}, {'length': 14064, 'name': 'AANG04002901.1', 'coord_system': 'scaffold'}, {'length': 8375, 'name': 'AANG04002902.1', 'coord_system': 'scaffold'}, {'coord_system': 'scaffold', 'length': 9343, 'name': 'AANG04002903.1'}, {'name': 'AANG04002904.1', 'length': 4958, 'coord_system': 'scaffold'}, {'length': 11000, 'name': 'AANG04002905.1', 'coord_system': 'scaffold'}, {'name': 'AANG04002906.1', 'length': 34863, 'coord_system': 'scaffold'}, {'coord_system': 'scaffold', 'name': 'AANG04002907.1', 'length': 13989}, {'length': 13923, 'name': 'AANG04002908.1', 'coord_system': 'scaffold'}, {'coord_system': 'scaffold', 'name': 'AANG04002909.1', 'length': 11989}, {'coord_system': 'scaffold', 'length': 7988, 'name': 'AANG04002910.1'}, {'length': 14986, 'name': 'AANG04002911.1', 'coord_system': 'scaffold'}, {'name': 'AANG04002912.1', 'length': 3981, 'coord_system': 'scaffold'}, {'length': 8988, 'name': 'AANG04002913.1', 'coord_system': 'scaffold'}, {'length': 6989, 'name': 'AANG04002914.1', 'coord_system': 'scaffold'}, {'coord_system': 'scaffold', 'length': 9988, 'name': 'AANG04002915.1'}, {'coord_system': 'scaffold', 'length': 8987, 'name': 'AANG04002916.1'}, {'name': 'AANG04002917.1', 'length': 9988, 'coord_system': 'scaffold'}, {'coord_system': 'scaffold', 'name': 'AANG04002918.1', 'length': 6990}, {'name': 'AANG04002919.1', 'length': 14623, 'coord_system': 'scaffold'}, {'length': 6987, 'name': 'AANG04002920.1', 'coord_system': 'scaffold'}, {'name': 'AANG04002921.1', 'length': 4988, 'coord_system': 'scaffold'}, {'coord_system': 'scaffold', 'name': 'AANG04002922.1', 'length': 7987}, {'coord_system': 'scaffold', 'name': 'AANG04002923.1', 'length': 10989}, {'coord_system': 'scaffold', 'name': 'AANG04002925.1', 'length': 8541}, {'name': 'AANG04002926.1', 'length': 4990, 'coord_system': 'scaffold'}, {'length': 9988, 'name': 'AANG04002927.1', 'coord_system': 'scaffold'}, {'coord_system': 'scaffold', 'length': 10988, 'name': 'AANG04002928.1'}, {'name': 'AANG04002929.1', 'length': 7988, 'coord_system': 'scaffold'}, {'coord_system': 'scaffold', 'length': 6222, 'name': 'AANG04002931.1'}, {'name': 'AANG04002932.1', 'length': 44190, 'coord_system': 'scaffold'}, {'coord_system': 'scaffold', 'name': 'AANG04002933.1', 'length': 9303}, {'length': 14988, 'name': 'AANG04002934.1', 'coord_system': 'scaffold'}, {'coord_system': 'scaffold', 'name': 'AANG04002935.1', 'length': 14072}, {'name': 'AANG04002936.1', 'length': 17988, 'coord_system': 'scaffold'}, {'name': 'AANG04002937.1', 'length': 19982, 'coord_system': 'scaffold'}, {'length': 7762, 'name': 'AANG04002938.1', 'coord_system': 'scaffold'}, {'coord_system': 'scaffold', 'length': 9372, 'name': 'AANG04002939.1'}, {'coord_system': 'scaffold', 'length': 12983, 'name': 'AANG04002940.1'}, {'name': 'AANG04002941.1', 'length': 13029, 'coord_system': 'scaffold'}, {'coord_system': 'scaffold', 'length': 9924, 'name': 'AANG04002942.1'}, {'name': 'AANG04002943.1', 'length': 31982, 'coord_system': 'scaffold'}, {'name': 'AANG04002944.1', 'length': 40996, 'coord_system': 'scaffold'}, {'coord_system': 'scaffold', 'length': 11987, 'name': 'AANG04002945.1'}, {'name': 'AANG04002946.1', 'length': 6058, 'coord_system': 'scaffold'}, {'coord_system': 'scaffold', 'length': 9987, 'name': 'AANG04002947.1'}, {'name': 'AANG04002948.1', 'length': 4477, 'coord_system': 'scaffold'}, {'coord_system': 'scaffold', 'length': 10990, 'name': 'AANG04002949.1'}, {'length': 7806, 'name': 'AANG04002950.1', 'coord_system': 'scaffold'}, {'coord_system': 'scaffold', 'length': 16483, 'name': 'AANG04002951.1'}, {'coord_system': 'scaffold', 'length': 3988, 'name': 'AANG04002952.1'}, {'length': 21219, 'name': 'AANG04002953.1', 'coord_system': 'scaffold'}, {'coord_system': 'scaffold', 'name': 'AANG04002954.1', 'length': 13932}, {'coord_system': 'scaffold', 'length': 10988, 'name': 'AANG04002955.1'}, {'coord_system': 'scaffold', 'name': 'AANG04002956.1', 'length': 55094}, {'coord_system': 'scaffold', 'name': 'AANG04002957.1', 'length': 18149}, {'length': 14714, 'name': 'AANG04002958.1', 'coord_system': 'scaffold'}, {'coord_system': 'scaffold', 'length': 9048, 'name': 'AANG04002959.1'}, {'length': 61328, 'name': 'AANG04002960.1', 'coord_system': 'scaffold'}, {'coord_system': 'scaffold', 'length': 8988, 'name': 'AANG04002961.1'}, {'coord_system': 'scaffold', 'name': 'AANG04002962.1', 'length': 5988}, {'coord_system': 'scaffold', 'name': 'AANG04002963.1', 'length': 6889}, {'coord_system': 'scaffold', 'name': 'AANG04002964.1', 'length': 15014}, {'coord_system': 'scaffold', 'length': 6474, 'name': 'AANG04002965.1'}, {'name': 'AANG04002966.1', 'length': 9988, 'coord_system': 'scaffold'}, {'length': 78982, 'name': 'AANG04002967.1', 'coord_system': 'scaffold'}, {'name': 'AANG04002968.1', 'length': 10990, 'coord_system': 'scaffold'}, {'length': 3988, 'name': 'AANG04002969.1', 'coord_system': 'scaffold'}, {'coord_system': 'scaffold', 'name': 'AANG04002970.1', 'length': 16023}, {'length': 57244, 'name': 'AANG04002971.1', 'coord_system': 'scaffold'}, {'name': 'AANG04002972.1', 'length': 4437, 'coord_system': 'scaffold'}, {'coord_system': 'scaffold', 'length': 6987, 'name': 'AANG04002973.1'}, {'length': 6987, 'name': 'AANG04002974.1', 'coord_system': 'scaffold'}, {'coord_system': 'scaffold', 'name': 'AANG04002975.1', 'length': 79560}, {'name': 'AANG04002976.1', 'length': 46796, 'coord_system': 'scaffold'}, {'coord_system': 'scaffold', 'name': 'AANG04002977.1', 'length': 64854}, {'length': 6987, 'name': 'AANG04002978.1', 'coord_system': 'scaffold'}, {'length': 11534, 'name': 'AANG04002979.1', 'coord_system': 'scaffold'}, {'name': 'AANG04002980.1', 'length': 2986, 'coord_system': 'scaffold'}, {'coord_system': 'scaffold', 'length': 15989, 'name': 'AANG04002981.1'}, {'coord_system': 'scaffold', 'name': 'AANG04002982.1', 'length': 8841}, {'name': 'AANG04002983.1', 'length': 16817, 'coord_system': 'scaffold'}, {'length': 20994, 'name': 'AANG04002984.1', 'coord_system': 'scaffold'}, {'name': 'AANG04002985.1', 'length': 56844, 'coord_system': 'scaffold'}, {'name': 'AANG04002987.1', 'length': 3988, 'coord_system': 'scaffold'}, {'coord_system': 'scaffold', 'length': 5984, 'name': 'AANG04002989.1'}, {'coord_system': 'scaffold', 'length': 10988, 'name': 'AANG04002990.1'}, {'length': 12982, 'name': 'AANG04002991.1', 'coord_system': 'scaffold'}, {'length': 41301, 'name': 'AANG04002992.1', 'coord_system': 'scaffold'}, {'coord_system': 'scaffold', 'name': 'AANG04002994.1', 'length': 13988}, {'coord_system': 'scaffold', 'length': 16895, 'name': 'AANG04002995.1'}, {'length': 2988, 'name': 'AANG04002996.1', 'coord_system': 'scaffold'}, {'name': 'AANG04002997.1', 'length': 4989, 'coord_system': 'scaffold'}, {'coord_system': 'scaffold', 'length': 2988, 'name': 'AANG04002998.1'}, {'name': 'AANG04002999.1', 'length': 43022, 'coord_system': 'scaffold'}, {'name': 'AANG04003000.1', 'length': 5988, 'coord_system': 'scaffold'}, {'coord_system': 'scaffold', 'length': 12771, 'name': 'AANG04003001.1'}, {'length': 21482, 'name': 'AANG04003002.1', 'coord_system': 'scaffold'}, {'length': 4988, 'name': 'AANG04003003.1', 'coord_system': 'scaffold'}, {'coord_system': 'scaffold', 'length': 13502, 'name': 'AANG04003004.1'}, {'coord_system': 'scaffold', 'name': 'AANG04003005.1', 'length': 8402}, {'coord_system': 'scaffold', 'length': 14988, 'name': 'AANG04003006.1'}, {'name': 'AANG04003007.1', 'length': 13988, 'coord_system': 'scaffold'}, {'length': 10987, 'name': 'AANG04003008.1', 'coord_system': 'scaffold'}, {'length': 6987, 'name': 'AANG04003009.1', 'coord_system': 'scaffold'}, {'coord_system': 'scaffold', 'name': 'AANG04003010.1', 'length': 6208}, {'coord_system': 'scaffold', 'name': 'AANG04003011.1', 'length': 12983}, {'coord_system': 'scaffold', 'name': 'AANG04003012.1', 'length': 3988}, {'coord_system': 'scaffold', 'name': 'AANG04003013.1', 'length': 6960}, {'name': 'AANG04003014.1', 'length': 8105, 'coord_system': 'scaffold'}, {'coord_system': 'scaffold', 'length': 23436, 'name': 'AANG04003015.1'}, {'name': 'AANG04003016.1', 'length': 9988, 'coord_system': 'scaffold'}, {'name': 'AANG04003017.1', 'length': 43808, 'coord_system': 'scaffold'}, {'length': 5988, 'name': 'AANG04003018.1', 'coord_system': 'scaffold'}, {'coord_system': 'scaffold', 'length': 60905, 'name': 'AANG04003019.1'}, {'coord_system': 'scaffold', 'length': 8153, 'name': 'AANG04003020.1'}, {'coord_system': 'scaffold', 'name': 'AANG04003021.1', 'length': 7604}, {'length': 6672, 'name': 'AANG04003022.1', 'coord_system': 'scaffold'}, {'coord_system': 'scaffold', 'name': 'AANG04003023.1', 'length': 12300}, {'length': 13225, 'name': 'AANG04003024.1', 'coord_system': 'scaffold'}, {'name': 'AANG04003025.1', 'length': 9011, 'coord_system': 'scaffold'}, {'length': 3987, 'name': 'AANG04003026.1', 'coord_system': 'scaffold'}, {'length': 9186, 'name': 'AANG04003027.1', 'coord_system': 'scaffold'}, {'length': 8145, 'name': 'AANG04003028.1', 'coord_system': 'scaffold'}, {'coord_system': 'scaffold', 'name': 'AANG04003029.1', 'length': 6954}, {'coord_system': 'scaffold', 'name': 'AANG04003030.1', 'length': 5181}, {'coord_system': 'scaffold', 'name': 'AANG04003031.1', 'length': 6987}, {'coord_system': 'scaffold', 'name': 'AANG04003033.1', 'length': 14980}, {'name': 'AANG04003034.1', 'length': 5980, 'coord_system': 'scaffold'}, {'coord_system': 'scaffold', 'name': 'AANG04003035.1', 'length': 12987}, {'coord_system': 'scaffold', 'name': 'AANG04003036.1', 'length': 11507}, {'coord_system': 'scaffold', 'length': 10988, 'name': 'AANG04003037.1'}, {'coord_system': 'scaffold', 'name': 'AANG04003039.1', 'length': 5984}, {'name': 'AANG04003040.1', 'length': 4988, 'coord_system': 'scaffold'}, {'name': 'AANG04003041.1', 'length': 9984, 'coord_system': 'scaffold'}, {'length': 4988, 'name': 'AANG04003042.1', 'coord_system': 'scaffold'}, {'length': 2988, 'name': 'AANG04003043.1', 'coord_system': 'scaffold'}, {'coord_system': 'scaffold', 'length': 13557, 'name': 'AANG04003044.1'}, {'coord_system': 'scaffold', 'name': 'AANG04003045.1', 'length': 3988}, {'name': 'AANG04003046.1', 'length': 4988, 'coord_system': 'scaffold'}, {'coord_system': 'scaffold', 'length': 6988, 'name': 'AANG04003047.1'}, {'coord_system': 'scaffold', 'name': 'AANG04003048.1', 'length': 18635}, {'coord_system': 'scaffold', 'length': 9290, 'name': 'AANG04003049.1'}, {'name': 'AANG04003050.1', 'length': 65128, 'coord_system': 'scaffold'}, {'name': 'AANG04003051.1', 'length': 8988, 'coord_system': 'scaffold'}, {'length': 21701, 'name': 'AANG04003052.1', 'coord_system': 'scaffold'}, {'coord_system': 'scaffold', 'name': 'AANG04003053.1', 'length': 11729}, {'name': 'AANG04003054.1', 'length': 7960, 'coord_system': 'scaffold'}, {'length': 12015, 'name': 'AANG04003055.1', 'coord_system': 'scaffold'}, {'coord_system': 'scaffold', 'length': 8988, 'name': 'AANG04003057.1'}, {'coord_system': 'scaffold', 'length': 5158, 'name': 'AANG04003058.1'}, {'coord_system': 'scaffold', 'name': 'AANG04003059.1', 'length': 2988}, {'coord_system': 'scaffold', 'name': 'AANG04003060.1', 'length': 6985}, {'length': 9988, 'name': 'AANG04003061.1', 'coord_system': 'scaffold'}, {'length': 12985, 'name': 'AANG04003062.1', 'coord_system': 'scaffold'}, {'coord_system': 'scaffold', 'name': 'AANG04003063.1', 'length': 3967}, {'coord_system': 'scaffold', 'length': 8048, 'name': 'AANG04003065.1'}, {'name': 'AANG04003066.1', 'length': 10967, 'coord_system': 'scaffold'}, {'coord_system': 'scaffold', 'length': 5004, 'name': 'AANG04003067.1'}, {'name': 'AANG04003068.1', 'length': 35192, 'coord_system': 'scaffold'}, {'coord_system': 'scaffold', 'length': 9201, 'name': 'AANG04003069.1'}, {'coord_system': 'scaffold', 'name': 'AANG04003070.1', 'length': 7544}, {'length': 12952, 'name': 'AANG04003071.1', 'coord_system': 'scaffold'}, {'coord_system': 'scaffold', 'length': 8989, 'name': 'AANG04003072.1'}, {'length': 15964, 'name': 'AANG04003073.1', 'coord_system': 'scaffold'}, {'length': 62338, 'name': 'AANG04003074.1', 'coord_system': 'scaffold'}, {'coord_system': 'scaffold', 'name': 'AANG04003075.1', 'length': 10087}, {'name': 'AANG04003076.1', 'length': 6988, 'coord_system': 'scaffold'}, {'name': 'AANG04003077.1', 'length': 9033, 'coord_system': 'scaffold'}, {'length': 13955, 'name': 'AANG04003078.1', 'coord_system': 'scaffold'}, {'name': 'AANG04003079.1', 'length': 64914, 'coord_system': 'scaffold'}, {'length': 6989, 'name': 'AANG04003080.1', 'coord_system': 'scaffold'}, {'length': 11952, 'name': 'AANG04003081.1', 'coord_system': 'scaffold'}, {'name': 'AANG04003083.1', 'length': 12244, 'coord_system': 'scaffold'}, {'coord_system': 'scaffold', 'name': 'AANG04003084.1', 'length': 9164}, {'length': 9122, 'name': 'AANG04003085.1', 'coord_system': 'scaffold'}, {'length': 4750, 'name': 'AANG04003086.1', 'coord_system': 'scaffold'}, {'coord_system': 'scaffold', 'length': 10201, 'name': 'AANG04003087.1'}, {'length': 15554, 'name': 'AANG04003088.1', 'coord_system': 'scaffold'}, {'coord_system': 'scaffold', 'length': 6987, 'name': 'AANG04003089.1'}, {'length': 13372, 'name': 'AANG04003090.1', 'coord_system': 'scaffold'}, {'coord_system': 'scaffold', 'length': 25252, 'name': 'AANG04003091.1'}, {'name': 'AANG04003092.1', 'length': 7989, 'coord_system': 'scaffold'}, {'name': 'AANG04003093.1', 'length': 7988, 'coord_system': 'scaffold'}, {'length': 8115, 'name': 'AANG04003094.1', 'coord_system': 'scaffold'}, {'coord_system': 'scaffold', 'length': 3988, 'name': 'AANG04003095.1'}, {'coord_system': 'scaffold', 'length': 15988, 'name': 'AANG04003096.1'}, {'coord_system': 'scaffold', 'name': 'AANG04003097.1', 'length': 16166}, {'coord_system': 'scaffold', 'name': 'AANG04003098.1', 'length': 15989}, {'length': 19559, 'name': 'AANG04003099.1', 'coord_system': 'scaffold'}, {'name': 'AANG04003100.1', 'length': 4988, 'coord_system': 'scaffold'}, {'coord_system': 'scaffold', 'length': 9987, 'name': 'AANG04003101.1'}, {'length': 7992, 'name': 'AANG04003102.1', 'coord_system': 'scaffold'}, {'length': 7987, 'name': 'AANG04003103.1', 'coord_system': 'scaffold'}, {'coord_system': 'scaffold', 'length': 55998, 'name': 'AANG04003104.1'}, {'name': 'AANG04003105.1', 'length': 9988, 'coord_system': 'scaffold'}, {'coord_system': 'scaffold', 'name': 'AANG04003106.1', 'length': 10981}, {'coord_system': 'scaffold', 'length': 48423, 'name': 'AANG04003107.1'}, {'coord_system': 'scaffold', 'name': 'AANG04003108.1', 'length': 5989}, {'coord_system': 'scaffold', 'length': 14178, 'name': 'AANG04003109.1'}, {'coord_system': 'scaffold', 'length': 14232, 'name': 'AANG04003110.1'}, {'name': 'AANG04003111.1', 'length': 11988, 'coord_system': 'scaffold'}, {'coord_system': 'scaffold', 'name': 'AANG04003112.1', 'length': 10990}, {'coord_system': 'scaffold', 'name': 'AANG04003113.1', 'length': 9988}, {'coord_system': 'scaffold', 'name': 'AANG04003114.1', 'length': 11985}, {'name': 'AANG04003115.1', 'length': 6989, 'coord_system': 'scaffold'}, {'name': 'AANG04003116.1', 'length': 15464, 'coord_system': 'scaffold'}, {'coord_system': 'scaffold', 'length': 10732, 'name': 'AANG04003117.1'}, {'coord_system': 'scaffold', 'length': 3987, 'name': 'AANG04003118.1'}, {'name': 'AANG04003119.1', 'length': 25904, 'coord_system': 'scaffold'}, {'name': 'AANG04003120.1', 'length': 7223, 'coord_system': 'scaffold'}, {'coord_system': 'scaffold', 'length': 13924, 'name': 'AANG04003121.1'}, {'coord_system': 'scaffold', 'name': 'AANG04003122.1', 'length': 11987}, {'coord_system': 'scaffold', 'name': 'AANG04003123.1', 'length': 7963}, {'coord_system': 'scaffold', 'name': 'AANG04003124.1', 'length': 14150}, {'name': 'AANG04003125.1', 'length': 5990, 'coord_system': 'scaffold'}, {'name': 'AANG04003126.1', 'length': 81604, 'coord_system': 'scaffold'}, {'coord_system': 'scaffold', 'length': 7988, 'name': 'AANG04003127.1'}, {'name': 'AANG04003128.1', 'length': 10984, 'coord_system': 'scaffold'}, {'length': 34984, 'name': 'AANG04003129.1', 'coord_system': 'scaffold'}, {'length': 18287, 'name': 'AANG04003130.1', 'coord_system': 'scaffold'}, {'coord_system': 'scaffold', 'name': 'AANG04003131.1', 'length': 44102}, {'name': 'AANG04003132.1', 'length': 5285, 'coord_system': 'scaffold'}, {'coord_system': 'scaffold', 'name': 'AANG04003133.1', 'length': 5467}, {'coord_system': 'scaffold', 'name': 'AANG04003134.1', 'length': 8901}, {'name': 'AANG04003135.1', 'length': 15968, 'coord_system': 'scaffold'}, {'coord_system': 'scaffold', 'name': 'AANG04003136.1', 'length': 17436}, {'length': 3988, 'name': 'AANG04003137.1', 'coord_system': 'scaffold'}, {'length': 15983, 'name': 'AANG04003138.1', 'coord_system': 'scaffold'}, {'length': 2941, 'name': 'AANG04003139.1', 'coord_system': 'scaffold'}, {'coord_system': 'scaffold', 'length': 19986, 'name': 'AANG04003140.1'}, {'length': 12601, 'name': 'AANG04003141.1', 'coord_system': 'scaffold'}, {'coord_system': 'scaffold', 'name': 'AANG04003142.1', 'length': 47321}, {'name': 'AANG04003143.1', 'length': 11988, 'coord_system': 'scaffold'}, {'name': 'AANG04003144.1', 'length': 13947, 'coord_system': 'scaffold'}, {'name': 'AANG04003145.1', 'length': 13699, 'coord_system': 'scaffold'}, {'length': 17859, 'name': 'AANG04003146.1', 'coord_system': 'scaffold'}, {'length': 3988, 'name': 'AANG04003147.1', 'coord_system': 'scaffold'}, {'coord_system': 'scaffold', 'name': 'AANG04003148.1', 'length': 16971}, {'length': 7988, 'name': 'AANG04003149.1', 'coord_system': 'scaffold'}, {'coord_system': 'scaffold', 'length': 9987, 'name': 'AANG04003150.1'}, {'coord_system': 'scaffold', 'name': 'AANG04003151.1', 'length': 7988}, {'length': 5987, 'name': 'AANG04003152.1', 'coord_system': 'scaffold'}, {'coord_system': 'scaffold', 'length': 8189, 'name': 'AANG04003153.1'}, {'coord_system': 'scaffold', 'name': 'AANG04003154.1', 'length': 17228}, {'length': 4178, 'name': 'AANG04003155.1', 'coord_system': 'scaffold'}, {'length': 13988, 'name': 'AANG04003157.1', 'coord_system': 'scaffold'}, {'coord_system': 'scaffold', 'length': 10037, 'name': 'AANG04003158.1'}, {'coord_system': 'scaffold', 'length': 17053, 'name': 'AANG04003159.1'}, {'coord_system': 'scaffold', 'length': 3986, 'name': 'AANG04003160.1'}, {'coord_system': 'scaffold', 'length': 3987, 'name': 'AANG04003161.1'}, {'name': 'AANG04003162.1', 'length': 7086, 'coord_system': 'scaffold'}, {'coord_system': 'scaffold', 'length': 21547, 'name': 'AANG04003163.1'}, {'coord_system': 'scaffold', 'name': 'AANG04003164.1', 'length': 18837}, {'coord_system': 'scaffold', 'length': 17242, 'name': 'AANG04003165.1'}, {'coord_system': 'scaffold', 'name': 'AANG04003166.1', 'length': 18984}, {'coord_system': 'scaffold', 'name': 'AANG04003167.1', 'length': 2988}, {'coord_system': 'scaffold', 'name': 'AANG04003168.1', 'length': 6988}, {'name': 'AANG04003169.1', 'length': 19958, 'coord_system': 'scaffold'}, {'coord_system': 'scaffold', 'length': 5986, 'name': 'AANG04003170.1'}, {'coord_system': 'scaffold', 'length': 6988, 'name': 'AANG04003172.1'}, {'coord_system': 'scaffold', 'name': 'AANG04003173.1', 'length': 9448}, {'length': 39649, 'name': 'AANG04003174.1', 'coord_system': 'scaffold'}, {'coord_system': 'scaffold', 'length': 7873, 'name': 'AANG04003175.1'}, {'coord_system': 'scaffold', 'name': 'AANG04003176.1', 'length': 15967}, {'coord_system': 'scaffold', 'length': 18557, 'name': 'AANG04003177.1'}, {'length': 8616, 'name': 'AANG04003178.1', 'coord_system': 'scaffold'}, {'coord_system': 'scaffold', 'length': 8057, 'name': 'AANG04003179.1'}, {'length': 9447, 'name': 'AANG04003180.1', 'coord_system': 'scaffold'}, {'coord_system': 'scaffold', 'length': 50743, 'name': 'AANG04003181.1'}, {'coord_system': 'scaffold', 'name': 'AANG04003182.1', 'length': 10984}, {'coord_system': 'scaffold', 'name': 'AANG04003183.1', 'length': 17649}, {'name': 'AANG04003184.1', 'length': 12988, 'coord_system': 'scaffold'}, {'coord_system': 'scaffold', 'length': 4988, 'name': 'AANG04003185.1'}, {'coord_system': 'scaffold', 'length': 8018, 'name': 'AANG04003186.1'}, {'coord_system': 'scaffold', 'length': 9177, 'name': 'AANG04003187.1'}, {'length': 2988, 'name': 'AANG04003188.1', 'coord_system': 'scaffold'}, {'length': 34801, 'name': 'AANG04003189.1', 'coord_system': 'scaffold'}, {'name': 'AANG04003190.1', 'length': 10992, 'coord_system': 'scaffold'}, {'coord_system': 'scaffold', 'name': 'AANG04003191.1', 'length': 10988}, {'name': 'AANG04003192.1', 'length': 49344, 'coord_system': 'scaffold'}, {'name': 'AANG04003193.1', 'length': 14907, 'coord_system': 'scaffold'}, {'name': 'AANG04003194.1', 'length': 11031, 'coord_system': 'scaffold'}, {'name': 'AANG04003195.1', 'length': 20990, 'coord_system': 'scaffold'}, {'length': 12186, 'name': 'AANG04003196.1', 'coord_system': 'scaffold'}, {'length': 9939, 'name': 'AANG04003197.1', 'coord_system': 'scaffold'}, {'name': 'AANG04003198.1', 'length': 6988, 'coord_system': 'scaffold'}, {'coord_system': 'scaffold', 'length': 7985, 'name': 'AANG04003199.1'}, {'coord_system': 'scaffold', 'name': 'AANG04003200.1', 'length': 5986}, {'coord_system': 'scaffold', 'name': 'AANG04003201.1', 'length': 6919}, {'coord_system': 'scaffold', 'length': 9159, 'name': 'AANG04003202.1'}, {'length': 12012, 'name': 'AANG04003203.1', 'coord_system': 'scaffold'}, {'name': 'AANG04003204.1', 'length': 7985, 'coord_system': 'scaffold'}, {'name': 'AANG04003205.1', 'length': 9117, 'coord_system': 'scaffold'}, {'coord_system': 'scaffold', 'name': 'AANG04003206.1', 'length': 12623}, {'name': 'AANG04003207.1', 'length': 11662, 'coord_system': 'scaffold'}, {'coord_system': 'scaffold', 'length': 4987, 'name': 'AANG04003209.1'}, {'name': 'AANG04003210.1', 'length': 17999, 'coord_system': 'scaffold'}, {'coord_system': 'scaffold', 'name': 'AANG04003212.1', 'length': 6990}, {'name': 'AANG04003213.1', 'length': 9189, 'coord_system': 'scaffold'}, {'coord_system': 'scaffold', 'length': 6988, 'name': 'AANG04003214.1'}, {'length': 22988, 'name': 'AANG04003215.1', 'coord_system': 'scaffold'}, {'coord_system': 'scaffold', 'name': 'AANG04003216.1', 'length': 12106}, {'name': 'AANG04003217.1', 'length': 8987, 'coord_system': 'scaffold'}, {'name': 'AANG04003218.1', 'length': 16933, 'coord_system': 'scaffold'}, {'coord_system': 'scaffold', 'name': 'AANG04003219.1', 'length': 34467}, {'coord_system': 'scaffold', 'length': 4988, 'name': 'AANG04003220.1'}, {'length': 39984, 'name': 'AANG04003221.1', 'coord_system': 'scaffold'}, {'coord_system': 'scaffold', 'name': 'AANG04003222.1', 'length': 14151}, {'name': 'AANG04003223.1', 'length': 3988, 'coord_system': 'scaffold'}, {'length': 7989, 'name': 'AANG04003225.1', 'coord_system': 'scaffold'}, {'length': 14986, 'name': 'AANG04003226.1', 'coord_system': 'scaffold'}, {'coord_system': 'scaffold', 'name': 'AANG04003228.1', 'length': 7987}, {'coord_system': 'scaffold', 'length': 19987, 'name': 'AANG04003229.1'}, {'coord_system': 'scaffold', 'length': 8988, 'name': 'AANG04003230.1'}, {'name': 'AANG04003231.1', 'length': 6206, 'coord_system': 'scaffold'}, {'length': 11979, 'name': 'AANG04003232.1', 'coord_system': 'scaffold'}, {'length': 6990, 'name': 'AANG04003233.1', 'coord_system': 'scaffold'}, {'name': 'AANG04003234.1', 'length': 12466, 'coord_system': 'scaffold'}, {'coord_system': 'scaffold', 'name': 'AANG04003235.1', 'length': 49675}, {'name': 'AANG04003236.1', 'length': 6625, 'coord_system': 'scaffold'}, {'coord_system': 'scaffold', 'name': 'AANG04003237.1', 'length': 3988}, {'name': 'AANG04003238.1', 'length': 4988, 'coord_system': 'scaffold'}, {'name': 'AANG04003239.1', 'length': 5988, 'coord_system': 'scaffold'}, {'coord_system': 'scaffold', 'length': 3988, 'name': 'AANG04003240.1'}, {'coord_system': 'scaffold', 'length': 15793, 'name': 'AANG04003241.1'}, {'length': 9472, 'name': 'AANG04003242.1', 'coord_system': 'scaffold'}, {'coord_system': 'scaffold', 'name': 'AANG04003243.1', 'length': 13764}, {'length': 61933, 'name': 'AANG04003244.1', 'coord_system': 'scaffold'}, {'name': 'AANG04003245.1', 'length': 4989, 'coord_system': 'scaffold'}, {'length': 28154, 'name': 'AANG04003246.1', 'coord_system': 'scaffold'}, {'length': 18087, 'name': 'AANG04003247.1', 'coord_system': 'scaffold'}, {'coord_system': 'scaffold', 'name': 'AANG04003248.1', 'length': 13154}, {'coord_system': 'scaffold', 'name': 'AANG04003249.1', 'length': 11839}, {'name': 'AANG04003250.1', 'length': 15413, 'coord_system': 'scaffold'}, {'coord_system': 'scaffold', 'length': 5988, 'name': 'AANG04003251.1'}, {'name': 'AANG04003252.1', 'length': 16990, 'coord_system': 'scaffold'}, {'coord_system': 'scaffold', 'length': 16984, 'name': 'AANG04003253.1'}, {'name': 'AANG04003254.1', 'length': 33883, 'coord_system': 'scaffold'}, {'coord_system': 'scaffold', 'length': 3988, 'name': 'AANG04003255.1'}, {'coord_system': 'scaffold', 'length': 7884, 'name': 'AANG04003256.1'}, {'name': 'AANG04003257.1', 'length': 7982, 'coord_system': 'scaffold'}, {'coord_system': 'scaffold', 'name': 'AANG04003258.1', 'length': 13510}, {'coord_system': 'scaffold', 'name': 'AANG04003259.1', 'length': 6988}, {'coord_system': 'scaffold', 'length': 4701, 'name': 'AANG04003260.1'}, {'coord_system': 'scaffold', 'name': 'AANG04003261.1', 'length': 11987}, {'coord_system': 'scaffold', 'name': 'AANG04003262.1', 'length': 8085}, {'coord_system': 'scaffold', 'name': 'AANG04003263.1', 'length': 4132}, {'coord_system': 'scaffold', 'name': 'AANG04003264.1', 'length': 3988}, {'coord_system': 'scaffold', 'name': 'AANG04003265.1', 'length': 7988}, {'coord_system': 'scaffold', 'length': 4988, 'name': 'AANG04003266.1'}, {'coord_system': 'scaffold', 'length': 6988, 'name': 'AANG04003267.1'}, {'coord_system': 'scaffold', 'name': 'AANG04003268.1', 'length': 7988}, {'length': 13988, 'name': 'AANG04003269.1', 'coord_system': 'scaffold'}, {'coord_system': 'scaffold', 'name': 'AANG04003270.1', 'length': 18986}, {'coord_system': 'scaffold', 'name': 'AANG04003271.1', 'length': 4988}, {'name': 'AANG04003272.1', 'length': 17989, 'coord_system': 'scaffold'}, {'coord_system': 'scaffold', 'length': 3989, 'name': 'AANG04003274.1'}, {'coord_system': 'scaffold', 'name': 'AANG04003275.1', 'length': 7987}, {'name': 'AANG04003276.1', 'length': 6988, 'coord_system': 'scaffold'}, {'coord_system': 'scaffold', 'name': 'AANG04003277.1', 'length': 10986}, {'name': 'AANG04003278.1', 'length': 4988, 'coord_system': 'scaffold'}, {'name': 'AANG04003280.1', 'length': 7118, 'coord_system': 'scaffold'}, {'length': 10988, 'name': 'AANG04003281.1', 'coord_system': 'scaffold'}, {'coord_system': 'scaffold', 'length': 6031, 'name': 'AANG04003282.1'}, {'coord_system': 'scaffold', 'name': 'AANG04003283.1', 'length': 11276}, {'coord_system': 'scaffold', 'name': 'AANG04003285.1', 'length': 48467}, {'coord_system': 'scaffold', 'name': 'AANG04003286.1', 'length': 4986}, {'name': 'AANG04003287.1', 'length': 6822, 'coord_system': 'scaffold'}, {'length': 5972, 'name': 'AANG04003288.1', 'coord_system': 'scaffold'}, {'length': 8984, 'name': 'AANG04003289.1', 'coord_system': 'scaffold'}, {'name': 'AANG04003290.1', 'length': 8783, 'coord_system': 'scaffold'}, {'coord_system': 'scaffold', 'length': 9986, 'name': 'AANG04003291.1'}, {'coord_system': 'scaffold', 'length': 11986, 'name': 'AANG04003292.1'}, {'name': 'AANG04003293.1', 'length': 4988, 'coord_system': 'scaffold'}, {'coord_system': 'scaffold', 'name': 'AANG04003294.1', 'length': 33514}, {'length': 15427, 'name': 'AANG04003295.1', 'coord_system': 'scaffold'}, {'coord_system': 'scaffold', 'name': 'AANG04003296.1', 'length': 32011}, {'coord_system': 'scaffold', 'name': 'AANG04003297.1', 'length': 85885}, {'coord_system': 'scaffold', 'length': 10681, 'name': 'AANG04003298.1'}, {'coord_system': 'scaffold', 'length': 18730, 'name': 'AANG04003299.1'}, {'length': 19228, 'name': 'AANG04003300.1', 'coord_system': 'scaffold'}, {'coord_system': 'scaffold', 'name': 'AANG04003301.1', 'length': 15610}, {'name': 'AANG04003302.1', 'length': 46524, 'coord_system': 'scaffold'}, {'coord_system': 'scaffold', 'name': 'AANG04003303.1', 'length': 5991}, {'coord_system': 'scaffold', 'length': 5988, 'name': 'AANG04003305.1'}, {'coord_system': 'scaffold', 'length': 16986, 'name': 'AANG04003306.1'}, {'coord_system': 'scaffold', 'name': 'AANG04003307.1', 'length': 10666}, {'name': 'AANG04003308.1', 'length': 42022, 'coord_system': 'scaffold'}, {'name': 'AANG04003309.1', 'length': 35787, 'coord_system': 'scaffold'}, {'length': 52604, 'name': 'AANG04003310.1', 'coord_system': 'scaffold'}, {'length': 11161, 'name': 'AANG04003311.1', 'coord_system': 'scaffold'}, {'coord_system': 'scaffold', 'length': 6467, 'name': 'AANG04003312.1'}, {'coord_system': 'scaffold', 'name': 'AANG04003313.1', 'length': 9290}, {'length': 8987, 'name': 'AANG04003314.1', 'coord_system': 'scaffold'}, {'length': 6988, 'name': 'AANG04003315.1', 'coord_system': 'scaffold'}, {'length': 3987, 'name': 'AANG04003317.1', 'coord_system': 'scaffold'}, {'length': 21091, 'name': 'AANG04003318.1', 'coord_system': 'scaffold'}, {'coord_system': 'scaffold', 'length': 10986, 'name': 'AANG04003319.1'}, {'length': 9989, 'name': 'AANG04003320.1', 'coord_system': 'scaffold'}, {'coord_system': 'scaffold', 'length': 5987, 'name': 'AANG04003321.1'}, {'name': 'AANG04003322.1', 'length': 3987, 'coord_system': 'scaffold'}, {'name': 'AANG04003323.1', 'length': 11991, 'coord_system': 'scaffold'}, {'coord_system': 'scaffold', 'name': 'AANG04003324.1', 'length': 12614}, {'length': 16476, 'name': 'AANG04003325.1', 'coord_system': 'scaffold'}, {'name': 'AANG04003326.1', 'length': 14726, 'coord_system': 'scaffold'}, {'name': 'AANG04003327.1', 'length': 12367, 'coord_system': 'scaffold'}, {'coord_system': 'scaffold', 'name': 'AANG04003328.1', 'length': 49474}, {'coord_system': 'scaffold', 'length': 8250, 'name': 'AANG04003330.1'}, {'length': 16984, 'name': 'AANG04003331.1', 'coord_system': 'scaffold'}, {'name': 'AANG04003332.1', 'length': 14911, 'coord_system': 'scaffold'}, {'coord_system': 'scaffold', 'length': 9170, 'name': 'AANG04003333.1'}, {'name': 'AANG04003334.1', 'length': 4988, 'coord_system': 'scaffold'}, {'name': 'AANG04003335.1', 'length': 10991, 'coord_system': 'scaffold'}, {'coord_system': 'scaffold', 'length': 7184, 'name': 'AANG04003336.1'}, {'coord_system': 'scaffold', 'name': 'AANG04003337.1', 'length': 9037}, {'name': 'AANG04003338.1', 'length': 7979, 'coord_system': 'scaffold'}, {'coord_system': 'scaffold', 'name': 'AANG04003339.1', 'length': 14049}, {'coord_system': 'scaffold', 'name': 'AANG04003340.1', 'length': 12948}, {'coord_system': 'scaffold', 'length': 20977, 'name': 'AANG04003341.1'}, {'length': 6186, 'name': 'AANG04003342.1', 'coord_system': 'scaffold'}, {'coord_system': 'scaffold', 'name': 'AANG04003343.1', 'length': 3061}, {'length': 6855, 'name': 'AANG04003345.1', 'coord_system': 'scaffold'}, {'coord_system': 'scaffold', 'length': 115260, 'name': 'AANG04003346.1'}, {'name': 'AANG04003347.1', 'length': 4990, 'coord_system': 'scaffold'}, {'coord_system': 'scaffold', 'name': 'AANG04003348.1', 'length': 12152}, {'length': 14984, 'name': 'AANG04003349.1', 'coord_system': 'scaffold'}, {'length': 13987, 'name': 'AANG04003350.1', 'coord_system': 'scaffold'}, {'coord_system': 'scaffold', 'name': 'AANG04003351.1', 'length': 44963}, {'name': 'AANG04003352.1', 'length': 13661, 'coord_system': 'scaffold'}, {'coord_system': 'scaffold', 'name': 'AANG04003353.1', 'length': 6988}, {'coord_system': 'scaffold', 'name': 'AANG04003354.1', 'length': 8046}, {'length': 4594, 'name': 'AANG04003355.1', 'coord_system': 'scaffold'}, {'length': 5141, 'name': 'AANG04003356.1', 'coord_system': 'scaffold'}, {'coord_system': 'scaffold', 'name': 'AANG04003357.1', 'length': 9042}, {'length': 19096, 'name': 'AANG04003359.1', 'coord_system': 'scaffold'}, {'length': 9991, 'name': 'AANG04003360.1', 'coord_system': 'scaffold'}, {'coord_system': 'scaffold', 'name': 'AANG04003361.1', 'length': 59265}, {'coord_system': 'scaffold', 'name': 'AANG04003362.1', 'length': 9986}, {'name': 'AANG04003363.1', 'length': 14843, 'coord_system': 'scaffold'}, {'name': 'AANG04003364.1', 'length': 53078, 'coord_system': 'scaffold'}, {'length': 10235, 'name': 'AANG04003365.1', 'coord_system': 'scaffold'}, {'coord_system': 'scaffold', 'name': 'AANG04003366.1', 'length': 43723}, {'length': 17119, 'name': 'AANG04003367.1', 'coord_system': 'scaffold'}, {'coord_system': 'scaffold', 'length': 7208, 'name': 'AANG04003368.1'}, {'coord_system': 'scaffold', 'length': 7866, 'name': 'AANG04003370.1'}, {'coord_system': 'scaffold', 'name': 'AANG04003371.1', 'length': 13183}, {'length': 15984, 'name': 'AANG04003372.1', 'coord_system': 'scaffold'}, {'name': 'AANG04003373.1', 'length': 10985, 'coord_system': 'scaffold'}, {'name': 'AANG04003374.1', 'length': 53160, 'coord_system': 'scaffold'}, {'length': 6989, 'name': 'AANG04003375.1', 'coord_system': 'scaffold'}, {'name': 'AANG04003376.1', 'length': 9988, 'coord_system': 'scaffold'}, {'length': 7986, 'name': 'AANG04003377.1', 'coord_system': 'scaffold'}, {'name': 'AANG04003378.1', 'length': 5899, 'coord_system': 'scaffold'}, {'coord_system': 'scaffold', 'name': 'AANG04003380.1', 'length': 7259}, {'length': 4820, 'name': 'AANG04003381.1', 'coord_system': 'scaffold'}, {'name': 'AANG04003382.1', 'length': 9987, 'coord_system': 'scaffold'}, {'name': 'AANG04003383.1', 'length': 3988, 'coord_system': 'scaffold'}, {'length': 18870, 'name': 'AANG04003384.1', 'coord_system': 'scaffold'}, {'length': 43557, 'name': 'AANG04003385.1', 'coord_system': 'scaffold'}, {'coord_system': 'scaffold', 'length': 14042, 'name': 'AANG04003386.1'}, {'coord_system': 'scaffold', 'length': 6124, 'name': 'AANG04003387.1'}, {'length': 10962, 'name': 'AANG04003388.1', 'coord_system': 'scaffold'}, {'coord_system': 'scaffold', 'length': 11987, 'name': 'AANG04003389.1'}, {'name': 'AANG04003390.1', 'length': 12988, 'coord_system': 'scaffold'}, {'coord_system': 'scaffold', 'length': 8040, 'name': 'AANG04003391.1'}, {'coord_system': 'scaffold', 'name': 'AANG04003392.1', 'length': 4485}, {'coord_system': 'scaffold', 'length': 9989, 'name': 'AANG04003393.1'}, {'coord_system': 'scaffold', 'length': 40426, 'name': 'AANG04003394.1'}, {'coord_system': 'scaffold', 'length': 10434, 'name': 'AANG04003395.1'}, {'name': 'AANG04003396.1', 'length': 56672, 'coord_system': 'scaffold'}, {'coord_system': 'scaffold', 'length': 3988, 'name': 'AANG04003397.1'}, {'coord_system': 'scaffold', 'name': 'AANG04003398.1', 'length': 3988}, {'name': 'AANG04003399.1', 'length': 10214, 'coord_system': 'scaffold'}, {'coord_system': 'scaffold', 'name': 'AANG04003400.1', 'length': 6988}, {'coord_system': 'scaffold', 'name': 'AANG04003401.1', 'length': 6176}, {'coord_system': 'scaffold', 'length': 11123, 'name': 'AANG04003402.1'}, {'coord_system': 'scaffold', 'name': 'AANG04003403.1', 'length': 3987}, {'coord_system': 'scaffold', 'length': 62988, 'name': 'AANG04003405.1'}, {'length': 9985, 'name': 'AANG04003406.1', 'coord_system': 'scaffold'}, {'length': 51653, 'name': 'AANG04003407.1', 'coord_system': 'scaffold'}, {'name': 'AANG04003408.1', 'length': 2988, 'coord_system': 'scaffold'}, {'name': 'AANG04003409.1', 'length': 9133, 'coord_system': 'scaffold'}, {'name': 'AANG04003410.1', 'length': 3988, 'coord_system': 'scaffold'}, {'length': 50567, 'name': 'AANG04003412.1', 'coord_system': 'scaffold'}, {'length': 14293, 'name': 'AANG04003414.1', 'coord_system': 'scaffold'}, {'coord_system': 'scaffold', 'length': 8985, 'name': 'AANG04003415.1'}, {'length': 13082, 'name': 'AANG04003416.1', 'coord_system': 'scaffold'}, {'length': 8987, 'name': 'AANG04003417.1', 'coord_system': 'scaffold'}, {'coord_system': 'scaffold', 'length': 8988, 'name': 'AANG04003418.1'}, {'coord_system': 'scaffold', 'name': 'AANG04003419.1', 'length': 37994}, {'coord_system': 'scaffold', 'name': 'AANG04003420.1', 'length': 15299}, {'name': 'AANG04003421.1', 'length': 5986, 'coord_system': 'scaffold'}, {'name': 'AANG04003422.1', 'length': 4241, 'coord_system': 'scaffold'}, {'coord_system': 'scaffold', 'length': 3988, 'name': 'AANG04003423.1'}, {'name': 'AANG04003424.1', 'length': 5988, 'coord_system': 'scaffold'}, {'coord_system': 'scaffold', 'name': 'AANG04003425.1', 'length': 6166}, {'length': 5546, 'name': 'AANG04003427.1', 'coord_system': 'scaffold'}, {'coord_system': 'scaffold', 'name': 'AANG04003428.1', 'length': 16988}, {'coord_system': 'scaffold', 'length': 12245, 'name': 'AANG04003429.1'}, {'name': 'AANG04003430.1', 'length': 26875, 'coord_system': 'scaffold'}, {'coord_system': 'scaffold', 'name': 'AANG04003431.1', 'length': 15792}, {'coord_system': 'scaffold', 'name': 'AANG04003432.1', 'length': 5988}, {'length': 6892, 'name': 'AANG04003433.1', 'coord_system': 'scaffold'}, {'name': 'AANG04003434.1', 'length': 10978, 'coord_system': 'scaffold'}, {'coord_system': 'scaffold', 'length': 11989, 'name': 'AANG04003435.1'}, {'length': 11989, 'name': 'AANG04003436.1', 'coord_system': 'scaffold'}, {'coord_system': 'scaffold', 'name': 'AANG04003437.1', 'length': 5999}, {'name': 'AANG04003438.1', 'length': 26896, 'coord_system': 'scaffold'}, {'length': 4411, 'name': 'AANG04003440.1', 'coord_system': 'scaffold'}, {'name': 'AANG04003441.1', 'length': 15982, 'coord_system': 'scaffold'}, {'name': 'AANG04003442.1', 'length': 39055, 'coord_system': 'scaffold'}, {'name': 'AANG04003443.1', 'length': 14388, 'coord_system': 'scaffold'}, {'coord_system': 'scaffold', 'length': 5988, 'name': 'AANG04003444.1'}, {'name': 'AANG04003445.1', 'length': 4988, 'coord_system': 'scaffold'}, {'coord_system': 'scaffold', 'length': 5589, 'name': 'AANG04003446.1'}, {'coord_system': 'scaffold', 'length': 2964, 'name': 'AANG04003447.1'}, {'length': 62112, 'name': 'AANG04003448.1', 'coord_system': 'scaffold'}, {'coord_system': 'scaffold', 'length': 2988, 'name': 'AANG04003449.1'}, {'coord_system': 'scaffold', 'length': 9340, 'name': 'AANG04003450.1'}, {'coord_system': 'scaffold', 'name': 'AANG04003451.1', 'length': 11609}, {'coord_system': 'scaffold', 'length': 13266, 'name': 'AANG04003452.1'}, {'coord_system': 'scaffold', 'length': 3988, 'name': 'AANG04003453.1'}, {'length': 4988, 'name': 'AANG04003454.1', 'coord_system': 'scaffold'}, {'coord_system': 'scaffold', 'length': 15987, 'name': 'AANG04003455.1'}, {'coord_system': 'scaffold', 'name': 'AANG04003456.1', 'length': 12188}, {'coord_system': 'scaffold', 'name': 'AANG04003457.1', 'length': 10072}, {'coord_system': 'scaffold', 'length': 15324, 'name': 'AANG04003458.1'}, {'name': 'AANG04003459.1', 'length': 11742, 'coord_system': 'scaffold'}, {'name': 'AANG04003460.1', 'length': 8989, 'coord_system': 'scaffold'}, {'name': 'AANG04003461.1', 'length': 8988, 'coord_system': 'scaffold'}, {'coord_system': 'scaffold', 'length': 48188, 'name': 'AANG04003462.1'}, {'coord_system': 'scaffold', 'length': 12124, 'name': 'AANG04003463.1'}, {'length': 8984, 'name': 'AANG04003464.1', 'coord_system': 'scaffold'}, {'length': 4366, 'name': 'AANG04003465.1', 'coord_system': 'scaffold'}, {'coord_system': 'scaffold', 'length': 8927, 'name': 'AANG04003466.1'}, {'name': 'AANG04003467.1', 'length': 7241, 'coord_system': 'scaffold'}, {'coord_system': 'scaffold', 'name': 'AANG04003468.1', 'length': 6988}, {'length': 9173, 'name': 'AANG04003469.1', 'coord_system': 'scaffold'}, {'coord_system': 'scaffold', 'name': 'AANG04003471.1', 'length': 22018}, {'name': 'AANG04003472.1', 'length': 12987, 'coord_system': 'scaffold'}, {'coord_system': 'scaffold', 'name': 'AANG04003473.1', 'length': 43042}, {'coord_system': 'scaffold', 'length': 10988, 'name': 'AANG04003474.1'}, {'coord_system': 'scaffold', 'length': 6920, 'name': 'AANG04003475.1'}, {'name': 'AANG04003476.1', 'length': 20017, 'coord_system': 'scaffold'}, {'coord_system': 'scaffold', 'name': 'AANG04003477.1', 'length': 8987}, {'coord_system': 'scaffold', 'length': 12886, 'name': 'AANG04003478.1'}, {'length': 14171, 'name': 'AANG04003479.1', 'coord_system': 'scaffold'}, {'name': 'AANG04003480.1', 'length': 5254, 'coord_system': 'scaffold'}, {'coord_system': 'scaffold', 'name': 'AANG04003481.1', 'length': 17168}, {'name': 'AANG04003482.1', 'length': 6988, 'coord_system': 'scaffold'}, {'coord_system': 'scaffold', 'name': 'AANG04003483.1', 'length': 10570}, {'coord_system': 'scaffold', 'length': 11989, 'name': 'AANG04003484.1'}, {'name': 'AANG04003485.1', 'length': 17988, 'coord_system': 'scaffold'}, {'name': 'AANG04003486.1', 'length': 19242, 'coord_system': 'scaffold'}, {'length': 38518, 'name': 'AANG04003487.1', 'coord_system': 'scaffold'}, {'length': 11988, 'name': 'AANG04003488.1', 'coord_system': 'scaffold'}, {'coord_system': 'scaffold', 'name': 'AANG04003489.1', 'length': 10702}, {'coord_system': 'scaffold', 'length': 16989, 'name': 'AANG04003491.1'}, {'length': 10984, 'name': 'AANG04003492.1', 'coord_system': 'scaffold'}, {'length': 18229, 'name': 'AANG04003493.1', 'coord_system': 'scaffold'}, {'coord_system': 'scaffold', 'name': 'AANG04003494.1', 'length': 11984}, {'coord_system': 'scaffold', 'name': 'AANG04003495.1', 'length': 6990}, {'name': 'AANG04003496.1', 'length': 7988, 'coord_system': 'scaffold'}, {'length': 24279, 'name': 'AANG04003497.1', 'coord_system': 'scaffold'}, {'name': 'AANG04003498.1', 'length': 28909, 'coord_system': 'scaffold'}, {'name': 'AANG04003499.1', 'length': 3987, 'coord_system': 'scaffold'}, {'coord_system': 'scaffold', 'length': 4820, 'name': 'AANG04003500.1'}, {'coord_system': 'scaffold', 'length': 22988, 'name': 'AANG04003501.1'}, {'name': 'AANG04003502.1', 'length': 5988, 'coord_system': 'scaffold'}, {'coord_system': 'scaffold', 'name': 'AANG04003503.1', 'length': 14984}, {'name': 'AANG04003504.1', 'length': 4988, 'coord_system': 'scaffold'}, {'coord_system': 'scaffold', 'name': 'AANG04003505.1', 'length': 8358}, {'coord_system': 'scaffold', 'name': 'AANG04003506.1', 'length': 8012}, {'coord_system': 'scaffold', 'length': 8741, 'name': 'AANG04003507.1'}, {'coord_system': 'scaffold', 'length': 12460, 'name': 'AANG04003509.1'}, {'coord_system': 'scaffold', 'length': 3984, 'name': 'AANG04003510.1'}, {'name': 'AANG04003511.1', 'length': 5988, 'coord_system': 'scaffold'}, {'coord_system': 'scaffold', 'length': 11697, 'name': 'AANG04003512.1'}, {'coord_system': 'scaffold', 'name': 'AANG04003513.1', 'length': 12424}, {'name': 'AANG04003514.1', 'length': 41845, 'coord_system': 'scaffold'}, {'coord_system': 'scaffold', 'name': 'AANG04003515.1', 'length': 9989}, {'name': 'AANG04003516.1', 'length': 9475, 'coord_system': 'scaffold'}, {'coord_system': 'scaffold', 'length': 3988, 'name': 'AANG04003517.1'}, {'name': 'AANG04003519.1', 'length': 17255, 'coord_system': 'scaffold'}, {'coord_system': 'scaffold', 'length': 7990, 'name': 'AANG04003520.1'}, {'length': 20985, 'name': 'AANG04003521.1', 'coord_system': 'scaffold'}, {'name': 'AANG04003522.1', 'length': 26985, 'coord_system': 'scaffold'}, {'name': 'AANG04003523.1', 'length': 4984, 'coord_system': 'scaffold'}, {'coord_system': 'scaffold', 'length': 9176, 'name': 'AANG04003524.1'}, {'coord_system': 'scaffold', 'length': 19222, 'name': 'AANG04003525.1'}, {'length': 4988, 'name': 'AANG04003526.1', 'coord_system': 'scaffold'}, {'length': 12869, 'name': 'AANG04003527.1', 'coord_system': 'scaffold'}, {'coord_system': 'scaffold', 'length': 16746, 'name': 'AANG04003528.1'}, {'coord_system': 'scaffold', 'length': 8985, 'name': 'AANG04003529.1'}, {'length': 14995, 'name': 'AANG04003530.1', 'coord_system': 'scaffold'}, {'coord_system': 'scaffold', 'name': 'AANG04003532.1', 'length': 3988}, {'length': 11311, 'name': 'AANG04003533.1', 'coord_system': 'scaffold'}, {'name': 'AANG04003534.1', 'length': 16482, 'coord_system': 'scaffold'}, {'coord_system': 'scaffold', 'length': 18984, 'name': 'AANG04003535.1'}, {'coord_system': 'scaffold', 'length': 71029, 'name': 'AANG04003536.1'}, {'coord_system': 'scaffold', 'length': 8988, 'name': 'AANG04003537.1'}, {'coord_system': 'scaffold', 'length': 7988, 'name': 'AANG04003538.1'}, {'coord_system': 'scaffold', 'name': 'AANG04003540.1', 'length': 12195}, {'coord_system': 'scaffold', 'name': 'AANG04003541.1', 'length': 14903}, {'length': 19983, 'name': 'AANG04003542.1', 'coord_system': 'scaffold'}, {'coord_system': 'scaffold', 'name': 'AANG04003543.1', 'length': 15799}, {'coord_system': 'scaffold', 'name': 'AANG04003544.1', 'length': 10022}, {'length': 6000, 'name': 'AANG04003545.1', 'coord_system': 'scaffold'}, {'coord_system': 'scaffold', 'name': 'AANG04003546.1', 'length': 9989}, {'coord_system': 'scaffold', 'name': 'AANG04003547.1', 'length': 10989}, {'coord_system': 'scaffold', 'length': 5087, 'name': 'AANG04003549.1'}, {'name': 'AANG04003550.1', 'length': 9952, 'coord_system': 'scaffold'}, {'coord_system': 'scaffold', 'name': 'AANG04003551.1', 'length': 12985}, {'coord_system': 'scaffold', 'length': 8626, 'name': 'AANG04003552.1'}, {'coord_system': 'scaffold', 'length': 8988, 'name': 'AANG04003553.1'}, {'name': 'AANG04003554.1', 'length': 6880, 'coord_system': 'scaffold'}, {'name': 'AANG04003555.1', 'length': 14935, 'coord_system': 'scaffold'}, {'coord_system': 'scaffold', 'length': 12141, 'name': 'AANG04003557.1'}, {'coord_system': 'scaffold', 'name': 'AANG04003558.1', 'length': 9996}, {'coord_system': 'scaffold', 'length': 4988, 'name': 'AANG04003559.1'}, {'coord_system': 'scaffold', 'name': 'AANG04003560.1', 'length': 11413}, {'coord_system': 'scaffold', 'length': 24770, 'name': 'AANG04003561.1'}, {'coord_system': 'scaffold', 'name': 'AANG04003562.1', 'length': 10986}, {'name': 'AANG04003563.1', 'length': 10710, 'coord_system': 'scaffold'}, {'coord_system': 'scaffold', 'length': 6988, 'name': 'AANG04003564.1'}, {'length': 10959, 'name': 'AANG04003565.1', 'coord_system': 'scaffold'}, {'coord_system': 'scaffold', 'length': 7566, 'name': 'AANG04003566.1'}, {'coord_system': 'scaffold', 'length': 20248, 'name': 'AANG04003567.1'}, {'coord_system': 'scaffold', 'length': 8988, 'name': 'AANG04003568.1'}, {'coord_system': 'scaffold', 'name': 'AANG04003569.1', 'length': 10154}, {'length': 49667, 'name': 'AANG04003570.1', 'coord_system': 'scaffold'}, {'length': 12312, 'name': 'AANG04003571.1', 'coord_system': 'scaffold'}, {'coord_system': 'scaffold', 'length': 10987, 'name': 'AANG04003572.1'}, {'coord_system': 'scaffold', 'length': 9998, 'name': 'AANG04003573.1'}, {'coord_system': 'scaffold', 'name': 'AANG04003574.1', 'length': 62699}, {'coord_system': 'scaffold', 'length': 16952, 'name': 'AANG04003575.1'}, {'coord_system': 'scaffold', 'length': 8169, 'name': 'AANG04003576.1'}, {'coord_system': 'scaffold', 'length': 14405, 'name': 'AANG04003577.1'}, {'name': 'AANG04003578.1', 'length': 15359, 'coord_system': 'scaffold'}, {'name': 'AANG04003580.1', 'length': 9021, 'coord_system': 'scaffold'}, {'length': 7188, 'name': 'AANG04003581.1', 'coord_system': 'scaffold'}, {'coord_system': 'scaffold', 'name': 'AANG04003582.1', 'length': 5988}, {'coord_system': 'scaffold', 'name': 'AANG04003583.1', 'length': 15320}, {'length': 6989, 'name': 'AANG04003584.1', 'coord_system': 'scaffold'}, {'coord_system': 'scaffold', 'length': 7988, 'name': 'AANG04003585.1'}, {'length': 5988, 'name': 'AANG04003586.1', 'coord_system': 'scaffold'}, {'coord_system': 'scaffold', 'name': 'AANG04003587.1', 'length': 6170}, {'name': 'AANG04003588.1', 'length': 10990, 'coord_system': 'scaffold'}, {'length': 8987, 'name': 'AANG04003589.1', 'coord_system': 'scaffold'}, {'name': 'AANG04003590.1', 'length': 59526, 'coord_system': 'scaffold'}, {'name': 'AANG04003591.1', 'length': 3988, 'coord_system': 'scaffold'}, {'name': 'AANG04003592.1', 'length': 5986, 'coord_system': 'scaffold'}, {'length': 14021, 'name': 'AANG04003593.1', 'coord_system': 'scaffold'}, {'name': 'AANG04003595.1', 'length': 7986, 'coord_system': 'scaffold'}, {'length': 12654, 'name': 'AANG04003596.1', 'coord_system': 'scaffold'}, {'name': 'AANG04003597.1', 'length': 8052, 'coord_system': 'scaffold'}, {'coord_system': 'scaffold', 'name': 'AANG04003598.1', 'length': 13641}, {'coord_system': 'scaffold', 'name': 'AANG04003599.1', 'length': 15982}, {'length': 4988, 'name': 'AANG04003600.1', 'coord_system': 'scaffold'}, {'coord_system': 'scaffold', 'length': 9988, 'name': 'AANG04003601.1'}, {'coord_system': 'scaffold', 'length': 13339, 'name': 'AANG04003602.1'}, {'name': 'AANG04003603.1', 'length': 14095, 'coord_system': 'scaffold'}, {'name': 'AANG04003604.1', 'length': 4313, 'coord_system': 'scaffold'}, {'length': 60919, 'name': 'AANG04003605.1', 'coord_system': 'scaffold'}, {'coord_system': 'scaffold', 'name': 'AANG04003606.1', 'length': 21206}, {'length': 9571, 'name': 'AANG04003607.1', 'coord_system': 'scaffold'}, {'coord_system': 'scaffold', 'length': 6987, 'name': 'AANG04003608.1'}, {'length': 24773, 'name': 'AANG04003610.1', 'coord_system': 'scaffold'}, {'length': 21920, 'name': 'AANG04003611.1', 'coord_system': 'scaffold'}, {'coord_system': 'scaffold', 'name': 'AANG04003612.1', 'length': 16985}, {'coord_system': 'scaffold', 'name': 'AANG04003613.1', 'length': 10988}, {'length': 65402, 'name': 'AANG04003614.1', 'coord_system': 'scaffold'}, {'length': 5933, 'name': 'AANG04003615.1', 'coord_system': 'scaffold'}, {'name': 'AANG04003616.1', 'length': 9971, 'coord_system': 'scaffold'}, {'coord_system': 'scaffold', 'name': 'AANG04003618.1', 'length': 9892}, {'coord_system': 'scaffold', 'name': 'AANG04003619.1', 'length': 8988}, {'name': 'AANG04003620.1', 'length': 7988, 'coord_system': 'scaffold'}, {'coord_system': 'scaffold', 'name': 'AANG04003621.1', 'length': 9948}, {'length': 11910, 'name': 'AANG04003622.1', 'coord_system': 'scaffold'}, {'name': 'AANG04003623.1', 'length': 14300, 'coord_system': 'scaffold'}, {'coord_system': 'scaffold', 'length': 21447, 'name': 'AANG04003624.1'}, {'length': 6989, 'name': 'AANG04003625.1', 'coord_system': 'scaffold'}, {'coord_system': 'scaffold', 'length': 20986, 'name': 'AANG04003626.1'}, {'length': 15553, 'name': 'AANG04003627.1', 'coord_system': 'scaffold'}, {'coord_system': 'scaffold', 'length': 9351, 'name': 'AANG04003628.1'}, {'coord_system': 'scaffold', 'name': 'AANG04003629.1', 'length': 13928}, {'coord_system': 'scaffold', 'name': 'AANG04003630.1', 'length': 11988}, {'length': 9740, 'name': 'AANG04003631.1', 'coord_system': 'scaffold'}, {'length': 5055, 'name': 'AANG04003632.1', 'coord_system': 'scaffold'}, {'coord_system': 'scaffold', 'length': 7895, 'name': 'AANG04003633.1'}, {'coord_system': 'scaffold', 'name': 'AANG04003634.1', 'length': 4988}, {'coord_system': 'scaffold', 'name': 'AANG04003635.1', 'length': 8988}, {'length': 12988, 'name': 'AANG04003636.1', 'coord_system': 'scaffold'}, {'length': 9195, 'name': 'AANG04003637.1', 'coord_system': 'scaffold'}, {'coord_system': 'scaffold', 'name': 'AANG04003638.1', 'length': 6988}, {'name': 'AANG04003639.1', 'length': 8314, 'coord_system': 'scaffold'}, {'coord_system': 'scaffold', 'length': 11987, 'name': 'AANG04003640.1'}, {'name': 'AANG04003641.1', 'length': 27525, 'coord_system': 'scaffold'}, {'length': 162593, 'name': 'AANG04003642.1', 'coord_system': 'scaffold'}, {'length': 10419, 'name': 'AANG04003643.1', 'coord_system': 'scaffold'}, {'coord_system': 'scaffold', 'length': 5988, 'name': 'AANG04003644.1'}, {'name': 'AANG04003645.1', 'length': 5987, 'coord_system': 'scaffold'}, {'length': 19988, 'name': 'AANG04003646.1', 'coord_system': 'scaffold'}, {'coord_system': 'scaffold', 'length': 61973, 'name': 'AANG04003647.1'}, {'coord_system': 'scaffold', 'length': 25412, 'name': 'AANG04003648.1'}, {'length': 4058, 'name': 'AANG04003649.1', 'coord_system': 'scaffold'}, {'name': 'AANG04003650.1', 'length': 14469, 'coord_system': 'scaffold'}, {'coord_system': 'scaffold', 'name': 'AANG04003651.1', 'length': 8987}, {'length': 19203, 'name': 'AANG04003652.1', 'coord_system': 'scaffold'}, {'coord_system': 'scaffold', 'length': 8121, 'name': 'AANG04003653.1'}, {'length': 4988, 'name': 'AANG04003654.1', 'coord_system': 'scaffold'}, {'coord_system': 'scaffold', 'length': 37216, 'name': 'AANG04003656.1'}, {'name': 'AANG04003657.1', 'length': 11988, 'coord_system': 'scaffold'}, {'coord_system': 'scaffold', 'name': 'AANG04003658.1', 'length': 4987}, {'length': 6185, 'name': 'AANG04003659.1', 'coord_system': 'scaffold'}, {'length': 6966, 'name': 'AANG04003660.1', 'coord_system': 'scaffold'}, {'coord_system': 'scaffold', 'length': 7937, 'name': 'AANG04003661.1'}, {'name': 'AANG04003662.1', 'length': 3988, 'coord_system': 'scaffold'}, {'name': 'AANG04003663.1', 'length': 13025, 'coord_system': 'scaffold'}, {'length': 18881, 'name': 'AANG04003664.1', 'coord_system': 'scaffold'}, {'name': 'AANG04003665.1', 'length': 6987, 'coord_system': 'scaffold'}, {'length': 12191, 'name': 'AANG04003666.1', 'coord_system': 'scaffold'}, {'coord_system': 'scaffold', 'name': 'AANG04003667.1', 'length': 8990}, {'coord_system': 'scaffold', 'name': 'AANG04003668.1', 'length': 42040}, {'length': 13988, 'name': 'AANG04003669.1', 'coord_system': 'scaffold'}, {'length': 11986, 'name': 'AANG04003670.1', 'coord_system': 'scaffold'}, {'coord_system': 'scaffold', 'name': 'AANG04003671.1', 'length': 7988}, {'length': 8987, 'name': 'AANG04003672.1', 'coord_system': 'scaffold'}, {'length': 41411, 'name': 'AANG04003673.1', 'coord_system': 'scaffold'}, {'name': 'AANG04003674.1', 'length': 3987, 'coord_system': 'scaffold'}, {'coord_system': 'scaffold', 'name': 'AANG04003675.1', 'length': 10985}, {'coord_system': 'scaffold', 'length': 14987, 'name': 'AANG04003676.1'}, {'name': 'AANG04003677.1', 'length': 65769, 'coord_system': 'scaffold'}, {'name': 'AANG04003678.1', 'length': 11431, 'coord_system': 'scaffold'}, {'coord_system': 'scaffold', 'length': 6987, 'name': 'AANG04003679.1'}, {'length': 54941, 'name': 'AANG04003680.1', 'coord_system': 'scaffold'}, {'coord_system': 'scaffold', 'name': 'AANG04003681.1', 'length': 14987}, {'coord_system': 'scaffold', 'length': 8087, 'name': 'AANG04003682.1'}, {'coord_system': 'scaffold', 'name': 'AANG04003683.1', 'length': 9778}, {'length': 5180, 'name': 'AANG04003684.1', 'coord_system': 'scaffold'}, {'length': 18981, 'name': 'AANG04003685.1', 'coord_system': 'scaffold'}, {'name': 'AANG04003686.1', 'length': 2988, 'coord_system': 'scaffold'}, {'coord_system': 'scaffold', 'length': 11024, 'name': 'AANG04003687.1'}, {'length': 5463, 'name': 'AANG04003688.1', 'coord_system': 'scaffold'}, {'coord_system': 'scaffold', 'name': 'AANG04003689.1', 'length': 136335}, {'coord_system': 'scaffold', 'name': 'AANG04003690.1', 'length': 10298}, {'name': 'AANG04003691.1', 'length': 58602, 'coord_system': 'scaffold'}, {'name': 'AANG04003692.1', 'length': 9713, 'coord_system': 'scaffold'}, {'coord_system': 'scaffold', 'name': 'AANG04003693.1', 'length': 7987}, {'coord_system': 'scaffold', 'length': 3988, 'name': 'AANG04003694.1'}, {'coord_system': 'scaffold', 'name': 'AANG04003695.1', 'length': 2988}, {'name': 'AANG04003696.1', 'length': 57039, 'coord_system': 'scaffold'}, {'name': 'AANG04003697.1', 'length': 12985, 'coord_system': 'scaffold'}, {'length': 7989, 'name': 'AANG04003698.1', 'coord_system': 'scaffold'}, {'name': 'AANG04003699.1', 'length': 13757, 'coord_system': 'scaffold'}, {'coord_system': 'scaffold', 'name': 'AANG04003700.1', 'length': 7987}, {'name': 'AANG04003701.1', 'length': 4973, 'coord_system': 'scaffold'}, {'name': 'AANG04003702.1', 'length': 4987, 'coord_system': 'scaffold'}, {'coord_system': 'scaffold', 'length': 16363, 'name': 'AANG04003703.1'}, {'length': 4988, 'name': 'AANG04003704.1', 'coord_system': 'scaffold'}, {'length': 10699, 'name': 'AANG04003705.1', 'coord_system': 'scaffold'}, {'coord_system': 'scaffold', 'length': 10988, 'name': 'AANG04003706.1'}, {'length': 13738, 'name': 'AANG04003707.1', 'coord_system': 'scaffold'}, {'coord_system': 'scaffold', 'length': 7988, 'name': 'AANG04003708.1'}, {'length': 10966, 'name': 'AANG04003709.1', 'coord_system': 'scaffold'}, {'coord_system': 'scaffold', 'length': 9001, 'name': 'AANG04003710.1'}, {'name': 'AANG04003711.1', 'length': 6882, 'coord_system': 'scaffold'}, {'coord_system': 'scaffold', 'length': 11988, 'name': 'AANG04003712.1'}, {'name': 'AANG04003713.1', 'length': 49003, 'coord_system': 'scaffold'}, {'length': 16913, 'name': 'AANG04003714.1', 'coord_system': 'scaffold'}, {'name': 'AANG04003716.1', 'length': 14989, 'coord_system': 'scaffold'}, {'length': 24272, 'name': 'AANG04003718.1', 'coord_system': 'scaffold'}, {'length': 6993, 'name': 'AANG04003719.1', 'coord_system': 'scaffold'}, {'length': 4988, 'name': 'AANG04003720.1', 'coord_system': 'scaffold'}, {'coord_system': 'scaffold', 'length': 13999, 'name': 'AANG04003721.1'}, {'coord_system': 'scaffold', 'name': 'AANG04003722.1', 'length': 13298}, {'coord_system': 'scaffold', 'length': 3988, 'name': 'AANG04003723.1'}, {'coord_system': 'scaffold', 'name': 'AANG04003724.1', 'length': 4989}, {'name': 'AANG04003725.1', 'length': 10951, 'coord_system': 'scaffold'}, {'coord_system': 'scaffold', 'length': 10984, 'name': 'AANG04003726.1'}, {'coord_system': 'scaffold', 'name': 'AANG04003727.1', 'length': 7972}, {'name': 'AANG04003728.1', 'length': 7988, 'coord_system': 'scaffold'}, {'coord_system': 'scaffold', 'name': 'AANG04003729.1', 'length': 33985}, {'name': 'AANG04003730.1', 'length': 12986, 'coord_system': 'scaffold'}, {'coord_system': 'scaffold', 'length': 6984, 'name': 'AANG04003731.1'}, {'length': 9325, 'name': 'AANG04003732.1', 'coord_system': 'scaffold'}, {'name': 'AANG04003733.1', 'length': 5986, 'coord_system': 'scaffold'}, {'coord_system': 'scaffold', 'name': 'AANG04003734.1', 'length': 16503}, {'name': 'AANG04003735.1', 'length': 7865, 'coord_system': 'scaffold'}, {'coord_system': 'scaffold', 'name': 'AANG04003736.1', 'length': 4988}, {'coord_system': 'scaffold', 'length': 3237, 'name': 'AANG04003737.1'}, {'coord_system': 'scaffold', 'length': 3988, 'name': 'AANG04003738.1'}, {'coord_system': 'scaffold', 'length': 8938, 'name': 'AANG04003739.1'}, {'coord_system': 'scaffold', 'length': 12318, 'name': 'AANG04003740.1'}, {'coord_system': 'scaffold', 'name': 'AANG04003741.1', 'length': 5986}, {'length': 17362, 'name': 'AANG04003742.1', 'coord_system': 'scaffold'}, {'length': 15268, 'name': 'AANG04003743.1', 'coord_system': 'scaffold'}, {'length': 2984, 'name': 'AANG04003744.1', 'coord_system': 'scaffold'}, {'length': 5159, 'name': 'AANG04003745.1', 'coord_system': 'scaffold'}, {'coord_system': 'scaffold', 'name': 'AANG04003746.1', 'length': 16988}, {'coord_system': 'scaffold', 'length': 5988, 'name': 'AANG04003747.1'}, {'name': 'AANG04003748.1', 'length': 8988, 'coord_system': 'scaffold'}, {'coord_system': 'scaffold', 'length': 3890, 'name': 'AANG04003749.1'}, {'name': 'AANG04003750.1', 'length': 19132, 'coord_system': 'scaffold'}, {'coord_system': 'scaffold', 'length': 3988, 'name': 'AANG04003751.1'}, {'coord_system': 'scaffold', 'length': 5987, 'name': 'AANG04003752.1'}, {'length': 23712, 'name': 'AANG04003753.1', 'coord_system': 'scaffold'}, {'coord_system': 'scaffold', 'name': 'AANG04003754.1', 'length': 8988}, {'coord_system': 'scaffold', 'name': 'AANG04003755.1', 'length': 12127}, {'coord_system': 'scaffold', 'length': 5317, 'name': 'AANG04003756.1'}, {'coord_system': 'scaffold', 'length': 16112, 'name': 'AANG04003757.1'}, {'coord_system': 'scaffold', 'name': 'AANG04003758.1', 'length': 11008}, {'length': 5946, 'name': 'AANG04003759.1', 'coord_system': 'scaffold'}, {'coord_system': 'scaffold', 'length': 10987, 'name': 'AANG04003760.1'}, {'coord_system': 'scaffold', 'length': 5982, 'name': 'AANG04003761.1'}, {'name': 'AANG04003762.1', 'length': 4987, 'coord_system': 'scaffold'}, {'coord_system': 'scaffold', 'length': 3989, 'name': 'AANG04003763.1'}, {'coord_system': 'scaffold', 'length': 2790, 'name': 'AANG04003764.1'}, {'coord_system': 'scaffold', 'length': 68938, 'name': 'AANG04003765.1'}, {'name': 'AANG04003766.1', 'length': 8248, 'coord_system': 'scaffold'}, {'name': 'AANG04003767.1', 'length': 15522, 'coord_system': 'scaffold'}, {'coord_system': 'scaffold', 'name': 'AANG04003768.1', 'length': 10988}, {'length': 8989, 'name': 'AANG04003769.1', 'coord_system': 'scaffold'}, {'coord_system': 'scaffold', 'length': 11292, 'name': 'AANG04003770.1'}, {'coord_system': 'scaffold', 'length': 14162, 'name': 'AANG04003771.1'}, {'coord_system': 'scaffold', 'length': 7988, 'name': 'AANG04003772.1'}, {'length': 7184, 'name': 'AANG04003773.1', 'coord_system': 'scaffold'}, {'coord_system': 'scaffold', 'name': 'AANG04003774.1', 'length': 15976}, {'coord_system': 'scaffold', 'length': 12985, 'name': 'AANG04003775.1'}, {'coord_system': 'scaffold', 'length': 7158, 'name': 'AANG04003776.1'}, {'coord_system': 'scaffold', 'name': 'AANG04003777.1', 'length': 3988}, {'coord_system': 'scaffold', 'name': 'AANG04003779.1', 'length': 4988}, {'name': 'AANG04003780.1', 'length': 7432, 'coord_system': 'scaffold'}, {'name': 'AANG04003781.1', 'length': 10942, 'coord_system': 'scaffold'}, {'coord_system': 'scaffold', 'name': 'AANG04003782.1', 'length': 12983}, {'coord_system': 'scaffold', 'name': 'AANG04003783.1', 'length': 4988}, {'name': 'AANG04003784.1', 'length': 6988, 'coord_system': 'scaffold'}, {'name': 'AANG04003785.1', 'length': 11987, 'coord_system': 'scaffold'}, {'coord_system': 'scaffold', 'length': 7997, 'name': 'AANG04003786.1'}, {'coord_system': 'scaffold', 'length': 11988, 'name': 'AANG04003787.1'}, {'coord_system': 'scaffold', 'length': 14959, 'name': 'AANG04003788.1'}, {'coord_system': 'scaffold', 'length': 5987, 'name': 'AANG04003789.1'}, {'coord_system': 'scaffold', 'name': 'AANG04003790.1', 'length': 9987}, {'coord_system': 'scaffold', 'name': 'AANG04003791.1', 'length': 7988}, {'length': 52195, 'name': 'AANG04003792.1', 'coord_system': 'scaffold'}, {'length': 3607, 'name': 'AANG04003793.1', 'coord_system': 'scaffold'}, {'name': 'AANG04003794.1', 'length': 4988, 'coord_system': 'scaffold'}, {'coord_system': 'scaffold', 'length': 10988, 'name': 'AANG04003795.1'}, {'coord_system': 'scaffold', 'name': 'AANG04003796.1', 'length': 16976}, {'name': 'AANG04003797.1', 'length': 6972, 'coord_system': 'scaffold'}, {'coord_system': 'scaffold', 'length': 4988, 'name': 'AANG04003798.1'}, {'coord_system': 'scaffold', 'length': 15983, 'name': 'AANG04003800.1'}, {'coord_system': 'scaffold', 'length': 5063, 'name': 'AANG04003801.1'}, {'coord_system': 'scaffold', 'name': 'AANG04003802.1', 'length': 10828}, {'name': 'AANG04003803.1', 'length': 3988, 'coord_system': 'scaffold'}, {'coord_system': 'scaffold', 'length': 15987, 'name': 'AANG04003804.1'}, {'length': 7987, 'name': 'AANG04003805.1', 'coord_system': 'scaffold'}, {'coord_system': 'scaffold', 'name': 'AANG04003806.1', 'length': 4230}, {'length': 6990, 'name': 'AANG04003807.1', 'coord_system': 'scaffold'}, {'length': 7200, 'name': 'AANG04003809.1', 'coord_system': 'scaffold'}, {'name': 'AANG04003810.1', 'length': 2987, 'coord_system': 'scaffold'}, {'length': 23971, 'name': 'AANG04003811.1', 'coord_system': 'scaffold'}, {'length': 18646, 'name': 'AANG04003812.1', 'coord_system': 'scaffold'}, {'length': 27045, 'name': 'AANG04003813.1', 'coord_system': 'scaffold'}, {'name': 'AANG04003814.1', 'length': 5987, 'coord_system': 'scaffold'}, {'length': 12020, 'name': 'AANG04003815.1', 'coord_system': 'scaffold'}, {'coord_system': 'scaffold', 'length': 21988, 'name': 'AANG04003816.1'}, {'coord_system': 'scaffold', 'name': 'AANG04003817.1', 'length': 11327}, {'length': 5988, 'name': 'AANG04003818.1', 'coord_system': 'scaffold'}, {'coord_system': 'scaffold', 'length': 7173, 'name': 'AANG04003819.1'}, {'coord_system': 'scaffold', 'length': 3989, 'name': 'AANG04003820.1'}, {'coord_system': 'scaffold', 'length': 6006, 'name': 'AANG04003821.1'}, {'name': 'AANG04003822.1', 'length': 15043, 'coord_system': 'scaffold'}, {'length': 109434, 'name': 'AANG04003823.1', 'coord_system': 'scaffold'}, {'coord_system': 'scaffold', 'length': 11988, 'name': 'AANG04003824.1'}, {'length': 103245, 'name': 'AANG04003825.1', 'coord_system': 'scaffold'}, {'coord_system': 'scaffold', 'length': 27124, 'name': 'AANG04003826.1'}, {'coord_system': 'scaffold', 'name': 'AANG04003827.1', 'length': 3988}, {'length': 3988, 'name': 'AANG04003828.1', 'coord_system': 'scaffold'}, {'name': 'AANG04003830.1', 'length': 7930, 'coord_system': 'scaffold'}, {'name': 'AANG04003831.1', 'length': 83540, 'coord_system': 'scaffold'}, {'name': 'AANG04003832.1', 'length': 3988, 'coord_system': 'scaffold'}, {'length': 9988, 'name': 'AANG04003833.1', 'coord_system': 'scaffold'}, {'length': 12989, 'name': 'AANG04003834.1', 'coord_system': 'scaffold'}, {'name': 'AANG04003835.1', 'length': 24817, 'coord_system': 'scaffold'}, {'length': 8985, 'name': 'AANG04003836.1', 'coord_system': 'scaffold'}, {'coord_system': 'scaffold', 'name': 'AANG04003837.1', 'length': 23984}, {'coord_system': 'scaffold', 'length': 2992, 'name': 'AANG04003838.1'}, {'length': 4988, 'name': 'AANG04003839.1', 'coord_system': 'scaffold'}, {'coord_system': 'scaffold', 'name': 'AANG04003840.1', 'length': 44594}, {'coord_system': 'scaffold', 'name': 'AANG04003841.1', 'length': 9122}, {'name': 'AANG04003842.1', 'length': 49851, 'coord_system': 'scaffold'}, {'coord_system': 'scaffold', 'name': 'AANG04003843.1', 'length': 5988}, {'coord_system': 'scaffold', 'length': 12231, 'name': 'AANG04003844.1'}, {'length': 6143, 'name': 'AANG04003846.1', 'coord_system': 'scaffold'}, {'length': 13539, 'name': 'AANG04003848.1', 'coord_system': 'scaffold'}, {'length': 6984, 'name': 'AANG04003849.1', 'coord_system': 'scaffold'}, {'coord_system': 'scaffold', 'length': 10987, 'name': 'AANG04003850.1'}, {'length': 9987, 'name': 'AANG04003851.1', 'coord_system': 'scaffold'}, {'name': 'AANG04003852.1', 'length': 8211, 'coord_system': 'scaffold'}, {'coord_system': 'scaffold', 'name': 'AANG04003853.1', 'length': 14988}, {'coord_system': 'scaffold', 'length': 7987, 'name': 'AANG04003854.1'}, {'length': 8287, 'name': 'AANG04003855.1', 'coord_system': 'scaffold'}, {'name': 'AANG04003856.1', 'length': 33819, 'coord_system': 'scaffold'}, {'coord_system': 'scaffold', 'name': 'AANG04003857.1', 'length': 5170}, {'coord_system': 'scaffold', 'name': 'AANG04003858.1', 'length': 7986}, {'coord_system': 'scaffold', 'name': 'AANG04003859.1', 'length': 5989}, {'coord_system': 'scaffold', 'length': 49373, 'name': 'AANG04003860.1'}, {'length': 12984, 'name': 'AANG04003861.1', 'coord_system': 'scaffold'}, {'name': 'AANG04003862.1', 'length': 7987, 'coord_system': 'scaffold'}, {'length': 11987, 'name': 'AANG04003863.1', 'coord_system': 'scaffold'}, {'name': 'AANG04003864.1', 'length': 2990, 'coord_system': 'scaffold'}, {'name': 'AANG04003865.1', 'length': 60381, 'coord_system': 'scaffold'}, {'coord_system': 'scaffold', 'name': 'AANG04003866.1', 'length': 8988}, {'name': 'AANG04003867.1', 'length': 6986, 'coord_system': 'scaffold'}, {'coord_system': 'scaffold', 'length': 9987, 'name': 'AANG04003868.1'}, {'coord_system': 'scaffold', 'name': 'AANG04003869.1', 'length': 6083}, {'length': 19922, 'name': 'AANG04003870.1', 'coord_system': 'scaffold'}, {'coord_system': 'scaffold', 'name': 'AANG04003871.1', 'length': 4988}, {'coord_system': 'scaffold', 'name': 'AANG04003872.1', 'length': 9975}, {'name': 'AANG04003873.1', 'length': 4988, 'coord_system': 'scaffold'}, {'coord_system': 'scaffold', 'name': 'AANG04003874.1', 'length': 14187}, {'length': 8981, 'name': 'AANG04003875.1', 'coord_system': 'scaffold'}, {'length': 6988, 'name': 'AANG04003876.1', 'coord_system': 'scaffold'}, {'coord_system': 'scaffold', 'name': 'AANG04003877.1', 'length': 9988}, {'name': 'AANG04003878.1', 'length': 10107, 'coord_system': 'scaffold'}, {'coord_system': 'scaffold', 'length': 12965, 'name': 'AANG04003879.1'}, {'coord_system': 'scaffold', 'name': 'AANG04003880.1', 'length': 3988}, {'coord_system': 'scaffold', 'name': 'AANG04003881.1', 'length': 10987}, {'name': 'AANG04003882.1', 'length': 23988, 'coord_system': 'scaffold'}, {'length': 10005, 'name': 'AANG04003883.1', 'coord_system': 'scaffold'}, {'name': 'AANG04003884.1', 'length': 12951, 'coord_system': 'scaffold'}, {'coord_system': 'scaffold', 'length': 6415, 'name': 'AANG04003885.1'}, {'coord_system': 'scaffold', 'length': 4988, 'name': 'AANG04003886.1'}, {'length': 53032, 'name': 'AANG04003887.1', 'coord_system': 'scaffold'}, {'length': 2995, 'name': 'AANG04003888.1', 'coord_system': 'scaffold'}, {'name': 'AANG04003889.1', 'length': 12430, 'coord_system': 'scaffold'}, {'length': 10745, 'name': 'AANG04003890.1', 'coord_system': 'scaffold'}, {'coord_system': 'scaffold', 'name': 'AANG04003891.1', 'length': 13990}, {'name': 'AANG04003892.1', 'length': 6985, 'coord_system': 'scaffold'}, {'coord_system': 'scaffold', 'name': 'AANG04003893.1', 'length': 6986}, {'name': 'AANG04003894.1', 'length': 6988, 'coord_system': 'scaffold'}, {'name': 'AANG04003895.1', 'length': 15848, 'coord_system': 'scaffold'}, {'name': 'AANG04003896.1', 'length': 7977, 'coord_system': 'scaffold'}, {'coord_system': 'scaffold', 'length': 6960, 'name': 'AANG04003897.1'}, {'coord_system': 'scaffold', 'name': 'AANG04003898.1', 'length': 5262}, {'name': 'AANG04003899.1', 'length': 3987, 'coord_system': 'scaffold'}, {'name': 'AANG04003900.1', 'length': 3988, 'coord_system': 'scaffold'}, {'coord_system': 'scaffold', 'name': 'AANG04003901.1', 'length': 6194}, {'length': 8080, 'name': 'AANG04003902.1', 'coord_system': 'scaffold'}, {'length': 5988, 'name': 'AANG04003903.1', 'coord_system': 'scaffold'}, {'name': 'AANG04003904.1', 'length': 5988, 'coord_system': 'scaffold'}, {'coord_system': 'scaffold', 'name': 'AANG04003905.1', 'length': 4586}, {'coord_system': 'scaffold', 'name': 'AANG04003906.1', 'length': 7988}, {'coord_system': 'scaffold', 'name': 'AANG04003907.1', 'length': 16787}, {'length': 6133, 'name': 'AANG04003908.1', 'coord_system': 'scaffold'}, {'coord_system': 'scaffold', 'name': 'AANG04003909.1', 'length': 12983}, {'coord_system': 'scaffold', 'name': 'AANG04003910.1', 'length': 11963}, {'coord_system': 'scaffold', 'length': 10987, 'name': 'AANG04003911.1'}, {'name': 'AANG04003912.1', 'length': 13982, 'coord_system': 'scaffold'}, {'coord_system': 'scaffold', 'length': 5988, 'name': 'AANG04003913.1'}, {'coord_system': 'scaffold', 'length': 4025, 'name': 'AANG04003914.1'}, {'length': 7988, 'name': 'AANG04003915.1', 'coord_system': 'scaffold'}, {'length': 5988, 'name': 'AANG04003918.1', 'coord_system': 'scaffold'}, {'coord_system': 'scaffold', 'length': 13151, 'name': 'AANG04003919.1'}, {'length': 12931, 'name': 'AANG04003921.1', 'coord_system': 'scaffold'}, {'length': 11606, 'name': 'AANG04003922.1', 'coord_system': 'scaffold'}, {'coord_system': 'scaffold', 'name': 'AANG04003923.1', 'length': 27825}, {'name': 'AANG04003924.1', 'length': 8968, 'coord_system': 'scaffold'}, {'length': 13963, 'name': 'AANG04003925.1', 'coord_system': 'scaffold'}, {'coord_system': 'scaffold', 'name': 'AANG04003926.1', 'length': 16165}, {'coord_system': 'scaffold', 'name': 'AANG04003927.1', 'length': 3988}, {'coord_system': 'scaffold', 'name': 'AANG04003928.1', 'length': 23532}, {'length': 16986, 'name': 'AANG04003929.1', 'coord_system': 'scaffold'}, {'coord_system': 'scaffold', 'length': 73713, 'name': 'AANG04003930.1'}, {'length': 8065, 'name': 'AANG04003931.1', 'coord_system': 'scaffold'}, {'coord_system': 'scaffold', 'name': 'AANG04003933.1', 'length': 57541}, {'coord_system': 'scaffold', 'length': 5988, 'name': 'AANG04003934.1'}, {'name': 'AANG04003935.1', 'length': 9988, 'coord_system': 'scaffold'}, {'coord_system': 'scaffold', 'length': 7988, 'name': 'AANG04003936.1'}, {'coord_system': 'scaffold', 'length': 2989, 'name': 'AANG04003937.1'}, {'coord_system': 'scaffold', 'name': 'AANG04003938.1', 'length': 22988}, {'length': 8988, 'name': 'AANG04003939.1', 'coord_system': 'scaffold'}, {'length': 7988, 'name': 'AANG04003940.1', 'coord_system': 'scaffold'}, {'name': 'AANG04003941.1', 'length': 4987, 'coord_system': 'scaffold'}, {'coord_system': 'scaffold', 'name': 'AANG04003943.1', 'length': 19369}, {'length': 11989, 'name': 'AANG04003944.1', 'coord_system': 'scaffold'}, {'name': 'AANG04003945.1', 'length': 8988, 'coord_system': 'scaffold'}, {'length': 4987, 'name': 'AANG04003946.1', 'coord_system': 'scaffold'}, {'name': 'AANG04003947.1', 'length': 12642, 'coord_system': 'scaffold'}, {'coord_system': 'scaffold', 'name': 'AANG04003948.1', 'length': 14965}, {'length': 14189, 'name': 'AANG04003949.1', 'coord_system': 'scaffold'}, {'coord_system': 'scaffold', 'length': 16268, 'name': 'AANG04003950.1'}, {'length': 17228, 'name': 'AANG04003951.1', 'coord_system': 'scaffold'}, {'length': 15071, 'name': 'AANG04003952.1', 'coord_system': 'scaffold'}, {'coord_system': 'scaffold', 'name': 'AANG04003953.1', 'length': 4989}, {'coord_system': 'scaffold', 'length': 6983, 'name': 'AANG04003954.1'}, {'coord_system': 'scaffold', 'length': 13268, 'name': 'AANG04003955.1'}, {'coord_system': 'scaffold', 'length': 9985, 'name': 'AANG04003956.1'}, {'length': 12155, 'name': 'AANG04003957.1', 'coord_system': 'scaffold'}, {'coord_system': 'scaffold', 'length': 7987, 'name': 'AANG04003958.1'}, {'length': 7988, 'name': 'AANG04003959.1', 'coord_system': 'scaffold'}, {'coord_system': 'scaffold', 'name': 'AANG04003960.1', 'length': 7987}, {'coord_system': 'scaffold', 'name': 'AANG04003961.1', 'length': 7755}, {'name': 'AANG04003962.1', 'length': 8863, 'coord_system': 'scaffold'}, {'name': 'AANG04003963.1', 'length': 9989, 'coord_system': 'scaffold'}, {'length': 6988, 'name': 'AANG04003964.1', 'coord_system': 'scaffold'}, {'coord_system': 'scaffold', 'length': 9988, 'name': 'AANG04003965.1'}, {'coord_system': 'scaffold', 'length': 8988, 'name': 'AANG04003967.1'}, {'coord_system': 'scaffold', 'name': 'AANG04003968.1', 'length': 6989}, {'length': 7281, 'name': 'AANG04003969.1', 'coord_system': 'scaffold'}, {'coord_system': 'scaffold', 'length': 10247, 'name': 'AANG04003970.1'}, {'coord_system': 'scaffold', 'length': 19365, 'name': 'AANG04003971.1'}, {'coord_system': 'scaffold', 'name': 'AANG04003972.1', 'length': 13030}, {'coord_system': 'scaffold', 'name': 'AANG04003973.1', 'length': 13041}, {'length': 14988, 'name': 'AANG04003974.1', 'coord_system': 'scaffold'}, {'coord_system': 'scaffold', 'name': 'AANG04003975.1', 'length': 10986}, {'coord_system': 'scaffold', 'length': 13979, 'name': 'AANG04003976.1'}, {'length': 7204, 'name': 'AANG04003977.1', 'coord_system': 'scaffold'}, {'length': 5193, 'name': 'AANG04003978.1', 'coord_system': 'scaffold'}, {'coord_system': 'scaffold', 'length': 3170, 'name': 'AANG04003979.1'}, {'name': 'AANG04003980.1', 'length': 10687, 'coord_system': 'scaffold'}, {'coord_system': 'scaffold', 'length': 23467, 'name': 'AANG04003981.1'}, {'coord_system': 'scaffold', 'name': 'AANG04003982.1', 'length': 13061}, {'length': 2987, 'name': 'AANG04003983.1', 'coord_system': 'scaffold'}, {'length': 35550, 'name': 'AANG04003984.1', 'coord_system': 'scaffold'}, {'coord_system': 'scaffold', 'name': 'AANG04003985.1', 'length': 5988}, {'name': 'AANG04003986.1', 'length': 6986, 'coord_system': 'scaffold'}, {'coord_system': 'scaffold', 'length': 3351, 'name': 'AANG04003987.1'}, {'length': 5988, 'name': 'AANG04003989.1', 'coord_system': 'scaffold'}, {'length': 9987, 'name': 'AANG04003990.1', 'coord_system': 'scaffold'}, {'coord_system': 'scaffold', 'name': 'AANG04003991.1', 'length': 4988}, {'coord_system': 'scaffold', 'length': 29987, 'name': 'AANG04003992.1'}, {'length': 12934, 'name': 'AANG04003994.1', 'coord_system': 'scaffold'}, {'coord_system': 'scaffold', 'length': 26492, 'name': 'AANG04003995.1'}, {'length': 8953, 'name': 'AANG04003996.1', 'coord_system': 'scaffold'}, {'name': 'AANG04003997.1', 'length': 37607, 'coord_system': 'scaffold'}, {'length': 59274, 'name': 'AANG04003998.1', 'coord_system': 'scaffold'}, {'name': 'AANG04003999.1', 'length': 7988, 'coord_system': 'scaffold'}, {'coord_system': 'scaffold', 'name': 'AANG04004000.1', 'length': 44279}, {'coord_system': 'scaffold', 'length': 14943, 'name': 'AANG04004001.1'}, {'coord_system': 'scaffold', 'name': 'AANG04004002.1', 'length': 10986}, {'coord_system': 'scaffold', 'name': 'AANG04004003.1', 'length': 5990}, {'coord_system': 'scaffold', 'name': 'AANG04004004.1', 'length': 9986}, {'coord_system': 'scaffold', 'name': 'AANG04004005.1', 'length': 4990}, {'length': 21635, 'name': 'AANG04004006.1', 'coord_system': 'scaffold'}, {'coord_system': 'scaffold', 'name': 'AANG04004007.1', 'length': 5988}, {'coord_system': 'scaffold', 'name': 'AANG04004009.1', 'length': 4988}, {'length': 24845, 'name': 'AANG04004010.1', 'coord_system': 'scaffold'}, {'coord_system': 'scaffold', 'length': 5012, 'name': 'AANG04004012.1'}, {'length': 11065, 'name': 'AANG04004013.1', 'coord_system': 'scaffold'}, {'name': 'AANG04004014.1', 'length': 4988, 'coord_system': 'scaffold'}, {'name': 'AANG04004015.1', 'length': 3986, 'coord_system': 'scaffold'}, {'coord_system': 'scaffold', 'name': 'AANG04004016.1', 'length': 8988}, {'coord_system': 'scaffold', 'length': 14987, 'name': 'AANG04004017.1'}, {'coord_system': 'scaffold', 'length': 14454, 'name': 'AANG04004018.1'}, {'length': 9989, 'name': 'AANG04004019.1', 'coord_system': 'scaffold'}, {'length': 19987, 'name': 'AANG04004020.1', 'coord_system': 'scaffold'}, {'coord_system': 'scaffold', 'length': 2988, 'name': 'AANG04004021.1'}, {'coord_system': 'scaffold', 'name': 'AANG04004022.1', 'length': 10556}, {'coord_system': 'scaffold', 'name': 'AANG04004023.1', 'length': 9340}, {'coord_system': 'scaffold', 'length': 30745, 'name': 'AANG04004024.1'}, {'name': 'AANG04004025.1', 'length': 10993, 'coord_system': 'scaffold'}, {'coord_system': 'scaffold', 'name': 'AANG04004026.1', 'length': 5111}, {'name': 'AANG04004027.1', 'length': 3988, 'coord_system': 'scaffold'}, {'name': 'AANG04004028.1', 'length': 50193, 'coord_system': 'scaffold'}, {'coord_system': 'scaffold', 'name': 'AANG04004029.1', 'length': 10197}, {'coord_system': 'scaffold', 'name': 'AANG04004030.1', 'length': 9987}, {'name': 'AANG04004031.1', 'length': 13532, 'coord_system': 'scaffold'}, {'name': 'AANG04004032.1', 'length': 7991, 'coord_system': 'scaffold'}, {'coord_system': 'scaffold', 'name': 'AANG04004033.1', 'length': 8988}, {'length': 6985, 'name': 'AANG04004034.1', 'coord_system': 'scaffold'}, {'coord_system': 'scaffold', 'name': 'AANG04004036.1', 'length': 4989}, {'coord_system': 'scaffold', 'name': 'AANG04004037.1', 'length': 3988}, {'name': 'AANG04004039.1', 'length': 7134, 'coord_system': 'scaffold'}, {'coord_system': 'scaffold', 'name': 'AANG04004040.1', 'length': 7987}, {'length': 12033, 'name': 'AANG04004041.1', 'coord_system': 'scaffold'}, {'name': 'AANG04004042.1', 'length': 3986, 'coord_system': 'scaffold'}, {'coord_system': 'scaffold', 'name': 'AANG04004043.1', 'length': 7480}, {'coord_system': 'scaffold', 'name': 'AANG04004044.1', 'length': 5346}, {'length': 6216, 'name': 'AANG04004045.1', 'coord_system': 'scaffold'}, {'coord_system': 'scaffold', 'name': 'AANG04004046.1', 'length': 2988}, {'coord_system': 'scaffold', 'name': 'AANG04004047.1', 'length': 4201}, {'length': 8988, 'name': 'AANG04004048.1', 'coord_system': 'scaffold'}, {'name': 'AANG04004049.1', 'length': 10980, 'coord_system': 'scaffold'}, {'coord_system': 'scaffold', 'length': 4295, 'name': 'AANG04004051.1'}, {'name': 'AANG04004052.1', 'length': 10987, 'coord_system': 'scaffold'}, {'coord_system': 'scaffold', 'name': 'AANG04004053.1', 'length': 3988}, {'coord_system': 'scaffold', 'length': 11989, 'name': 'AANG04004054.1'}, {'coord_system': 'scaffold', 'name': 'AANG04004055.1', 'length': 10321}, {'coord_system': 'scaffold', 'name': 'AANG04004056.1', 'length': 17216}, {'coord_system': 'scaffold', 'name': 'AANG04004057.1', 'length': 12137}, {'coord_system': 'scaffold', 'length': 43308, 'name': 'AANG04004058.1'}, {'coord_system': 'scaffold', 'length': 20990, 'name': 'AANG04004059.1'}, {'coord_system': 'scaffold', 'name': 'AANG04004060.1', 'length': 7989}, {'coord_system': 'scaffold', 'name': 'AANG04004061.1', 'length': 13103}, {'name': 'AANG04004062.1', 'length': 6234, 'coord_system': 'scaffold'}, {'length': 11988, 'name': 'AANG04004063.1', 'coord_system': 'scaffold'}, {'length': 8987, 'name': 'AANG04004064.1', 'coord_system': 'scaffold'}, {'name': 'AANG04004065.1', 'length': 14985, 'coord_system': 'scaffold'}, {'coord_system': 'scaffold', 'name': 'AANG04004066.1', 'length': 7985}, {'coord_system': 'scaffold', 'length': 16958, 'name': 'AANG04004067.1'}, {'name': 'AANG04004068.1', 'length': 14706, 'coord_system': 'scaffold'}, {'name': 'AANG04004070.1', 'length': 3148, 'coord_system': 'scaffold'}, {'name': 'AANG04004071.1', 'length': 10976, 'coord_system': 'scaffold'}, {'length': 11100, 'name': 'AANG04004072.1', 'coord_system': 'scaffold'}, {'coord_system': 'scaffold', 'name': 'AANG04004073.1', 'length': 4462}, {'name': 'AANG04004074.1', 'length': 4988, 'coord_system': 'scaffold'}, {'coord_system': 'scaffold', 'length': 14887, 'name': 'AANG04004075.1'}, {'coord_system': 'scaffold', 'length': 15253, 'name': 'AANG04004076.1'}, {'coord_system': 'scaffold', 'name': 'AANG04004077.1', 'length': 7988}, {'coord_system': 'scaffold', 'name': 'AANG04004078.1', 'length': 9081}, {'coord_system': 'scaffold', 'name': 'AANG04004079.1', 'length': 7400}, {'name': 'AANG04004080.1', 'length': 7988, 'coord_system': 'scaffold'}, {'length': 7206, 'name': 'AANG04004081.1', 'coord_system': 'scaffold'}, {'coord_system': 'scaffold', 'name': 'AANG04004082.1', 'length': 6989}, {'coord_system': 'scaffold', 'name': 'AANG04004083.1', 'length': 5147}, {'coord_system': 'scaffold', 'length': 3236, 'name': 'AANG04004084.1'}, {'name': 'AANG04004085.1', 'length': 14985, 'coord_system': 'scaffold'}, {'name': 'AANG04004086.1', 'length': 2988, 'coord_system': 'scaffold'}, {'length': 5981, 'name': 'AANG04004087.1', 'coord_system': 'scaffold'}, {'coord_system': 'scaffold', 'length': 7935, 'name': 'AANG04004088.1'}, {'coord_system': 'scaffold', 'name': 'AANG04004089.1', 'length': 12987}, {'name': 'AANG04004090.1', 'length': 15987, 'coord_system': 'scaffold'}, {'coord_system': 'scaffold', 'name': 'AANG04004091.1', 'length': 8988}, {'length': 7200, 'name': 'AANG04004092.1', 'coord_system': 'scaffold'}, {'coord_system': 'scaffold', 'name': 'AANG04004093.1', 'length': 10110}, {'name': 'AANG04004094.1', 'length': 4987, 'coord_system': 'scaffold'}, {'coord_system': 'scaffold', 'length': 8989, 'name': 'AANG04004095.1'}, {'length': 6221, 'name': 'AANG04004096.1', 'coord_system': 'scaffold'}, {'coord_system': 'scaffold', 'name': 'AANG04004097.1', 'length': 3988}, {'coord_system': 'scaffold', 'length': 12988, 'name': 'AANG04004098.1'}, {'length': 2985, 'name': 'AANG04004099.1', 'coord_system': 'scaffold'}, {'coord_system': 'scaffold', 'name': 'AANG04004100.1', 'length': 3988}, {'coord_system': 'scaffold', 'length': 18377, 'name': 'AANG04004101.1'}, {'length': 56973, 'name': 'AANG04004102.1', 'coord_system': 'scaffold'}, {'coord_system': 'scaffold', 'name': 'AANG04004103.1', 'length': 17497}, {'length': 9988, 'name': 'AANG04004104.1', 'coord_system': 'scaffold'}, {'coord_system': 'scaffold', 'name': 'AANG04004105.1', 'length': 9057}, {'length': 9240, 'name': 'AANG04004106.1', 'coord_system': 'scaffold'}, {'name': 'AANG04004107.1', 'length': 18730, 'coord_system': 'scaffold'}, {'coord_system': 'scaffold', 'name': 'AANG04004108.1', 'length': 9165}, {'coord_system': 'scaffold', 'name': 'AANG04004109.1', 'length': 11379}, {'name': 'AANG04004110.1', 'length': 25018, 'coord_system': 'scaffold'}, {'coord_system': 'scaffold', 'length': 10173, 'name': 'AANG04004111.1'}, {'name': 'AANG04004112.1', 'length': 12901, 'coord_system': 'scaffold'}, {'coord_system': 'scaffold', 'name': 'AANG04004113.1', 'length': 29749}, {'length': 5988, 'name': 'AANG04004114.1', 'coord_system': 'scaffold'}, {'coord_system': 'scaffold', 'name': 'AANG04004115.1', 'length': 11987}, {'coord_system': 'scaffold', 'length': 3989, 'name': 'AANG04004116.1'}, {'name': 'AANG04004117.1', 'length': 4294, 'coord_system': 'scaffold'}, {'coord_system': 'scaffold', 'length': 7988, 'name': 'AANG04004118.1'}, {'name': 'AANG04004119.1', 'length': 6988, 'coord_system': 'scaffold'}, {'name': 'AANG04004120.1', 'length': 9990, 'coord_system': 'scaffold'}, {'name': 'AANG04004121.1', 'length': 13151, 'coord_system': 'scaffold'}, {'coord_system': 'scaffold', 'name': 'AANG04004122.1', 'length': 8978}, {'coord_system': 'scaffold', 'name': 'AANG04004123.1', 'length': 7325}, {'coord_system': 'scaffold', 'length': 7097, 'name': 'AANG04004124.1'}, {'name': 'AANG04004125.1', 'length': 90487, 'coord_system': 'scaffold'}, {'length': 8987, 'name': 'AANG04004126.1', 'coord_system': 'scaffold'}, {'name': 'AANG04004127.1', 'length': 9077, 'coord_system': 'scaffold'}, {'coord_system': 'scaffold', 'name': 'AANG04004128.1', 'length': 21993}, {'coord_system': 'scaffold', 'name': 'AANG04004129.1', 'length': 9989}, {'name': 'AANG04004130.1', 'length': 41889, 'coord_system': 'scaffold'}, {'coord_system': 'scaffold', 'name': 'AANG04004131.1', 'length': 51495}, {'name': 'AANG04004132.1', 'length': 12197, 'coord_system': 'scaffold'}, {'length': 9748, 'name': 'AANG04004133.1', 'coord_system': 'scaffold'}, {'coord_system': 'scaffold', 'length': 7983, 'name': 'AANG04004134.1'}, {'coord_system': 'scaffold', 'name': 'AANG04004135.1', 'length': 7980}, {'coord_system': 'scaffold', 'name': 'AANG04004136.1', 'length': 6986}, {'coord_system': 'scaffold', 'name': 'AANG04004137.1', 'length': 7155}, {'name': 'AANG04004138.1', 'length': 23033, 'coord_system': 'scaffold'}, {'length': 4265, 'name': 'AANG04004139.1', 'coord_system': 'scaffold'}, {'coord_system': 'scaffold', 'name': 'AANG04004140.1', 'length': 12783}, {'coord_system': 'scaffold', 'name': 'AANG04004141.1', 'length': 7048}, {'name': 'AANG04004142.1', 'length': 10992, 'coord_system': 'scaffold'}, {'name': 'AANG04004143.1', 'length': 5203, 'coord_system': 'scaffold'}, {'coord_system': 'scaffold', 'name': 'AANG04004144.1', 'length': 8505}, {'length': 4988, 'name': 'AANG04004145.1', 'coord_system': 'scaffold'}, {'length': 3989, 'name': 'AANG04004146.1', 'coord_system': 'scaffold'}, {'coord_system': 'scaffold', 'name': 'AANG04004147.1', 'length': 12988}, {'length': 17013, 'name': 'AANG04004148.1', 'coord_system': 'scaffold'}, {'coord_system': 'scaffold', 'length': 4187, 'name': 'AANG04004149.1'}, {'coord_system': 'scaffold', 'name': 'AANG04004150.1', 'length': 6988}, {'length': 4168, 'name': 'AANG04004151.1', 'coord_system': 'scaffold'}, {'coord_system': 'scaffold', 'name': 'AANG04004152.1', 'length': 8026}, {'coord_system': 'scaffold', 'length': 9986, 'name': 'AANG04004153.1'}, {'coord_system': 'scaffold', 'length': 13989, 'name': 'AANG04004154.1'}, {'length': 13965, 'name': 'AANG04004155.1', 'coord_system': 'scaffold'}, {'coord_system': 'scaffold', 'name': 'AANG04004156.1', 'length': 14889}, {'length': 28013, 'name': 'AANG04004157.1', 'coord_system': 'scaffold'}, {'coord_system': 'scaffold', 'name': 'AANG04004158.1', 'length': 7029}, {'coord_system': 'scaffold', 'length': 2988, 'name': 'AANG04004159.1'}, {'coord_system': 'scaffold', 'length': 16163, 'name': 'AANG04004160.1'}, {'name': 'AANG04004161.1', 'length': 23867, 'coord_system': 'scaffold'}, {'coord_system': 'scaffold', 'length': 16889, 'name': 'AANG04004162.1'}, {'coord_system': 'scaffold', 'length': 22243, 'name': 'AANG04004163.1'}, {'coord_system': 'scaffold', 'length': 5981, 'name': 'AANG04004164.1'}, {'coord_system': 'scaffold', 'name': 'AANG04004165.1', 'length': 12014}, {'length': 8989, 'name': 'AANG04004166.1', 'coord_system': 'scaffold'}, {'length': 14225, 'name': 'AANG04004167.1', 'coord_system': 'scaffold'}, {'coord_system': 'scaffold', 'length': 8029, 'name': 'AANG04004168.1'}, {'length': 7799, 'name': 'AANG04004169.1', 'coord_system': 'scaffold'}, {'coord_system': 'scaffold', 'name': 'AANG04004170.1', 'length': 12988}, {'length': 5988, 'name': 'AANG04004171.1', 'coord_system': 'scaffold'}, {'length': 19977, 'name': 'AANG04004172.1', 'coord_system': 'scaffold'}, {'length': 12987, 'name': 'AANG04004173.1', 'coord_system': 'scaffold'}, {'name': 'AANG04004174.1', 'length': 2999, 'coord_system': 'scaffold'}, {'length': 27984, 'name': 'AANG04004175.1', 'coord_system': 'scaffold'}, {'coord_system': 'scaffold', 'name': 'AANG04004176.1', 'length': 18987}, {'coord_system': 'scaffold', 'name': 'AANG04004177.1', 'length': 12149}, {'coord_system': 'scaffold', 'length': 11379, 'name': 'AANG04004178.1'}, {'coord_system': 'scaffold', 'name': 'AANG04004180.1', 'length': 12987}, {'length': 15566, 'name': 'AANG04004181.1', 'coord_system': 'scaffold'}, {'coord_system': 'scaffold', 'length': 12223, 'name': 'AANG04004182.1'}, {'length': 17308, 'name': 'AANG04004183.1', 'coord_system': 'scaffold'}, {'coord_system': 'scaffold', 'length': 12202, 'name': 'AANG04004185.1'}, {'name': 'AANG04004186.1', 'length': 10984, 'coord_system': 'scaffold'}, {'name': 'AANG04004187.1', 'length': 5988, 'coord_system': 'scaffold'}, {'coord_system': 'scaffold', 'name': 'AANG04004188.1', 'length': 7985}, {'coord_system': 'scaffold', 'length': 5988, 'name': 'AANG04004189.1'}, {'coord_system': 'scaffold', 'length': 10989, 'name': 'AANG04004190.1'}, {'name': 'AANG04004191.1', 'length': 6988, 'coord_system': 'scaffold'}, {'name': 'AANG04004192.1', 'length': 17349, 'coord_system': 'scaffold'}, {'coord_system': 'scaffold', 'length': 12989, 'name': 'AANG04004193.1'}, {'name': 'AANG04004194.1', 'length': 21906, 'coord_system': 'scaffold'}, {'name': 'AANG04004195.1', 'length': 9988, 'coord_system': 'scaffold'}, {'name': 'AANG04004196.1', 'length': 4989, 'coord_system': 'scaffold'}, {'length': 6990, 'name': 'AANG04004197.1', 'coord_system': 'scaffold'}, {'coord_system': 'scaffold', 'length': 9988, 'name': 'AANG04004198.1'}, {'name': 'AANG04004199.1', 'length': 8638, 'coord_system': 'scaffold'}, {'length': 17981, 'name': 'AANG04004200.1', 'coord_system': 'scaffold'}, {'name': 'AANG04004201.1', 'length': 7066, 'coord_system': 'scaffold'}, {'length': 6125, 'name': 'AANG04004203.1', 'coord_system': 'scaffold'}, {'coord_system': 'scaffold', 'length': 8462, 'name': 'AANG04004204.1'}, {'name': 'AANG04004205.1', 'length': 9986, 'coord_system': 'scaffold'}, {'coord_system': 'scaffold', 'name': 'AANG04004206.1', 'length': 11252}, {'coord_system': 'scaffold', 'length': 12988, 'name': 'AANG04004207.1'}, {'coord_system': 'scaffold', 'length': 9071, 'name': 'AANG04004208.1'}, {'length': 20628, 'name': 'AANG04004209.1', 'coord_system': 'scaffold'}, {'name': 'AANG04004210.1', 'length': 2988, 'coord_system': 'scaffold'}, {'length': 4987, 'name': 'AANG04004211.1', 'coord_system': 'scaffold'}, {'coord_system': 'scaffold', 'name': 'AANG04004212.1', 'length': 4987}, {'name': 'AANG04004213.1', 'length': 6988, 'coord_system': 'scaffold'}, {'length': 11863, 'name': 'AANG04004214.1', 'coord_system': 'scaffold'}, {'length': 11997, 'name': 'AANG04004215.1', 'coord_system': 'scaffold'}, {'coord_system': 'scaffold', 'name': 'AANG04004216.1', 'length': 14989}, {'coord_system': 'scaffold', 'name': 'AANG04004217.1', 'length': 53425}, {'length': 7028, 'name': 'AANG04004218.1', 'coord_system': 'scaffold'}, {'coord_system': 'scaffold', 'name': 'AANG04004219.1', 'length': 10490}, {'coord_system': 'scaffold', 'name': 'AANG04004220.1', 'length': 12988}, {'length': 19173, 'name': 'AANG04004221.1', 'coord_system': 'scaffold'}, {'coord_system': 'scaffold', 'name': 'AANG04004222.1', 'length': 5168}, {'length': 7987, 'name': 'AANG04004223.1', 'coord_system': 'scaffold'}, {'name': 'AANG04004224.1', 'length': 12978, 'coord_system': 'scaffold'}, {'name': 'AANG04004225.1', 'length': 15188, 'coord_system': 'scaffold'}, {'name': 'AANG04004226.1', 'length': 8984, 'coord_system': 'scaffold'}, {'coord_system': 'scaffold', 'length': 12380, 'name': 'AANG04004227.1'}, {'name': 'AANG04004228.1', 'length': 50765, 'coord_system': 'scaffold'}, {'coord_system': 'scaffold', 'name': 'AANG04004229.1', 'length': 9986}, {'name': 'AANG04004230.1', 'length': 40981, 'coord_system': 'scaffold'}, {'coord_system': 'scaffold', 'name': 'AANG04004231.1', 'length': 8986}, {'name': 'AANG04004232.1', 'length': 13165, 'coord_system': 'scaffold'}, {'name': 'AANG04004235.1', 'length': 6997, 'coord_system': 'scaffold'}, {'length': 6988, 'name': 'AANG04004237.1', 'coord_system': 'scaffold'}, {'coord_system': 'scaffold', 'name': 'AANG04004238.1', 'length': 17988}, {'coord_system': 'scaffold', 'name': 'AANG04004239.1', 'length': 6986}, {'name': 'AANG04004240.1', 'length': 4988, 'coord_system': 'scaffold'}, {'coord_system': 'scaffold', 'length': 14988, 'name': 'AANG04004242.1'}, {'length': 8226, 'name': 'AANG04004243.1', 'coord_system': 'scaffold'}, {'coord_system': 'scaffold', 'name': 'AANG04004244.1', 'length': 11989}, {'length': 14988, 'name': 'AANG04004245.1', 'coord_system': 'scaffold'}, {'coord_system': 'scaffold', 'name': 'AANG04004246.1', 'length': 5999}, {'length': 46033, 'name': 'AANG04004247.1', 'coord_system': 'scaffold'}, {'length': 6988, 'name': 'AANG04004248.1', 'coord_system': 'scaffold'}, {'coord_system': 'scaffold', 'length': 8178, 'name': 'AANG04004249.1'}, {'length': 9954, 'name': 'AANG04004250.1', 'coord_system': 'scaffold'}, {'coord_system': 'scaffold', 'name': 'AANG04004251.1', 'length': 12004}, {'coord_system': 'scaffold', 'length': 5985, 'name': 'AANG04004252.1'}, {'coord_system': 'scaffold', 'length': 11198, 'name': 'AANG04004253.1'}, {'coord_system': 'scaffold', 'name': 'AANG04004254.1', 'length': 13487}, {'coord_system': 'scaffold', 'name': 'AANG04004255.1', 'length': 9983}, {'coord_system': 'scaffold', 'length': 9977, 'name': 'AANG04004256.1'}, {'coord_system': 'scaffold', 'length': 9986, 'name': 'AANG04004257.1'}, {'coord_system': 'scaffold', 'length': 5981, 'name': 'AANG04004258.1'}, {'name': 'AANG04004259.1', 'length': 14539, 'coord_system': 'scaffold'}, {'coord_system': 'scaffold', 'name': 'AANG04004260.1', 'length': 12989}, {'coord_system': 'scaffold', 'name': 'AANG04004261.1', 'length': 3989}, {'coord_system': 'scaffold', 'length': 8989, 'name': 'AANG04004262.1'}, {'length': 19356, 'name': 'AANG04004263.1', 'coord_system': 'scaffold'}, {'length': 10114, 'name': 'AANG04004264.1', 'coord_system': 'scaffold'}, {'coord_system': 'scaffold', 'name': 'AANG04004265.1', 'length': 12119}, {'length': 5989, 'name': 'AANG04004267.1', 'coord_system': 'scaffold'}, {'coord_system': 'scaffold', 'length': 20098, 'name': 'AANG04004268.1'}, {'coord_system': 'scaffold', 'length': 6989, 'name': 'AANG04004269.1'}, {'name': 'AANG04004270.1', 'length': 10985, 'coord_system': 'scaffold'}, {'name': 'AANG04004271.1', 'length': 4988, 'coord_system': 'scaffold'}, {'coord_system': 'scaffold', 'length': 41714, 'name': 'AANG04004272.1'}, {'length': 12988, 'name': 'AANG04004273.1', 'coord_system': 'scaffold'}, {'coord_system': 'scaffold', 'name': 'AANG04004275.1', 'length': 5988}, {'coord_system': 'scaffold', 'name': 'AANG04004276.1', 'length': 3989}, {'coord_system': 'scaffold', 'name': 'AANG04004277.1', 'length': 5988}, {'name': 'AANG04004278.1', 'length': 8989, 'coord_system': 'scaffold'}, {'coord_system': 'scaffold', 'name': 'AANG04004279.1', 'length': 14033}, {'length': 13985, 'name': 'AANG04004280.1', 'coord_system': 'scaffold'}, {'length': 13987, 'name': 'AANG04004281.1', 'coord_system': 'scaffold'}, {'coord_system': 'scaffold', 'name': 'AANG04004282.1', 'length': 9986}, {'coord_system': 'scaffold', 'length': 7986, 'name': 'AANG04004283.1'}, {'name': 'AANG04004284.1', 'length': 11060, 'coord_system': 'scaffold'}, {'name': 'AANG04004285.1', 'length': 22738, 'coord_system': 'scaffold'}, {'name': 'AANG04004286.1', 'length': 11868, 'coord_system': 'scaffold'}, {'length': 12480, 'name': 'AANG04004287.1', 'coord_system': 'scaffold'}, {'length': 6980, 'name': 'AANG04004288.1', 'coord_system': 'scaffold'}, {'coord_system': 'scaffold', 'length': 15289, 'name': 'AANG04004289.1'}, {'name': 'AANG04004290.1', 'length': 2988, 'coord_system': 'scaffold'}, {'name': 'AANG04004291.1', 'length': 9114, 'coord_system': 'scaffold'}, {'coord_system': 'scaffold', 'length': 11322, 'name': 'AANG04004292.1'}, {'coord_system': 'scaffold', 'name': 'AANG04004293.1', 'length': 37295}, {'name': 'AANG04004294.1', 'length': 3988, 'coord_system': 'scaffold'}, {'coord_system': 'scaffold', 'name': 'AANG04004295.1', 'length': 8211}, {'length': 10678, 'name': 'AANG04004296.1', 'coord_system': 'scaffold'}, {'name': 'AANG04004297.1', 'length': 8887, 'coord_system': 'scaffold'}, {'coord_system': 'scaffold', 'name': 'AANG04004298.1', 'length': 4988}, {'length': 10174, 'name': 'AANG04004299.1', 'coord_system': 'scaffold'}, {'coord_system': 'scaffold', 'length': 4989, 'name': 'AANG04004300.1'}, {'coord_system': 'scaffold', 'name': 'AANG04004301.1', 'length': 4988}, {'name': 'AANG04004302.1', 'length': 14374, 'coord_system': 'scaffold'}, {'coord_system': 'scaffold', 'length': 58337, 'name': 'AANG04004303.1'}, {'name': 'AANG04004304.1', 'length': 6988, 'coord_system': 'scaffold'}, {'name': 'AANG04004305.1', 'length': 12145, 'coord_system': 'scaffold'}, {'length': 37363, 'name': 'AANG04004306.1', 'coord_system': 'scaffold'}, {'coord_system': 'scaffold', 'length': 13988, 'name': 'AANG04004307.1'}, {'coord_system': 'scaffold', 'name': 'AANG04004308.1', 'length': 58896}, {'length': 7196, 'name': 'AANG04004309.1', 'coord_system': 'scaffold'}, {'coord_system': 'scaffold', 'name': 'AANG04004310.1', 'length': 10577}, {'coord_system': 'scaffold', 'name': 'AANG04004311.1', 'length': 9983}, {'coord_system': 'scaffold', 'length': 8983, 'name': 'AANG04004312.1'}, {'coord_system': 'scaffold', 'name': 'AANG04004313.1', 'length': 11987}, {'length': 10985, 'name': 'AANG04004314.1', 'coord_system': 'scaffold'}, {'coord_system': 'scaffold', 'name': 'AANG04004315.1', 'length': 6188}, {'length': 12207, 'name': 'AANG04004316.1', 'coord_system': 'scaffold'}, {'coord_system': 'scaffold', 'length': 8987, 'name': 'AANG04004317.1'}, {'coord_system': 'scaffold', 'name': 'AANG04004318.1', 'length': 7064}, {'name': 'AANG04004319.1', 'length': 5381, 'coord_system': 'scaffold'}, {'coord_system': 'scaffold', 'name': 'AANG04004320.1', 'length': 4419}, {'coord_system': 'scaffold', 'name': 'AANG04004321.1', 'length': 9347}, {'length': 10993, 'name': 'AANG04004322.1', 'coord_system': 'scaffold'}, {'length': 9217, 'name': 'AANG04004323.1', 'coord_system': 'scaffold'}, {'coord_system': 'scaffold', 'length': 9405, 'name': 'AANG04004324.1'}, {'coord_system': 'scaffold', 'name': 'AANG04004325.1', 'length': 5827}, {'name': 'AANG04004326.1', 'length': 3988, 'coord_system': 'scaffold'}, {'coord_system': 'scaffold', 'length': 12985, 'name': 'AANG04004327.1'}, {'name': 'AANG04004328.1', 'length': 28277, 'coord_system': 'scaffold'}, {'length': 5989, 'name': 'AANG04004329.1', 'coord_system': 'scaffold'}, {'length': 5989, 'name': 'AANG04004330.1', 'coord_system': 'scaffold'}, {'name': 'AANG04004331.1', 'length': 5986, 'coord_system': 'scaffold'}, {'name': 'AANG04004332.1', 'length': 8988, 'coord_system': 'scaffold'}, {'coord_system': 'scaffold', 'length': 64499, 'name': 'AANG04004333.1'}, {'name': 'AANG04004336.1', 'length': 6988, 'coord_system': 'scaffold'}, {'name': 'AANG04004337.1', 'length': 4987, 'coord_system': 'scaffold'}, {'name': 'AANG04004338.1', 'length': 8567, 'coord_system': 'scaffold'}, {'length': 7180, 'name': 'AANG04004339.1', 'coord_system': 'scaffold'}, {'coord_system': 'scaffold', 'name': 'AANG04004340.1', 'length': 10988}, {'coord_system': 'scaffold', 'length': 4988, 'name': 'AANG04004341.1'}, {'name': 'AANG04004342.1', 'length': 3988, 'coord_system': 'scaffold'}, {'coord_system': 'scaffold', 'name': 'AANG04004343.1', 'length': 36346}, {'length': 10988, 'name': 'AANG04004344.1', 'coord_system': 'scaffold'}, {'name': 'AANG04004345.1', 'length': 22062, 'coord_system': 'scaffold'}, {'name': 'AANG04004346.1', 'length': 8077, 'coord_system': 'scaffold'}, {'coord_system': 'scaffold', 'name': 'AANG04004347.1', 'length': 44054}, {'length': 14597, 'name': 'AANG04004348.1', 'coord_system': 'scaffold'}, {'name': 'AANG04004349.1', 'length': 9984, 'coord_system': 'scaffold'}, {'coord_system': 'scaffold', 'length': 13988, 'name': 'AANG04004350.1'}, {'length': 4988, 'name': 'AANG04004351.1', 'coord_system': 'scaffold'}, {'length': 8988, 'name': 'AANG04004352.1', 'coord_system': 'scaffold'}, {'name': 'AANG04004353.1', 'length': 38809, 'coord_system': 'scaffold'}, {'length': 45771, 'name': 'AANG04004354.1', 'coord_system': 'scaffold'}, {'coord_system': 'scaffold', 'length': 21167, 'name': 'AANG04004355.1'}, {'coord_system': 'scaffold', 'length': 22814, 'name': 'AANG04004356.1'}, {'coord_system': 'scaffold', 'name': 'AANG04004357.1', 'length': 5986}, {'coord_system': 'scaffold', 'length': 14898, 'name': 'AANG04004358.1'}, {'length': 8948, 'name': 'AANG04004359.1', 'coord_system': 'scaffold'}, {'coord_system': 'scaffold', 'length': 8985, 'name': 'AANG04004360.1'}, {'name': 'AANG04004364.1', 'length': 4987, 'coord_system': 'scaffold'}, {'coord_system': 'scaffold', 'name': 'AANG04004365.1', 'length': 11954}, {'coord_system': 'scaffold', 'length': 7157, 'name': 'AANG04004367.1'}, {'coord_system': 'scaffold', 'length': 43077, 'name': 'AANG04004368.1'}, {'coord_system': 'scaffold', 'length': 6980, 'name': 'AANG04004369.1'}, {'coord_system': 'scaffold', 'name': 'AANG04004372.1', 'length': 11312}, {'length': 17749, 'name': 'AANG04004373.1', 'coord_system': 'scaffold'}, {'coord_system': 'scaffold', 'name': 'AANG04004374.1', 'length': 16190}, {'length': 8162, 'name': 'AANG04004375.1', 'coord_system': 'scaffold'}, {'coord_system': 'scaffold', 'length': 4987, 'name': 'AANG04004377.1'}, {'coord_system': 'scaffold', 'name': 'AANG04004378.1', 'length': 3989}, {'name': 'AANG04004379.1', 'length': 6146, 'coord_system': 'scaffold'}, {'length': 11986, 'name': 'AANG04004380.1', 'coord_system': 'scaffold'}, {'coord_system': 'scaffold', 'name': 'AANG04004381.1', 'length': 10983}, {'length': 6988, 'name': 'AANG04004383.1', 'coord_system': 'scaffold'}, {'name': 'AANG04004384.1', 'length': 11782, 'coord_system': 'scaffold'}, {'name': 'AANG04004385.1', 'length': 5290, 'coord_system': 'scaffold'}, {'length': 18131, 'name': 'AANG04004386.1', 'coord_system': 'scaffold'}, {'length': 14982, 'name': 'AANG04004387.1', 'coord_system': 'scaffold'}, {'length': 13890, 'name': 'AANG04004388.1', 'coord_system': 'scaffold'}, {'coord_system': 'scaffold', 'name': 'AANG04004389.1', 'length': 12019}, {'coord_system': 'scaffold', 'length': 18626, 'name': 'AANG04004390.1'}, {'name': 'AANG04004391.1', 'length': 4988, 'coord_system': 'scaffold'}, {'coord_system': 'scaffold', 'length': 2988, 'name': 'AANG04004392.1'}, {'name': 'AANG04004393.1', 'length': 2987, 'coord_system': 'scaffold'}, {'coord_system': 'scaffold', 'name': 'AANG04004394.1', 'length': 10987}, {'coord_system': 'scaffold', 'length': 27654, 'name': 'AANG04004395.1'}, {'length': 9070, 'name': 'AANG04004396.1', 'coord_system': 'scaffold'}, {'coord_system': 'scaffold', 'name': 'AANG04004397.1', 'length': 24983}, {'length': 4988, 'name': 'AANG04004399.1', 'coord_system': 'scaffold'}, {'name': 'AANG04004400.1', 'length': 13988, 'coord_system': 'scaffold'}, {'name': 'AANG04004401.1', 'length': 9987, 'coord_system': 'scaffold'}, {'coord_system': 'scaffold', 'name': 'AANG04004402.1', 'length': 4988}, {'coord_system': 'scaffold', 'name': 'AANG04004403.1', 'length': 3988}, {'coord_system': 'scaffold', 'length': 10985, 'name': 'AANG04004404.1'}, {'length': 5547, 'name': 'AANG04004406.1', 'coord_system': 'scaffold'}, {'coord_system': 'scaffold', 'length': 16355, 'name': 'AANG04004409.1'}, {'name': 'AANG04004410.1', 'length': 15979, 'coord_system': 'scaffold'}, {'coord_system': 'scaffold', 'name': 'AANG04004411.1', 'length': 10014}, {'length': 8244, 'name': 'AANG04004412.1', 'coord_system': 'scaffold'}, {'name': 'AANG04004413.1', 'length': 12012, 'coord_system': 'scaffold'}, {'coord_system': 'scaffold', 'name': 'AANG04004414.1', 'length': 10719}, {'coord_system': 'scaffold', 'name': 'AANG04004415.1', 'length': 13004}, {'length': 4986, 'name': 'AANG04004416.1', 'coord_system': 'scaffold'}, {'coord_system': 'scaffold', 'name': 'AANG04004417.1', 'length': 7980}, {'name': 'AANG04004418.1', 'length': 20287, 'coord_system': 'scaffold'}, {'coord_system': 'scaffold', 'length': 4904, 'name': 'AANG04004419.1'}, {'coord_system': 'scaffold', 'length': 12316, 'name': 'AANG04004420.1'}, {'coord_system': 'scaffold', 'length': 5987, 'name': 'AANG04004421.1'}, {'name': 'AANG04004422.1', 'length': 10181, 'coord_system': 'scaffold'}, {'name': 'AANG04004423.1', 'length': 8579, 'coord_system': 'scaffold'}, {'name': 'AANG04004424.1', 'length': 6970, 'coord_system': 'scaffold'}, {'coord_system': 'scaffold', 'length': 17989, 'name': 'AANG04004425.1'}, {'length': 12984, 'name': 'AANG04004426.1', 'coord_system': 'scaffold'}, {'length': 7988, 'name': 'AANG04004427.1', 'coord_system': 'scaffold'}, {'name': 'AANG04004428.1', 'length': 8044, 'coord_system': 'scaffold'}, {'length': 3988, 'name': 'AANG04004429.1', 'coord_system': 'scaffold'}, {'name': 'AANG04004430.1', 'length': 6986, 'coord_system': 'scaffold'}, {'length': 11988, 'name': 'AANG04004431.1', 'coord_system': 'scaffold'}, {'coord_system': 'scaffold', 'length': 20714, 'name': 'AANG04004432.1'}, {'length': 13986, 'name': 'AANG04004433.1', 'coord_system': 'scaffold'}, {'coord_system': 'scaffold', 'name': 'AANG04004434.1', 'length': 10986}, {'coord_system': 'scaffold', 'name': 'AANG04004435.1', 'length': 36739}, {'coord_system': 'scaffold', 'name': 'AANG04004436.1', 'length': 11989}, {'name': 'AANG04004437.1', 'length': 6988, 'coord_system': 'scaffold'}, {'length': 8988, 'name': 'AANG04004438.1', 'coord_system': 'scaffold'}, {'coord_system': 'scaffold', 'length': 17057, 'name': 'AANG04004439.1'}, {'name': 'AANG04004440.1', 'length': 12951, 'coord_system': 'scaffold'}, {'coord_system': 'scaffold', 'name': 'AANG04004441.1', 'length': 3989}, {'coord_system': 'scaffold', 'name': 'AANG04004442.1', 'length': 5988}, {'coord_system': 'scaffold', 'name': 'AANG04004443.1', 'length': 10373}, {'length': 3987, 'name': 'AANG04004444.1', 'coord_system': 'scaffold'}, {'coord_system': 'scaffold', 'name': 'AANG04004445.1', 'length': 12995}, {'coord_system': 'scaffold', 'length': 17914, 'name': 'AANG04004446.1'}, {'name': 'AANG04004447.1', 'length': 9961, 'coord_system': 'scaffold'}, {'coord_system': 'scaffold', 'name': 'AANG04004448.1', 'length': 68432}, {'coord_system': 'scaffold', 'length': 6120, 'name': 'AANG04004450.1'}, {'coord_system': 'scaffold', 'length': 4989, 'name': 'AANG04004451.1'}, {'coord_system': 'scaffold', 'length': 9951, 'name': 'AANG04004452.1'}, {'coord_system': 'scaffold', 'length': 7988, 'name': 'AANG04004453.1'}, {'coord_system': 'scaffold', 'length': 22268, 'name': 'AANG04004455.1'}, {'length': 4991, 'name': 'AANG04004456.1', 'coord_system': 'scaffold'}, {'length': 4989, 'name': 'AANG04004458.1', 'coord_system': 'scaffold'}, {'name': 'AANG04004460.1', 'length': 56938, 'coord_system': 'scaffold'}, {'length': 11113, 'name': 'AANG04004461.1', 'coord_system': 'scaffold'}, {'length': 7987, 'name': 'AANG04004462.1', 'coord_system': 'scaffold'}, {'coord_system': 'scaffold', 'name': 'AANG04004463.1', 'length': 2982}, {'name': 'AANG04004464.1', 'length': 9014, 'coord_system': 'scaffold'}, {'coord_system': 'scaffold', 'length': 9246, 'name': 'AANG04004465.1'}, {'coord_system': 'scaffold', 'name': 'AANG04004466.1', 'length': 10988}, {'coord_system': 'scaffold', 'name': 'AANG04004467.1', 'length': 7884}, {'coord_system': 'scaffold', 'length': 3988, 'name': 'AANG04004468.1'}, {'coord_system': 'scaffold', 'name': 'AANG04004469.1', 'length': 3988}, {'length': 15984, 'name': 'AANG04004470.1', 'coord_system': 'scaffold'}, {'coord_system': 'scaffold', 'length': 12173, 'name': 'AANG04004471.1'}, {'coord_system': 'scaffold', 'name': 'AANG04004472.1', 'length': 7958}, {'coord_system': 'scaffold', 'name': 'AANG04004473.1', 'length': 8986}, {'coord_system': 'scaffold', 'name': 'AANG04004474.1', 'length': 8988}, {'name': 'AANG04004475.1', 'length': 5988, 'coord_system': 'scaffold'}, {'coord_system': 'scaffold', 'length': 17988, 'name': 'AANG04004476.1'}, {'coord_system': 'scaffold', 'name': 'AANG04004477.1', 'length': 9433}, {'coord_system': 'scaffold', 'length': 10012, 'name': 'AANG04004478.1'}, {'length': 62962, 'name': 'AANG04004479.1', 'coord_system': 'scaffold'}, {'coord_system': 'scaffold', 'name': 'AANG04004480.1', 'length': 8988}, {'coord_system': 'scaffold', 'name': 'AANG04004481.1', 'length': 10268}, {'length': 6989, 'name': 'AANG04004482.1', 'coord_system': 'scaffold'}, {'name': 'AANG04004483.1', 'length': 22231, 'coord_system': 'scaffold'}, {'coord_system': 'scaffold', 'name': 'AANG04004484.1', 'length': 9988}, {'coord_system': 'scaffold', 'name': 'AANG04004485.1', 'length': 33585}, {'name': 'AANG04004486.1', 'length': 8822, 'coord_system': 'scaffold'}, {'coord_system': 'scaffold', 'length': 31261, 'name': 'AANG04004487.1'}, {'coord_system': 'scaffold', 'length': 3984, 'name': 'AANG04004488.1'}, {'name': 'AANG04004489.1', 'length': 31005, 'coord_system': 'scaffold'}, {'length': 7976, 'name': 'AANG04004490.1', 'coord_system': 'scaffold'}, {'name': 'AANG04004491.1', 'length': 13988, 'coord_system': 'scaffold'}, {'coord_system': 'scaffold', 'name': 'AANG04004492.1', 'length': 7376}, {'name': 'AANG04004493.1', 'length': 5142, 'coord_system': 'scaffold'}, {'length': 31574, 'name': 'AANG04004494.1', 'coord_system': 'scaffold'}, {'coord_system': 'scaffold', 'name': 'AANG04004495.1', 'length': 13476}, {'coord_system': 'scaffold', 'length': 5988, 'name': 'AANG04004496.1'}, {'name': 'AANG04004497.1', 'length': 10988, 'coord_system': 'scaffold'}, {'name': 'AANG04004498.1', 'length': 13987, 'coord_system': 'scaffold'}, {'coord_system': 'scaffold', 'length': 4993, 'name': 'AANG04004499.1'}, {'coord_system': 'scaffold', 'name': 'AANG04004500.1', 'length': 4991}, {'length': 4384, 'name': 'AANG04004501.1', 'coord_system': 'scaffold'}, {'coord_system': 'scaffold', 'name': 'AANG04004502.1', 'length': 11982}, {'name': 'AANG04004503.1', 'length': 15120, 'coord_system': 'scaffold'}, {'name': 'AANG04004505.1', 'length': 10988, 'coord_system': 'scaffold'}, {'coord_system': 'scaffold', 'name': 'AANG04004506.1', 'length': 6987}, {'coord_system': 'scaffold', 'name': 'AANG04004507.1', 'length': 10265}, {'coord_system': 'scaffold', 'name': 'AANG04004508.1', 'length': 11988}, {'name': 'AANG04004509.1', 'length': 7988, 'coord_system': 'scaffold'}, {'length': 8988, 'name': 'AANG04004510.1', 'coord_system': 'scaffold'}, {'length': 17596, 'name': 'AANG04004511.1', 'coord_system': 'scaffold'}, {'coord_system': 'scaffold', 'length': 18985, 'name': 'AANG04004512.1'}, {'name': 'AANG04004513.1', 'length': 13977, 'coord_system': 'scaffold'}, {'length': 10162, 'name': 'AANG04004514.1', 'coord_system': 'scaffold'}, {'name': 'AANG04004515.1', 'length': 7216, 'coord_system': 'scaffold'}, {'coord_system': 'scaffold', 'length': 17998, 'name': 'AANG04004516.1'}, {'coord_system': 'scaffold', 'length': 21988, 'name': 'AANG04004517.1'}, {'coord_system': 'scaffold', 'name': 'AANG04004518.1', 'length': 52362}, {'name': 'AANG04004519.1', 'length': 8180, 'coord_system': 'scaffold'}, {'name': 'AANG04004520.1', 'length': 55007, 'coord_system': 'scaffold'}, {'coord_system': 'scaffold', 'length': 8988, 'name': 'AANG04004521.1'}, {'coord_system': 'scaffold', 'length': 4733, 'name': 'AANG04004522.1'}, {'coord_system': 'scaffold', 'name': 'AANG04004524.1', 'length': 11188}, {'length': 4507, 'name': 'AANG04004525.1', 'coord_system': 'scaffold'}, {'coord_system': 'scaffold', 'length': 5329, 'name': 'AANG04004526.1'}, {'coord_system': 'scaffold', 'name': 'AANG04004527.1', 'length': 77459}, {'length': 11726, 'name': 'AANG04004528.1', 'coord_system': 'scaffold'}, {'coord_system': 'scaffold', 'name': 'AANG04004529.1', 'length': 25905}, {'coord_system': 'scaffold', 'length': 6491, 'name': 'AANG04004530.1'}, {'coord_system': 'scaffold', 'name': 'AANG04004531.1', 'length': 61852}, {'coord_system': 'scaffold', 'length': 7188, 'name': 'AANG04004532.1'}, {'coord_system': 'scaffold', 'name': 'AANG04004533.1', 'length': 43695}, {'name': 'AANG04004534.1', 'length': 6985, 'coord_system': 'scaffold'}, {'length': 12933, 'name': 'AANG04004535.1', 'coord_system': 'scaffold'}, {'name': 'AANG04004536.1', 'length': 13112, 'coord_system': 'scaffold'}, {'coord_system': 'scaffold', 'length': 13916, 'name': 'AANG04004537.1'}, {'name': 'AANG04004538.1', 'length': 4977, 'coord_system': 'scaffold'}, {'length': 13987, 'name': 'AANG04004539.1', 'coord_system': 'scaffold'}, {'name': 'AANG04004540.1', 'length': 24782, 'coord_system': 'scaffold'}, {'coord_system': 'scaffold', 'name': 'AANG04004541.1', 'length': 7988}, {'coord_system': 'scaffold', 'name': 'AANG04004542.1', 'length': 4985}, {'coord_system': 'scaffold', 'length': 4985, 'name': 'AANG04004543.1'}, {'name': 'AANG04004544.1', 'length': 11986, 'coord_system': 'scaffold'}, {'length': 35898, 'name': 'AANG04004545.1', 'coord_system': 'scaffold'}, {'length': 7885, 'name': 'AANG04004546.1', 'coord_system': 'scaffold'}, {'coord_system': 'scaffold', 'length': 16882, 'name': 'AANG04004547.1'}, {'coord_system': 'scaffold', 'length': 22552, 'name': 'AANG04004548.1'}, {'name': 'AANG04004549.1', 'length': 8285, 'coord_system': 'scaffold'}, {'length': 28307, 'name': 'AANG04004550.1', 'coord_system': 'scaffold'}, {'coord_system': 'scaffold', 'name': 'AANG04004551.1', 'length': 7820}, {'length': 13189, 'name': 'AANG04004552.1', 'coord_system': 'scaffold'}, {'name': 'AANG04004553.1', 'length': 9181, 'coord_system': 'scaffold'}, {'length': 8243, 'name': 'AANG04004554.1', 'coord_system': 'scaffold'}, {'coord_system': 'scaffold', 'name': 'AANG04004555.1', 'length': 60979}, {'coord_system': 'scaffold', 'length': 22988, 'name': 'AANG04004556.1'}, {'coord_system': 'scaffold', 'length': 7993, 'name': 'AANG04004557.1'}, {'length': 14184, 'name': 'AANG04004558.1', 'coord_system': 'scaffold'}, {'coord_system': 'scaffold', 'name': 'AANG04004559.1', 'length': 5178}, {'name': 'AANG04004561.1', 'length': 12041, 'coord_system': 'scaffold'}, {'coord_system': 'scaffold', 'length': 13265, 'name': 'AANG04004563.1'}, {'length': 12740, 'name': 'AANG04004564.1', 'coord_system': 'scaffold'}, {'coord_system': 'scaffold', 'name': 'AANG04004565.1', 'length': 8989}, {'coord_system': 'scaffold', 'length': 9955, 'name': 'AANG04004566.1'}, {'length': 8982, 'name': 'AANG04004567.1', 'coord_system': 'scaffold'}, {'length': 11958, 'name': 'AANG04004568.1', 'coord_system': 'scaffold'}, {'length': 11988, 'name': 'AANG04004569.1', 'coord_system': 'scaffold'}, {'coord_system': 'scaffold', 'length': 8986, 'name': 'AANG04004570.1'}, {'name': 'AANG04004571.1', 'length': 20069, 'coord_system': 'scaffold'}, {'name': 'AANG04004573.1', 'length': 6988, 'coord_system': 'scaffold'}, {'length': 5989, 'name': 'AANG04004574.1', 'coord_system': 'scaffold'}, {'length': 13985, 'name': 'AANG04004575.1', 'coord_system': 'scaffold'}, {'length': 9986, 'name': 'AANG04004576.1', 'coord_system': 'scaffold'}, {'name': 'AANG04004577.1', 'length': 4235, 'coord_system': 'scaffold'}, {'name': 'AANG04004578.1', 'length': 20941, 'coord_system': 'scaffold'}, {'name': 'AANG04004579.1', 'length': 5163, 'coord_system': 'scaffold'}, {'name': 'AANG04004580.1', 'length': 5987, 'coord_system': 'scaffold'}, {'coord_system': 'scaffold', 'length': 24625, 'name': 'AANG04004581.1'}, {'coord_system': 'scaffold', 'length': 6988, 'name': 'AANG04004582.1'}, {'coord_system': 'scaffold', 'length': 8046, 'name': 'AANG04004583.1'}, {'length': 16005, 'name': 'AANG04004584.1', 'coord_system': 'scaffold'}, {'length': 5987, 'name': 'AANG04004585.1', 'coord_system': 'scaffold'}, {'length': 10534, 'name': 'AANG04004586.1', 'coord_system': 'scaffold'}, {'length': 5992, 'name': 'AANG04004587.1', 'coord_system': 'scaffold'}, {'coord_system': 'scaffold', 'length': 70597, 'name': 'AANG04004588.1'}, {'name': 'AANG04004589.1', 'length': 7435, 'coord_system': 'scaffold'}, {'coord_system': 'scaffold', 'length': 12037, 'name': 'AANG04004590.1'}, {'coord_system': 'scaffold', 'length': 32481, 'name': 'AANG04004591.1'}, {'coord_system': 'scaffold', 'name': 'AANG04004592.1', 'length': 9986}, {'coord_system': 'scaffold', 'name': 'AANG04004593.1', 'length': 69005}, {'coord_system': 'scaffold', 'name': 'AANG04004594.1', 'length': 14839}, {'length': 12231, 'name': 'AANG04004595.1', 'coord_system': 'scaffold'}, {'name': 'AANG04004596.1', 'length': 14718, 'coord_system': 'scaffold'}, {'length': 13989, 'name': 'AANG04004597.1', 'coord_system': 'scaffold'}, {'name': 'AANG04004598.1', 'length': 8984, 'coord_system': 'scaffold'}, {'length': 8709, 'name': 'AANG04004599.1', 'coord_system': 'scaffold'}, {'coord_system': 'scaffold', 'length': 9987, 'name': 'AANG04004600.1'}, {'length': 5987, 'name': 'AANG04004601.1', 'coord_system': 'scaffold'}, {'coord_system': 'scaffold', 'length': 9988, 'name': 'AANG04004602.1'}, {'coord_system': 'scaffold', 'name': 'AANG04004603.1', 'length': 20971}, {'coord_system': 'scaffold', 'length': 3148, 'name': 'AANG04004604.1'}, {'coord_system': 'scaffold', 'length': 9986, 'name': 'AANG04004605.1'}, {'coord_system': 'scaffold', 'name': 'AANG04004606.1', 'length': 25981}, {'coord_system': 'scaffold', 'length': 5946, 'name': 'AANG04004607.1'}, {'coord_system': 'scaffold', 'length': 4536, 'name': 'AANG04004608.1'}, {'coord_system': 'scaffold', 'name': 'AANG04004609.1', 'length': 65109}, {'name': 'AANG04004610.1', 'length': 8214, 'coord_system': 'scaffold'}, {'coord_system': 'scaffold', 'name': 'AANG04004611.1', 'length': 13984}, {'name': 'AANG04004612.1', 'length': 10993, 'coord_system': 'scaffold'}, {'coord_system': 'scaffold', 'name': 'AANG04004613.1', 'length': 7395}, {'length': 15203, 'name': 'AANG04004614.1', 'coord_system': 'scaffold'}, {'name': 'AANG04004615.1', 'length': 7314, 'coord_system': 'scaffold'}, {'length': 10013, 'name': 'AANG04004616.1', 'coord_system': 'scaffold'}, {'coord_system': 'scaffold', 'name': 'AANG04004617.1', 'length': 7987}, {'name': 'AANG04004618.1', 'length': 27926, 'coord_system': 'scaffold'}, {'coord_system': 'scaffold', 'length': 50553, 'name': 'AANG04004619.1'}, {'length': 13647, 'name': 'AANG04004620.1', 'coord_system': 'scaffold'}, {'name': 'AANG04004621.1', 'length': 4989, 'coord_system': 'scaffold'}, {'length': 7987, 'name': 'AANG04004622.1', 'coord_system': 'scaffold'}, {'coord_system': 'scaffold', 'length': 4987, 'name': 'AANG04004623.1'}, {'coord_system': 'scaffold', 'length': 13980, 'name': 'AANG04004624.1'}, {'coord_system': 'scaffold', 'length': 11148, 'name': 'AANG04004625.1'}, {'name': 'AANG04004626.1', 'length': 11048, 'coord_system': 'scaffold'}, {'coord_system': 'scaffold', 'length': 6988, 'name': 'AANG04004627.1'}, {'coord_system': 'scaffold', 'name': 'AANG04004628.1', 'length': 4988}, {'name': 'AANG04004629.1', 'length': 24810, 'coord_system': 'scaffold'}, {'name': 'AANG04004630.1', 'length': 33981, 'coord_system': 'scaffold'}, {'coord_system': 'scaffold', 'name': 'AANG04004631.1', 'length': 8987}, {'coord_system': 'scaffold', 'name': 'AANG04004632.1', 'length': 43275}, {'length': 18893, 'name': 'AANG04004633.1', 'coord_system': 'scaffold'}, {'length': 7987, 'name': 'AANG04004634.1', 'coord_system': 'scaffold'}, {'coord_system': 'scaffold', 'name': 'AANG04004635.1', 'length': 2987}, {'coord_system': 'scaffold', 'name': 'AANG04004636.1', 'length': 5988}, {'name': 'AANG04004637.1', 'length': 3988, 'coord_system': 'scaffold'}, {'coord_system': 'scaffold', 'name': 'AANG04004638.1', 'length': 7989}, {'coord_system': 'scaffold', 'name': 'AANG04004639.1', 'length': 3410}, {'name': 'AANG04004640.1', 'length': 4983, 'coord_system': 'scaffold'}, {'length': 10374, 'name': 'AANG04004641.1', 'coord_system': 'scaffold'}, {'coord_system': 'scaffold', 'name': 'AANG04004642.1', 'length': 35955}, {'length': 41717, 'name': 'AANG04004643.1', 'coord_system': 'scaffold'}, {'coord_system': 'scaffold', 'length': 11981, 'name': 'AANG04004644.1'}, {'name': 'AANG04004645.1', 'length': 2988, 'coord_system': 'scaffold'}, {'coord_system': 'scaffold', 'length': 13988, 'name': 'AANG04004646.1'}, {'length': 4199, 'name': 'AANG04004647.1', 'coord_system': 'scaffold'}, {'coord_system': 'scaffold', 'name': 'AANG04004648.1', 'length': 7175}, {'coord_system': 'scaffold', 'length': 4986, 'name': 'AANG04004649.1'}, {'name': 'AANG04004650.1', 'length': 12988, 'coord_system': 'scaffold'}, {'coord_system': 'scaffold', 'length': 6989, 'name': 'AANG04004651.1'}, {'coord_system': 'scaffold', 'length': 6988, 'name': 'AANG04004652.1'}, {'coord_system': 'scaffold', 'length': 10989, 'name': 'AANG04004653.1'}, {'coord_system': 'scaffold', 'name': 'AANG04004654.1', 'length': 3486}, {'name': 'AANG04004655.1', 'length': 5987, 'coord_system': 'scaffold'}, {'name': 'AANG04004656.1', 'length': 7993, 'coord_system': 'scaffold'}, {'length': 28668, 'name': 'AANG04004657.1', 'coord_system': 'scaffold'}, {'coord_system': 'scaffold', 'length': 17986, 'name': 'AANG04004658.1'}, {'coord_system': 'scaffold', 'name': 'AANG04004660.1', 'length': 15130}, {'coord_system': 'scaffold', 'name': 'AANG04004661.1', 'length': 7973}, {'length': 9047, 'name': 'AANG04004662.1', 'coord_system': 'scaffold'}, {'coord_system': 'scaffold', 'length': 3307, 'name': 'AANG04004663.1'}, {'length': 11635, 'name': 'AANG04004664.1', 'coord_system': 'scaffold'}, {'length': 11197, 'name': 'AANG04004665.1', 'coord_system': 'scaffold'}, {'length': 12989, 'name': 'AANG04004666.1', 'coord_system': 'scaffold'}, {'coord_system': 'scaffold', 'name': 'AANG04004667.1', 'length': 7175}, {'length': 2987, 'name': 'AANG04004668.1', 'coord_system': 'scaffold'}, {'name': 'AANG04004669.1', 'length': 11676, 'coord_system': 'scaffold'}, {'coord_system': 'scaffold', 'name': 'AANG04004670.1', 'length': 9988}, {'coord_system': 'scaffold', 'length': 6171, 'name': 'AANG04004671.1'}, {'name': 'AANG04004672.1', 'length': 13989, 'coord_system': 'scaffold'}, {'coord_system': 'scaffold', 'length': 14708, 'name': 'AANG04004673.1'}, {'coord_system': 'scaffold', 'name': 'AANG04004674.1', 'length': 8100}, {'name': 'AANG04004675.1', 'length': 5984, 'coord_system': 'scaffold'}, {'length': 4974, 'name': 'AANG04004676.1', 'coord_system': 'scaffold'}, {'coord_system': 'scaffold', 'name': 'AANG04004677.1', 'length': 3987}, {'coord_system': 'scaffold', 'name': 'AANG04004678.1', 'length': 18308}, {'length': 6961, 'name': 'AANG04004679.1', 'coord_system': 'scaffold'}, {'length': 8213, 'name': 'AANG04004680.1', 'coord_system': 'scaffold'}, {'coord_system': 'scaffold', 'name': 'AANG04004681.1', 'length': 7999}, {'name': 'AANG04004682.1', 'length': 4988, 'coord_system': 'scaffold'}, {'coord_system': 'scaffold', 'name': 'AANG04004683.1', 'length': 6187}, {'length': 9987, 'name': 'AANG04004684.1', 'coord_system': 'scaffold'}, {'coord_system': 'scaffold', 'length': 9282, 'name': 'AANG04004685.1'}, {'coord_system': 'scaffold', 'length': 12744, 'name': 'AANG04004687.1'}, {'coord_system': 'scaffold', 'length': 2988, 'name': 'AANG04004688.1'}, {'length': 13457, 'name': 'AANG04004689.1', 'coord_system': 'scaffold'}, {'coord_system': 'scaffold', 'name': 'AANG04004691.1', 'length': 6983}, {'coord_system': 'scaffold', 'name': 'AANG04004692.1', 'length': 4989}, {'name': 'AANG04004693.1', 'length': 25725, 'coord_system': 'scaffold'}, {'name': 'AANG04004694.1', 'length': 12099, 'coord_system': 'scaffold'}, {'coord_system': 'scaffold', 'length': 8987, 'name': 'AANG04004695.1'}, {'name': 'AANG04004696.1', 'length': 14089, 'coord_system': 'scaffold'}, {'coord_system': 'scaffold', 'name': 'AANG04004697.1', 'length': 8994}, {'coord_system': 'scaffold', 'name': 'AANG04004698.1', 'length': 9987}, {'coord_system': 'scaffold', 'length': 19062, 'name': 'AANG04004699.1'}, {'length': 27919, 'name': 'AANG04004700.1', 'coord_system': 'scaffold'}, {'coord_system': 'scaffold', 'length': 9735, 'name': 'AANG04004701.1'}, {'length': 17017, 'name': 'AANG04004702.1', 'coord_system': 'scaffold'}, {'coord_system': 'scaffold', 'length': 8988, 'name': 'AANG04004703.1'}, {'name': 'AANG04004704.1', 'length': 4984, 'coord_system': 'scaffold'}, {'coord_system': 'scaffold', 'name': 'AANG04004705.1', 'length': 10988}, {'coord_system': 'scaffold', 'length': 7988, 'name': 'AANG04004706.1'}, {'coord_system': 'scaffold', 'length': 22202, 'name': 'AANG04004707.1'}, {'coord_system': 'scaffold', 'name': 'AANG04004708.1', 'length': 7711}, {'length': 128502, 'name': 'AANG04004709.1', 'coord_system': 'scaffold'}, {'coord_system': 'scaffold', 'length': 9987, 'name': 'AANG04004710.1'}, {'coord_system': 'scaffold', 'name': 'AANG04004711.1', 'length': 4030}, {'length': 10986, 'name': 'AANG04004712.1', 'coord_system': 'scaffold'}, {'length': 7987, 'name': 'AANG04004713.1', 'coord_system': 'scaffold'}, {'length': 8988, 'name': 'AANG04004715.1', 'coord_system': 'scaffold'}, {'coord_system': 'scaffold', 'name': 'AANG04004716.1', 'length': 26988}, {'coord_system': 'scaffold', 'length': 4990, 'name': 'AANG04004717.1'}, {'length': 6089, 'name': 'AANG04004718.1', 'coord_system': 'scaffold'}, {'name': 'AANG04004719.1', 'length': 9988, 'coord_system': 'scaffold'}, {'coord_system': 'scaffold', 'name': 'AANG04004720.1', 'length': 7008}, {'coord_system': 'scaffold', 'name': 'AANG04004721.1', 'length': 5988}, {'length': 5988, 'name': 'AANG04004722.1', 'coord_system': 'scaffold'}, {'coord_system': 'scaffold', 'length': 6988, 'name': 'AANG04004723.1'}, {'coord_system': 'scaffold', 'length': 2967, 'name': 'AANG04004724.1'}, {'coord_system': 'scaffold', 'name': 'AANG04004725.1', 'length': 2988}, {'coord_system': 'scaffold', 'name': 'AANG04004726.1', 'length': 5989}, {'coord_system': 'scaffold', 'name': 'AANG04004727.1', 'length': 25174}, {'coord_system': 'scaffold', 'length': 5988, 'name': 'AANG04004728.1'}, {'length': 7987, 'name': 'AANG04004729.1', 'coord_system': 'scaffold'}, {'name': 'AANG04004730.1', 'length': 17509, 'coord_system': 'scaffold'}, {'name': 'AANG04004731.1', 'length': 6988, 'coord_system': 'scaffold'}, {'name': 'AANG04004732.1', 'length': 9660, 'coord_system': 'scaffold'}, {'coord_system': 'scaffold', 'name': 'AANG04004733.1', 'length': 12992}, {'coord_system': 'scaffold', 'name': 'AANG04004734.1', 'length': 5987}, {'coord_system': 'scaffold', 'name': 'AANG04004735.1', 'length': 10129}, {'coord_system': 'scaffold', 'name': 'AANG04004736.1', 'length': 10722}, {'coord_system': 'scaffold', 'length': 8178, 'name': 'AANG04004737.1'}, {'length': 10988, 'name': 'AANG04004738.1', 'coord_system': 'scaffold'}, {'coord_system': 'scaffold', 'name': 'AANG04004739.1', 'length': 14685}, {'coord_system': 'scaffold', 'length': 12747, 'name': 'AANG04004740.1'}, {'coord_system': 'scaffold', 'name': 'AANG04004741.1', 'length': 9876}, {'length': 22013, 'name': 'AANG04004742.1', 'coord_system': 'scaffold'}, {'length': 8987, 'name': 'AANG04004743.1', 'coord_system': 'scaffold'}, {'coord_system': 'chromosome', 'length': 171471747, 'name': 'A2'}, {'length': 161193150, 'name': 'C2', 'coord_system': 'chromosome'}, {'coord_system': 'chromosome', 'name': 'D2', 'length': 90186660}, {'name': 'D4', 'length': 96521652, 'coord_system': 'chromosome'}, {'name': 'E1', 'length': 63494689, 'coord_system': 'chromosome'}, {'coord_system': 'chromosome', 'name': 'C1', 'length': 222790142}, {'name': 'B2', 'length': 155302638, 'coord_system': 'chromosome'}, {'length': 96884206, 'name': 'D3', 'coord_system': 'chromosome'}, {'coord_system': 'chromosome', 'length': 117648028, 'name': 'D1'}, {'name': 'E3', 'length': 44648284, 'coord_system': 'chromosome'}, {'coord_system': 'chromosome', 'name': 'X', 'length': 130557009}, {'name': 'B4', 'length': 144528695, 'coord_system': 'chromosome'}, {'name': 'E2', 'length': 64340295, 'coord_system': 'chromosome'}, {'coord_system': 'chromosome', 'name': 'B3', 'length': 149751809}, {'length': 85752456, 'name': 'F2', 'coord_system': 'chromosome'}, {'coord_system': 'chromosome', 'name': 'A3', 'length': 143202405}, {'coord_system': 'chromosome', 'length': 242100913, 'name': 'A1'}, {'coord_system': 'chromosome', 'name': 'F1', 'length': 71664243}, {'name': 'B1', 'length': 208212889, 'coord_system': 'chromosome'}, {'coord_system': 'chromosome', 'name': 'MT', 'length': 17009}], 'genebuild_initial_release_date': '2018-06', 'base_pairs': 2491009630, 'genebuild_start_date': '2018-01-Ensembl'}
